ARM GAS  C:\Users\pearlstl\AppData\Local\Temp\ccTE4ox5.s 			page 1


   1              		.syntax unified
   2              		.cpu cortex-m3
   3              		.fpu softvfp
   4              		.eabi_attribute 20, 1
   5              		.eabi_attribute 21, 1
   6              		.eabi_attribute 23, 3
   7              		.eabi_attribute 24, 1
   8              		.eabi_attribute 25, 1
   9              		.eabi_attribute 26, 1
  10              		.eabi_attribute 30, 6
  11              		.eabi_attribute 34, 1
  12              		.eabi_attribute 18, 4
  13              		.thumb
  14              		.file	"isr.c"
  15              		.text
  16              	.Ltext0:
  17              		.cfi_sections	.debug_frame
  18              		.comm	cap_array,40000,4
  19              		.section	.text.isr_Start,"ax",%progbits
  20              		.align	2
  21              		.global	isr_Start
  22              		.thumb
  23              		.thumb_func
  24              		.type	isr_Start, %function
  25              	isr_Start:
  26              	.LFB56:
  27              		.file 1 ".\\Generated_Source\\PSoC5\\isr.c"
   1:.\Generated_Source\PSoC5/isr.c **** /*******************************************************************************
   2:.\Generated_Source\PSoC5/isr.c **** * File Name: isr.c  
   3:.\Generated_Source\PSoC5/isr.c **** * Version 1.70
   4:.\Generated_Source\PSoC5/isr.c **** *
   5:.\Generated_Source\PSoC5/isr.c **** *  Description:
   6:.\Generated_Source\PSoC5/isr.c **** *   API for controlling the state of an interrupt.
   7:.\Generated_Source\PSoC5/isr.c **** *
   8:.\Generated_Source\PSoC5/isr.c **** *
   9:.\Generated_Source\PSoC5/isr.c **** *  Note:
  10:.\Generated_Source\PSoC5/isr.c **** *
  11:.\Generated_Source\PSoC5/isr.c **** ********************************************************************************
  12:.\Generated_Source\PSoC5/isr.c **** * Copyright 2008-2015, Cypress Semiconductor Corporation.  All rights reserved.
  13:.\Generated_Source\PSoC5/isr.c **** * You may use this file only in accordance with the license, terms, conditions, 
  14:.\Generated_Source\PSoC5/isr.c **** * disclaimers, and limitations in the end user license agreement accompanying 
  15:.\Generated_Source\PSoC5/isr.c **** * the software package with which this file was provided.
  16:.\Generated_Source\PSoC5/isr.c **** *******************************************************************************/
  17:.\Generated_Source\PSoC5/isr.c **** 
  18:.\Generated_Source\PSoC5/isr.c **** 
  19:.\Generated_Source\PSoC5/isr.c **** #include <cydevice_trm.h>
  20:.\Generated_Source\PSoC5/isr.c **** #include <CyLib.h>
  21:.\Generated_Source\PSoC5/isr.c **** #include <isr.h>
  22:.\Generated_Source\PSoC5/isr.c **** 
  23:.\Generated_Source\PSoC5/isr.c **** #if !defined(isr__REMOVED) /* Check for removal by optimization */
  24:.\Generated_Source\PSoC5/isr.c **** 
  25:.\Generated_Source\PSoC5/isr.c **** /*******************************************************************************
  26:.\Generated_Source\PSoC5/isr.c **** *  Place your includes, defines and code here 
  27:.\Generated_Source\PSoC5/isr.c **** ********************************************************************************/
  28:.\Generated_Source\PSoC5/isr.c **** /* `#START isr_intc` */
  29:.\Generated_Source\PSoC5/isr.c **** #include <project.h>
  30:.\Generated_Source\PSoC5/isr.c **** #include "canceller.h"
ARM GAS  C:\Users\pearlstl\AppData\Local\Temp\ccTE4ox5.s 			page 2


  31:.\Generated_Source\PSoC5/isr.c **** #include "ANC.h"
  32:.\Generated_Source\PSoC5/isr.c **** #include <stdlib.h>
  33:.\Generated_Source\PSoC5/isr.c **** #include <stdio.h>
  34:.\Generated_Source\PSoC5/isr.c **** #include <string.h>
  35:.\Generated_Source\PSoC5/isr.c ****     
  36:.\Generated_Source\PSoC5/isr.c **** int16_t cap_array[NUM_SAMPS_TO_CAPTURE];
  37:.\Generated_Source\PSoC5/isr.c **** extern int n;
  38:.\Generated_Source\PSoC5/isr.c **** extern int wave_table[WAVESIZE];
  39:.\Generated_Source\PSoC5/isr.c **** /* `#END` */
  40:.\Generated_Source\PSoC5/isr.c **** 
  41:.\Generated_Source\PSoC5/isr.c **** #ifndef CYINT_IRQ_BASE
  42:.\Generated_Source\PSoC5/isr.c **** #define CYINT_IRQ_BASE      16
  43:.\Generated_Source\PSoC5/isr.c **** #endif /* CYINT_IRQ_BASE */
  44:.\Generated_Source\PSoC5/isr.c **** #ifndef CYINT_VECT_TABLE
  45:.\Generated_Source\PSoC5/isr.c **** #define CYINT_VECT_TABLE    ((cyisraddress **) CYREG_NVIC_VECT_OFFSET)
  46:.\Generated_Source\PSoC5/isr.c **** #endif /* CYINT_VECT_TABLE */
  47:.\Generated_Source\PSoC5/isr.c **** 
  48:.\Generated_Source\PSoC5/isr.c **** /* Declared in startup, used to set unused interrupts to. */
  49:.\Generated_Source\PSoC5/isr.c **** CY_ISR_PROTO(IntDefaultHandler);
  50:.\Generated_Source\PSoC5/isr.c **** 
  51:.\Generated_Source\PSoC5/isr.c **** 
  52:.\Generated_Source\PSoC5/isr.c **** /*******************************************************************************
  53:.\Generated_Source\PSoC5/isr.c **** * Function Name: isr_Start
  54:.\Generated_Source\PSoC5/isr.c **** ********************************************************************************
  55:.\Generated_Source\PSoC5/isr.c **** *
  56:.\Generated_Source\PSoC5/isr.c **** * Summary:
  57:.\Generated_Source\PSoC5/isr.c **** *  Set up the interrupt and enable it. This function disables the interrupt, 
  58:.\Generated_Source\PSoC5/isr.c **** *  sets the default interrupt vector, sets the priority from the value in the
  59:.\Generated_Source\PSoC5/isr.c **** *  Design Wide Resources Interrupt Editor, then enables the interrupt to the 
  60:.\Generated_Source\PSoC5/isr.c **** *  interrupt controller.
  61:.\Generated_Source\PSoC5/isr.c **** *
  62:.\Generated_Source\PSoC5/isr.c **** * Parameters:  
  63:.\Generated_Source\PSoC5/isr.c **** *   None
  64:.\Generated_Source\PSoC5/isr.c **** *
  65:.\Generated_Source\PSoC5/isr.c **** * Return:
  66:.\Generated_Source\PSoC5/isr.c **** *   None
  67:.\Generated_Source\PSoC5/isr.c **** *
  68:.\Generated_Source\PSoC5/isr.c **** *******************************************************************************/
  69:.\Generated_Source\PSoC5/isr.c **** void isr_Start(void)
  70:.\Generated_Source\PSoC5/isr.c **** {
  28              		.loc 1 70 0
  29              		.cfi_startproc
  30              		@ args = 0, pretend = 0, frame = 0
  31              		@ frame_needed = 1, uses_anonymous_args = 0
  32 0000 80B5     		push	{r7, lr}
  33              		.cfi_def_cfa_offset 8
  34              		.cfi_offset 7, -8
  35              		.cfi_offset 14, -4
  36 0002 00AF     		add	r7, sp, #0
  37              		.cfi_def_cfa_register 7
  71:.\Generated_Source\PSoC5/isr.c ****     /* For all we know the interrupt is active. */
  72:.\Generated_Source\PSoC5/isr.c ****     isr_Disable();
  38              		.loc 1 72 0
  39 0004 FFF7FEFF 		bl	isr_Disable
  73:.\Generated_Source\PSoC5/isr.c **** 
  74:.\Generated_Source\PSoC5/isr.c ****     /* Set the ISR to point to the isr Interrupt. */
  75:.\Generated_Source\PSoC5/isr.c ****     isr_SetVector(&isr_Interrupt);
ARM GAS  C:\Users\pearlstl\AppData\Local\Temp\ccTE4ox5.s 			page 3


  40              		.loc 1 75 0
  41 0008 0448     		ldr	r0, .L2
  42 000a FFF7FEFF 		bl	isr_SetVector
  76:.\Generated_Source\PSoC5/isr.c **** 
  77:.\Generated_Source\PSoC5/isr.c ****     /* Set the priority. */
  78:.\Generated_Source\PSoC5/isr.c ****     isr_SetPriority((uint8)isr_INTC_PRIOR_NUMBER);
  43              		.loc 1 78 0
  44 000e 0720     		movs	r0, #7
  45 0010 FFF7FEFF 		bl	isr_SetPriority
  79:.\Generated_Source\PSoC5/isr.c **** 
  80:.\Generated_Source\PSoC5/isr.c ****     /* Enable it. */
  81:.\Generated_Source\PSoC5/isr.c ****     isr_Enable();
  46              		.loc 1 81 0
  47 0014 FFF7FEFF 		bl	isr_Enable
  82:.\Generated_Source\PSoC5/isr.c **** }
  48              		.loc 1 82 0
  49 0018 80BD     		pop	{r7, pc}
  50              	.L3:
  51 001a 00BF     		.align	2
  52              	.L2:
  53 001c 00000000 		.word	isr_Interrupt
  54              		.cfi_endproc
  55              	.LFE56:
  56              		.size	isr_Start, .-isr_Start
  57              		.section	.text.isr_StartEx,"ax",%progbits
  58              		.align	2
  59              		.global	isr_StartEx
  60              		.thumb
  61              		.thumb_func
  62              		.type	isr_StartEx, %function
  63              	isr_StartEx:
  64              	.LFB57:
  83:.\Generated_Source\PSoC5/isr.c **** 
  84:.\Generated_Source\PSoC5/isr.c **** 
  85:.\Generated_Source\PSoC5/isr.c **** /*******************************************************************************
  86:.\Generated_Source\PSoC5/isr.c **** * Function Name: isr_StartEx
  87:.\Generated_Source\PSoC5/isr.c **** ********************************************************************************
  88:.\Generated_Source\PSoC5/isr.c **** *
  89:.\Generated_Source\PSoC5/isr.c **** * Summary:
  90:.\Generated_Source\PSoC5/isr.c **** *  Sets up the interrupt and enables it. This function disables the interrupt,
  91:.\Generated_Source\PSoC5/isr.c **** *  sets the interrupt vector based on the address passed in, sets the priority 
  92:.\Generated_Source\PSoC5/isr.c **** *  from the value in the Design Wide Resources Interrupt Editor, then enables 
  93:.\Generated_Source\PSoC5/isr.c **** *  the interrupt to the interrupt controller.
  94:.\Generated_Source\PSoC5/isr.c **** *  
  95:.\Generated_Source\PSoC5/isr.c **** *  When defining ISR functions, the CY_ISR and CY_ISR_PROTO macros should be 
  96:.\Generated_Source\PSoC5/isr.c **** *  used to provide consistent definition across compilers:
  97:.\Generated_Source\PSoC5/isr.c **** *  
  98:.\Generated_Source\PSoC5/isr.c **** *  Function definition example:
  99:.\Generated_Source\PSoC5/isr.c **** *   CY_ISR(MyISR)
 100:.\Generated_Source\PSoC5/isr.c **** *   {
 101:.\Generated_Source\PSoC5/isr.c **** *   }
 102:.\Generated_Source\PSoC5/isr.c **** *   Function prototype example:
 103:.\Generated_Source\PSoC5/isr.c **** *   CY_ISR_PROTO(MyISR);
 104:.\Generated_Source\PSoC5/isr.c **** *
 105:.\Generated_Source\PSoC5/isr.c **** * Parameters:  
 106:.\Generated_Source\PSoC5/isr.c **** *   address: Address of the ISR to set in the interrupt vector table.
 107:.\Generated_Source\PSoC5/isr.c **** *
ARM GAS  C:\Users\pearlstl\AppData\Local\Temp\ccTE4ox5.s 			page 4


 108:.\Generated_Source\PSoC5/isr.c **** * Return:
 109:.\Generated_Source\PSoC5/isr.c **** *   None
 110:.\Generated_Source\PSoC5/isr.c **** *
 111:.\Generated_Source\PSoC5/isr.c **** *******************************************************************************/
 112:.\Generated_Source\PSoC5/isr.c **** void isr_StartEx(cyisraddress address)
 113:.\Generated_Source\PSoC5/isr.c **** {
  65              		.loc 1 113 0
  66              		.cfi_startproc
  67              		@ args = 0, pretend = 0, frame = 8
  68              		@ frame_needed = 1, uses_anonymous_args = 0
  69 0000 80B5     		push	{r7, lr}
  70              		.cfi_def_cfa_offset 8
  71              		.cfi_offset 7, -8
  72              		.cfi_offset 14, -4
  73 0002 82B0     		sub	sp, sp, #8
  74              		.cfi_def_cfa_offset 16
  75 0004 00AF     		add	r7, sp, #0
  76              		.cfi_def_cfa_register 7
  77 0006 7860     		str	r0, [r7, #4]
 114:.\Generated_Source\PSoC5/isr.c ****     /* For all we know the interrupt is active. */
 115:.\Generated_Source\PSoC5/isr.c ****     isr_Disable();
  78              		.loc 1 115 0
  79 0008 FFF7FEFF 		bl	isr_Disable
 116:.\Generated_Source\PSoC5/isr.c **** 
 117:.\Generated_Source\PSoC5/isr.c ****     /* Set the ISR to point to the isr Interrupt. */
 118:.\Generated_Source\PSoC5/isr.c ****     isr_SetVector(address);
  80              		.loc 1 118 0
  81 000c 7868     		ldr	r0, [r7, #4]
  82 000e FFF7FEFF 		bl	isr_SetVector
 119:.\Generated_Source\PSoC5/isr.c **** 
 120:.\Generated_Source\PSoC5/isr.c ****     /* Set the priority. */
 121:.\Generated_Source\PSoC5/isr.c ****     isr_SetPriority((uint8)isr_INTC_PRIOR_NUMBER);
  83              		.loc 1 121 0
  84 0012 0720     		movs	r0, #7
  85 0014 FFF7FEFF 		bl	isr_SetPriority
 122:.\Generated_Source\PSoC5/isr.c **** 
 123:.\Generated_Source\PSoC5/isr.c ****     /* Enable it. */
 124:.\Generated_Source\PSoC5/isr.c ****     isr_Enable();
  86              		.loc 1 124 0
  87 0018 FFF7FEFF 		bl	isr_Enable
 125:.\Generated_Source\PSoC5/isr.c **** }
  88              		.loc 1 125 0
  89 001c 0837     		adds	r7, r7, #8
  90 001e BD46     		mov	sp, r7
  91              		@ sp needed
  92 0020 80BD     		pop	{r7, pc}
  93              		.cfi_endproc
  94              	.LFE57:
  95              		.size	isr_StartEx, .-isr_StartEx
  96 0022 00BF     		.section	.text.isr_Stop,"ax",%progbits
  97              		.align	2
  98              		.global	isr_Stop
  99              		.thumb
 100              		.thumb_func
 101              		.type	isr_Stop, %function
 102              	isr_Stop:
 103              	.LFB58:
ARM GAS  C:\Users\pearlstl\AppData\Local\Temp\ccTE4ox5.s 			page 5


 126:.\Generated_Source\PSoC5/isr.c **** 
 127:.\Generated_Source\PSoC5/isr.c **** 
 128:.\Generated_Source\PSoC5/isr.c **** /*******************************************************************************
 129:.\Generated_Source\PSoC5/isr.c **** * Function Name: isr_Stop
 130:.\Generated_Source\PSoC5/isr.c **** ********************************************************************************
 131:.\Generated_Source\PSoC5/isr.c **** *
 132:.\Generated_Source\PSoC5/isr.c **** * Summary:
 133:.\Generated_Source\PSoC5/isr.c **** *   Disables and removes the interrupt.
 134:.\Generated_Source\PSoC5/isr.c **** *
 135:.\Generated_Source\PSoC5/isr.c **** * Parameters:  
 136:.\Generated_Source\PSoC5/isr.c **** *   None
 137:.\Generated_Source\PSoC5/isr.c **** *
 138:.\Generated_Source\PSoC5/isr.c **** * Return:
 139:.\Generated_Source\PSoC5/isr.c **** *   None
 140:.\Generated_Source\PSoC5/isr.c **** *
 141:.\Generated_Source\PSoC5/isr.c **** *******************************************************************************/
 142:.\Generated_Source\PSoC5/isr.c **** void isr_Stop(void)
 143:.\Generated_Source\PSoC5/isr.c **** {
 104              		.loc 1 143 0
 105              		.cfi_startproc
 106              		@ args = 0, pretend = 0, frame = 0
 107              		@ frame_needed = 1, uses_anonymous_args = 0
 108 0000 80B5     		push	{r7, lr}
 109              		.cfi_def_cfa_offset 8
 110              		.cfi_offset 7, -8
 111              		.cfi_offset 14, -4
 112 0002 00AF     		add	r7, sp, #0
 113              		.cfi_def_cfa_register 7
 144:.\Generated_Source\PSoC5/isr.c ****     /* Disable this interrupt. */
 145:.\Generated_Source\PSoC5/isr.c ****     isr_Disable();
 114              		.loc 1 145 0
 115 0004 FFF7FEFF 		bl	isr_Disable
 146:.\Generated_Source\PSoC5/isr.c **** 
 147:.\Generated_Source\PSoC5/isr.c ****     /* Set the ISR to point to the passive one. */
 148:.\Generated_Source\PSoC5/isr.c ****     isr_SetVector(&IntDefaultHandler);
 116              		.loc 1 148 0
 117 0008 0148     		ldr	r0, .L6
 118 000a FFF7FEFF 		bl	isr_SetVector
 149:.\Generated_Source\PSoC5/isr.c **** }
 119              		.loc 1 149 0
 120 000e 80BD     		pop	{r7, pc}
 121              	.L7:
 122              		.align	2
 123              	.L6:
 124 0010 00000000 		.word	IntDefaultHandler
 125              		.cfi_endproc
 126              	.LFE58:
 127              		.size	isr_Stop, .-isr_Stop
 128              		.section	.rodata
 129              		.align	2
 130              	.LC0:
 131 0000 25640A00 		.ascii	"%d\012\000"
 132              		.section	.text.isr_Interrupt,"ax",%progbits
 133              		.align	2
 134              		.global	isr_Interrupt
 135              		.thumb
 136              		.thumb_func
ARM GAS  C:\Users\pearlstl\AppData\Local\Temp\ccTE4ox5.s 			page 6


 137              		.type	isr_Interrupt, %function
 138              	isr_Interrupt:
 139              	.LFB59:
 150:.\Generated_Source\PSoC5/isr.c **** 
 151:.\Generated_Source\PSoC5/isr.c **** 
 152:.\Generated_Source\PSoC5/isr.c **** /*******************************************************************************
 153:.\Generated_Source\PSoC5/isr.c **** * Function Name: isr_Interrupt
 154:.\Generated_Source\PSoC5/isr.c **** ********************************************************************************
 155:.\Generated_Source\PSoC5/isr.c **** *
 156:.\Generated_Source\PSoC5/isr.c **** * Summary:
 157:.\Generated_Source\PSoC5/isr.c **** *   The default Interrupt Service Routine for isr.
 158:.\Generated_Source\PSoC5/isr.c **** *
 159:.\Generated_Source\PSoC5/isr.c **** *   Add custom code between the coments to keep the next version of this file
 160:.\Generated_Source\PSoC5/isr.c **** *   from over writting your code.
 161:.\Generated_Source\PSoC5/isr.c **** *
 162:.\Generated_Source\PSoC5/isr.c **** * Parameters:  
 163:.\Generated_Source\PSoC5/isr.c **** *
 164:.\Generated_Source\PSoC5/isr.c **** * Return:
 165:.\Generated_Source\PSoC5/isr.c **** *   None
 166:.\Generated_Source\PSoC5/isr.c **** *
 167:.\Generated_Source\PSoC5/isr.c **** *******************************************************************************/
 168:.\Generated_Source\PSoC5/isr.c **** CY_ISR(isr_Interrupt)
 169:.\Generated_Source\PSoC5/isr.c **** {
 140              		.loc 1 169 0
 141              		.cfi_startproc
 142              		@ args = 0, pretend = 0, frame = 64
 143              		@ frame_needed = 1, uses_anonymous_args = 0
 144 0000 80B5     		push	{r7, lr}
 145              		.cfi_def_cfa_offset 8
 146              		.cfi_offset 7, -8
 147              		.cfi_offset 14, -4
 148 0002 90B0     		sub	sp, sp, #64
 149              		.cfi_def_cfa_offset 72
 150 0004 00AF     		add	r7, sp, #0
 151              		.cfi_def_cfa_register 7
 170:.\Generated_Source\PSoC5/isr.c ****     /*  Place your Interrupt code here. */
 171:.\Generated_Source\PSoC5/isr.c ****     /* `#START isr_Interrupt` */
 172:.\Generated_Source\PSoC5/isr.c ****     
 173:.\Generated_Source\PSoC5/isr.c ****     #define NUM_TONES (1)                 // number of tones to be generated
 174:.\Generated_Source\PSoC5/isr.c ****                            // Discrete time index
 175:.\Generated_Source\PSoC5/isr.c ****     static int wave_idx=0;
 176:.\Generated_Source\PSoC5/isr.c ****     int freqs[] = { 256 };                // Array of tone frequencies, in Hz
 152              		.loc 1 176 0
 153 0006 4FF48073 		mov	r3, #256
 154 000a 7B62     		str	r3, [r7, #36]
 177:.\Generated_Source\PSoC5/isr.c ****     int ampls[] = { 16000 };              // Array of tone amplitudes, C1.0.15, roughly 0.5 for now
 155              		.loc 1 177 0
 156 000c 4FF47A53 		mov	r3, #16000
 157 0010 3B62     		str	r3, [r7, #32]
 178:.\Generated_Source\PSoC5/isr.c ****     int T       = (1<<20)/20000;          // Samping period, in 1/2^20) seconds //16*1024 (would be
 158              		.loc 1 178 0
 159 0012 3423     		movs	r3, #52
 160 0014 BB63     		str	r3, [r7, #56]
 179:.\Generated_Source\PSoC5/isr.c ****     int k;
 180:.\Generated_Source\PSoC5/isr.c ****     int value;
 181:.\Generated_Source\PSoC5/isr.c ****     int x=0;
 161              		.loc 1 181 0
ARM GAS  C:\Users\pearlstl\AppData\Local\Temp\ccTE4ox5.s 			page 7


 162 0016 0023     		movs	r3, #0
 163 0018 7B63     		str	r3, [r7, #52]
 182:.\Generated_Source\PSoC5/isr.c ****     int e_;
 183:.\Generated_Source\PSoC5/isr.c ****     int i;
 184:.\Generated_Source\PSoC5/isr.c ****    
 185:.\Generated_Source\PSoC5/isr.c ****  
 186:.\Generated_Source\PSoC5/isr.c **** //  for (k = 0 ; k<NUM_TONES ; ++k)
 187:.\Generated_Source\PSoC5/isr.c **** //  {
 188:.\Generated_Source\PSoC5/isr.c **** //      value = n*T*freqs[k]/(1<<5);
 189:.\Generated_Source\PSoC5/isr.c **** //      value=value&0x7fff;
 190:.\Generated_Source\PSoC5/isr.c **** //      value=(value*ampls[k])>>15;
 191:.\Generated_Source\PSoC5/isr.c **** //      x+=value;                         //15 bit unsigned number
 192:.\Generated_Source\PSoC5/isr.c **** //  }
 193:.\Generated_Source\PSoC5/isr.c **** //            
 194:.\Generated_Source\PSoC5/isr.c **** //              
 195:.\Generated_Source\PSoC5/isr.c **** //  x = (x>>4);                           //now a 8bit 2's comp value
 196:.\Generated_Source\PSoC5/isr.c **** //  x+=128;                               //Offset binary. VDAC wants this
 197:.\Generated_Source\PSoC5/isr.c ****      
 198:.\Generated_Source\PSoC5/isr.c **** //    x = wave_table[wave_idx];
 199:.\Generated_Source\PSoC5/isr.c **** //    x=(x)>>5;                             // rounds to an 8 bit number
 200:.\Generated_Source\PSoC5/isr.c **** //    x=x+128;                              // converts from 2's comp to offset binary
 201:.\Generated_Source\PSoC5/isr.c **** //      
 202:.\Generated_Source\PSoC5/isr.c ****     x = rand();   
 164              		.loc 1 202 0
 165 001a FFF7FEFF 		bl	rand
 166 001e 7863     		str	r0, [r7, #52]
 203:.\Generated_Source\PSoC5/isr.c ****     //fixed point -1 to 1                   double(x)/2^31(2 billion)
 204:.\Generated_Source\PSoC5/isr.c ****     VDAC8_2_ls_SetValue(x);
 167              		.loc 1 204 0
 168 0020 7B6B     		ldr	r3, [r7, #52]
 169 0022 DBB2     		uxtb	r3, r3
 170 0024 1846     		mov	r0, r3
 171 0026 FFF7FEFF 		bl	VDAC8_2_ls_SetValue
 205:.\Generated_Source\PSoC5/isr.c ****     
 206:.\Generated_Source\PSoC5/isr.c ****     e_ =  ADC_SAR_GetResult16();          //Set's value to the ADC output (16bit 2's comp value)
 172              		.loc 1 206 0
 173 002a FFF7FEFF 		bl	ADC_SAR_GetResult16
 174 002e 0346     		mov	r3, r0
 175 0030 3B63     		str	r3, [r7, #48]
 207:.\Generated_Source\PSoC5/isr.c ****         
 208:.\Generated_Source\PSoC5/isr.c ****        
 209:.\Generated_Source\PSoC5/isr.c ****     //canceller code goes here
 210:.\Generated_Source\PSoC5/isr.c ****     canceller_new_sample (x);
 176              		.loc 1 210 0
 177 0032 786B     		ldr	r0, [r7, #52]
 178 0034 FFF7FEFF 		bl	canceller_new_sample
 211:.\Generated_Source\PSoC5/isr.c ****     canceller_coeff_update (e_);
 179              		.loc 1 211 0
 180 0038 386B     		ldr	r0, [r7, #48]
 181 003a FFF7FEFF 		bl	canceller_coeff_update
 212:.\Generated_Source\PSoC5/isr.c ****     //end canceller code  
 213:.\Generated_Source\PSoC5/isr.c ****         
 214:.\Generated_Source\PSoC5/isr.c ****     VDAC8_1_hs_SetValue(x);              
 182              		.loc 1 214 0
 183 003e 7B6B     		ldr	r3, [r7, #52]
 184 0040 DBB2     		uxtb	r3, r3
 185 0042 1846     		mov	r0, r3
ARM GAS  C:\Users\pearlstl\AppData\Local\Temp\ccTE4ox5.s 			page 8


 186 0044 FFF7FEFF 		bl	VDAC8_1_hs_SetValue
 215:.\Generated_Source\PSoC5/isr.c ****        
 216:.\Generated_Source\PSoC5/isr.c ****     ++wave_idx;
 187              		.loc 1 216 0
 188 0048 294B     		ldr	r3, .L14
 189 004a 1B68     		ldr	r3, [r3]
 190 004c 5A1C     		adds	r2, r3, #1
 191 004e 284B     		ldr	r3, .L14
 192 0050 1A60     		str	r2, [r3]
 217:.\Generated_Source\PSoC5/isr.c ****         
 218:.\Generated_Source\PSoC5/isr.c ****     if (wave_idx == WAVESIZE)
 193              		.loc 1 218 0
 194 0052 274B     		ldr	r3, .L14
 195 0054 1B68     		ldr	r3, [r3]
 196 0056 142B     		cmp	r3, #20
 197 0058 02D1     		bne	.L9
 219:.\Generated_Source\PSoC5/isr.c ****     {
 220:.\Generated_Source\PSoC5/isr.c ****         wave_idx=0;
 198              		.loc 1 220 0
 199 005a 254B     		ldr	r3, .L14
 200 005c 0022     		movs	r2, #0
 201 005e 1A60     		str	r2, [r3]
 202              	.L9:
 221:.\Generated_Source\PSoC5/isr.c ****     }
 222:.\Generated_Source\PSoC5/isr.c ****         
 223:.\Generated_Source\PSoC5/isr.c ****     if (n < NUM_SAMPS_TO_CAPTURE)
 203              		.loc 1 223 0
 204 0060 244B     		ldr	r3, .L14+4
 205 0062 1A68     		ldr	r2, [r3]
 206 0064 44F61F63 		movw	r3, #19999
 207 0068 9A42     		cmp	r2, r3
 208 006a 0CDC     		bgt	.L10
 224:.\Generated_Source\PSoC5/isr.c ****     {
 225:.\Generated_Source\PSoC5/isr.c ****         cap_array[n] = e_;
 209              		.loc 1 225 0
 210 006c 214B     		ldr	r3, .L14+4
 211 006e 1A68     		ldr	r2, [r3]
 212 0070 3B6B     		ldr	r3, [r7, #48]
 213 0072 99B2     		uxth	r1, r3
 214 0074 204B     		ldr	r3, .L14+8
 215 0076 23F81210 		strh	r1, [r3, r2, lsl #1]	@ movhi
 226:.\Generated_Source\PSoC5/isr.c ****         ++n;
 216              		.loc 1 226 0
 217 007a 1E4B     		ldr	r3, .L14+4
 218 007c 1B68     		ldr	r3, [r3]
 219 007e 5A1C     		adds	r2, r3, #1
 220 0080 1C4B     		ldr	r3, .L14+4
 221 0082 1A60     		str	r2, [r3]
 222 0084 30E0     		b	.L8
 223              	.L10:
 227:.\Generated_Source\PSoC5/isr.c ****     }
 228:.\Generated_Source\PSoC5/isr.c ****     else if (n == NUM_SAMPS_TO_CAPTURE)
 224              		.loc 1 228 0
 225 0086 1B4B     		ldr	r3, .L14+4
 226 0088 1A68     		ldr	r2, [r3]
 227 008a 44F62063 		movw	r3, #20000
 228 008e 9A42     		cmp	r2, r3
ARM GAS  C:\Users\pearlstl\AppData\Local\Temp\ccTE4ox5.s 			page 9


 229 0090 2AD1     		bne	.L8
 230              	.LBB2:
 229:.\Generated_Source\PSoC5/isr.c ****     {
 230:.\Generated_Source\PSoC5/isr.c ****         int the_val;
 231:.\Generated_Source\PSoC5/isr.c ****         char my_string[32];
 232:.\Generated_Source\PSoC5/isr.c ****         int length;
 233:.\Generated_Source\PSoC5/isr.c ****         
 234:.\Generated_Source\PSoC5/isr.c ****         for(i=0;i<NUM_SAMPS_TO_CAPTURE;++i)
 231              		.loc 1 234 0
 232 0092 0023     		movs	r3, #0
 233 0094 FB63     		str	r3, [r7, #60]
 234 0096 1DE0     		b	.L12
 235              	.L13:
 235:.\Generated_Source\PSoC5/isr.c ****             {
 236:.\Generated_Source\PSoC5/isr.c ****                 the_val = cap_array[i];
 236              		.loc 1 236 0 discriminator 2
 237 0098 174B     		ldr	r3, .L14+8
 238 009a FA6B     		ldr	r2, [r7, #60]
 239 009c 33F81230 		ldrh	r3, [r3, r2, lsl #1]
 240 00a0 1BB2     		sxth	r3, r3
 241 00a2 FB62     		str	r3, [r7, #44]
 237:.\Generated_Source\PSoC5/isr.c ****                 sprintf(my_string ,"%d\n", the_val & 0xFFFF);
 242              		.loc 1 237 0 discriminator 2
 243 00a4 FB6A     		ldr	r3, [r7, #44]
 244 00a6 9BB2     		uxth	r3, r3
 245 00a8 3A46     		mov	r2, r7
 246 00aa 1046     		mov	r0, r2
 247 00ac 1349     		ldr	r1, .L14+12
 248 00ae 1A46     		mov	r2, r3
 249 00b0 FFF7FEFF 		bl	sprintf
 238:.\Generated_Source\PSoC5/isr.c ****                 length = strlen(my_string);
 250              		.loc 1 238 0 discriminator 2
 251 00b4 3B46     		mov	r3, r7
 252 00b6 1846     		mov	r0, r3
 253 00b8 FFF7FEFF 		bl	strlen
 254 00bc 0346     		mov	r3, r0
 255 00be BB62     		str	r3, [r7, #40]
 239:.\Generated_Source\PSoC5/isr.c ****                 UART_1_PutArray( (uint8 *) my_string, length); 
 256              		.loc 1 239 0 discriminator 2
 257 00c0 BB6A     		ldr	r3, [r7, #40]
 258 00c2 DBB2     		uxtb	r3, r3
 259 00c4 3A46     		mov	r2, r7
 260 00c6 1046     		mov	r0, r2
 261 00c8 1946     		mov	r1, r3
 262 00ca FFF7FEFF 		bl	UART_1_PutArray
 234:.\Generated_Source\PSoC5/isr.c ****         for(i=0;i<NUM_SAMPS_TO_CAPTURE;++i)
 263              		.loc 1 234 0 discriminator 2
 264 00ce FB6B     		ldr	r3, [r7, #60]
 265 00d0 0133     		adds	r3, r3, #1
 266 00d2 FB63     		str	r3, [r7, #60]
 267              	.L12:
 234:.\Generated_Source\PSoC5/isr.c ****         for(i=0;i<NUM_SAMPS_TO_CAPTURE;++i)
 268              		.loc 1 234 0 is_stmt 0 discriminator 1
 269 00d4 FA6B     		ldr	r2, [r7, #60]
 270 00d6 44F61F63 		movw	r3, #19999
 271 00da 9A42     		cmp	r2, r3
 272 00dc DCDD     		ble	.L13
ARM GAS  C:\Users\pearlstl\AppData\Local\Temp\ccTE4ox5.s 			page 10


 240:.\Generated_Source\PSoC5/isr.c ****             }
 241:.\Generated_Source\PSoC5/isr.c ****         
 242:.\Generated_Source\PSoC5/isr.c ****         ++n;
 273              		.loc 1 242 0 is_stmt 1
 274 00de 054B     		ldr	r3, .L14+4
 275 00e0 1B68     		ldr	r3, [r3]
 276 00e2 5A1C     		adds	r2, r3, #1
 277 00e4 034B     		ldr	r3, .L14+4
 278 00e6 1A60     		str	r2, [r3]
 279              	.L8:
 280              	.LBE2:
 243:.\Generated_Source\PSoC5/isr.c ****     }
 244:.\Generated_Source\PSoC5/isr.c **** }        
 281              		.loc 1 244 0
 282 00e8 4037     		adds	r7, r7, #64
 283 00ea BD46     		mov	sp, r7
 284              		@ sp needed
 285 00ec 80BD     		pop	{r7, pc}
 286              	.L15:
 287 00ee 00BF     		.align	2
 288              	.L14:
 289 00f0 00000000 		.word	wave_idx.6723
 290 00f4 00000000 		.word	n
 291 00f8 00000000 		.word	cap_array
 292 00fc 00000000 		.word	.LC0
 293              		.cfi_endproc
 294              	.LFE59:
 295              		.size	isr_Interrupt, .-isr_Interrupt
 296              		.section	.text.isr_SetVector,"ax",%progbits
 297              		.align	2
 298              		.global	isr_SetVector
 299              		.thumb
 300              		.thumb_func
 301              		.type	isr_SetVector, %function
 302              	isr_SetVector:
 303              	.LFB60:
 245:.\Generated_Source\PSoC5/isr.c **** 
 246:.\Generated_Source\PSoC5/isr.c ****     /* `#END` */
 247:.\Generated_Source\PSoC5/isr.c **** 
 248:.\Generated_Source\PSoC5/isr.c **** 
 249:.\Generated_Source\PSoC5/isr.c **** /*******************************************************************************
 250:.\Generated_Source\PSoC5/isr.c **** * Function Name: isr_SetVector
 251:.\Generated_Source\PSoC5/isr.c **** ********************************************************************************
 252:.\Generated_Source\PSoC5/isr.c **** *
 253:.\Generated_Source\PSoC5/isr.c **** * Summary:
 254:.\Generated_Source\PSoC5/isr.c **** *   Change the ISR vector for the Interrupt. Note calling isr_Start
 255:.\Generated_Source\PSoC5/isr.c **** *   will override any effect this method would have had. To set the vector 
 256:.\Generated_Source\PSoC5/isr.c **** *   before the component has been started use isr_StartEx instead.
 257:.\Generated_Source\PSoC5/isr.c **** * 
 258:.\Generated_Source\PSoC5/isr.c **** *   When defining ISR functions, the CY_ISR and CY_ISR_PROTO macros should be 
 259:.\Generated_Source\PSoC5/isr.c **** *   used to provide consistent definition across compilers:
 260:.\Generated_Source\PSoC5/isr.c **** *
 261:.\Generated_Source\PSoC5/isr.c **** *   Function definition example:
 262:.\Generated_Source\PSoC5/isr.c **** *   CY_ISR(MyISR)
 263:.\Generated_Source\PSoC5/isr.c **** *   {
 264:.\Generated_Source\PSoC5/isr.c **** *   }
 265:.\Generated_Source\PSoC5/isr.c **** *
ARM GAS  C:\Users\pearlstl\AppData\Local\Temp\ccTE4ox5.s 			page 11


 266:.\Generated_Source\PSoC5/isr.c **** *   Function prototype example:
 267:.\Generated_Source\PSoC5/isr.c **** *     CY_ISR_PROTO(MyISR);
 268:.\Generated_Source\PSoC5/isr.c **** *
 269:.\Generated_Source\PSoC5/isr.c **** * Parameters:
 270:.\Generated_Source\PSoC5/isr.c **** *   address: Address of the ISR to set in the interrupt vector table.
 271:.\Generated_Source\PSoC5/isr.c **** *
 272:.\Generated_Source\PSoC5/isr.c **** * Return:
 273:.\Generated_Source\PSoC5/isr.c **** *   None
 274:.\Generated_Source\PSoC5/isr.c **** *
 275:.\Generated_Source\PSoC5/isr.c **** *******************************************************************************/
 276:.\Generated_Source\PSoC5/isr.c **** void isr_SetVector(cyisraddress address)
 277:.\Generated_Source\PSoC5/isr.c **** {
 304              		.loc 1 277 0
 305              		.cfi_startproc
 306              		@ args = 0, pretend = 0, frame = 16
 307              		@ frame_needed = 1, uses_anonymous_args = 0
 308              		@ link register save eliminated.
 309 0000 80B4     		push	{r7}
 310              		.cfi_def_cfa_offset 4
 311              		.cfi_offset 7, -4
 312 0002 85B0     		sub	sp, sp, #20
 313              		.cfi_def_cfa_offset 24
 314 0004 00AF     		add	r7, sp, #0
 315              		.cfi_def_cfa_register 7
 316 0006 7860     		str	r0, [r7, #4]
 278:.\Generated_Source\PSoC5/isr.c ****     cyisraddress * ramVectorTable;
 279:.\Generated_Source\PSoC5/isr.c **** 
 280:.\Generated_Source\PSoC5/isr.c ****     ramVectorTable = (cyisraddress *) *CYINT_VECT_TABLE;
 317              		.loc 1 280 0
 318 0008 054B     		ldr	r3, .L17
 319 000a 1B68     		ldr	r3, [r3]
 320 000c FB60     		str	r3, [r7, #12]
 281:.\Generated_Source\PSoC5/isr.c **** 
 282:.\Generated_Source\PSoC5/isr.c ****     ramVectorTable[CYINT_IRQ_BASE + (uint32)isr__INTC_NUMBER] = address;
 321              		.loc 1 282 0
 322 000e FB68     		ldr	r3, [r7, #12]
 323 0010 4433     		adds	r3, r3, #68
 324 0012 7A68     		ldr	r2, [r7, #4]
 325 0014 1A60     		str	r2, [r3]
 283:.\Generated_Source\PSoC5/isr.c **** }
 326              		.loc 1 283 0
 327 0016 1437     		adds	r7, r7, #20
 328 0018 BD46     		mov	sp, r7
 329              		@ sp needed
 330 001a 5DF8047B 		ldr	r7, [sp], #4
 331 001e 7047     		bx	lr
 332              	.L18:
 333              		.align	2
 334              	.L17:
 335 0020 08ED00E0 		.word	-536810232
 336              		.cfi_endproc
 337              	.LFE60:
 338              		.size	isr_SetVector, .-isr_SetVector
 339              		.section	.text.isr_GetVector,"ax",%progbits
 340              		.align	2
 341              		.global	isr_GetVector
 342              		.thumb
ARM GAS  C:\Users\pearlstl\AppData\Local\Temp\ccTE4ox5.s 			page 12


 343              		.thumb_func
 344              		.type	isr_GetVector, %function
 345              	isr_GetVector:
 346              	.LFB61:
 284:.\Generated_Source\PSoC5/isr.c **** 
 285:.\Generated_Source\PSoC5/isr.c **** 
 286:.\Generated_Source\PSoC5/isr.c **** /*******************************************************************************
 287:.\Generated_Source\PSoC5/isr.c **** * Function Name: isr_GetVector
 288:.\Generated_Source\PSoC5/isr.c **** ********************************************************************************
 289:.\Generated_Source\PSoC5/isr.c **** *
 290:.\Generated_Source\PSoC5/isr.c **** * Summary:
 291:.\Generated_Source\PSoC5/isr.c **** *   Gets the "address" of the current ISR vector for the Interrupt.
 292:.\Generated_Source\PSoC5/isr.c **** *
 293:.\Generated_Source\PSoC5/isr.c **** * Parameters:
 294:.\Generated_Source\PSoC5/isr.c **** *   None
 295:.\Generated_Source\PSoC5/isr.c **** *
 296:.\Generated_Source\PSoC5/isr.c **** * Return:
 297:.\Generated_Source\PSoC5/isr.c **** *   Address of the ISR in the interrupt vector table.
 298:.\Generated_Source\PSoC5/isr.c **** *
 299:.\Generated_Source\PSoC5/isr.c **** *******************************************************************************/
 300:.\Generated_Source\PSoC5/isr.c **** cyisraddress isr_GetVector(void)
 301:.\Generated_Source\PSoC5/isr.c **** {
 347              		.loc 1 301 0
 348              		.cfi_startproc
 349              		@ args = 0, pretend = 0, frame = 8
 350              		@ frame_needed = 1, uses_anonymous_args = 0
 351              		@ link register save eliminated.
 352 0000 80B4     		push	{r7}
 353              		.cfi_def_cfa_offset 4
 354              		.cfi_offset 7, -4
 355 0002 83B0     		sub	sp, sp, #12
 356              		.cfi_def_cfa_offset 16
 357 0004 00AF     		add	r7, sp, #0
 358              		.cfi_def_cfa_register 7
 302:.\Generated_Source\PSoC5/isr.c ****     cyisraddress * ramVectorTable;
 303:.\Generated_Source\PSoC5/isr.c **** 
 304:.\Generated_Source\PSoC5/isr.c ****     ramVectorTable = (cyisraddress *) *CYINT_VECT_TABLE;
 359              		.loc 1 304 0
 360 0006 054B     		ldr	r3, .L21
 361 0008 1B68     		ldr	r3, [r3]
 362 000a 7B60     		str	r3, [r7, #4]
 305:.\Generated_Source\PSoC5/isr.c **** 
 306:.\Generated_Source\PSoC5/isr.c ****     return ramVectorTable[CYINT_IRQ_BASE + (uint32)isr__INTC_NUMBER];
 363              		.loc 1 306 0
 364 000c 7B68     		ldr	r3, [r7, #4]
 365 000e 5B6C     		ldr	r3, [r3, #68]
 307:.\Generated_Source\PSoC5/isr.c **** }
 366              		.loc 1 307 0
 367 0010 1846     		mov	r0, r3
 368 0012 0C37     		adds	r7, r7, #12
 369 0014 BD46     		mov	sp, r7
 370              		@ sp needed
 371 0016 5DF8047B 		ldr	r7, [sp], #4
 372 001a 7047     		bx	lr
 373              	.L22:
 374              		.align	2
 375              	.L21:
ARM GAS  C:\Users\pearlstl\AppData\Local\Temp\ccTE4ox5.s 			page 13


 376 001c 08ED00E0 		.word	-536810232
 377              		.cfi_endproc
 378              	.LFE61:
 379              		.size	isr_GetVector, .-isr_GetVector
 380              		.section	.text.isr_SetPriority,"ax",%progbits
 381              		.align	2
 382              		.global	isr_SetPriority
 383              		.thumb
 384              		.thumb_func
 385              		.type	isr_SetPriority, %function
 386              	isr_SetPriority:
 387              	.LFB62:
 308:.\Generated_Source\PSoC5/isr.c **** 
 309:.\Generated_Source\PSoC5/isr.c **** 
 310:.\Generated_Source\PSoC5/isr.c **** /*******************************************************************************
 311:.\Generated_Source\PSoC5/isr.c **** * Function Name: isr_SetPriority
 312:.\Generated_Source\PSoC5/isr.c **** ********************************************************************************
 313:.\Generated_Source\PSoC5/isr.c **** *
 314:.\Generated_Source\PSoC5/isr.c **** * Summary:
 315:.\Generated_Source\PSoC5/isr.c **** *   Sets the Priority of the Interrupt. 
 316:.\Generated_Source\PSoC5/isr.c **** *
 317:.\Generated_Source\PSoC5/isr.c **** *   Note calling isr_Start or isr_StartEx will 
 318:.\Generated_Source\PSoC5/isr.c **** *   override any effect this API would have had. This API should only be called
 319:.\Generated_Source\PSoC5/isr.c **** *   after isr_Start or isr_StartEx has been called. 
 320:.\Generated_Source\PSoC5/isr.c **** *   To set the initial priority for the component, use the Design-Wide Resources
 321:.\Generated_Source\PSoC5/isr.c **** *   Interrupt Editor.
 322:.\Generated_Source\PSoC5/isr.c **** *
 323:.\Generated_Source\PSoC5/isr.c **** *   Note This API has no effect on Non-maskable interrupt NMI).
 324:.\Generated_Source\PSoC5/isr.c **** *
 325:.\Generated_Source\PSoC5/isr.c **** * Parameters:
 326:.\Generated_Source\PSoC5/isr.c **** *   priority: Priority of the interrupt, 0 being the highest priority
 327:.\Generated_Source\PSoC5/isr.c **** *             PSoC 3 and PSoC 5LP: Priority is from 0 to 7.
 328:.\Generated_Source\PSoC5/isr.c **** *             PSoC 4: Priority is from 0 to 3.
 329:.\Generated_Source\PSoC5/isr.c **** *
 330:.\Generated_Source\PSoC5/isr.c **** * Return:
 331:.\Generated_Source\PSoC5/isr.c **** *   None
 332:.\Generated_Source\PSoC5/isr.c **** *
 333:.\Generated_Source\PSoC5/isr.c **** *******************************************************************************/
 334:.\Generated_Source\PSoC5/isr.c **** void isr_SetPriority(uint8 priority)
 335:.\Generated_Source\PSoC5/isr.c **** {
 388              		.loc 1 335 0
 389              		.cfi_startproc
 390              		@ args = 0, pretend = 0, frame = 8
 391              		@ frame_needed = 1, uses_anonymous_args = 0
 392              		@ link register save eliminated.
 393 0000 80B4     		push	{r7}
 394              		.cfi_def_cfa_offset 4
 395              		.cfi_offset 7, -4
 396 0002 83B0     		sub	sp, sp, #12
 397              		.cfi_def_cfa_offset 16
 398 0004 00AF     		add	r7, sp, #0
 399              		.cfi_def_cfa_register 7
 400 0006 0346     		mov	r3, r0
 401 0008 FB71     		strb	r3, [r7, #7]
 336:.\Generated_Source\PSoC5/isr.c ****     *isr_INTC_PRIOR = priority << 5;
 402              		.loc 1 336 0
 403 000a 054B     		ldr	r3, .L24
ARM GAS  C:\Users\pearlstl\AppData\Local\Temp\ccTE4ox5.s 			page 14


 404 000c FA79     		ldrb	r2, [r7, #7]
 405 000e 5201     		lsls	r2, r2, #5
 406 0010 D2B2     		uxtb	r2, r2
 407 0012 1A70     		strb	r2, [r3]
 337:.\Generated_Source\PSoC5/isr.c **** }
 408              		.loc 1 337 0
 409 0014 0C37     		adds	r7, r7, #12
 410 0016 BD46     		mov	sp, r7
 411              		@ sp needed
 412 0018 5DF8047B 		ldr	r7, [sp], #4
 413 001c 7047     		bx	lr
 414              	.L25:
 415 001e 00BF     		.align	2
 416              	.L24:
 417 0020 01E400E0 		.word	-536812543
 418              		.cfi_endproc
 419              	.LFE62:
 420              		.size	isr_SetPriority, .-isr_SetPriority
 421              		.section	.text.isr_GetPriority,"ax",%progbits
 422              		.align	2
 423              		.global	isr_GetPriority
 424              		.thumb
 425              		.thumb_func
 426              		.type	isr_GetPriority, %function
 427              	isr_GetPriority:
 428              	.LFB63:
 338:.\Generated_Source\PSoC5/isr.c **** 
 339:.\Generated_Source\PSoC5/isr.c **** 
 340:.\Generated_Source\PSoC5/isr.c **** /*******************************************************************************
 341:.\Generated_Source\PSoC5/isr.c **** * Function Name: isr_GetPriority
 342:.\Generated_Source\PSoC5/isr.c **** ********************************************************************************
 343:.\Generated_Source\PSoC5/isr.c **** *
 344:.\Generated_Source\PSoC5/isr.c **** * Summary:
 345:.\Generated_Source\PSoC5/isr.c **** *   Gets the Priority of the Interrupt.
 346:.\Generated_Source\PSoC5/isr.c **** *
 347:.\Generated_Source\PSoC5/isr.c **** * Parameters:
 348:.\Generated_Source\PSoC5/isr.c **** *   None
 349:.\Generated_Source\PSoC5/isr.c **** *
 350:.\Generated_Source\PSoC5/isr.c **** * Return:
 351:.\Generated_Source\PSoC5/isr.c **** *   Priority of the interrupt, 0 being the highest priority
 352:.\Generated_Source\PSoC5/isr.c **** *    PSoC 3 and PSoC 5LP: Priority is from 0 to 7.
 353:.\Generated_Source\PSoC5/isr.c **** *    PSoC 4: Priority is from 0 to 3.
 354:.\Generated_Source\PSoC5/isr.c **** *
 355:.\Generated_Source\PSoC5/isr.c **** *******************************************************************************/
 356:.\Generated_Source\PSoC5/isr.c **** uint8 isr_GetPriority(void)
 357:.\Generated_Source\PSoC5/isr.c **** {
 429              		.loc 1 357 0
 430              		.cfi_startproc
 431              		@ args = 0, pretend = 0, frame = 8
 432              		@ frame_needed = 1, uses_anonymous_args = 0
 433              		@ link register save eliminated.
 434 0000 80B4     		push	{r7}
 435              		.cfi_def_cfa_offset 4
 436              		.cfi_offset 7, -4
 437 0002 83B0     		sub	sp, sp, #12
 438              		.cfi_def_cfa_offset 16
 439 0004 00AF     		add	r7, sp, #0
ARM GAS  C:\Users\pearlstl\AppData\Local\Temp\ccTE4ox5.s 			page 15


 440              		.cfi_def_cfa_register 7
 358:.\Generated_Source\PSoC5/isr.c ****     uint8 priority;
 359:.\Generated_Source\PSoC5/isr.c **** 
 360:.\Generated_Source\PSoC5/isr.c **** 
 361:.\Generated_Source\PSoC5/isr.c ****     priority = *isr_INTC_PRIOR >> 5;
 441              		.loc 1 361 0
 442 0006 064B     		ldr	r3, .L28
 443 0008 1B78     		ldrb	r3, [r3]
 444 000a DBB2     		uxtb	r3, r3
 445 000c 5B09     		lsrs	r3, r3, #5
 446 000e FB71     		strb	r3, [r7, #7]
 362:.\Generated_Source\PSoC5/isr.c **** 
 363:.\Generated_Source\PSoC5/isr.c ****     return priority;
 447              		.loc 1 363 0
 448 0010 FB79     		ldrb	r3, [r7, #7]	@ zero_extendqisi2
 364:.\Generated_Source\PSoC5/isr.c **** }
 449              		.loc 1 364 0
 450 0012 1846     		mov	r0, r3
 451 0014 0C37     		adds	r7, r7, #12
 452 0016 BD46     		mov	sp, r7
 453              		@ sp needed
 454 0018 5DF8047B 		ldr	r7, [sp], #4
 455 001c 7047     		bx	lr
 456              	.L29:
 457 001e 00BF     		.align	2
 458              	.L28:
 459 0020 01E400E0 		.word	-536812543
 460              		.cfi_endproc
 461              	.LFE63:
 462              		.size	isr_GetPriority, .-isr_GetPriority
 463              		.section	.text.isr_Enable,"ax",%progbits
 464              		.align	2
 465              		.global	isr_Enable
 466              		.thumb
 467              		.thumb_func
 468              		.type	isr_Enable, %function
 469              	isr_Enable:
 470              	.LFB64:
 365:.\Generated_Source\PSoC5/isr.c **** 
 366:.\Generated_Source\PSoC5/isr.c **** 
 367:.\Generated_Source\PSoC5/isr.c **** /*******************************************************************************
 368:.\Generated_Source\PSoC5/isr.c **** * Function Name: isr_Enable
 369:.\Generated_Source\PSoC5/isr.c **** ********************************************************************************
 370:.\Generated_Source\PSoC5/isr.c **** *
 371:.\Generated_Source\PSoC5/isr.c **** * Summary:
 372:.\Generated_Source\PSoC5/isr.c **** *   Enables the interrupt to the interrupt controller. Do not call this function
 373:.\Generated_Source\PSoC5/isr.c **** *   unless ISR_Start() has been called or the functionality of the ISR_Start() 
 374:.\Generated_Source\PSoC5/isr.c **** *   function, which sets the vector and the priority, has been called.
 375:.\Generated_Source\PSoC5/isr.c **** *
 376:.\Generated_Source\PSoC5/isr.c **** * Parameters:
 377:.\Generated_Source\PSoC5/isr.c **** *   None
 378:.\Generated_Source\PSoC5/isr.c **** *
 379:.\Generated_Source\PSoC5/isr.c **** * Return:
 380:.\Generated_Source\PSoC5/isr.c **** *   None
 381:.\Generated_Source\PSoC5/isr.c **** *
 382:.\Generated_Source\PSoC5/isr.c **** *******************************************************************************/
 383:.\Generated_Source\PSoC5/isr.c **** void isr_Enable(void)
ARM GAS  C:\Users\pearlstl\AppData\Local\Temp\ccTE4ox5.s 			page 16


 384:.\Generated_Source\PSoC5/isr.c **** {
 471              		.loc 1 384 0
 472              		.cfi_startproc
 473              		@ args = 0, pretend = 0, frame = 0
 474              		@ frame_needed = 1, uses_anonymous_args = 0
 475              		@ link register save eliminated.
 476 0000 80B4     		push	{r7}
 477              		.cfi_def_cfa_offset 4
 478              		.cfi_offset 7, -4
 479 0002 00AF     		add	r7, sp, #0
 480              		.cfi_def_cfa_register 7
 385:.\Generated_Source\PSoC5/isr.c ****     /* Enable the general interrupt. */
 386:.\Generated_Source\PSoC5/isr.c ****     *isr_INTC_SET_EN = isr__INTC_MASK;
 481              		.loc 1 386 0
 482 0004 034B     		ldr	r3, .L31
 483 0006 0222     		movs	r2, #2
 484 0008 1A60     		str	r2, [r3]
 387:.\Generated_Source\PSoC5/isr.c **** }
 485              		.loc 1 387 0
 486 000a BD46     		mov	sp, r7
 487              		@ sp needed
 488 000c 5DF8047B 		ldr	r7, [sp], #4
 489 0010 7047     		bx	lr
 490              	.L32:
 491 0012 00BF     		.align	2
 492              	.L31:
 493 0014 00E100E0 		.word	-536813312
 494              		.cfi_endproc
 495              	.LFE64:
 496              		.size	isr_Enable, .-isr_Enable
 497              		.section	.text.isr_GetState,"ax",%progbits
 498              		.align	2
 499              		.global	isr_GetState
 500              		.thumb
 501              		.thumb_func
 502              		.type	isr_GetState, %function
 503              	isr_GetState:
 504              	.LFB65:
 388:.\Generated_Source\PSoC5/isr.c **** 
 389:.\Generated_Source\PSoC5/isr.c **** 
 390:.\Generated_Source\PSoC5/isr.c **** /*******************************************************************************
 391:.\Generated_Source\PSoC5/isr.c **** * Function Name: isr_GetState
 392:.\Generated_Source\PSoC5/isr.c **** ********************************************************************************
 393:.\Generated_Source\PSoC5/isr.c **** *
 394:.\Generated_Source\PSoC5/isr.c **** * Summary:
 395:.\Generated_Source\PSoC5/isr.c **** *   Gets the state (enabled, disabled) of the Interrupt.
 396:.\Generated_Source\PSoC5/isr.c **** *
 397:.\Generated_Source\PSoC5/isr.c **** * Parameters:
 398:.\Generated_Source\PSoC5/isr.c **** *   None
 399:.\Generated_Source\PSoC5/isr.c **** *
 400:.\Generated_Source\PSoC5/isr.c **** * Return:
 401:.\Generated_Source\PSoC5/isr.c **** *   1 if enabled, 0 if disabled.
 402:.\Generated_Source\PSoC5/isr.c **** *
 403:.\Generated_Source\PSoC5/isr.c **** *******************************************************************************/
 404:.\Generated_Source\PSoC5/isr.c **** uint8 isr_GetState(void)
 405:.\Generated_Source\PSoC5/isr.c **** {
 505              		.loc 1 405 0
ARM GAS  C:\Users\pearlstl\AppData\Local\Temp\ccTE4ox5.s 			page 17


 506              		.cfi_startproc
 507              		@ args = 0, pretend = 0, frame = 0
 508              		@ frame_needed = 1, uses_anonymous_args = 0
 509              		@ link register save eliminated.
 510 0000 80B4     		push	{r7}
 511              		.cfi_def_cfa_offset 4
 512              		.cfi_offset 7, -4
 513 0002 00AF     		add	r7, sp, #0
 514              		.cfi_def_cfa_register 7
 406:.\Generated_Source\PSoC5/isr.c ****     /* Get the state of the general interrupt. */
 407:.\Generated_Source\PSoC5/isr.c ****     return ((*isr_INTC_SET_EN & (uint32)isr__INTC_MASK) != 0u) ? 1u:0u;
 515              		.loc 1 407 0
 516 0004 064B     		ldr	r3, .L37
 517 0006 1B68     		ldr	r3, [r3]
 518 0008 03F00203 		and	r3, r3, #2
 519 000c 002B     		cmp	r3, #0
 520 000e 01D0     		beq	.L34
 521              		.loc 1 407 0 is_stmt 0 discriminator 1
 522 0010 0123     		movs	r3, #1
 523 0012 00E0     		b	.L35
 524              	.L34:
 525              		.loc 1 407 0 discriminator 2
 526 0014 0023     		movs	r3, #0
 527              	.L35:
 408:.\Generated_Source\PSoC5/isr.c **** }
 528              		.loc 1 408 0 is_stmt 1 discriminator 3
 529 0016 1846     		mov	r0, r3
 530 0018 BD46     		mov	sp, r7
 531              		@ sp needed
 532 001a 5DF8047B 		ldr	r7, [sp], #4
 533 001e 7047     		bx	lr
 534              	.L38:
 535              		.align	2
 536              	.L37:
 537 0020 00E100E0 		.word	-536813312
 538              		.cfi_endproc
 539              	.LFE65:
 540              		.size	isr_GetState, .-isr_GetState
 541              		.section	.text.isr_Disable,"ax",%progbits
 542              		.align	2
 543              		.global	isr_Disable
 544              		.thumb
 545              		.thumb_func
 546              		.type	isr_Disable, %function
 547              	isr_Disable:
 548              	.LFB66:
 409:.\Generated_Source\PSoC5/isr.c **** 
 410:.\Generated_Source\PSoC5/isr.c **** 
 411:.\Generated_Source\PSoC5/isr.c **** /*******************************************************************************
 412:.\Generated_Source\PSoC5/isr.c **** * Function Name: isr_Disable
 413:.\Generated_Source\PSoC5/isr.c **** ********************************************************************************
 414:.\Generated_Source\PSoC5/isr.c **** *
 415:.\Generated_Source\PSoC5/isr.c **** * Summary:
 416:.\Generated_Source\PSoC5/isr.c **** *   Disables the Interrupt in the interrupt controller.
 417:.\Generated_Source\PSoC5/isr.c **** *
 418:.\Generated_Source\PSoC5/isr.c **** * Parameters:
 419:.\Generated_Source\PSoC5/isr.c **** *   None
ARM GAS  C:\Users\pearlstl\AppData\Local\Temp\ccTE4ox5.s 			page 18


 420:.\Generated_Source\PSoC5/isr.c **** *
 421:.\Generated_Source\PSoC5/isr.c **** * Return:
 422:.\Generated_Source\PSoC5/isr.c **** *   None
 423:.\Generated_Source\PSoC5/isr.c **** *
 424:.\Generated_Source\PSoC5/isr.c **** *******************************************************************************/
 425:.\Generated_Source\PSoC5/isr.c **** void isr_Disable(void)
 426:.\Generated_Source\PSoC5/isr.c **** {
 549              		.loc 1 426 0
 550              		.cfi_startproc
 551              		@ args = 0, pretend = 0, frame = 0
 552              		@ frame_needed = 1, uses_anonymous_args = 0
 553              		@ link register save eliminated.
 554 0000 80B4     		push	{r7}
 555              		.cfi_def_cfa_offset 4
 556              		.cfi_offset 7, -4
 557 0002 00AF     		add	r7, sp, #0
 558              		.cfi_def_cfa_register 7
 427:.\Generated_Source\PSoC5/isr.c ****     /* Disable the general interrupt. */
 428:.\Generated_Source\PSoC5/isr.c ****     *isr_INTC_CLR_EN = isr__INTC_MASK;
 559              		.loc 1 428 0
 560 0004 034B     		ldr	r3, .L40
 561 0006 0222     		movs	r2, #2
 562 0008 1A60     		str	r2, [r3]
 429:.\Generated_Source\PSoC5/isr.c **** }
 563              		.loc 1 429 0
 564 000a BD46     		mov	sp, r7
 565              		@ sp needed
 566 000c 5DF8047B 		ldr	r7, [sp], #4
 567 0010 7047     		bx	lr
 568              	.L41:
 569 0012 00BF     		.align	2
 570              	.L40:
 571 0014 80E100E0 		.word	-536813184
 572              		.cfi_endproc
 573              	.LFE66:
 574              		.size	isr_Disable, .-isr_Disable
 575              		.section	.text.isr_SetPending,"ax",%progbits
 576              		.align	2
 577              		.global	isr_SetPending
 578              		.thumb
 579              		.thumb_func
 580              		.type	isr_SetPending, %function
 581              	isr_SetPending:
 582              	.LFB67:
 430:.\Generated_Source\PSoC5/isr.c **** 
 431:.\Generated_Source\PSoC5/isr.c **** 
 432:.\Generated_Source\PSoC5/isr.c **** /*******************************************************************************
 433:.\Generated_Source\PSoC5/isr.c **** * Function Name: isr_SetPending
 434:.\Generated_Source\PSoC5/isr.c **** ********************************************************************************
 435:.\Generated_Source\PSoC5/isr.c **** *
 436:.\Generated_Source\PSoC5/isr.c **** * Summary:
 437:.\Generated_Source\PSoC5/isr.c **** *   Causes the Interrupt to enter the pending state, a software method of
 438:.\Generated_Source\PSoC5/isr.c **** *   generating the interrupt.
 439:.\Generated_Source\PSoC5/isr.c **** *
 440:.\Generated_Source\PSoC5/isr.c **** * Parameters:
 441:.\Generated_Source\PSoC5/isr.c **** *   None
 442:.\Generated_Source\PSoC5/isr.c **** *
ARM GAS  C:\Users\pearlstl\AppData\Local\Temp\ccTE4ox5.s 			page 19


 443:.\Generated_Source\PSoC5/isr.c **** * Return:
 444:.\Generated_Source\PSoC5/isr.c **** *   None
 445:.\Generated_Source\PSoC5/isr.c **** *
 446:.\Generated_Source\PSoC5/isr.c **** * Side Effects:
 447:.\Generated_Source\PSoC5/isr.c **** *   If interrupts are enabled and the interrupt is set up properly, the ISR is
 448:.\Generated_Source\PSoC5/isr.c **** *   entered (depending on the priority of this interrupt and other pending 
 449:.\Generated_Source\PSoC5/isr.c **** *   interrupts).
 450:.\Generated_Source\PSoC5/isr.c **** *
 451:.\Generated_Source\PSoC5/isr.c **** *******************************************************************************/
 452:.\Generated_Source\PSoC5/isr.c **** void isr_SetPending(void)
 453:.\Generated_Source\PSoC5/isr.c **** {
 583              		.loc 1 453 0
 584              		.cfi_startproc
 585              		@ args = 0, pretend = 0, frame = 0
 586              		@ frame_needed = 1, uses_anonymous_args = 0
 587              		@ link register save eliminated.
 588 0000 80B4     		push	{r7}
 589              		.cfi_def_cfa_offset 4
 590              		.cfi_offset 7, -4
 591 0002 00AF     		add	r7, sp, #0
 592              		.cfi_def_cfa_register 7
 454:.\Generated_Source\PSoC5/isr.c ****     *isr_INTC_SET_PD = isr__INTC_MASK;
 593              		.loc 1 454 0
 594 0004 034B     		ldr	r3, .L43
 595 0006 0222     		movs	r2, #2
 596 0008 1A60     		str	r2, [r3]
 455:.\Generated_Source\PSoC5/isr.c **** }
 597              		.loc 1 455 0
 598 000a BD46     		mov	sp, r7
 599              		@ sp needed
 600 000c 5DF8047B 		ldr	r7, [sp], #4
 601 0010 7047     		bx	lr
 602              	.L44:
 603 0012 00BF     		.align	2
 604              	.L43:
 605 0014 00E200E0 		.word	-536813056
 606              		.cfi_endproc
 607              	.LFE67:
 608              		.size	isr_SetPending, .-isr_SetPending
 609              		.section	.text.isr_ClearPending,"ax",%progbits
 610              		.align	2
 611              		.global	isr_ClearPending
 612              		.thumb
 613              		.thumb_func
 614              		.type	isr_ClearPending, %function
 615              	isr_ClearPending:
 616              	.LFB68:
 456:.\Generated_Source\PSoC5/isr.c **** 
 457:.\Generated_Source\PSoC5/isr.c **** 
 458:.\Generated_Source\PSoC5/isr.c **** /*******************************************************************************
 459:.\Generated_Source\PSoC5/isr.c **** * Function Name: isr_ClearPending
 460:.\Generated_Source\PSoC5/isr.c **** ********************************************************************************
 461:.\Generated_Source\PSoC5/isr.c **** *
 462:.\Generated_Source\PSoC5/isr.c **** * Summary:
 463:.\Generated_Source\PSoC5/isr.c **** *   Clears a pending interrupt in the interrupt controller.
 464:.\Generated_Source\PSoC5/isr.c **** *
 465:.\Generated_Source\PSoC5/isr.c **** *   Note Some interrupt sources are clear-on-read and require the block 
ARM GAS  C:\Users\pearlstl\AppData\Local\Temp\ccTE4ox5.s 			page 20


 466:.\Generated_Source\PSoC5/isr.c **** *   interrupt/status register to be read/cleared with the appropriate block API 
 467:.\Generated_Source\PSoC5/isr.c **** *   (GPIO, UART, and so on). Otherwise the ISR will continue to remain in 
 468:.\Generated_Source\PSoC5/isr.c **** *   pending state even though the interrupt itself is cleared using this API.
 469:.\Generated_Source\PSoC5/isr.c **** *
 470:.\Generated_Source\PSoC5/isr.c **** * Parameters:
 471:.\Generated_Source\PSoC5/isr.c **** *   None
 472:.\Generated_Source\PSoC5/isr.c **** *
 473:.\Generated_Source\PSoC5/isr.c **** * Return:
 474:.\Generated_Source\PSoC5/isr.c **** *   None
 475:.\Generated_Source\PSoC5/isr.c **** *
 476:.\Generated_Source\PSoC5/isr.c **** *******************************************************************************/
 477:.\Generated_Source\PSoC5/isr.c **** void isr_ClearPending(void)
 478:.\Generated_Source\PSoC5/isr.c **** {
 617              		.loc 1 478 0
 618              		.cfi_startproc
 619              		@ args = 0, pretend = 0, frame = 0
 620              		@ frame_needed = 1, uses_anonymous_args = 0
 621              		@ link register save eliminated.
 622 0000 80B4     		push	{r7}
 623              		.cfi_def_cfa_offset 4
 624              		.cfi_offset 7, -4
 625 0002 00AF     		add	r7, sp, #0
 626              		.cfi_def_cfa_register 7
 479:.\Generated_Source\PSoC5/isr.c ****     *isr_INTC_CLR_PD = isr__INTC_MASK;
 627              		.loc 1 479 0
 628 0004 034B     		ldr	r3, .L46
 629 0006 0222     		movs	r2, #2
 630 0008 1A60     		str	r2, [r3]
 480:.\Generated_Source\PSoC5/isr.c **** }
 631              		.loc 1 480 0
 632 000a BD46     		mov	sp, r7
 633              		@ sp needed
 634 000c 5DF8047B 		ldr	r7, [sp], #4
 635 0010 7047     		bx	lr
 636              	.L47:
 637 0012 00BF     		.align	2
 638              	.L46:
 639 0014 80E200E0 		.word	-536812928
 640              		.cfi_endproc
 641              	.LFE68:
 642              		.size	isr_ClearPending, .-isr_ClearPending
 643              		.bss
 644              		.align	2
 645              	wave_idx.6723:
 646 0000 00000000 		.space	4
 647              		.text
 648              	.Letext0:
 649              		.file 2 "c:\\program files (x86)\\cypress\\psoc creator\\3.2\\psoc creator\\import\\gnu\\arm\\4.8.
 650              		.file 3 "c:\\program files (x86)\\cypress\\psoc creator\\3.2\\psoc creator\\import\\gnu\\arm\\4.8.
 651              		.file 4 "Generated_Source\\PSoC5/cytypes.h"
 652              		.file 5 "Generated_Source\\PSoC5/core_cm3.h"
 653              		.section	.debug_info,"",%progbits
 654              	.Ldebug_info0:
 655 0000 6B030000 		.4byte	0x36b
 656 0004 0400     		.2byte	0x4
 657 0006 00000000 		.4byte	.Ldebug_abbrev0
 658 000a 04       		.byte	0x4
ARM GAS  C:\Users\pearlstl\AppData\Local\Temp\ccTE4ox5.s 			page 21


 659 000b 01       		.uleb128 0x1
 660 000c 05000000 		.4byte	.LASF46
 661 0010 01       		.byte	0x1
 662 0011 BA000000 		.4byte	.LASF47
 663 0015 06010000 		.4byte	.LASF48
 664 0019 00000000 		.4byte	.Ldebug_ranges0+0
 665 001d 00000000 		.4byte	0
 666 0021 00000000 		.4byte	.Ldebug_line0
 667 0025 02       		.uleb128 0x2
 668 0026 04       		.byte	0x4
 669 0027 05       		.byte	0x5
 670 0028 696E7400 		.ascii	"int\000"
 671 002c 03       		.uleb128 0x3
 672 002d 04       		.byte	0x4
 673 002e 07       		.byte	0x7
 674 002f 1A020000 		.4byte	.LASF0
 675 0033 03       		.uleb128 0x3
 676 0034 01       		.byte	0x1
 677 0035 06       		.byte	0x6
 678 0036 D5020000 		.4byte	.LASF1
 679 003a 03       		.uleb128 0x3
 680 003b 01       		.byte	0x1
 681 003c 08       		.byte	0x8
 682 003d 64010000 		.4byte	.LASF2
 683 0041 04       		.uleb128 0x4
 684 0042 81000000 		.4byte	.LASF5
 685 0046 02       		.byte	0x2
 686 0047 25       		.byte	0x25
 687 0048 4C000000 		.4byte	0x4c
 688 004c 03       		.uleb128 0x3
 689 004d 02       		.byte	0x2
 690 004e 05       		.byte	0x5
 691 004f E5010000 		.4byte	.LASF3
 692 0053 03       		.uleb128 0x3
 693 0054 02       		.byte	0x2
 694 0055 07       		.byte	0x7
 695 0056 A1010000 		.4byte	.LASF4
 696 005a 04       		.uleb128 0x4
 697 005b 8B000000 		.4byte	.LASF6
 698 005f 02       		.byte	0x2
 699 0060 37       		.byte	0x37
 700 0061 65000000 		.4byte	0x65
 701 0065 03       		.uleb128 0x3
 702 0066 04       		.byte	0x4
 703 0067 05       		.byte	0x5
 704 0068 C6020000 		.4byte	.LASF7
 705 006c 03       		.uleb128 0x3
 706 006d 04       		.byte	0x4
 707 006e 07       		.byte	0x7
 708 006f 85010000 		.4byte	.LASF8
 709 0073 03       		.uleb128 0x3
 710 0074 08       		.byte	0x8
 711 0075 05       		.byte	0x5
 712 0076 7C020000 		.4byte	.LASF9
 713 007a 03       		.uleb128 0x3
 714 007b 08       		.byte	0x8
 715 007c 07       		.byte	0x7
ARM GAS  C:\Users\pearlstl\AppData\Local\Temp\ccTE4ox5.s 			page 22


 716 007d 31020000 		.4byte	.LASF10
 717 0081 03       		.uleb128 0x3
 718 0082 04       		.byte	0x4
 719 0083 07       		.byte	0x7
 720 0084 73020000 		.4byte	.LASF11
 721 0088 05       		.uleb128 0x5
 722 0089 04       		.byte	0x4
 723 008a 8E000000 		.4byte	0x8e
 724 008e 06       		.uleb128 0x6
 725 008f 03       		.uleb128 0x3
 726 0090 01       		.byte	0x1
 727 0091 08       		.byte	0x8
 728 0092 8A020000 		.4byte	.LASF12
 729 0096 04       		.uleb128 0x4
 730 0097 55020000 		.4byte	.LASF13
 731 009b 03       		.byte	0x3
 732 009c 35       		.byte	0x35
 733 009d 41000000 		.4byte	0x41
 734 00a1 04       		.uleb128 0x4
 735 00a2 6B020000 		.4byte	.LASF14
 736 00a6 03       		.byte	0x3
 737 00a7 41       		.byte	0x41
 738 00a8 5A000000 		.4byte	0x5a
 739 00ac 04       		.uleb128 0x4
 740 00ad B3020000 		.4byte	.LASF15
 741 00b1 04       		.byte	0x4
 742 00b2 5B       		.byte	0x5b
 743 00b3 3A000000 		.4byte	0x3a
 744 00b7 04       		.uleb128 0x4
 745 00b8 13020000 		.4byte	.LASF16
 746 00bc 04       		.byte	0x4
 747 00bd 5D       		.byte	0x5d
 748 00be 6C000000 		.4byte	0x6c
 749 00c2 03       		.uleb128 0x3
 750 00c3 04       		.byte	0x4
 751 00c4 04       		.byte	0x4
 752 00c5 F2000000 		.4byte	.LASF17
 753 00c9 03       		.uleb128 0x3
 754 00ca 08       		.byte	0x8
 755 00cb 04       		.byte	0x4
 756 00cc DE010000 		.4byte	.LASF18
 757 00d0 04       		.uleb128 0x4
 758 00d1 00000000 		.4byte	.LASF19
 759 00d5 04       		.byte	0x4
 760 00d6 F0       		.byte	0xf0
 761 00d7 DB000000 		.4byte	0xdb
 762 00db 07       		.uleb128 0x7
 763 00dc AC000000 		.4byte	0xac
 764 00e0 04       		.uleb128 0x4
 765 00e1 CF020000 		.4byte	.LASF20
 766 00e5 04       		.byte	0x4
 767 00e6 F2       		.byte	0xf2
 768 00e7 EB000000 		.4byte	0xeb
 769 00eb 07       		.uleb128 0x7
 770 00ec B7000000 		.4byte	0xb7
 771 00f0 08       		.uleb128 0x8
 772 00f1 48020000 		.4byte	.LASF21
ARM GAS  C:\Users\pearlstl\AppData\Local\Temp\ccTE4ox5.s 			page 23


 773 00f5 04       		.byte	0x4
 774 00f6 0201     		.2byte	0x102
 775 00f8 88000000 		.4byte	0x88
 776 00fc 09       		.uleb128 0x9
 777 00fd 97010000 		.4byte	.LASF22
 778 0101 01       		.byte	0x1
 779 0102 45       		.byte	0x45
 780 0103 00000000 		.4byte	.LFB56
 781 0107 20000000 		.4byte	.LFE56-.LFB56
 782 010b 01       		.uleb128 0x1
 783 010c 9C       		.byte	0x9c
 784 010d 0A       		.uleb128 0xa
 785 010e 07020000 		.4byte	.LASF24
 786 0112 01       		.byte	0x1
 787 0113 70       		.byte	0x70
 788 0114 00000000 		.4byte	.LFB57
 789 0118 22000000 		.4byte	.LFE57-.LFB57
 790 011c 01       		.uleb128 0x1
 791 011d 9C       		.byte	0x9c
 792 011e 31010000 		.4byte	0x131
 793 0122 0B       		.uleb128 0xb
 794 0123 7D010000 		.4byte	.LASF34
 795 0127 01       		.byte	0x1
 796 0128 70       		.byte	0x70
 797 0129 F0000000 		.4byte	0xf0
 798 012d 02       		.uleb128 0x2
 799 012e 91       		.byte	0x91
 800 012f 74       		.sleb128 -12
 801 0130 00       		.byte	0
 802 0131 09       		.uleb128 0x9
 803 0132 E9000000 		.4byte	.LASF23
 804 0136 01       		.byte	0x1
 805 0137 8E       		.byte	0x8e
 806 0138 00000000 		.4byte	.LFB58
 807 013c 14000000 		.4byte	.LFE58-.LFB58
 808 0140 01       		.uleb128 0x1
 809 0141 9C       		.byte	0x9c
 810 0142 0A       		.uleb128 0xa
 811 0143 5D020000 		.4byte	.LASF25
 812 0147 01       		.byte	0x1
 813 0148 A8       		.byte	0xa8
 814 0149 00000000 		.4byte	.LFB59
 815 014d 00010000 		.4byte	.LFE59-.LFB59
 816 0151 01       		.uleb128 0x1
 817 0152 9C       		.byte	0x9c
 818 0153 FF010000 		.4byte	0x1ff
 819 0157 0C       		.uleb128 0xc
 820 0158 9E020000 		.4byte	.LASF26
 821 015c 01       		.byte	0x1
 822 015d AF       		.byte	0xaf
 823 015e 25000000 		.4byte	0x25
 824 0162 05       		.uleb128 0x5
 825 0163 03       		.byte	0x3
 826 0164 00000000 		.4byte	wave_idx.6723
 827 0168 0C       		.uleb128 0xc
 828 0169 C0020000 		.4byte	.LASF27
 829 016d 01       		.byte	0x1
ARM GAS  C:\Users\pearlstl\AppData\Local\Temp\ccTE4ox5.s 			page 24


 830 016e B0       		.byte	0xb0
 831 016f FF010000 		.4byte	0x1ff
 832 0173 02       		.uleb128 0x2
 833 0174 91       		.byte	0x91
 834 0175 5C       		.sleb128 -36
 835 0176 0C       		.uleb128 0xc
 836 0177 C5010000 		.4byte	.LASF28
 837 017b 01       		.byte	0x1
 838 017c B1       		.byte	0xb1
 839 017d FF010000 		.4byte	0x1ff
 840 0181 02       		.uleb128 0x2
 841 0182 91       		.byte	0x91
 842 0183 58       		.sleb128 -40
 843 0184 0D       		.uleb128 0xd
 844 0185 5400     		.ascii	"T\000"
 845 0187 01       		.byte	0x1
 846 0188 B2       		.byte	0xb2
 847 0189 25000000 		.4byte	0x25
 848 018d 02       		.uleb128 0x2
 849 018e 91       		.byte	0x91
 850 018f 70       		.sleb128 -16
 851 0190 0E       		.uleb128 0xe
 852 0191 6B00     		.ascii	"k\000"
 853 0193 01       		.byte	0x1
 854 0194 B3       		.byte	0xb3
 855 0195 25000000 		.4byte	0x25
 856 0199 0F       		.uleb128 0xf
 857 019a D8010000 		.4byte	.LASF29
 858 019e 01       		.byte	0x1
 859 019f B4       		.byte	0xb4
 860 01a0 25000000 		.4byte	0x25
 861 01a4 0D       		.uleb128 0xd
 862 01a5 7800     		.ascii	"x\000"
 863 01a7 01       		.byte	0x1
 864 01a8 B5       		.byte	0xb5
 865 01a9 25000000 		.4byte	0x25
 866 01ad 02       		.uleb128 0x2
 867 01ae 91       		.byte	0x91
 868 01af 6C       		.sleb128 -20
 869 01b0 0D       		.uleb128 0xd
 870 01b1 655F00   		.ascii	"e_\000"
 871 01b4 01       		.byte	0x1
 872 01b5 B6       		.byte	0xb6
 873 01b6 25000000 		.4byte	0x25
 874 01ba 02       		.uleb128 0x2
 875 01bb 91       		.byte	0x91
 876 01bc 68       		.sleb128 -24
 877 01bd 0D       		.uleb128 0xd
 878 01be 6900     		.ascii	"i\000"
 879 01c0 01       		.byte	0x1
 880 01c1 B7       		.byte	0xb7
 881 01c2 25000000 		.4byte	0x25
 882 01c6 02       		.uleb128 0x2
 883 01c7 91       		.byte	0x91
 884 01c8 74       		.sleb128 -12
 885 01c9 10       		.uleb128 0x10
 886 01ca 92000000 		.4byte	.LBB2
ARM GAS  C:\Users\pearlstl\AppData\Local\Temp\ccTE4ox5.s 			page 25


 887 01ce 56000000 		.4byte	.LBE2-.LBB2
 888 01d2 0C       		.uleb128 0xc
 889 01d3 F1020000 		.4byte	.LASF30
 890 01d7 01       		.byte	0x1
 891 01d8 E6       		.byte	0xe6
 892 01d9 25000000 		.4byte	0x25
 893 01dd 02       		.uleb128 0x2
 894 01de 91       		.byte	0x91
 895 01df 64       		.sleb128 -28
 896 01e0 0C       		.uleb128 0xc
 897 01e1 27020000 		.4byte	.LASF31
 898 01e5 01       		.byte	0x1
 899 01e6 E7       		.byte	0xe7
 900 01e7 0F020000 		.4byte	0x20f
 901 01eb 03       		.uleb128 0x3
 902 01ec 91       		.byte	0x91
 903 01ed B87F     		.sleb128 -72
 904 01ef 0C       		.uleb128 0xc
 905 01f0 B9020000 		.4byte	.LASF32
 906 01f4 01       		.byte	0x1
 907 01f5 E8       		.byte	0xe8
 908 01f6 25000000 		.4byte	0x25
 909 01fa 02       		.uleb128 0x2
 910 01fb 91       		.byte	0x91
 911 01fc 60       		.sleb128 -32
 912 01fd 00       		.byte	0
 913 01fe 00       		.byte	0
 914 01ff 11       		.uleb128 0x11
 915 0200 25000000 		.4byte	0x25
 916 0204 0F020000 		.4byte	0x20f
 917 0208 12       		.uleb128 0x12
 918 0209 81000000 		.4byte	0x81
 919 020d 00       		.byte	0
 920 020e 00       		.byte	0
 921 020f 11       		.uleb128 0x11
 922 0210 8F000000 		.4byte	0x8f
 923 0214 1F020000 		.4byte	0x21f
 924 0218 12       		.uleb128 0x12
 925 0219 81000000 		.4byte	0x81
 926 021d 1F       		.byte	0x1f
 927 021e 00       		.byte	0
 928 021f 13       		.uleb128 0x13
 929 0220 F8000000 		.4byte	.LASF33
 930 0224 01       		.byte	0x1
 931 0225 1401     		.2byte	0x114
 932 0227 00000000 		.4byte	.LFB60
 933 022b 24000000 		.4byte	.LFE60-.LFB60
 934 022f 01       		.uleb128 0x1
 935 0230 9C       		.byte	0x9c
 936 0231 54020000 		.4byte	0x254
 937 0235 14       		.uleb128 0x14
 938 0236 7D010000 		.4byte	.LASF34
 939 023a 01       		.byte	0x1
 940 023b 1401     		.2byte	0x114
 941 023d F0000000 		.4byte	0xf0
 942 0241 02       		.uleb128 0x2
 943 0242 91       		.byte	0x91
ARM GAS  C:\Users\pearlstl\AppData\Local\Temp\ccTE4ox5.s 			page 26


 944 0243 6C       		.sleb128 -20
 945 0244 15       		.uleb128 0x15
 946 0245 8F020000 		.4byte	.LASF35
 947 0249 01       		.byte	0x1
 948 024a 1601     		.2byte	0x116
 949 024c 54020000 		.4byte	0x254
 950 0250 02       		.uleb128 0x2
 951 0251 91       		.byte	0x91
 952 0252 74       		.sleb128 -12
 953 0253 00       		.byte	0
 954 0254 05       		.uleb128 0x5
 955 0255 04       		.byte	0x4
 956 0256 F0000000 		.4byte	0xf0
 957 025a 16       		.uleb128 0x16
 958 025b 95000000 		.4byte	.LASF38
 959 025f 01       		.byte	0x1
 960 0260 2C01     		.2byte	0x12c
 961 0262 F0000000 		.4byte	0xf0
 962 0266 00000000 		.4byte	.LFB61
 963 026a 20000000 		.4byte	.LFE61-.LFB61
 964 026e 01       		.uleb128 0x1
 965 026f 9C       		.byte	0x9c
 966 0270 84020000 		.4byte	0x284
 967 0274 15       		.uleb128 0x15
 968 0275 8F020000 		.4byte	.LASF35
 969 0279 01       		.byte	0x1
 970 027a 2E01     		.2byte	0x12e
 971 027c 54020000 		.4byte	0x254
 972 0280 02       		.uleb128 0x2
 973 0281 91       		.byte	0x91
 974 0282 74       		.sleb128 -12
 975 0283 00       		.byte	0
 976 0284 13       		.uleb128 0x13
 977 0285 D9000000 		.4byte	.LASF36
 978 0289 01       		.byte	0x1
 979 028a 4E01     		.2byte	0x14e
 980 028c 00000000 		.4byte	.LFB62
 981 0290 24000000 		.4byte	.LFE62-.LFB62
 982 0294 01       		.uleb128 0x1
 983 0295 9C       		.byte	0x9c
 984 0296 AA020000 		.4byte	0x2aa
 985 029a 14       		.uleb128 0x14
 986 029b EF010000 		.4byte	.LASF37
 987 029f 01       		.byte	0x1
 988 02a0 4E01     		.2byte	0x14e
 989 02a2 AC000000 		.4byte	0xac
 990 02a6 02       		.uleb128 0x2
 991 02a7 91       		.byte	0x91
 992 02a8 77       		.sleb128 -9
 993 02a9 00       		.byte	0
 994 02aa 16       		.uleb128 0x16
 995 02ab E1020000 		.4byte	.LASF39
 996 02af 01       		.byte	0x1
 997 02b0 6401     		.2byte	0x164
 998 02b2 AC000000 		.4byte	0xac
 999 02b6 00000000 		.4byte	.LFB63
 1000 02ba 24000000 		.4byte	.LFE63-.LFB63
ARM GAS  C:\Users\pearlstl\AppData\Local\Temp\ccTE4ox5.s 			page 27


 1001 02be 01       		.uleb128 0x1
 1002 02bf 9C       		.byte	0x9c
 1003 02c0 D4020000 		.4byte	0x2d4
 1004 02c4 15       		.uleb128 0x15
 1005 02c5 EF010000 		.4byte	.LASF37
 1006 02c9 01       		.byte	0x1
 1007 02ca 6601     		.2byte	0x166
 1008 02cc AC000000 		.4byte	0xac
 1009 02d0 02       		.uleb128 0x2
 1010 02d1 91       		.byte	0x91
 1011 02d2 77       		.sleb128 -9
 1012 02d3 00       		.byte	0
 1013 02d4 17       		.uleb128 0x17
 1014 02d5 72010000 		.4byte	.LASF40
 1015 02d9 01       		.byte	0x1
 1016 02da 7F01     		.2byte	0x17f
 1017 02dc 00000000 		.4byte	.LFB64
 1018 02e0 18000000 		.4byte	.LFE64-.LFB64
 1019 02e4 01       		.uleb128 0x1
 1020 02e5 9C       		.byte	0x9c
 1021 02e6 18       		.uleb128 0x18
 1022 02e7 A3000000 		.4byte	.LASF49
 1023 02eb 01       		.byte	0x1
 1024 02ec 9401     		.2byte	0x194
 1025 02ee AC000000 		.4byte	0xac
 1026 02f2 00000000 		.4byte	.LFB65
 1027 02f6 24000000 		.4byte	.LFE65-.LFB65
 1028 02fa 01       		.uleb128 0x1
 1029 02fb 9C       		.byte	0x9c
 1030 02fc 17       		.uleb128 0x17
 1031 02fd A7020000 		.4byte	.LASF41
 1032 0301 01       		.byte	0x1
 1033 0302 A901     		.2byte	0x1a9
 1034 0304 00000000 		.4byte	.LFB66
 1035 0308 18000000 		.4byte	.LFE66-.LFB66
 1036 030c 01       		.uleb128 0x1
 1037 030d 9C       		.byte	0x9c
 1038 030e 17       		.uleb128 0x17
 1039 030f F8010000 		.4byte	.LASF42
 1040 0313 01       		.byte	0x1
 1041 0314 C401     		.2byte	0x1c4
 1042 0316 00000000 		.4byte	.LFB67
 1043 031a 18000000 		.4byte	.LFE67-.LFB67
 1044 031e 01       		.uleb128 0x1
 1045 031f 9C       		.byte	0x9c
 1046 0320 17       		.uleb128 0x17
 1047 0321 B4010000 		.4byte	.LASF43
 1048 0325 01       		.byte	0x1
 1049 0326 DD01     		.2byte	0x1dd
 1050 0328 00000000 		.4byte	.LFB68
 1051 032c 18000000 		.4byte	.LFE68-.LFB68
 1052 0330 01       		.uleb128 0x1
 1053 0331 9C       		.byte	0x9c
 1054 0332 19       		.uleb128 0x19
 1055 0333 CB010000 		.4byte	.LASF44
 1056 0337 05       		.byte	0x5
 1057 0338 1606     		.2byte	0x616
ARM GAS  C:\Users\pearlstl\AppData\Local\Temp\ccTE4ox5.s 			page 28


 1058 033a 3E030000 		.4byte	0x33e
 1059 033e 07       		.uleb128 0x7
 1060 033f A1000000 		.4byte	0xa1
 1061 0343 11       		.uleb128 0x11
 1062 0344 96000000 		.4byte	0x96
 1063 0348 54030000 		.4byte	0x354
 1064 034c 1A       		.uleb128 0x1a
 1065 034d 81000000 		.4byte	0x81
 1066 0351 1F4E     		.2byte	0x4e1f
 1067 0353 00       		.byte	0
 1068 0354 1B       		.uleb128 0x1b
 1069 0355 B0000000 		.4byte	.LASF45
 1070 0359 01       		.byte	0x1
 1071 035a 24       		.byte	0x24
 1072 035b 43030000 		.4byte	0x343
 1073 035f 05       		.uleb128 0x5
 1074 0360 03       		.byte	0x3
 1075 0361 00000000 		.4byte	cap_array
 1076 0365 1C       		.uleb128 0x1c
 1077 0366 6E00     		.ascii	"n\000"
 1078 0368 01       		.byte	0x1
 1079 0369 25       		.byte	0x25
 1080 036a 25000000 		.4byte	0x25
 1081 036e 00       		.byte	0
 1082              		.section	.debug_abbrev,"",%progbits
 1083              	.Ldebug_abbrev0:
 1084 0000 01       		.uleb128 0x1
 1085 0001 11       		.uleb128 0x11
 1086 0002 01       		.byte	0x1
 1087 0003 25       		.uleb128 0x25
 1088 0004 0E       		.uleb128 0xe
 1089 0005 13       		.uleb128 0x13
 1090 0006 0B       		.uleb128 0xb
 1091 0007 03       		.uleb128 0x3
 1092 0008 0E       		.uleb128 0xe
 1093 0009 1B       		.uleb128 0x1b
 1094 000a 0E       		.uleb128 0xe
 1095 000b 55       		.uleb128 0x55
 1096 000c 17       		.uleb128 0x17
 1097 000d 11       		.uleb128 0x11
 1098 000e 01       		.uleb128 0x1
 1099 000f 10       		.uleb128 0x10
 1100 0010 17       		.uleb128 0x17
 1101 0011 00       		.byte	0
 1102 0012 00       		.byte	0
 1103 0013 02       		.uleb128 0x2
 1104 0014 24       		.uleb128 0x24
 1105 0015 00       		.byte	0
 1106 0016 0B       		.uleb128 0xb
 1107 0017 0B       		.uleb128 0xb
 1108 0018 3E       		.uleb128 0x3e
 1109 0019 0B       		.uleb128 0xb
 1110 001a 03       		.uleb128 0x3
 1111 001b 08       		.uleb128 0x8
 1112 001c 00       		.byte	0
 1113 001d 00       		.byte	0
 1114 001e 03       		.uleb128 0x3
ARM GAS  C:\Users\pearlstl\AppData\Local\Temp\ccTE4ox5.s 			page 29


 1115 001f 24       		.uleb128 0x24
 1116 0020 00       		.byte	0
 1117 0021 0B       		.uleb128 0xb
 1118 0022 0B       		.uleb128 0xb
 1119 0023 3E       		.uleb128 0x3e
 1120 0024 0B       		.uleb128 0xb
 1121 0025 03       		.uleb128 0x3
 1122 0026 0E       		.uleb128 0xe
 1123 0027 00       		.byte	0
 1124 0028 00       		.byte	0
 1125 0029 04       		.uleb128 0x4
 1126 002a 16       		.uleb128 0x16
 1127 002b 00       		.byte	0
 1128 002c 03       		.uleb128 0x3
 1129 002d 0E       		.uleb128 0xe
 1130 002e 3A       		.uleb128 0x3a
 1131 002f 0B       		.uleb128 0xb
 1132 0030 3B       		.uleb128 0x3b
 1133 0031 0B       		.uleb128 0xb
 1134 0032 49       		.uleb128 0x49
 1135 0033 13       		.uleb128 0x13
 1136 0034 00       		.byte	0
 1137 0035 00       		.byte	0
 1138 0036 05       		.uleb128 0x5
 1139 0037 0F       		.uleb128 0xf
 1140 0038 00       		.byte	0
 1141 0039 0B       		.uleb128 0xb
 1142 003a 0B       		.uleb128 0xb
 1143 003b 49       		.uleb128 0x49
 1144 003c 13       		.uleb128 0x13
 1145 003d 00       		.byte	0
 1146 003e 00       		.byte	0
 1147 003f 06       		.uleb128 0x6
 1148 0040 15       		.uleb128 0x15
 1149 0041 00       		.byte	0
 1150 0042 27       		.uleb128 0x27
 1151 0043 19       		.uleb128 0x19
 1152 0044 00       		.byte	0
 1153 0045 00       		.byte	0
 1154 0046 07       		.uleb128 0x7
 1155 0047 35       		.uleb128 0x35
 1156 0048 00       		.byte	0
 1157 0049 49       		.uleb128 0x49
 1158 004a 13       		.uleb128 0x13
 1159 004b 00       		.byte	0
 1160 004c 00       		.byte	0
 1161 004d 08       		.uleb128 0x8
 1162 004e 16       		.uleb128 0x16
 1163 004f 00       		.byte	0
 1164 0050 03       		.uleb128 0x3
 1165 0051 0E       		.uleb128 0xe
 1166 0052 3A       		.uleb128 0x3a
 1167 0053 0B       		.uleb128 0xb
 1168 0054 3B       		.uleb128 0x3b
 1169 0055 05       		.uleb128 0x5
 1170 0056 49       		.uleb128 0x49
 1171 0057 13       		.uleb128 0x13
ARM GAS  C:\Users\pearlstl\AppData\Local\Temp\ccTE4ox5.s 			page 30


 1172 0058 00       		.byte	0
 1173 0059 00       		.byte	0
 1174 005a 09       		.uleb128 0x9
 1175 005b 2E       		.uleb128 0x2e
 1176 005c 00       		.byte	0
 1177 005d 3F       		.uleb128 0x3f
 1178 005e 19       		.uleb128 0x19
 1179 005f 03       		.uleb128 0x3
 1180 0060 0E       		.uleb128 0xe
 1181 0061 3A       		.uleb128 0x3a
 1182 0062 0B       		.uleb128 0xb
 1183 0063 3B       		.uleb128 0x3b
 1184 0064 0B       		.uleb128 0xb
 1185 0065 27       		.uleb128 0x27
 1186 0066 19       		.uleb128 0x19
 1187 0067 11       		.uleb128 0x11
 1188 0068 01       		.uleb128 0x1
 1189 0069 12       		.uleb128 0x12
 1190 006a 06       		.uleb128 0x6
 1191 006b 40       		.uleb128 0x40
 1192 006c 18       		.uleb128 0x18
 1193 006d 9642     		.uleb128 0x2116
 1194 006f 19       		.uleb128 0x19
 1195 0070 00       		.byte	0
 1196 0071 00       		.byte	0
 1197 0072 0A       		.uleb128 0xa
 1198 0073 2E       		.uleb128 0x2e
 1199 0074 01       		.byte	0x1
 1200 0075 3F       		.uleb128 0x3f
 1201 0076 19       		.uleb128 0x19
 1202 0077 03       		.uleb128 0x3
 1203 0078 0E       		.uleb128 0xe
 1204 0079 3A       		.uleb128 0x3a
 1205 007a 0B       		.uleb128 0xb
 1206 007b 3B       		.uleb128 0x3b
 1207 007c 0B       		.uleb128 0xb
 1208 007d 27       		.uleb128 0x27
 1209 007e 19       		.uleb128 0x19
 1210 007f 11       		.uleb128 0x11
 1211 0080 01       		.uleb128 0x1
 1212 0081 12       		.uleb128 0x12
 1213 0082 06       		.uleb128 0x6
 1214 0083 40       		.uleb128 0x40
 1215 0084 18       		.uleb128 0x18
 1216 0085 9642     		.uleb128 0x2116
 1217 0087 19       		.uleb128 0x19
 1218 0088 01       		.uleb128 0x1
 1219 0089 13       		.uleb128 0x13
 1220 008a 00       		.byte	0
 1221 008b 00       		.byte	0
 1222 008c 0B       		.uleb128 0xb
 1223 008d 05       		.uleb128 0x5
 1224 008e 00       		.byte	0
 1225 008f 03       		.uleb128 0x3
 1226 0090 0E       		.uleb128 0xe
 1227 0091 3A       		.uleb128 0x3a
 1228 0092 0B       		.uleb128 0xb
ARM GAS  C:\Users\pearlstl\AppData\Local\Temp\ccTE4ox5.s 			page 31


 1229 0093 3B       		.uleb128 0x3b
 1230 0094 0B       		.uleb128 0xb
 1231 0095 49       		.uleb128 0x49
 1232 0096 13       		.uleb128 0x13
 1233 0097 02       		.uleb128 0x2
 1234 0098 18       		.uleb128 0x18
 1235 0099 00       		.byte	0
 1236 009a 00       		.byte	0
 1237 009b 0C       		.uleb128 0xc
 1238 009c 34       		.uleb128 0x34
 1239 009d 00       		.byte	0
 1240 009e 03       		.uleb128 0x3
 1241 009f 0E       		.uleb128 0xe
 1242 00a0 3A       		.uleb128 0x3a
 1243 00a1 0B       		.uleb128 0xb
 1244 00a2 3B       		.uleb128 0x3b
 1245 00a3 0B       		.uleb128 0xb
 1246 00a4 49       		.uleb128 0x49
 1247 00a5 13       		.uleb128 0x13
 1248 00a6 02       		.uleb128 0x2
 1249 00a7 18       		.uleb128 0x18
 1250 00a8 00       		.byte	0
 1251 00a9 00       		.byte	0
 1252 00aa 0D       		.uleb128 0xd
 1253 00ab 34       		.uleb128 0x34
 1254 00ac 00       		.byte	0
 1255 00ad 03       		.uleb128 0x3
 1256 00ae 08       		.uleb128 0x8
 1257 00af 3A       		.uleb128 0x3a
 1258 00b0 0B       		.uleb128 0xb
 1259 00b1 3B       		.uleb128 0x3b
 1260 00b2 0B       		.uleb128 0xb
 1261 00b3 49       		.uleb128 0x49
 1262 00b4 13       		.uleb128 0x13
 1263 00b5 02       		.uleb128 0x2
 1264 00b6 18       		.uleb128 0x18
 1265 00b7 00       		.byte	0
 1266 00b8 00       		.byte	0
 1267 00b9 0E       		.uleb128 0xe
 1268 00ba 34       		.uleb128 0x34
 1269 00bb 00       		.byte	0
 1270 00bc 03       		.uleb128 0x3
 1271 00bd 08       		.uleb128 0x8
 1272 00be 3A       		.uleb128 0x3a
 1273 00bf 0B       		.uleb128 0xb
 1274 00c0 3B       		.uleb128 0x3b
 1275 00c1 0B       		.uleb128 0xb
 1276 00c2 49       		.uleb128 0x49
 1277 00c3 13       		.uleb128 0x13
 1278 00c4 00       		.byte	0
 1279 00c5 00       		.byte	0
 1280 00c6 0F       		.uleb128 0xf
 1281 00c7 34       		.uleb128 0x34
 1282 00c8 00       		.byte	0
 1283 00c9 03       		.uleb128 0x3
 1284 00ca 0E       		.uleb128 0xe
 1285 00cb 3A       		.uleb128 0x3a
ARM GAS  C:\Users\pearlstl\AppData\Local\Temp\ccTE4ox5.s 			page 32


 1286 00cc 0B       		.uleb128 0xb
 1287 00cd 3B       		.uleb128 0x3b
 1288 00ce 0B       		.uleb128 0xb
 1289 00cf 49       		.uleb128 0x49
 1290 00d0 13       		.uleb128 0x13
 1291 00d1 00       		.byte	0
 1292 00d2 00       		.byte	0
 1293 00d3 10       		.uleb128 0x10
 1294 00d4 0B       		.uleb128 0xb
 1295 00d5 01       		.byte	0x1
 1296 00d6 11       		.uleb128 0x11
 1297 00d7 01       		.uleb128 0x1
 1298 00d8 12       		.uleb128 0x12
 1299 00d9 06       		.uleb128 0x6
 1300 00da 00       		.byte	0
 1301 00db 00       		.byte	0
 1302 00dc 11       		.uleb128 0x11
 1303 00dd 01       		.uleb128 0x1
 1304 00de 01       		.byte	0x1
 1305 00df 49       		.uleb128 0x49
 1306 00e0 13       		.uleb128 0x13
 1307 00e1 01       		.uleb128 0x1
 1308 00e2 13       		.uleb128 0x13
 1309 00e3 00       		.byte	0
 1310 00e4 00       		.byte	0
 1311 00e5 12       		.uleb128 0x12
 1312 00e6 21       		.uleb128 0x21
 1313 00e7 00       		.byte	0
 1314 00e8 49       		.uleb128 0x49
 1315 00e9 13       		.uleb128 0x13
 1316 00ea 2F       		.uleb128 0x2f
 1317 00eb 0B       		.uleb128 0xb
 1318 00ec 00       		.byte	0
 1319 00ed 00       		.byte	0
 1320 00ee 13       		.uleb128 0x13
 1321 00ef 2E       		.uleb128 0x2e
 1322 00f0 01       		.byte	0x1
 1323 00f1 3F       		.uleb128 0x3f
 1324 00f2 19       		.uleb128 0x19
 1325 00f3 03       		.uleb128 0x3
 1326 00f4 0E       		.uleb128 0xe
 1327 00f5 3A       		.uleb128 0x3a
 1328 00f6 0B       		.uleb128 0xb
 1329 00f7 3B       		.uleb128 0x3b
 1330 00f8 05       		.uleb128 0x5
 1331 00f9 27       		.uleb128 0x27
 1332 00fa 19       		.uleb128 0x19
 1333 00fb 11       		.uleb128 0x11
 1334 00fc 01       		.uleb128 0x1
 1335 00fd 12       		.uleb128 0x12
 1336 00fe 06       		.uleb128 0x6
 1337 00ff 40       		.uleb128 0x40
 1338 0100 18       		.uleb128 0x18
 1339 0101 9742     		.uleb128 0x2117
 1340 0103 19       		.uleb128 0x19
 1341 0104 01       		.uleb128 0x1
 1342 0105 13       		.uleb128 0x13
ARM GAS  C:\Users\pearlstl\AppData\Local\Temp\ccTE4ox5.s 			page 33


 1343 0106 00       		.byte	0
 1344 0107 00       		.byte	0
 1345 0108 14       		.uleb128 0x14
 1346 0109 05       		.uleb128 0x5
 1347 010a 00       		.byte	0
 1348 010b 03       		.uleb128 0x3
 1349 010c 0E       		.uleb128 0xe
 1350 010d 3A       		.uleb128 0x3a
 1351 010e 0B       		.uleb128 0xb
 1352 010f 3B       		.uleb128 0x3b
 1353 0110 05       		.uleb128 0x5
 1354 0111 49       		.uleb128 0x49
 1355 0112 13       		.uleb128 0x13
 1356 0113 02       		.uleb128 0x2
 1357 0114 18       		.uleb128 0x18
 1358 0115 00       		.byte	0
 1359 0116 00       		.byte	0
 1360 0117 15       		.uleb128 0x15
 1361 0118 34       		.uleb128 0x34
 1362 0119 00       		.byte	0
 1363 011a 03       		.uleb128 0x3
 1364 011b 0E       		.uleb128 0xe
 1365 011c 3A       		.uleb128 0x3a
 1366 011d 0B       		.uleb128 0xb
 1367 011e 3B       		.uleb128 0x3b
 1368 011f 05       		.uleb128 0x5
 1369 0120 49       		.uleb128 0x49
 1370 0121 13       		.uleb128 0x13
 1371 0122 02       		.uleb128 0x2
 1372 0123 18       		.uleb128 0x18
 1373 0124 00       		.byte	0
 1374 0125 00       		.byte	0
 1375 0126 16       		.uleb128 0x16
 1376 0127 2E       		.uleb128 0x2e
 1377 0128 01       		.byte	0x1
 1378 0129 3F       		.uleb128 0x3f
 1379 012a 19       		.uleb128 0x19
 1380 012b 03       		.uleb128 0x3
 1381 012c 0E       		.uleb128 0xe
 1382 012d 3A       		.uleb128 0x3a
 1383 012e 0B       		.uleb128 0xb
 1384 012f 3B       		.uleb128 0x3b
 1385 0130 05       		.uleb128 0x5
 1386 0131 27       		.uleb128 0x27
 1387 0132 19       		.uleb128 0x19
 1388 0133 49       		.uleb128 0x49
 1389 0134 13       		.uleb128 0x13
 1390 0135 11       		.uleb128 0x11
 1391 0136 01       		.uleb128 0x1
 1392 0137 12       		.uleb128 0x12
 1393 0138 06       		.uleb128 0x6
 1394 0139 40       		.uleb128 0x40
 1395 013a 18       		.uleb128 0x18
 1396 013b 9742     		.uleb128 0x2117
 1397 013d 19       		.uleb128 0x19
 1398 013e 01       		.uleb128 0x1
 1399 013f 13       		.uleb128 0x13
ARM GAS  C:\Users\pearlstl\AppData\Local\Temp\ccTE4ox5.s 			page 34


 1400 0140 00       		.byte	0
 1401 0141 00       		.byte	0
 1402 0142 17       		.uleb128 0x17
 1403 0143 2E       		.uleb128 0x2e
 1404 0144 00       		.byte	0
 1405 0145 3F       		.uleb128 0x3f
 1406 0146 19       		.uleb128 0x19
 1407 0147 03       		.uleb128 0x3
 1408 0148 0E       		.uleb128 0xe
 1409 0149 3A       		.uleb128 0x3a
 1410 014a 0B       		.uleb128 0xb
 1411 014b 3B       		.uleb128 0x3b
 1412 014c 05       		.uleb128 0x5
 1413 014d 27       		.uleb128 0x27
 1414 014e 19       		.uleb128 0x19
 1415 014f 11       		.uleb128 0x11
 1416 0150 01       		.uleb128 0x1
 1417 0151 12       		.uleb128 0x12
 1418 0152 06       		.uleb128 0x6
 1419 0153 40       		.uleb128 0x40
 1420 0154 18       		.uleb128 0x18
 1421 0155 9742     		.uleb128 0x2117
 1422 0157 19       		.uleb128 0x19
 1423 0158 00       		.byte	0
 1424 0159 00       		.byte	0
 1425 015a 18       		.uleb128 0x18
 1426 015b 2E       		.uleb128 0x2e
 1427 015c 00       		.byte	0
 1428 015d 3F       		.uleb128 0x3f
 1429 015e 19       		.uleb128 0x19
 1430 015f 03       		.uleb128 0x3
 1431 0160 0E       		.uleb128 0xe
 1432 0161 3A       		.uleb128 0x3a
 1433 0162 0B       		.uleb128 0xb
 1434 0163 3B       		.uleb128 0x3b
 1435 0164 05       		.uleb128 0x5
 1436 0165 27       		.uleb128 0x27
 1437 0166 19       		.uleb128 0x19
 1438 0167 49       		.uleb128 0x49
 1439 0168 13       		.uleb128 0x13
 1440 0169 11       		.uleb128 0x11
 1441 016a 01       		.uleb128 0x1
 1442 016b 12       		.uleb128 0x12
 1443 016c 06       		.uleb128 0x6
 1444 016d 40       		.uleb128 0x40
 1445 016e 18       		.uleb128 0x18
 1446 016f 9742     		.uleb128 0x2117
 1447 0171 19       		.uleb128 0x19
 1448 0172 00       		.byte	0
 1449 0173 00       		.byte	0
 1450 0174 19       		.uleb128 0x19
 1451 0175 34       		.uleb128 0x34
 1452 0176 00       		.byte	0
 1453 0177 03       		.uleb128 0x3
 1454 0178 0E       		.uleb128 0xe
 1455 0179 3A       		.uleb128 0x3a
 1456 017a 0B       		.uleb128 0xb
ARM GAS  C:\Users\pearlstl\AppData\Local\Temp\ccTE4ox5.s 			page 35


 1457 017b 3B       		.uleb128 0x3b
 1458 017c 05       		.uleb128 0x5
 1459 017d 49       		.uleb128 0x49
 1460 017e 13       		.uleb128 0x13
 1461 017f 3F       		.uleb128 0x3f
 1462 0180 19       		.uleb128 0x19
 1463 0181 3C       		.uleb128 0x3c
 1464 0182 19       		.uleb128 0x19
 1465 0183 00       		.byte	0
 1466 0184 00       		.byte	0
 1467 0185 1A       		.uleb128 0x1a
 1468 0186 21       		.uleb128 0x21
 1469 0187 00       		.byte	0
 1470 0188 49       		.uleb128 0x49
 1471 0189 13       		.uleb128 0x13
 1472 018a 2F       		.uleb128 0x2f
 1473 018b 05       		.uleb128 0x5
 1474 018c 00       		.byte	0
 1475 018d 00       		.byte	0
 1476 018e 1B       		.uleb128 0x1b
 1477 018f 34       		.uleb128 0x34
 1478 0190 00       		.byte	0
 1479 0191 03       		.uleb128 0x3
 1480 0192 0E       		.uleb128 0xe
 1481 0193 3A       		.uleb128 0x3a
 1482 0194 0B       		.uleb128 0xb
 1483 0195 3B       		.uleb128 0x3b
 1484 0196 0B       		.uleb128 0xb
 1485 0197 49       		.uleb128 0x49
 1486 0198 13       		.uleb128 0x13
 1487 0199 3F       		.uleb128 0x3f
 1488 019a 19       		.uleb128 0x19
 1489 019b 02       		.uleb128 0x2
 1490 019c 18       		.uleb128 0x18
 1491 019d 00       		.byte	0
 1492 019e 00       		.byte	0
 1493 019f 1C       		.uleb128 0x1c
 1494 01a0 34       		.uleb128 0x34
 1495 01a1 00       		.byte	0
 1496 01a2 03       		.uleb128 0x3
 1497 01a3 08       		.uleb128 0x8
 1498 01a4 3A       		.uleb128 0x3a
 1499 01a5 0B       		.uleb128 0xb
 1500 01a6 3B       		.uleb128 0x3b
 1501 01a7 0B       		.uleb128 0xb
 1502 01a8 49       		.uleb128 0x49
 1503 01a9 13       		.uleb128 0x13
 1504 01aa 3F       		.uleb128 0x3f
 1505 01ab 19       		.uleb128 0x19
 1506 01ac 3C       		.uleb128 0x3c
 1507 01ad 19       		.uleb128 0x19
 1508 01ae 00       		.byte	0
 1509 01af 00       		.byte	0
 1510 01b0 00       		.byte	0
 1511              		.section	.debug_aranges,"",%progbits
 1512 0000 7C000000 		.4byte	0x7c
 1513 0004 0200     		.2byte	0x2
ARM GAS  C:\Users\pearlstl\AppData\Local\Temp\ccTE4ox5.s 			page 36


 1514 0006 00000000 		.4byte	.Ldebug_info0
 1515 000a 04       		.byte	0x4
 1516 000b 00       		.byte	0
 1517 000c 0000     		.2byte	0
 1518 000e 0000     		.2byte	0
 1519 0010 00000000 		.4byte	.LFB56
 1520 0014 20000000 		.4byte	.LFE56-.LFB56
 1521 0018 00000000 		.4byte	.LFB57
 1522 001c 22000000 		.4byte	.LFE57-.LFB57
 1523 0020 00000000 		.4byte	.LFB58
 1524 0024 14000000 		.4byte	.LFE58-.LFB58
 1525 0028 00000000 		.4byte	.LFB59
 1526 002c 00010000 		.4byte	.LFE59-.LFB59
 1527 0030 00000000 		.4byte	.LFB60
 1528 0034 24000000 		.4byte	.LFE60-.LFB60
 1529 0038 00000000 		.4byte	.LFB61
 1530 003c 20000000 		.4byte	.LFE61-.LFB61
 1531 0040 00000000 		.4byte	.LFB62
 1532 0044 24000000 		.4byte	.LFE62-.LFB62
 1533 0048 00000000 		.4byte	.LFB63
 1534 004c 24000000 		.4byte	.LFE63-.LFB63
 1535 0050 00000000 		.4byte	.LFB64
 1536 0054 18000000 		.4byte	.LFE64-.LFB64
 1537 0058 00000000 		.4byte	.LFB65
 1538 005c 24000000 		.4byte	.LFE65-.LFB65
 1539 0060 00000000 		.4byte	.LFB66
 1540 0064 18000000 		.4byte	.LFE66-.LFB66
 1541 0068 00000000 		.4byte	.LFB67
 1542 006c 18000000 		.4byte	.LFE67-.LFB67
 1543 0070 00000000 		.4byte	.LFB68
 1544 0074 18000000 		.4byte	.LFE68-.LFB68
 1545 0078 00000000 		.4byte	0
 1546 007c 00000000 		.4byte	0
 1547              		.section	.debug_ranges,"",%progbits
 1548              	.Ldebug_ranges0:
 1549 0000 00000000 		.4byte	.LFB56
 1550 0004 20000000 		.4byte	.LFE56
 1551 0008 00000000 		.4byte	.LFB57
 1552 000c 22000000 		.4byte	.LFE57
 1553 0010 00000000 		.4byte	.LFB58
 1554 0014 14000000 		.4byte	.LFE58
 1555 0018 00000000 		.4byte	.LFB59
 1556 001c 00010000 		.4byte	.LFE59
 1557 0020 00000000 		.4byte	.LFB60
 1558 0024 24000000 		.4byte	.LFE60
 1559 0028 00000000 		.4byte	.LFB61
 1560 002c 20000000 		.4byte	.LFE61
 1561 0030 00000000 		.4byte	.LFB62
 1562 0034 24000000 		.4byte	.LFE62
 1563 0038 00000000 		.4byte	.LFB63
 1564 003c 24000000 		.4byte	.LFE63
 1565 0040 00000000 		.4byte	.LFB64
 1566 0044 18000000 		.4byte	.LFE64
 1567 0048 00000000 		.4byte	.LFB65
 1568 004c 24000000 		.4byte	.LFE65
 1569 0050 00000000 		.4byte	.LFB66
 1570 0054 18000000 		.4byte	.LFE66
ARM GAS  C:\Users\pearlstl\AppData\Local\Temp\ccTE4ox5.s 			page 37


 1571 0058 00000000 		.4byte	.LFB67
 1572 005c 18000000 		.4byte	.LFE67
 1573 0060 00000000 		.4byte	.LFB68
 1574 0064 18000000 		.4byte	.LFE68
 1575 0068 00000000 		.4byte	0
 1576 006c 00000000 		.4byte	0
 1577              		.section	.debug_line,"",%progbits
 1578              	.Ldebug_line0:
 1579 0000 9D020000 		.section	.debug_str,"MS",%progbits,1
 1579      02005F01 
 1579      00000201 
 1579      FB0E0D00 
 1579      01010101 
 1580              	.LASF19:
 1581 0000 72656738 		.ascii	"reg8\000"
 1581      00
 1582              	.LASF46:
 1583 0005 474E5520 		.ascii	"GNU C 4.8.4 20140526 (release) [ARM/embedded-4_8-br"
 1583      4320342E 
 1583      382E3420 
 1583      32303134 
 1583      30353236 
 1584 0038 616E6368 		.ascii	"anch revision 211358] -mcpu=cortex-m3 -mthumb -g -O"
 1584      20726576 
 1584      6973696F 
 1584      6E203231 
 1584      31333538 
 1585 006b 30202D66 		.ascii	"0 -ffunction-sections\000"
 1585      66756E63 
 1585      74696F6E 
 1585      2D736563 
 1585      74696F6E 
 1586              	.LASF5:
 1587 0081 5F5F696E 		.ascii	"__int16_t\000"
 1587      7431365F 
 1587      7400
 1588              	.LASF6:
 1589 008b 5F5F696E 		.ascii	"__int32_t\000"
 1589      7433325F 
 1589      7400
 1590              	.LASF38:
 1591 0095 6973725F 		.ascii	"isr_GetVector\000"
 1591      47657456 
 1591      6563746F 
 1591      7200
 1592              	.LASF49:
 1593 00a3 6973725F 		.ascii	"isr_GetState\000"
 1593      47657453 
 1593      74617465 
 1593      00
 1594              	.LASF45:
 1595 00b0 6361705F 		.ascii	"cap_array\000"
 1595      61727261 
 1595      7900
 1596              	.LASF47:
 1597 00ba 2E5C4765 		.ascii	".\\Generated_Source\\PSoC5\\isr.c\000"
 1597      6E657261 
ARM GAS  C:\Users\pearlstl\AppData\Local\Temp\ccTE4ox5.s 			page 38


 1597      7465645F 
 1597      536F7572 
 1597      63655C50 
 1598              	.LASF36:
 1599 00d9 6973725F 		.ascii	"isr_SetPriority\000"
 1599      53657450 
 1599      72696F72 
 1599      69747900 
 1600              	.LASF23:
 1601 00e9 6973725F 		.ascii	"isr_Stop\000"
 1601      53746F70 
 1601      00
 1602              	.LASF17:
 1603 00f2 666C6F61 		.ascii	"float\000"
 1603      7400
 1604              	.LASF33:
 1605 00f8 6973725F 		.ascii	"isr_SetVector\000"
 1605      53657456 
 1605      6563746F 
 1605      7200
 1606              	.LASF48:
 1607 0106 433A5C55 		.ascii	"C:\\Users\\pearlstl\\Documents\\MUSE-Research\\proj"
 1607      73657273 
 1607      5C706561 
 1607      726C7374 
 1607      6C5C446F 
 1608 0134 5F616E63 		.ascii	"_anc\\system\\WaveGenerator1\\WaveGenerator1.cydsn\000"
 1608      5C737973 
 1608      74656D5C 
 1608      57617665 
 1608      47656E65 
 1609              	.LASF2:
 1610 0164 756E7369 		.ascii	"unsigned char\000"
 1610      676E6564 
 1610      20636861 
 1610      7200
 1611              	.LASF40:
 1612 0172 6973725F 		.ascii	"isr_Enable\000"
 1612      456E6162 
 1612      6C6500
 1613              	.LASF34:
 1614 017d 61646472 		.ascii	"address\000"
 1614      65737300 
 1615              	.LASF8:
 1616 0185 6C6F6E67 		.ascii	"long unsigned int\000"
 1616      20756E73 
 1616      69676E65 
 1616      6420696E 
 1616      7400
 1617              	.LASF22:
 1618 0197 6973725F 		.ascii	"isr_Start\000"
 1618      53746172 
 1618      7400
 1619              	.LASF4:
 1620 01a1 73686F72 		.ascii	"short unsigned int\000"
 1620      7420756E 
 1620      7369676E 
ARM GAS  C:\Users\pearlstl\AppData\Local\Temp\ccTE4ox5.s 			page 39


 1620      65642069 
 1620      6E7400
 1621              	.LASF43:
 1622 01b4 6973725F 		.ascii	"isr_ClearPending\000"
 1622      436C6561 
 1622      7250656E 
 1622      64696E67 
 1622      00
 1623              	.LASF28:
 1624 01c5 616D706C 		.ascii	"ampls\000"
 1624      7300
 1625              	.LASF44:
 1626 01cb 49544D5F 		.ascii	"ITM_RxBuffer\000"
 1626      52784275 
 1626      66666572 
 1626      00
 1627              	.LASF29:
 1628 01d8 76616C75 		.ascii	"value\000"
 1628      6500
 1629              	.LASF18:
 1630 01de 646F7562 		.ascii	"double\000"
 1630      6C6500
 1631              	.LASF3:
 1632 01e5 73686F72 		.ascii	"short int\000"
 1632      7420696E 
 1632      7400
 1633              	.LASF37:
 1634 01ef 7072696F 		.ascii	"priority\000"
 1634      72697479 
 1634      00
 1635              	.LASF42:
 1636 01f8 6973725F 		.ascii	"isr_SetPending\000"
 1636      53657450 
 1636      656E6469 
 1636      6E6700
 1637              	.LASF24:
 1638 0207 6973725F 		.ascii	"isr_StartEx\000"
 1638      53746172 
 1638      74457800 
 1639              	.LASF16:
 1640 0213 75696E74 		.ascii	"uint32\000"
 1640      333200
 1641              	.LASF0:
 1642 021a 756E7369 		.ascii	"unsigned int\000"
 1642      676E6564 
 1642      20696E74 
 1642      00
 1643              	.LASF31:
 1644 0227 6D795F73 		.ascii	"my_string\000"
 1644      7472696E 
 1644      6700
 1645              	.LASF10:
 1646 0231 6C6F6E67 		.ascii	"long long unsigned int\000"
 1646      206C6F6E 
 1646      6720756E 
 1646      7369676E 
 1646      65642069 
ARM GAS  C:\Users\pearlstl\AppData\Local\Temp\ccTE4ox5.s 			page 40


 1647              	.LASF21:
 1648 0248 63796973 		.ascii	"cyisraddress\000"
 1648      72616464 
 1648      72657373 
 1648      00
 1649              	.LASF13:
 1650 0255 696E7431 		.ascii	"int16_t\000"
 1650      365F7400 
 1651              	.LASF25:
 1652 025d 6973725F 		.ascii	"isr_Interrupt\000"
 1652      496E7465 
 1652      72727570 
 1652      7400
 1653              	.LASF14:
 1654 026b 696E7433 		.ascii	"int32_t\000"
 1654      325F7400 
 1655              	.LASF11:
 1656 0273 73697A65 		.ascii	"sizetype\000"
 1656      74797065 
 1656      00
 1657              	.LASF9:
 1658 027c 6C6F6E67 		.ascii	"long long int\000"
 1658      206C6F6E 
 1658      6720696E 
 1658      7400
 1659              	.LASF12:
 1660 028a 63686172 		.ascii	"char\000"
 1660      00
 1661              	.LASF35:
 1662 028f 72616D56 		.ascii	"ramVectorTable\000"
 1662      6563746F 
 1662      72546162 
 1662      6C6500
 1663              	.LASF26:
 1664 029e 77617665 		.ascii	"wave_idx\000"
 1664      5F696478 
 1664      00
 1665              	.LASF41:
 1666 02a7 6973725F 		.ascii	"isr_Disable\000"
 1666      44697361 
 1666      626C6500 
 1667              	.LASF15:
 1668 02b3 75696E74 		.ascii	"uint8\000"
 1668      3800
 1669              	.LASF32:
 1670 02b9 6C656E67 		.ascii	"length\000"
 1670      746800
 1671              	.LASF27:
 1672 02c0 66726571 		.ascii	"freqs\000"
 1672      7300
 1673              	.LASF7:
 1674 02c6 6C6F6E67 		.ascii	"long int\000"
 1674      20696E74 
 1674      00
 1675              	.LASF20:
 1676 02cf 72656733 		.ascii	"reg32\000"
 1676      3200
ARM GAS  C:\Users\pearlstl\AppData\Local\Temp\ccTE4ox5.s 			page 41


 1677              	.LASF1:
 1678 02d5 7369676E 		.ascii	"signed char\000"
 1678      65642063 
 1678      68617200 
 1679              	.LASF39:
 1680 02e1 6973725F 		.ascii	"isr_GetPriority\000"
 1680      47657450 
 1680      72696F72 
 1680      69747900 
 1681              	.LASF30:
 1682 02f1 7468655F 		.ascii	"the_val\000"
 1682      76616C00 
 1683              		.ident	"GCC: (GNU Tools for ARM Embedded Processors) 4.8.4 20140526 (release) [ARM/embedded-4_8-br
