ARM GAS  C:\Users\shubhamt\AppData\Local\Temp\ccCXY3Xa.s 			page 1


   1              		.syntax unified
   2              		.cpu cortex-m3
   3              		.fpu softvfp
   4              		.eabi_attribute 20, 1
   5              		.eabi_attribute 21, 1
   6              		.eabi_attribute 23, 3
   7              		.eabi_attribute 24, 1
   8              		.eabi_attribute 25, 1
   9              		.eabi_attribute 26, 1
  10              		.eabi_attribute 30, 6
  11              		.eabi_attribute 34, 1
  12              		.eabi_attribute 18, 4
  13              		.thumb
  14              		.file	"isr.c"
  15              		.text
  16              	.Ltext0:
  17              		.cfi_sections	.debug_frame
  18              		.section	.text.isr_Start,"ax",%progbits
  19              		.align	2
  20              		.global	isr_Start
  21              		.thumb
  22              		.thumb_func
  23              		.type	isr_Start, %function
  24              	isr_Start:
  25              	.LFB56:
  26              		.file 1 ".\\Generated_Source\\PSoC5\\isr.c"
   1:.\Generated_Source\PSoC5/isr.c **** /*******************************************************************************
   2:.\Generated_Source\PSoC5/isr.c **** * File Name: isr.c  
   3:.\Generated_Source\PSoC5/isr.c **** * Version 1.70
   4:.\Generated_Source\PSoC5/isr.c **** *
   5:.\Generated_Source\PSoC5/isr.c **** *  Description:
   6:.\Generated_Source\PSoC5/isr.c **** *   API for controlling the state of an interrupt.
   7:.\Generated_Source\PSoC5/isr.c **** *
   8:.\Generated_Source\PSoC5/isr.c **** *
   9:.\Generated_Source\PSoC5/isr.c **** *  Note:
  10:.\Generated_Source\PSoC5/isr.c **** *
  11:.\Generated_Source\PSoC5/isr.c **** ********************************************************************************
  12:.\Generated_Source\PSoC5/isr.c **** * Copyright 2008-2015, Cypress Semiconductor Corporation.  All rights reserved.
  13:.\Generated_Source\PSoC5/isr.c **** * You may use this file only in accordance with the license, terms, conditions, 
  14:.\Generated_Source\PSoC5/isr.c **** * disclaimers, and limitations in the end user license agreement accompanying 
  15:.\Generated_Source\PSoC5/isr.c **** * the software package with which this file was provided.
  16:.\Generated_Source\PSoC5/isr.c **** *******************************************************************************/
  17:.\Generated_Source\PSoC5/isr.c **** 
  18:.\Generated_Source\PSoC5/isr.c **** 
  19:.\Generated_Source\PSoC5/isr.c **** #include <cydevice_trm.h>
  20:.\Generated_Source\PSoC5/isr.c **** #include <CyLib.h>
  21:.\Generated_Source\PSoC5/isr.c **** #include <isr.h>
  22:.\Generated_Source\PSoC5/isr.c **** 
  23:.\Generated_Source\PSoC5/isr.c **** #if !defined(isr__REMOVED) /* Check for removal by optimization */
  24:.\Generated_Source\PSoC5/isr.c **** 
  25:.\Generated_Source\PSoC5/isr.c **** /*******************************************************************************
  26:.\Generated_Source\PSoC5/isr.c **** *  Place your includes, defines and code here 
  27:.\Generated_Source\PSoC5/isr.c **** ********************************************************************************/
  28:.\Generated_Source\PSoC5/isr.c **** /* `#START isr_intc` */
  29:.\Generated_Source\PSoC5/isr.c **** #include <project.h>
  30:.\Generated_Source\PSoC5/isr.c **** #include "canceller.h"
  31:.\Generated_Source\PSoC5/isr.c **** #include "ANC.h"
ARM GAS  C:\Users\shubhamt\AppData\Local\Temp\ccCXY3Xa.s 			page 2


  32:.\Generated_Source\PSoC5/isr.c **** #include <stdlib.h>
  33:.\Generated_Source\PSoC5/isr.c **** extern int16_t *cap_array;
  34:.\Generated_Source\PSoC5/isr.c **** extern int n;
  35:.\Generated_Source\PSoC5/isr.c **** extern int wave_table[WAVESIZE];
  36:.\Generated_Source\PSoC5/isr.c **** /* `#END` */
  37:.\Generated_Source\PSoC5/isr.c **** 
  38:.\Generated_Source\PSoC5/isr.c **** #ifndef CYINT_IRQ_BASE
  39:.\Generated_Source\PSoC5/isr.c **** #define CYINT_IRQ_BASE      16
  40:.\Generated_Source\PSoC5/isr.c **** #endif /* CYINT_IRQ_BASE */
  41:.\Generated_Source\PSoC5/isr.c **** #ifndef CYINT_VECT_TABLE
  42:.\Generated_Source\PSoC5/isr.c **** #define CYINT_VECT_TABLE    ((cyisraddress **) CYREG_NVIC_VECT_OFFSET)
  43:.\Generated_Source\PSoC5/isr.c **** #endif /* CYINT_VECT_TABLE */
  44:.\Generated_Source\PSoC5/isr.c **** 
  45:.\Generated_Source\PSoC5/isr.c **** /* Declared in startup, used to set unused interrupts to. */
  46:.\Generated_Source\PSoC5/isr.c **** CY_ISR_PROTO(IntDefaultHandler);
  47:.\Generated_Source\PSoC5/isr.c **** 
  48:.\Generated_Source\PSoC5/isr.c **** 
  49:.\Generated_Source\PSoC5/isr.c **** /*******************************************************************************
  50:.\Generated_Source\PSoC5/isr.c **** * Function Name: isr_Start
  51:.\Generated_Source\PSoC5/isr.c **** ********************************************************************************
  52:.\Generated_Source\PSoC5/isr.c **** *
  53:.\Generated_Source\PSoC5/isr.c **** * Summary:
  54:.\Generated_Source\PSoC5/isr.c **** *  Set up the interrupt and enable it. This function disables the interrupt, 
  55:.\Generated_Source\PSoC5/isr.c **** *  sets the default interrupt vector, sets the priority from the value in the
  56:.\Generated_Source\PSoC5/isr.c **** *  Design Wide Resources Interrupt Editor, then enables the interrupt to the 
  57:.\Generated_Source\PSoC5/isr.c **** *  interrupt controller.
  58:.\Generated_Source\PSoC5/isr.c **** *
  59:.\Generated_Source\PSoC5/isr.c **** * Parameters:  
  60:.\Generated_Source\PSoC5/isr.c **** *   None
  61:.\Generated_Source\PSoC5/isr.c **** *
  62:.\Generated_Source\PSoC5/isr.c **** * Return:
  63:.\Generated_Source\PSoC5/isr.c **** *   None
  64:.\Generated_Source\PSoC5/isr.c **** *
  65:.\Generated_Source\PSoC5/isr.c **** *******************************************************************************/
  66:.\Generated_Source\PSoC5/isr.c **** void isr_Start(void)
  67:.\Generated_Source\PSoC5/isr.c **** {
  27              		.loc 1 67 0
  28              		.cfi_startproc
  29              		@ args = 0, pretend = 0, frame = 0
  30              		@ frame_needed = 1, uses_anonymous_args = 0
  31 0000 80B5     		push	{r7, lr}
  32              		.cfi_def_cfa_offset 8
  33              		.cfi_offset 7, -8
  34              		.cfi_offset 14, -4
  35 0002 00AF     		add	r7, sp, #0
  36              		.cfi_def_cfa_register 7
  68:.\Generated_Source\PSoC5/isr.c ****     /* For all we know the interrupt is active. */
  69:.\Generated_Source\PSoC5/isr.c ****     isr_Disable();
  37              		.loc 1 69 0
  38 0004 FFF7FEFF 		bl	isr_Disable
  70:.\Generated_Source\PSoC5/isr.c **** 
  71:.\Generated_Source\PSoC5/isr.c ****     /* Set the ISR to point to the isr Interrupt. */
  72:.\Generated_Source\PSoC5/isr.c ****     isr_SetVector(&isr_Interrupt);
  39              		.loc 1 72 0
  40 0008 0448     		ldr	r0, .L2
  41 000a FFF7FEFF 		bl	isr_SetVector
  73:.\Generated_Source\PSoC5/isr.c **** 
ARM GAS  C:\Users\shubhamt\AppData\Local\Temp\ccCXY3Xa.s 			page 3


  74:.\Generated_Source\PSoC5/isr.c ****     /* Set the priority. */
  75:.\Generated_Source\PSoC5/isr.c ****     isr_SetPriority((uint8)isr_INTC_PRIOR_NUMBER);
  42              		.loc 1 75 0
  43 000e 0720     		movs	r0, #7
  44 0010 FFF7FEFF 		bl	isr_SetPriority
  76:.\Generated_Source\PSoC5/isr.c **** 
  77:.\Generated_Source\PSoC5/isr.c ****     /* Enable it. */
  78:.\Generated_Source\PSoC5/isr.c ****     isr_Enable();
  45              		.loc 1 78 0
  46 0014 FFF7FEFF 		bl	isr_Enable
  79:.\Generated_Source\PSoC5/isr.c **** }
  47              		.loc 1 79 0
  48 0018 80BD     		pop	{r7, pc}
  49              	.L3:
  50 001a 00BF     		.align	2
  51              	.L2:
  52 001c 00000000 		.word	isr_Interrupt
  53              		.cfi_endproc
  54              	.LFE56:
  55              		.size	isr_Start, .-isr_Start
  56              		.section	.text.isr_StartEx,"ax",%progbits
  57              		.align	2
  58              		.global	isr_StartEx
  59              		.thumb
  60              		.thumb_func
  61              		.type	isr_StartEx, %function
  62              	isr_StartEx:
  63              	.LFB57:
  80:.\Generated_Source\PSoC5/isr.c **** 
  81:.\Generated_Source\PSoC5/isr.c **** 
  82:.\Generated_Source\PSoC5/isr.c **** /*******************************************************************************
  83:.\Generated_Source\PSoC5/isr.c **** * Function Name: isr_StartEx
  84:.\Generated_Source\PSoC5/isr.c **** ********************************************************************************
  85:.\Generated_Source\PSoC5/isr.c **** *
  86:.\Generated_Source\PSoC5/isr.c **** * Summary:
  87:.\Generated_Source\PSoC5/isr.c **** *  Sets up the interrupt and enables it. This function disables the interrupt,
  88:.\Generated_Source\PSoC5/isr.c **** *  sets the interrupt vector based on the address passed in, sets the priority 
  89:.\Generated_Source\PSoC5/isr.c **** *  from the value in the Design Wide Resources Interrupt Editor, then enables 
  90:.\Generated_Source\PSoC5/isr.c **** *  the interrupt to the interrupt controller.
  91:.\Generated_Source\PSoC5/isr.c **** *  
  92:.\Generated_Source\PSoC5/isr.c **** *  When defining ISR functions, the CY_ISR and CY_ISR_PROTO macros should be 
  93:.\Generated_Source\PSoC5/isr.c **** *  used to provide consistent definition across compilers:
  94:.\Generated_Source\PSoC5/isr.c **** *  
  95:.\Generated_Source\PSoC5/isr.c **** *  Function definition example:
  96:.\Generated_Source\PSoC5/isr.c **** *   CY_ISR(MyISR)
  97:.\Generated_Source\PSoC5/isr.c **** *   {
  98:.\Generated_Source\PSoC5/isr.c **** *   }
  99:.\Generated_Source\PSoC5/isr.c **** *   Function prototype example:
 100:.\Generated_Source\PSoC5/isr.c **** *   CY_ISR_PROTO(MyISR);
 101:.\Generated_Source\PSoC5/isr.c **** *
 102:.\Generated_Source\PSoC5/isr.c **** * Parameters:  
 103:.\Generated_Source\PSoC5/isr.c **** *   address: Address of the ISR to set in the interrupt vector table.
 104:.\Generated_Source\PSoC5/isr.c **** *
 105:.\Generated_Source\PSoC5/isr.c **** * Return:
 106:.\Generated_Source\PSoC5/isr.c **** *   None
 107:.\Generated_Source\PSoC5/isr.c **** *
 108:.\Generated_Source\PSoC5/isr.c **** *******************************************************************************/
ARM GAS  C:\Users\shubhamt\AppData\Local\Temp\ccCXY3Xa.s 			page 4


 109:.\Generated_Source\PSoC5/isr.c **** void isr_StartEx(cyisraddress address)
 110:.\Generated_Source\PSoC5/isr.c **** {
  64              		.loc 1 110 0
  65              		.cfi_startproc
  66              		@ args = 0, pretend = 0, frame = 8
  67              		@ frame_needed = 1, uses_anonymous_args = 0
  68 0000 80B5     		push	{r7, lr}
  69              		.cfi_def_cfa_offset 8
  70              		.cfi_offset 7, -8
  71              		.cfi_offset 14, -4
  72 0002 82B0     		sub	sp, sp, #8
  73              		.cfi_def_cfa_offset 16
  74 0004 00AF     		add	r7, sp, #0
  75              		.cfi_def_cfa_register 7
  76 0006 7860     		str	r0, [r7, #4]
 111:.\Generated_Source\PSoC5/isr.c ****     /* For all we know the interrupt is active. */
 112:.\Generated_Source\PSoC5/isr.c ****     isr_Disable();
  77              		.loc 1 112 0
  78 0008 FFF7FEFF 		bl	isr_Disable
 113:.\Generated_Source\PSoC5/isr.c **** 
 114:.\Generated_Source\PSoC5/isr.c ****     /* Set the ISR to point to the isr Interrupt. */
 115:.\Generated_Source\PSoC5/isr.c ****     isr_SetVector(address);
  79              		.loc 1 115 0
  80 000c 7868     		ldr	r0, [r7, #4]
  81 000e FFF7FEFF 		bl	isr_SetVector
 116:.\Generated_Source\PSoC5/isr.c **** 
 117:.\Generated_Source\PSoC5/isr.c ****     /* Set the priority. */
 118:.\Generated_Source\PSoC5/isr.c ****     isr_SetPriority((uint8)isr_INTC_PRIOR_NUMBER);
  82              		.loc 1 118 0
  83 0012 0720     		movs	r0, #7
  84 0014 FFF7FEFF 		bl	isr_SetPriority
 119:.\Generated_Source\PSoC5/isr.c **** 
 120:.\Generated_Source\PSoC5/isr.c ****     /* Enable it. */
 121:.\Generated_Source\PSoC5/isr.c ****     isr_Enable();
  85              		.loc 1 121 0
  86 0018 FFF7FEFF 		bl	isr_Enable
 122:.\Generated_Source\PSoC5/isr.c **** }
  87              		.loc 1 122 0
  88 001c 0837     		adds	r7, r7, #8
  89 001e BD46     		mov	sp, r7
  90              		@ sp needed
  91 0020 80BD     		pop	{r7, pc}
  92              		.cfi_endproc
  93              	.LFE57:
  94              		.size	isr_StartEx, .-isr_StartEx
  95 0022 00BF     		.section	.text.isr_Stop,"ax",%progbits
  96              		.align	2
  97              		.global	isr_Stop
  98              		.thumb
  99              		.thumb_func
 100              		.type	isr_Stop, %function
 101              	isr_Stop:
 102              	.LFB58:
 123:.\Generated_Source\PSoC5/isr.c **** 
 124:.\Generated_Source\PSoC5/isr.c **** 
 125:.\Generated_Source\PSoC5/isr.c **** /*******************************************************************************
 126:.\Generated_Source\PSoC5/isr.c **** * Function Name: isr_Stop
ARM GAS  C:\Users\shubhamt\AppData\Local\Temp\ccCXY3Xa.s 			page 5


 127:.\Generated_Source\PSoC5/isr.c **** ********************************************************************************
 128:.\Generated_Source\PSoC5/isr.c **** *
 129:.\Generated_Source\PSoC5/isr.c **** * Summary:
 130:.\Generated_Source\PSoC5/isr.c **** *   Disables and removes the interrupt.
 131:.\Generated_Source\PSoC5/isr.c **** *
 132:.\Generated_Source\PSoC5/isr.c **** * Parameters:  
 133:.\Generated_Source\PSoC5/isr.c **** *   None
 134:.\Generated_Source\PSoC5/isr.c **** *
 135:.\Generated_Source\PSoC5/isr.c **** * Return:
 136:.\Generated_Source\PSoC5/isr.c **** *   None
 137:.\Generated_Source\PSoC5/isr.c **** *
 138:.\Generated_Source\PSoC5/isr.c **** *******************************************************************************/
 139:.\Generated_Source\PSoC5/isr.c **** void isr_Stop(void)
 140:.\Generated_Source\PSoC5/isr.c **** {
 103              		.loc 1 140 0
 104              		.cfi_startproc
 105              		@ args = 0, pretend = 0, frame = 0
 106              		@ frame_needed = 1, uses_anonymous_args = 0
 107 0000 80B5     		push	{r7, lr}
 108              		.cfi_def_cfa_offset 8
 109              		.cfi_offset 7, -8
 110              		.cfi_offset 14, -4
 111 0002 00AF     		add	r7, sp, #0
 112              		.cfi_def_cfa_register 7
 141:.\Generated_Source\PSoC5/isr.c ****     /* Disable this interrupt. */
 142:.\Generated_Source\PSoC5/isr.c ****     isr_Disable();
 113              		.loc 1 142 0
 114 0004 FFF7FEFF 		bl	isr_Disable
 143:.\Generated_Source\PSoC5/isr.c **** 
 144:.\Generated_Source\PSoC5/isr.c ****     /* Set the ISR to point to the passive one. */
 145:.\Generated_Source\PSoC5/isr.c ****     isr_SetVector(&IntDefaultHandler);
 115              		.loc 1 145 0
 116 0008 0148     		ldr	r0, .L6
 117 000a FFF7FEFF 		bl	isr_SetVector
 146:.\Generated_Source\PSoC5/isr.c **** }
 118              		.loc 1 146 0
 119 000e 80BD     		pop	{r7, pc}
 120              	.L7:
 121              		.align	2
 122              	.L6:
 123 0010 00000000 		.word	IntDefaultHandler
 124              		.cfi_endproc
 125              	.LFE58:
 126              		.size	isr_Stop, .-isr_Stop
 127              		.section	.text.isr_Interrupt,"ax",%progbits
 128              		.align	2
 129              		.global	isr_Interrupt
 130              		.thumb
 131              		.thumb_func
 132              		.type	isr_Interrupt, %function
 133              	isr_Interrupt:
 134              	.LFB59:
 147:.\Generated_Source\PSoC5/isr.c **** 
 148:.\Generated_Source\PSoC5/isr.c **** 
 149:.\Generated_Source\PSoC5/isr.c **** /*******************************************************************************
 150:.\Generated_Source\PSoC5/isr.c **** * Function Name: isr_Interrupt
 151:.\Generated_Source\PSoC5/isr.c **** ********************************************************************************
ARM GAS  C:\Users\shubhamt\AppData\Local\Temp\ccCXY3Xa.s 			page 6


 152:.\Generated_Source\PSoC5/isr.c **** *
 153:.\Generated_Source\PSoC5/isr.c **** * Summary:
 154:.\Generated_Source\PSoC5/isr.c **** *   The default Interrupt Service Routine for isr.
 155:.\Generated_Source\PSoC5/isr.c **** *
 156:.\Generated_Source\PSoC5/isr.c **** *   Add custom code between the coments to keep the next version of this file
 157:.\Generated_Source\PSoC5/isr.c **** *   from over writting your code.
 158:.\Generated_Source\PSoC5/isr.c **** *
 159:.\Generated_Source\PSoC5/isr.c **** * Parameters:  
 160:.\Generated_Source\PSoC5/isr.c **** *
 161:.\Generated_Source\PSoC5/isr.c **** * Return:
 162:.\Generated_Source\PSoC5/isr.c **** *   None
 163:.\Generated_Source\PSoC5/isr.c **** *
 164:.\Generated_Source\PSoC5/isr.c **** *******************************************************************************/
 165:.\Generated_Source\PSoC5/isr.c **** CY_ISR(isr_Interrupt)
 166:.\Generated_Source\PSoC5/isr.c **** {
 135              		.loc 1 166 0
 136              		.cfi_startproc
 137              		@ args = 0, pretend = 0, frame = 24
 138              		@ frame_needed = 1, uses_anonymous_args = 0
 139 0000 80B5     		push	{r7, lr}
 140              		.cfi_def_cfa_offset 8
 141              		.cfi_offset 7, -8
 142              		.cfi_offset 14, -4
 143 0002 86B0     		sub	sp, sp, #24
 144              		.cfi_def_cfa_offset 32
 145 0004 00AF     		add	r7, sp, #0
 146              		.cfi_def_cfa_register 7
 167:.\Generated_Source\PSoC5/isr.c ****     /*  Place your Interrupt code here. */
 168:.\Generated_Source\PSoC5/isr.c ****     /* `#START isr_Interrupt` */
 169:.\Generated_Source\PSoC5/isr.c ****     
 170:.\Generated_Source\PSoC5/isr.c ****     #define NUM_TONES (1)                 // number of tones to be generated
 171:.\Generated_Source\PSoC5/isr.c ****                            // Discrete time index
 172:.\Generated_Source\PSoC5/isr.c ****     static int wave_idx=0;
 173:.\Generated_Source\PSoC5/isr.c ****     int freqs[] = { 256 };                // Array of tone frequencies, in Hz
 147              		.loc 1 173 0
 148 0006 4FF48073 		mov	r3, #256
 149 000a BB60     		str	r3, [r7, #8]
 174:.\Generated_Source\PSoC5/isr.c ****     int ampls[] = { 16000 };              // Array of tone amplitudes, C1.0.15, roughly 0.5 for now
 150              		.loc 1 174 0
 151 000c 4FF47A53 		mov	r3, #16000
 152 0010 7B60     		str	r3, [r7, #4]
 175:.\Generated_Source\PSoC5/isr.c ****     int T       = (1<<20)/20000;          // Samping period, in 1/2^20) seconds //16*1024 (would be
 153              		.loc 1 175 0
 154 0012 3423     		movs	r3, #52
 155 0014 7B61     		str	r3, [r7, #20]
 176:.\Generated_Source\PSoC5/isr.c ****     int k;
 177:.\Generated_Source\PSoC5/isr.c ****     int value;
 178:.\Generated_Source\PSoC5/isr.c ****     int x=0;
 156              		.loc 1 178 0
 157 0016 0023     		movs	r3, #0
 158 0018 3B61     		str	r3, [r7, #16]
 179:.\Generated_Source\PSoC5/isr.c ****     int e_;
 180:.\Generated_Source\PSoC5/isr.c ****     int i;
 181:.\Generated_Source\PSoC5/isr.c ****    
 182:.\Generated_Source\PSoC5/isr.c ****  
 183:.\Generated_Source\PSoC5/isr.c ****     Pin_6_Write(n);
 159              		.loc 1 183 0
ARM GAS  C:\Users\shubhamt\AppData\Local\Temp\ccCXY3Xa.s 			page 7


 160 001a 234B     		ldr	r3, .L11
 161 001c 1B68     		ldr	r3, [r3]
 162 001e DBB2     		uxtb	r3, r3
 163 0020 1846     		mov	r0, r3
 164 0022 FFF7FEFF 		bl	Pin_6_Write
 184:.\Generated_Source\PSoC5/isr.c **** //  for (k = 0 ; k<NUM_TONES ; ++k)
 185:.\Generated_Source\PSoC5/isr.c **** //  {
 186:.\Generated_Source\PSoC5/isr.c **** //      value = n*T*freqs[k]/(1<<5);
 187:.\Generated_Source\PSoC5/isr.c **** //      value=value&0x7fff;
 188:.\Generated_Source\PSoC5/isr.c **** //      value=(value*ampls[k])>>15;
 189:.\Generated_Source\PSoC5/isr.c **** //      x+=value;                         //15 bit unsigned number
 190:.\Generated_Source\PSoC5/isr.c **** //  }
 191:.\Generated_Source\PSoC5/isr.c **** //            
 192:.\Generated_Source\PSoC5/isr.c **** //              
 193:.\Generated_Source\PSoC5/isr.c **** //  x = (x>>4);                           //now a 8bit 2's comp value
 194:.\Generated_Source\PSoC5/isr.c **** //  x+=128;                               //Offset binary. VDAC wants this
 195:.\Generated_Source\PSoC5/isr.c ****      
 196:.\Generated_Source\PSoC5/isr.c **** //    x = wave_table[wave_idx];
 197:.\Generated_Source\PSoC5/isr.c **** //    x=(x)>>5;                             // rounds to an 8 bit number
 198:.\Generated_Source\PSoC5/isr.c **** //    x=x+128;                              // converts from 2's comp to offset binary
 199:.\Generated_Source\PSoC5/isr.c **** //      
 200:.\Generated_Source\PSoC5/isr.c ****     x = rand();   
 165              		.loc 1 200 0
 166 0026 FFF7FEFF 		bl	rand
 167 002a 3861     		str	r0, [r7, #16]
 201:.\Generated_Source\PSoC5/isr.c ****     //fixed point -1 to 1                   double(x)/2^31(2 billion)
 202:.\Generated_Source\PSoC5/isr.c ****     VDAC8_2_ls_SetValue(x);
 168              		.loc 1 202 0
 169 002c 3B69     		ldr	r3, [r7, #16]
 170 002e DBB2     		uxtb	r3, r3
 171 0030 1846     		mov	r0, r3
 172 0032 FFF7FEFF 		bl	VDAC8_2_ls_SetValue
 203:.\Generated_Source\PSoC5/isr.c ****     
 204:.\Generated_Source\PSoC5/isr.c ****     e_ =  ADC_SAR_GetResult16();          //Set's value to the ADC output (16bit 2's comp value)
 173              		.loc 1 204 0
 174 0036 FFF7FEFF 		bl	ADC_SAR_GetResult16
 175 003a 0346     		mov	r3, r0
 176 003c FB60     		str	r3, [r7, #12]
 205:.\Generated_Source\PSoC5/isr.c ****         
 206:.\Generated_Source\PSoC5/isr.c ****        
 207:.\Generated_Source\PSoC5/isr.c ****     //canceller code goes here
 208:.\Generated_Source\PSoC5/isr.c ****     canceller_new_sample (x);
 177              		.loc 1 208 0
 178 003e 3869     		ldr	r0, [r7, #16]
 179 0040 FFF7FEFF 		bl	canceller_new_sample
 209:.\Generated_Source\PSoC5/isr.c ****     canceller_coeff_update (e_);
 180              		.loc 1 209 0
 181 0044 F868     		ldr	r0, [r7, #12]
 182 0046 FFF7FEFF 		bl	canceller_coeff_update
 210:.\Generated_Source\PSoC5/isr.c ****     //end canceller code  
 211:.\Generated_Source\PSoC5/isr.c ****         
 212:.\Generated_Source\PSoC5/isr.c ****     VDAC8_1_hs_SetValue(x);              
 183              		.loc 1 212 0
 184 004a 3B69     		ldr	r3, [r7, #16]
 185 004c DBB2     		uxtb	r3, r3
 186 004e 1846     		mov	r0, r3
 187 0050 FFF7FEFF 		bl	VDAC8_1_hs_SetValue
ARM GAS  C:\Users\shubhamt\AppData\Local\Temp\ccCXY3Xa.s 			page 8


 213:.\Generated_Source\PSoC5/isr.c ****        
 214:.\Generated_Source\PSoC5/isr.c ****     ++wave_idx;
 188              		.loc 1 214 0
 189 0054 154B     		ldr	r3, .L11+4
 190 0056 1B68     		ldr	r3, [r3]
 191 0058 5A1C     		adds	r2, r3, #1
 192 005a 144B     		ldr	r3, .L11+4
 193 005c 1A60     		str	r2, [r3]
 215:.\Generated_Source\PSoC5/isr.c ****         
 216:.\Generated_Source\PSoC5/isr.c ****     if (wave_idx == WAVESIZE)
 194              		.loc 1 216 0
 195 005e 134B     		ldr	r3, .L11+4
 196 0060 1B68     		ldr	r3, [r3]
 197 0062 142B     		cmp	r3, #20
 198 0064 02D1     		bne	.L9
 217:.\Generated_Source\PSoC5/isr.c ****     {
 218:.\Generated_Source\PSoC5/isr.c ****         wave_idx=0;
 199              		.loc 1 218 0
 200 0066 114B     		ldr	r3, .L11+4
 201 0068 0022     		movs	r2, #0
 202 006a 1A60     		str	r2, [r3]
 203              	.L9:
 219:.\Generated_Source\PSoC5/isr.c ****     }
 220:.\Generated_Source\PSoC5/isr.c ****         
 221:.\Generated_Source\PSoC5/isr.c ****     if (n < NUM_SAMPS_TO_CAPTURE)
 204              		.loc 1 221 0
 205 006c 0E4B     		ldr	r3, .L11
 206 006e 1A68     		ldr	r2, [r3]
 207 0070 44F61F63 		movw	r3, #19999
 208 0074 9A42     		cmp	r2, r3
 209 0076 0DDC     		bgt	.L10
 222:.\Generated_Source\PSoC5/isr.c ****     {
 223:.\Generated_Source\PSoC5/isr.c ****         cap_array[n] = e_;
 210              		.loc 1 223 0
 211 0078 0D4B     		ldr	r3, .L11+8
 212 007a 1A68     		ldr	r2, [r3]
 213 007c 0A4B     		ldr	r3, .L11
 214 007e 1B68     		ldr	r3, [r3]
 215 0080 5B00     		lsls	r3, r3, #1
 216 0082 1344     		add	r3, r3, r2
 217 0084 FA68     		ldr	r2, [r7, #12]
 218 0086 92B2     		uxth	r2, r2
 219 0088 1A80     		strh	r2, [r3]	@ movhi
 224:.\Generated_Source\PSoC5/isr.c ****         ++n;
 220              		.loc 1 224 0
 221 008a 074B     		ldr	r3, .L11
 222 008c 1B68     		ldr	r3, [r3]
 223 008e 5A1C     		adds	r2, r3, #1
 224 0090 054B     		ldr	r3, .L11
 225 0092 1A60     		str	r2, [r3]
 226              	.L10:
 225:.\Generated_Source\PSoC5/isr.c ****     }
 226:.\Generated_Source\PSoC5/isr.c ****     else
 227:.\Generated_Source\PSoC5/isr.c ****     {
 228:.\Generated_Source\PSoC5/isr.c ****         
 229:.\Generated_Source\PSoC5/isr.c ****     }
 230:.\Generated_Source\PSoC5/isr.c ****    
ARM GAS  C:\Users\shubhamt\AppData\Local\Temp\ccCXY3Xa.s 			page 9


 231:.\Generated_Source\PSoC5/isr.c ****     
 232:.\Generated_Source\PSoC5/isr.c ****     
 233:.\Generated_Source\PSoC5/isr.c ****     Pin_5_Write(n);
 227              		.loc 1 233 0
 228 0094 044B     		ldr	r3, .L11
 229 0096 1B68     		ldr	r3, [r3]
 230 0098 DBB2     		uxtb	r3, r3
 231 009a 1846     		mov	r0, r3
 232 009c FFF7FEFF 		bl	Pin_5_Write
 234:.\Generated_Source\PSoC5/isr.c **** }        
 233              		.loc 1 234 0
 234 00a0 1837     		adds	r7, r7, #24
 235 00a2 BD46     		mov	sp, r7
 236              		@ sp needed
 237 00a4 80BD     		pop	{r7, pc}
 238              	.L12:
 239 00a6 00BF     		.align	2
 240              	.L11:
 241 00a8 00000000 		.word	n
 242 00ac 00000000 		.word	wave_idx.6019
 243 00b0 00000000 		.word	cap_array
 244              		.cfi_endproc
 245              	.LFE59:
 246              		.size	isr_Interrupt, .-isr_Interrupt
 247              		.section	.text.isr_SetVector,"ax",%progbits
 248              		.align	2
 249              		.global	isr_SetVector
 250              		.thumb
 251              		.thumb_func
 252              		.type	isr_SetVector, %function
 253              	isr_SetVector:
 254              	.LFB60:
 235:.\Generated_Source\PSoC5/isr.c **** 
 236:.\Generated_Source\PSoC5/isr.c ****     /* `#END` */
 237:.\Generated_Source\PSoC5/isr.c **** 
 238:.\Generated_Source\PSoC5/isr.c **** 
 239:.\Generated_Source\PSoC5/isr.c **** 
 240:.\Generated_Source\PSoC5/isr.c **** /*******************************************************************************
 241:.\Generated_Source\PSoC5/isr.c **** * Function Name: isr_SetVector
 242:.\Generated_Source\PSoC5/isr.c **** ********************************************************************************
 243:.\Generated_Source\PSoC5/isr.c **** *
 244:.\Generated_Source\PSoC5/isr.c **** * Summary:
 245:.\Generated_Source\PSoC5/isr.c **** *   Change the ISR vector for the Interrupt. Note calling isr_Start
 246:.\Generated_Source\PSoC5/isr.c **** *   will override any effect this method would have had. To set the vector 
 247:.\Generated_Source\PSoC5/isr.c **** *   before the component has been started use isr_StartEx instead.
 248:.\Generated_Source\PSoC5/isr.c **** * 
 249:.\Generated_Source\PSoC5/isr.c **** *   When defining ISR functions, the CY_ISR and CY_ISR_PROTO macros should be 
 250:.\Generated_Source\PSoC5/isr.c **** *   used to provide consistent definition across compilers:
 251:.\Generated_Source\PSoC5/isr.c **** *
 252:.\Generated_Source\PSoC5/isr.c **** *   Function definition example:
 253:.\Generated_Source\PSoC5/isr.c **** *   CY_ISR(MyISR)
 254:.\Generated_Source\PSoC5/isr.c **** *   {
 255:.\Generated_Source\PSoC5/isr.c **** *   }
 256:.\Generated_Source\PSoC5/isr.c **** *
 257:.\Generated_Source\PSoC5/isr.c **** *   Function prototype example:
 258:.\Generated_Source\PSoC5/isr.c **** *     CY_ISR_PROTO(MyISR);
 259:.\Generated_Source\PSoC5/isr.c **** *
ARM GAS  C:\Users\shubhamt\AppData\Local\Temp\ccCXY3Xa.s 			page 10


 260:.\Generated_Source\PSoC5/isr.c **** * Parameters:
 261:.\Generated_Source\PSoC5/isr.c **** *   address: Address of the ISR to set in the interrupt vector table.
 262:.\Generated_Source\PSoC5/isr.c **** *
 263:.\Generated_Source\PSoC5/isr.c **** * Return:
 264:.\Generated_Source\PSoC5/isr.c **** *   None
 265:.\Generated_Source\PSoC5/isr.c **** *
 266:.\Generated_Source\PSoC5/isr.c **** *******************************************************************************/
 267:.\Generated_Source\PSoC5/isr.c **** void isr_SetVector(cyisraddress address)
 268:.\Generated_Source\PSoC5/isr.c **** {
 255              		.loc 1 268 0
 256              		.cfi_startproc
 257              		@ args = 0, pretend = 0, frame = 16
 258              		@ frame_needed = 1, uses_anonymous_args = 0
 259              		@ link register save eliminated.
 260 0000 80B4     		push	{r7}
 261              		.cfi_def_cfa_offset 4
 262              		.cfi_offset 7, -4
 263 0002 85B0     		sub	sp, sp, #20
 264              		.cfi_def_cfa_offset 24
 265 0004 00AF     		add	r7, sp, #0
 266              		.cfi_def_cfa_register 7
 267 0006 7860     		str	r0, [r7, #4]
 269:.\Generated_Source\PSoC5/isr.c ****     cyisraddress * ramVectorTable;
 270:.\Generated_Source\PSoC5/isr.c **** 
 271:.\Generated_Source\PSoC5/isr.c ****     ramVectorTable = (cyisraddress *) *CYINT_VECT_TABLE;
 268              		.loc 1 271 0
 269 0008 054B     		ldr	r3, .L14
 270 000a 1B68     		ldr	r3, [r3]
 271 000c FB60     		str	r3, [r7, #12]
 272:.\Generated_Source\PSoC5/isr.c **** 
 273:.\Generated_Source\PSoC5/isr.c ****     ramVectorTable[CYINT_IRQ_BASE + (uint32)isr__INTC_NUMBER] = address;
 272              		.loc 1 273 0
 273 000e FB68     		ldr	r3, [r7, #12]
 274 0010 4433     		adds	r3, r3, #68
 275 0012 7A68     		ldr	r2, [r7, #4]
 276 0014 1A60     		str	r2, [r3]
 274:.\Generated_Source\PSoC5/isr.c **** }
 277              		.loc 1 274 0
 278 0016 1437     		adds	r7, r7, #20
 279 0018 BD46     		mov	sp, r7
 280              		@ sp needed
 281 001a 5DF8047B 		ldr	r7, [sp], #4
 282 001e 7047     		bx	lr
 283              	.L15:
 284              		.align	2
 285              	.L14:
 286 0020 08ED00E0 		.word	-536810232
 287              		.cfi_endproc
 288              	.LFE60:
 289              		.size	isr_SetVector, .-isr_SetVector
 290              		.section	.text.isr_GetVector,"ax",%progbits
 291              		.align	2
 292              		.global	isr_GetVector
 293              		.thumb
 294              		.thumb_func
 295              		.type	isr_GetVector, %function
 296              	isr_GetVector:
ARM GAS  C:\Users\shubhamt\AppData\Local\Temp\ccCXY3Xa.s 			page 11


 297              	.LFB61:
 275:.\Generated_Source\PSoC5/isr.c **** 
 276:.\Generated_Source\PSoC5/isr.c **** 
 277:.\Generated_Source\PSoC5/isr.c **** /*******************************************************************************
 278:.\Generated_Source\PSoC5/isr.c **** * Function Name: isr_GetVector
 279:.\Generated_Source\PSoC5/isr.c **** ********************************************************************************
 280:.\Generated_Source\PSoC5/isr.c **** *
 281:.\Generated_Source\PSoC5/isr.c **** * Summary:
 282:.\Generated_Source\PSoC5/isr.c **** *   Gets the "address" of the current ISR vector for the Interrupt.
 283:.\Generated_Source\PSoC5/isr.c **** *
 284:.\Generated_Source\PSoC5/isr.c **** * Parameters:
 285:.\Generated_Source\PSoC5/isr.c **** *   None
 286:.\Generated_Source\PSoC5/isr.c **** *
 287:.\Generated_Source\PSoC5/isr.c **** * Return:
 288:.\Generated_Source\PSoC5/isr.c **** *   Address of the ISR in the interrupt vector table.
 289:.\Generated_Source\PSoC5/isr.c **** *
 290:.\Generated_Source\PSoC5/isr.c **** *******************************************************************************/
 291:.\Generated_Source\PSoC5/isr.c **** cyisraddress isr_GetVector(void)
 292:.\Generated_Source\PSoC5/isr.c **** {
 298              		.loc 1 292 0
 299              		.cfi_startproc
 300              		@ args = 0, pretend = 0, frame = 8
 301              		@ frame_needed = 1, uses_anonymous_args = 0
 302              		@ link register save eliminated.
 303 0000 80B4     		push	{r7}
 304              		.cfi_def_cfa_offset 4
 305              		.cfi_offset 7, -4
 306 0002 83B0     		sub	sp, sp, #12
 307              		.cfi_def_cfa_offset 16
 308 0004 00AF     		add	r7, sp, #0
 309              		.cfi_def_cfa_register 7
 293:.\Generated_Source\PSoC5/isr.c ****     cyisraddress * ramVectorTable;
 294:.\Generated_Source\PSoC5/isr.c **** 
 295:.\Generated_Source\PSoC5/isr.c ****     ramVectorTable = (cyisraddress *) *CYINT_VECT_TABLE;
 310              		.loc 1 295 0
 311 0006 054B     		ldr	r3, .L18
 312 0008 1B68     		ldr	r3, [r3]
 313 000a 7B60     		str	r3, [r7, #4]
 296:.\Generated_Source\PSoC5/isr.c **** 
 297:.\Generated_Source\PSoC5/isr.c ****     return ramVectorTable[CYINT_IRQ_BASE + (uint32)isr__INTC_NUMBER];
 314              		.loc 1 297 0
 315 000c 7B68     		ldr	r3, [r7, #4]
 316 000e 5B6C     		ldr	r3, [r3, #68]
 298:.\Generated_Source\PSoC5/isr.c **** }
 317              		.loc 1 298 0
 318 0010 1846     		mov	r0, r3
 319 0012 0C37     		adds	r7, r7, #12
 320 0014 BD46     		mov	sp, r7
 321              		@ sp needed
 322 0016 5DF8047B 		ldr	r7, [sp], #4
 323 001a 7047     		bx	lr
 324              	.L19:
 325              		.align	2
 326              	.L18:
 327 001c 08ED00E0 		.word	-536810232
 328              		.cfi_endproc
 329              	.LFE61:
ARM GAS  C:\Users\shubhamt\AppData\Local\Temp\ccCXY3Xa.s 			page 12


 330              		.size	isr_GetVector, .-isr_GetVector
 331              		.section	.text.isr_SetPriority,"ax",%progbits
 332              		.align	2
 333              		.global	isr_SetPriority
 334              		.thumb
 335              		.thumb_func
 336              		.type	isr_SetPriority, %function
 337              	isr_SetPriority:
 338              	.LFB62:
 299:.\Generated_Source\PSoC5/isr.c **** 
 300:.\Generated_Source\PSoC5/isr.c **** 
 301:.\Generated_Source\PSoC5/isr.c **** /*******************************************************************************
 302:.\Generated_Source\PSoC5/isr.c **** * Function Name: isr_SetPriority
 303:.\Generated_Source\PSoC5/isr.c **** ********************************************************************************
 304:.\Generated_Source\PSoC5/isr.c **** *
 305:.\Generated_Source\PSoC5/isr.c **** * Summary:
 306:.\Generated_Source\PSoC5/isr.c **** *   Sets the Priority of the Interrupt. 
 307:.\Generated_Source\PSoC5/isr.c **** *
 308:.\Generated_Source\PSoC5/isr.c **** *   Note calling isr_Start or isr_StartEx will 
 309:.\Generated_Source\PSoC5/isr.c **** *   override any effect this API would have had. This API should only be called
 310:.\Generated_Source\PSoC5/isr.c **** *   after isr_Start or isr_StartEx has been called. 
 311:.\Generated_Source\PSoC5/isr.c **** *   To set the initial priority for the component, use the Design-Wide Resources
 312:.\Generated_Source\PSoC5/isr.c **** *   Interrupt Editor.
 313:.\Generated_Source\PSoC5/isr.c **** *
 314:.\Generated_Source\PSoC5/isr.c **** *   Note This API has no effect on Non-maskable interrupt NMI).
 315:.\Generated_Source\PSoC5/isr.c **** *
 316:.\Generated_Source\PSoC5/isr.c **** * Parameters:
 317:.\Generated_Source\PSoC5/isr.c **** *   priority: Priority of the interrupt, 0 being the highest priority
 318:.\Generated_Source\PSoC5/isr.c **** *             PSoC 3 and PSoC 5LP: Priority is from 0 to 7.
 319:.\Generated_Source\PSoC5/isr.c **** *             PSoC 4: Priority is from 0 to 3.
 320:.\Generated_Source\PSoC5/isr.c **** *
 321:.\Generated_Source\PSoC5/isr.c **** * Return:
 322:.\Generated_Source\PSoC5/isr.c **** *   None
 323:.\Generated_Source\PSoC5/isr.c **** *
 324:.\Generated_Source\PSoC5/isr.c **** *******************************************************************************/
 325:.\Generated_Source\PSoC5/isr.c **** void isr_SetPriority(uint8 priority)
 326:.\Generated_Source\PSoC5/isr.c **** {
 339              		.loc 1 326 0
 340              		.cfi_startproc
 341              		@ args = 0, pretend = 0, frame = 8
 342              		@ frame_needed = 1, uses_anonymous_args = 0
 343              		@ link register save eliminated.
 344 0000 80B4     		push	{r7}
 345              		.cfi_def_cfa_offset 4
 346              		.cfi_offset 7, -4
 347 0002 83B0     		sub	sp, sp, #12
 348              		.cfi_def_cfa_offset 16
 349 0004 00AF     		add	r7, sp, #0
 350              		.cfi_def_cfa_register 7
 351 0006 0346     		mov	r3, r0
 352 0008 FB71     		strb	r3, [r7, #7]
 327:.\Generated_Source\PSoC5/isr.c ****     *isr_INTC_PRIOR = priority << 5;
 353              		.loc 1 327 0
 354 000a 054B     		ldr	r3, .L21
 355 000c FA79     		ldrb	r2, [r7, #7]
 356 000e 5201     		lsls	r2, r2, #5
 357 0010 D2B2     		uxtb	r2, r2
ARM GAS  C:\Users\shubhamt\AppData\Local\Temp\ccCXY3Xa.s 			page 13


 358 0012 1A70     		strb	r2, [r3]
 328:.\Generated_Source\PSoC5/isr.c **** }
 359              		.loc 1 328 0
 360 0014 0C37     		adds	r7, r7, #12
 361 0016 BD46     		mov	sp, r7
 362              		@ sp needed
 363 0018 5DF8047B 		ldr	r7, [sp], #4
 364 001c 7047     		bx	lr
 365              	.L22:
 366 001e 00BF     		.align	2
 367              	.L21:
 368 0020 01E400E0 		.word	-536812543
 369              		.cfi_endproc
 370              	.LFE62:
 371              		.size	isr_SetPriority, .-isr_SetPriority
 372              		.section	.text.isr_GetPriority,"ax",%progbits
 373              		.align	2
 374              		.global	isr_GetPriority
 375              		.thumb
 376              		.thumb_func
 377              		.type	isr_GetPriority, %function
 378              	isr_GetPriority:
 379              	.LFB63:
 329:.\Generated_Source\PSoC5/isr.c **** 
 330:.\Generated_Source\PSoC5/isr.c **** 
 331:.\Generated_Source\PSoC5/isr.c **** /*******************************************************************************
 332:.\Generated_Source\PSoC5/isr.c **** * Function Name: isr_GetPriority
 333:.\Generated_Source\PSoC5/isr.c **** ********************************************************************************
 334:.\Generated_Source\PSoC5/isr.c **** *
 335:.\Generated_Source\PSoC5/isr.c **** * Summary:
 336:.\Generated_Source\PSoC5/isr.c **** *   Gets the Priority of the Interrupt.
 337:.\Generated_Source\PSoC5/isr.c **** *
 338:.\Generated_Source\PSoC5/isr.c **** * Parameters:
 339:.\Generated_Source\PSoC5/isr.c **** *   None
 340:.\Generated_Source\PSoC5/isr.c **** *
 341:.\Generated_Source\PSoC5/isr.c **** * Return:
 342:.\Generated_Source\PSoC5/isr.c **** *   Priority of the interrupt, 0 being the highest priority
 343:.\Generated_Source\PSoC5/isr.c **** *    PSoC 3 and PSoC 5LP: Priority is from 0 to 7.
 344:.\Generated_Source\PSoC5/isr.c **** *    PSoC 4: Priority is from 0 to 3.
 345:.\Generated_Source\PSoC5/isr.c **** *
 346:.\Generated_Source\PSoC5/isr.c **** *******************************************************************************/
 347:.\Generated_Source\PSoC5/isr.c **** uint8 isr_GetPriority(void)
 348:.\Generated_Source\PSoC5/isr.c **** {
 380              		.loc 1 348 0
 381              		.cfi_startproc
 382              		@ args = 0, pretend = 0, frame = 8
 383              		@ frame_needed = 1, uses_anonymous_args = 0
 384              		@ link register save eliminated.
 385 0000 80B4     		push	{r7}
 386              		.cfi_def_cfa_offset 4
 387              		.cfi_offset 7, -4
 388 0002 83B0     		sub	sp, sp, #12
 389              		.cfi_def_cfa_offset 16
 390 0004 00AF     		add	r7, sp, #0
 391              		.cfi_def_cfa_register 7
 349:.\Generated_Source\PSoC5/isr.c ****     uint8 priority;
 350:.\Generated_Source\PSoC5/isr.c **** 
ARM GAS  C:\Users\shubhamt\AppData\Local\Temp\ccCXY3Xa.s 			page 14


 351:.\Generated_Source\PSoC5/isr.c **** 
 352:.\Generated_Source\PSoC5/isr.c ****     priority = *isr_INTC_PRIOR >> 5;
 392              		.loc 1 352 0
 393 0006 064B     		ldr	r3, .L25
 394 0008 1B78     		ldrb	r3, [r3]
 395 000a DBB2     		uxtb	r3, r3
 396 000c 5B09     		lsrs	r3, r3, #5
 397 000e FB71     		strb	r3, [r7, #7]
 353:.\Generated_Source\PSoC5/isr.c **** 
 354:.\Generated_Source\PSoC5/isr.c ****     return priority;
 398              		.loc 1 354 0
 399 0010 FB79     		ldrb	r3, [r7, #7]	@ zero_extendqisi2
 355:.\Generated_Source\PSoC5/isr.c **** }
 400              		.loc 1 355 0
 401 0012 1846     		mov	r0, r3
 402 0014 0C37     		adds	r7, r7, #12
 403 0016 BD46     		mov	sp, r7
 404              		@ sp needed
 405 0018 5DF8047B 		ldr	r7, [sp], #4
 406 001c 7047     		bx	lr
 407              	.L26:
 408 001e 00BF     		.align	2
 409              	.L25:
 410 0020 01E400E0 		.word	-536812543
 411              		.cfi_endproc
 412              	.LFE63:
 413              		.size	isr_GetPriority, .-isr_GetPriority
 414              		.section	.text.isr_Enable,"ax",%progbits
 415              		.align	2
 416              		.global	isr_Enable
 417              		.thumb
 418              		.thumb_func
 419              		.type	isr_Enable, %function
 420              	isr_Enable:
 421              	.LFB64:
 356:.\Generated_Source\PSoC5/isr.c **** 
 357:.\Generated_Source\PSoC5/isr.c **** 
 358:.\Generated_Source\PSoC5/isr.c **** /*******************************************************************************
 359:.\Generated_Source\PSoC5/isr.c **** * Function Name: isr_Enable
 360:.\Generated_Source\PSoC5/isr.c **** ********************************************************************************
 361:.\Generated_Source\PSoC5/isr.c **** *
 362:.\Generated_Source\PSoC5/isr.c **** * Summary:
 363:.\Generated_Source\PSoC5/isr.c **** *   Enables the interrupt to the interrupt controller. Do not call this function
 364:.\Generated_Source\PSoC5/isr.c **** *   unless ISR_Start() has been called or the functionality of the ISR_Start() 
 365:.\Generated_Source\PSoC5/isr.c **** *   function, which sets the vector and the priority, has been called.
 366:.\Generated_Source\PSoC5/isr.c **** *
 367:.\Generated_Source\PSoC5/isr.c **** * Parameters:
 368:.\Generated_Source\PSoC5/isr.c **** *   None
 369:.\Generated_Source\PSoC5/isr.c **** *
 370:.\Generated_Source\PSoC5/isr.c **** * Return:
 371:.\Generated_Source\PSoC5/isr.c **** *   None
 372:.\Generated_Source\PSoC5/isr.c **** *
 373:.\Generated_Source\PSoC5/isr.c **** *******************************************************************************/
 374:.\Generated_Source\PSoC5/isr.c **** void isr_Enable(void)
 375:.\Generated_Source\PSoC5/isr.c **** {
 422              		.loc 1 375 0
 423              		.cfi_startproc
ARM GAS  C:\Users\shubhamt\AppData\Local\Temp\ccCXY3Xa.s 			page 15


 424              		@ args = 0, pretend = 0, frame = 0
 425              		@ frame_needed = 1, uses_anonymous_args = 0
 426              		@ link register save eliminated.
 427 0000 80B4     		push	{r7}
 428              		.cfi_def_cfa_offset 4
 429              		.cfi_offset 7, -4
 430 0002 00AF     		add	r7, sp, #0
 431              		.cfi_def_cfa_register 7
 376:.\Generated_Source\PSoC5/isr.c ****     /* Enable the general interrupt. */
 377:.\Generated_Source\PSoC5/isr.c ****     *isr_INTC_SET_EN = isr__INTC_MASK;
 432              		.loc 1 377 0
 433 0004 034B     		ldr	r3, .L28
 434 0006 0222     		movs	r2, #2
 435 0008 1A60     		str	r2, [r3]
 378:.\Generated_Source\PSoC5/isr.c **** }
 436              		.loc 1 378 0
 437 000a BD46     		mov	sp, r7
 438              		@ sp needed
 439 000c 5DF8047B 		ldr	r7, [sp], #4
 440 0010 7047     		bx	lr
 441              	.L29:
 442 0012 00BF     		.align	2
 443              	.L28:
 444 0014 00E100E0 		.word	-536813312
 445              		.cfi_endproc
 446              	.LFE64:
 447              		.size	isr_Enable, .-isr_Enable
 448              		.section	.text.isr_GetState,"ax",%progbits
 449              		.align	2
 450              		.global	isr_GetState
 451              		.thumb
 452              		.thumb_func
 453              		.type	isr_GetState, %function
 454              	isr_GetState:
 455              	.LFB65:
 379:.\Generated_Source\PSoC5/isr.c **** 
 380:.\Generated_Source\PSoC5/isr.c **** 
 381:.\Generated_Source\PSoC5/isr.c **** /*******************************************************************************
 382:.\Generated_Source\PSoC5/isr.c **** * Function Name: isr_GetState
 383:.\Generated_Source\PSoC5/isr.c **** ********************************************************************************
 384:.\Generated_Source\PSoC5/isr.c **** *
 385:.\Generated_Source\PSoC5/isr.c **** * Summary:
 386:.\Generated_Source\PSoC5/isr.c **** *   Gets the state (enabled, disabled) of the Interrupt.
 387:.\Generated_Source\PSoC5/isr.c **** *
 388:.\Generated_Source\PSoC5/isr.c **** * Parameters:
 389:.\Generated_Source\PSoC5/isr.c **** *   None
 390:.\Generated_Source\PSoC5/isr.c **** *
 391:.\Generated_Source\PSoC5/isr.c **** * Return:
 392:.\Generated_Source\PSoC5/isr.c **** *   1 if enabled, 0 if disabled.
 393:.\Generated_Source\PSoC5/isr.c **** *
 394:.\Generated_Source\PSoC5/isr.c **** *******************************************************************************/
 395:.\Generated_Source\PSoC5/isr.c **** uint8 isr_GetState(void)
 396:.\Generated_Source\PSoC5/isr.c **** {
 456              		.loc 1 396 0
 457              		.cfi_startproc
 458              		@ args = 0, pretend = 0, frame = 0
 459              		@ frame_needed = 1, uses_anonymous_args = 0
ARM GAS  C:\Users\shubhamt\AppData\Local\Temp\ccCXY3Xa.s 			page 16


 460              		@ link register save eliminated.
 461 0000 80B4     		push	{r7}
 462              		.cfi_def_cfa_offset 4
 463              		.cfi_offset 7, -4
 464 0002 00AF     		add	r7, sp, #0
 465              		.cfi_def_cfa_register 7
 397:.\Generated_Source\PSoC5/isr.c ****     /* Get the state of the general interrupt. */
 398:.\Generated_Source\PSoC5/isr.c ****     return ((*isr_INTC_SET_EN & (uint32)isr__INTC_MASK) != 0u) ? 1u:0u;
 466              		.loc 1 398 0
 467 0004 064B     		ldr	r3, .L34
 468 0006 1B68     		ldr	r3, [r3]
 469 0008 03F00203 		and	r3, r3, #2
 470 000c 002B     		cmp	r3, #0
 471 000e 01D0     		beq	.L31
 472              		.loc 1 398 0 is_stmt 0 discriminator 1
 473 0010 0123     		movs	r3, #1
 474 0012 00E0     		b	.L32
 475              	.L31:
 476              		.loc 1 398 0 discriminator 2
 477 0014 0023     		movs	r3, #0
 478              	.L32:
 399:.\Generated_Source\PSoC5/isr.c **** }
 479              		.loc 1 399 0 is_stmt 1 discriminator 3
 480 0016 1846     		mov	r0, r3
 481 0018 BD46     		mov	sp, r7
 482              		@ sp needed
 483 001a 5DF8047B 		ldr	r7, [sp], #4
 484 001e 7047     		bx	lr
 485              	.L35:
 486              		.align	2
 487              	.L34:
 488 0020 00E100E0 		.word	-536813312
 489              		.cfi_endproc
 490              	.LFE65:
 491              		.size	isr_GetState, .-isr_GetState
 492              		.section	.text.isr_Disable,"ax",%progbits
 493              		.align	2
 494              		.global	isr_Disable
 495              		.thumb
 496              		.thumb_func
 497              		.type	isr_Disable, %function
 498              	isr_Disable:
 499              	.LFB66:
 400:.\Generated_Source\PSoC5/isr.c **** 
 401:.\Generated_Source\PSoC5/isr.c **** 
 402:.\Generated_Source\PSoC5/isr.c **** /*******************************************************************************
 403:.\Generated_Source\PSoC5/isr.c **** * Function Name: isr_Disable
 404:.\Generated_Source\PSoC5/isr.c **** ********************************************************************************
 405:.\Generated_Source\PSoC5/isr.c **** *
 406:.\Generated_Source\PSoC5/isr.c **** * Summary:
 407:.\Generated_Source\PSoC5/isr.c **** *   Disables the Interrupt in the interrupt controller.
 408:.\Generated_Source\PSoC5/isr.c **** *
 409:.\Generated_Source\PSoC5/isr.c **** * Parameters:
 410:.\Generated_Source\PSoC5/isr.c **** *   None
 411:.\Generated_Source\PSoC5/isr.c **** *
 412:.\Generated_Source\PSoC5/isr.c **** * Return:
 413:.\Generated_Source\PSoC5/isr.c **** *   None
ARM GAS  C:\Users\shubhamt\AppData\Local\Temp\ccCXY3Xa.s 			page 17


 414:.\Generated_Source\PSoC5/isr.c **** *
 415:.\Generated_Source\PSoC5/isr.c **** *******************************************************************************/
 416:.\Generated_Source\PSoC5/isr.c **** void isr_Disable(void)
 417:.\Generated_Source\PSoC5/isr.c **** {
 500              		.loc 1 417 0
 501              		.cfi_startproc
 502              		@ args = 0, pretend = 0, frame = 0
 503              		@ frame_needed = 1, uses_anonymous_args = 0
 504              		@ link register save eliminated.
 505 0000 80B4     		push	{r7}
 506              		.cfi_def_cfa_offset 4
 507              		.cfi_offset 7, -4
 508 0002 00AF     		add	r7, sp, #0
 509              		.cfi_def_cfa_register 7
 418:.\Generated_Source\PSoC5/isr.c ****     /* Disable the general interrupt. */
 419:.\Generated_Source\PSoC5/isr.c ****     *isr_INTC_CLR_EN = isr__INTC_MASK;
 510              		.loc 1 419 0
 511 0004 034B     		ldr	r3, .L37
 512 0006 0222     		movs	r2, #2
 513 0008 1A60     		str	r2, [r3]
 420:.\Generated_Source\PSoC5/isr.c **** }
 514              		.loc 1 420 0
 515 000a BD46     		mov	sp, r7
 516              		@ sp needed
 517 000c 5DF8047B 		ldr	r7, [sp], #4
 518 0010 7047     		bx	lr
 519              	.L38:
 520 0012 00BF     		.align	2
 521              	.L37:
 522 0014 80E100E0 		.word	-536813184
 523              		.cfi_endproc
 524              	.LFE66:
 525              		.size	isr_Disable, .-isr_Disable
 526              		.section	.text.isr_SetPending,"ax",%progbits
 527              		.align	2
 528              		.global	isr_SetPending
 529              		.thumb
 530              		.thumb_func
 531              		.type	isr_SetPending, %function
 532              	isr_SetPending:
 533              	.LFB67:
 421:.\Generated_Source\PSoC5/isr.c **** 
 422:.\Generated_Source\PSoC5/isr.c **** 
 423:.\Generated_Source\PSoC5/isr.c **** /*******************************************************************************
 424:.\Generated_Source\PSoC5/isr.c **** * Function Name: isr_SetPending
 425:.\Generated_Source\PSoC5/isr.c **** ********************************************************************************
 426:.\Generated_Source\PSoC5/isr.c **** *
 427:.\Generated_Source\PSoC5/isr.c **** * Summary:
 428:.\Generated_Source\PSoC5/isr.c **** *   Causes the Interrupt to enter the pending state, a software method of
 429:.\Generated_Source\PSoC5/isr.c **** *   generating the interrupt.
 430:.\Generated_Source\PSoC5/isr.c **** *
 431:.\Generated_Source\PSoC5/isr.c **** * Parameters:
 432:.\Generated_Source\PSoC5/isr.c **** *   None
 433:.\Generated_Source\PSoC5/isr.c **** *
 434:.\Generated_Source\PSoC5/isr.c **** * Return:
 435:.\Generated_Source\PSoC5/isr.c **** *   None
 436:.\Generated_Source\PSoC5/isr.c **** *
ARM GAS  C:\Users\shubhamt\AppData\Local\Temp\ccCXY3Xa.s 			page 18


 437:.\Generated_Source\PSoC5/isr.c **** * Side Effects:
 438:.\Generated_Source\PSoC5/isr.c **** *   If interrupts are enabled and the interrupt is set up properly, the ISR is
 439:.\Generated_Source\PSoC5/isr.c **** *   entered (depending on the priority of this interrupt and other pending 
 440:.\Generated_Source\PSoC5/isr.c **** *   interrupts).
 441:.\Generated_Source\PSoC5/isr.c **** *
 442:.\Generated_Source\PSoC5/isr.c **** *******************************************************************************/
 443:.\Generated_Source\PSoC5/isr.c **** void isr_SetPending(void)
 444:.\Generated_Source\PSoC5/isr.c **** {
 534              		.loc 1 444 0
 535              		.cfi_startproc
 536              		@ args = 0, pretend = 0, frame = 0
 537              		@ frame_needed = 1, uses_anonymous_args = 0
 538              		@ link register save eliminated.
 539 0000 80B4     		push	{r7}
 540              		.cfi_def_cfa_offset 4
 541              		.cfi_offset 7, -4
 542 0002 00AF     		add	r7, sp, #0
 543              		.cfi_def_cfa_register 7
 445:.\Generated_Source\PSoC5/isr.c ****     *isr_INTC_SET_PD = isr__INTC_MASK;
 544              		.loc 1 445 0
 545 0004 034B     		ldr	r3, .L40
 546 0006 0222     		movs	r2, #2
 547 0008 1A60     		str	r2, [r3]
 446:.\Generated_Source\PSoC5/isr.c **** }
 548              		.loc 1 446 0
 549 000a BD46     		mov	sp, r7
 550              		@ sp needed
 551 000c 5DF8047B 		ldr	r7, [sp], #4
 552 0010 7047     		bx	lr
 553              	.L41:
 554 0012 00BF     		.align	2
 555              	.L40:
 556 0014 00E200E0 		.word	-536813056
 557              		.cfi_endproc
 558              	.LFE67:
 559              		.size	isr_SetPending, .-isr_SetPending
 560              		.section	.text.isr_ClearPending,"ax",%progbits
 561              		.align	2
 562              		.global	isr_ClearPending
 563              		.thumb
 564              		.thumb_func
 565              		.type	isr_ClearPending, %function
 566              	isr_ClearPending:
 567              	.LFB68:
 447:.\Generated_Source\PSoC5/isr.c **** 
 448:.\Generated_Source\PSoC5/isr.c **** 
 449:.\Generated_Source\PSoC5/isr.c **** /*******************************************************************************
 450:.\Generated_Source\PSoC5/isr.c **** * Function Name: isr_ClearPending
 451:.\Generated_Source\PSoC5/isr.c **** ********************************************************************************
 452:.\Generated_Source\PSoC5/isr.c **** *
 453:.\Generated_Source\PSoC5/isr.c **** * Summary:
 454:.\Generated_Source\PSoC5/isr.c **** *   Clears a pending interrupt in the interrupt controller.
 455:.\Generated_Source\PSoC5/isr.c **** *
 456:.\Generated_Source\PSoC5/isr.c **** *   Note Some interrupt sources are clear-on-read and require the block 
 457:.\Generated_Source\PSoC5/isr.c **** *   interrupt/status register to be read/cleared with the appropriate block API 
 458:.\Generated_Source\PSoC5/isr.c **** *   (GPIO, UART, and so on). Otherwise the ISR will continue to remain in 
 459:.\Generated_Source\PSoC5/isr.c **** *   pending state even though the interrupt itself is cleared using this API.
ARM GAS  C:\Users\shubhamt\AppData\Local\Temp\ccCXY3Xa.s 			page 19


 460:.\Generated_Source\PSoC5/isr.c **** *
 461:.\Generated_Source\PSoC5/isr.c **** * Parameters:
 462:.\Generated_Source\PSoC5/isr.c **** *   None
 463:.\Generated_Source\PSoC5/isr.c **** *
 464:.\Generated_Source\PSoC5/isr.c **** * Return:
 465:.\Generated_Source\PSoC5/isr.c **** *   None
 466:.\Generated_Source\PSoC5/isr.c **** *
 467:.\Generated_Source\PSoC5/isr.c **** *******************************************************************************/
 468:.\Generated_Source\PSoC5/isr.c **** void isr_ClearPending(void)
 469:.\Generated_Source\PSoC5/isr.c **** {
 568              		.loc 1 469 0
 569              		.cfi_startproc
 570              		@ args = 0, pretend = 0, frame = 0
 571              		@ frame_needed = 1, uses_anonymous_args = 0
 572              		@ link register save eliminated.
 573 0000 80B4     		push	{r7}
 574              		.cfi_def_cfa_offset 4
 575              		.cfi_offset 7, -4
 576 0002 00AF     		add	r7, sp, #0
 577              		.cfi_def_cfa_register 7
 470:.\Generated_Source\PSoC5/isr.c ****     *isr_INTC_CLR_PD = isr__INTC_MASK;
 578              		.loc 1 470 0
 579 0004 034B     		ldr	r3, .L43
 580 0006 0222     		movs	r2, #2
 581 0008 1A60     		str	r2, [r3]
 471:.\Generated_Source\PSoC5/isr.c **** }
 582              		.loc 1 471 0
 583 000a BD46     		mov	sp, r7
 584              		@ sp needed
 585 000c 5DF8047B 		ldr	r7, [sp], #4
 586 0010 7047     		bx	lr
 587              	.L44:
 588 0012 00BF     		.align	2
 589              	.L43:
 590 0014 80E200E0 		.word	-536812928
 591              		.cfi_endproc
 592              	.LFE68:
 593              		.size	isr_ClearPending, .-isr_ClearPending
 594              		.bss
 595              		.align	2
 596              	wave_idx.6019:
 597 0000 00000000 		.space	4
 598              		.text
 599              	.Letext0:
 600              		.file 2 "c:\\program files (x86)\\cypress\\psoc creator\\3.2\\psoc creator\\import\\gnu\\arm\\4.8.
 601              		.file 3 "c:\\program files (x86)\\cypress\\psoc creator\\3.2\\psoc creator\\import\\gnu\\arm\\4.8.
 602              		.file 4 "Generated_Source\\PSoC5/cytypes.h"
 603              		.file 5 "Generated_Source\\PSoC5/core_cm3.h"
 604              		.section	.debug_info,"",%progbits
 605              	.Ldebug_info0:
 606 0000 12030000 		.4byte	0x312
 607 0004 0400     		.2byte	0x4
 608 0006 00000000 		.4byte	.Ldebug_abbrev0
 609 000a 04       		.byte	0x4
 610 000b 01       		.uleb128 0x1
 611 000c A4000000 		.4byte	.LASF43
 612 0010 01       		.byte	0x1
ARM GAS  C:\Users\shubhamt\AppData\Local\Temp\ccCXY3Xa.s 			page 20


 613 0011 3F000000 		.4byte	.LASF44
 614 0015 4C020000 		.4byte	.LASF45
 615 0019 00000000 		.4byte	.Ldebug_ranges0+0
 616 001d 00000000 		.4byte	0
 617 0021 00000000 		.4byte	.Ldebug_line0
 618 0025 02       		.uleb128 0x2
 619 0026 04       		.byte	0x4
 620 0027 05       		.byte	0x5
 621 0028 696E7400 		.ascii	"int\000"
 622 002c 03       		.uleb128 0x3
 623 002d 04       		.byte	0x4
 624 002e 07       		.byte	0x7
 625 002f B5010000 		.4byte	.LASF0
 626 0033 03       		.uleb128 0x3
 627 0034 01       		.byte	0x1
 628 0035 06       		.byte	0x6
 629 0036 A8020000 		.4byte	.LASF1
 630 003a 03       		.uleb128 0x3
 631 003b 01       		.byte	0x1
 632 003c 08       		.byte	0x8
 633 003d 91000000 		.4byte	.LASF2
 634 0041 04       		.uleb128 0x4
 635 0042 06000000 		.4byte	.LASF5
 636 0046 02       		.byte	0x2
 637 0047 25       		.byte	0x25
 638 0048 4C000000 		.4byte	0x4c
 639 004c 03       		.uleb128 0x3
 640 004d 02       		.byte	0x2
 641 004e 05       		.byte	0x5
 642 004f 80010000 		.4byte	.LASF3
 643 0053 03       		.uleb128 0x3
 644 0054 02       		.byte	0x2
 645 0055 07       		.byte	0x7
 646 0056 3C010000 		.4byte	.LASF4
 647 005a 04       		.uleb128 0x4
 648 005b 10000000 		.4byte	.LASF6
 649 005f 02       		.byte	0x2
 650 0060 37       		.byte	0x37
 651 0061 65000000 		.4byte	0x65
 652 0065 03       		.uleb128 0x3
 653 0066 04       		.byte	0x4
 654 0067 05       		.byte	0x5
 655 0068 9F020000 		.4byte	.LASF7
 656 006c 03       		.uleb128 0x3
 657 006d 04       		.byte	0x4
 658 006e 07       		.byte	0x7
 659 006f 20010000 		.4byte	.LASF8
 660 0073 03       		.uleb128 0x3
 661 0074 08       		.byte	0x8
 662 0075 05       		.byte	0x5
 663 0076 15020000 		.4byte	.LASF9
 664 007a 03       		.uleb128 0x3
 665 007b 08       		.byte	0x8
 666 007c 07       		.byte	0x7
 667 007d CA010000 		.4byte	.LASF10
 668 0081 03       		.uleb128 0x3
 669 0082 04       		.byte	0x4
ARM GAS  C:\Users\shubhamt\AppData\Local\Temp\ccCXY3Xa.s 			page 21


 670 0083 07       		.byte	0x7
 671 0084 0C020000 		.4byte	.LASF11
 672 0088 05       		.uleb128 0x5
 673 0089 04       		.byte	0x4
 674 008a 8E000000 		.4byte	0x8e
 675 008e 06       		.uleb128 0x6
 676 008f 03       		.uleb128 0x3
 677 0090 01       		.byte	0x1
 678 0091 08       		.byte	0x8
 679 0092 23020000 		.4byte	.LASF12
 680 0096 04       		.uleb128 0x4
 681 0097 EE010000 		.4byte	.LASF13
 682 009b 03       		.byte	0x3
 683 009c 35       		.byte	0x35
 684 009d 41000000 		.4byte	0x41
 685 00a1 04       		.uleb128 0x4
 686 00a2 04020000 		.4byte	.LASF14
 687 00a6 03       		.byte	0x3
 688 00a7 41       		.byte	0x41
 689 00a8 5A000000 		.4byte	0x5a
 690 00ac 04       		.uleb128 0x4
 691 00ad 99020000 		.4byte	.LASF15
 692 00b1 04       		.byte	0x4
 693 00b2 5B       		.byte	0x5b
 694 00b3 3A000000 		.4byte	0x3a
 695 00b7 04       		.uleb128 0x4
 696 00b8 AE010000 		.4byte	.LASF16
 697 00bc 04       		.byte	0x4
 698 00bd 5D       		.byte	0x5d
 699 00be 6C000000 		.4byte	0x6c
 700 00c2 03       		.uleb128 0x3
 701 00c3 04       		.byte	0x4
 702 00c4 04       		.byte	0x4
 703 00c5 77000000 		.4byte	.LASF17
 704 00c9 03       		.uleb128 0x3
 705 00ca 08       		.byte	0x8
 706 00cb 04       		.byte	0x4
 707 00cc 79010000 		.4byte	.LASF18
 708 00d0 04       		.uleb128 0x4
 709 00d1 9F000000 		.4byte	.LASF19
 710 00d5 04       		.byte	0x4
 711 00d6 F0       		.byte	0xf0
 712 00d7 DB000000 		.4byte	0xdb
 713 00db 07       		.uleb128 0x7
 714 00dc AC000000 		.4byte	0xac
 715 00e0 04       		.uleb128 0x4
 716 00e1 00000000 		.4byte	.LASF20
 717 00e5 04       		.byte	0x4
 718 00e6 F2       		.byte	0xf2
 719 00e7 EB000000 		.4byte	0xeb
 720 00eb 07       		.uleb128 0x7
 721 00ec B7000000 		.4byte	0xb7
 722 00f0 08       		.uleb128 0x8
 723 00f1 E1010000 		.4byte	.LASF21
 724 00f5 04       		.byte	0x4
 725 00f6 0201     		.2byte	0x102
 726 00f8 88000000 		.4byte	0x88
ARM GAS  C:\Users\shubhamt\AppData\Local\Temp\ccCXY3Xa.s 			page 22


 727 00fc 09       		.uleb128 0x9
 728 00fd 32010000 		.4byte	.LASF22
 729 0101 01       		.byte	0x1
 730 0102 42       		.byte	0x42
 731 0103 00000000 		.4byte	.LFB56
 732 0107 20000000 		.4byte	.LFE56-.LFB56
 733 010b 01       		.uleb128 0x1
 734 010c 9C       		.byte	0x9c
 735 010d 0A       		.uleb128 0xa
 736 010e A2010000 		.4byte	.LASF24
 737 0112 01       		.byte	0x1
 738 0113 6D       		.byte	0x6d
 739 0114 00000000 		.4byte	.LFB57
 740 0118 22000000 		.4byte	.LFE57-.LFB57
 741 011c 01       		.uleb128 0x1
 742 011d 9C       		.byte	0x9c
 743 011e 31010000 		.4byte	0x131
 744 0122 0B       		.uleb128 0xb
 745 0123 C2010000 		.4byte	.LASF31
 746 0127 01       		.byte	0x1
 747 0128 6D       		.byte	0x6d
 748 0129 F0000000 		.4byte	0xf0
 749 012d 02       		.uleb128 0x2
 750 012e 91       		.byte	0x91
 751 012f 74       		.sleb128 -12
 752 0130 00       		.byte	0
 753 0131 09       		.uleb128 0x9
 754 0132 6E000000 		.4byte	.LASF23
 755 0136 01       		.byte	0x1
 756 0137 8B       		.byte	0x8b
 757 0138 00000000 		.4byte	.LFB58
 758 013c 14000000 		.4byte	.LFE58-.LFB58
 759 0140 01       		.uleb128 0x1
 760 0141 9C       		.byte	0x9c
 761 0142 0A       		.uleb128 0xa
 762 0143 F6010000 		.4byte	.LASF25
 763 0147 01       		.byte	0x1
 764 0148 A5       		.byte	0xa5
 765 0149 00000000 		.4byte	.LFB59
 766 014d B4000000 		.4byte	.LFE59-.LFB59
 767 0151 01       		.uleb128 0x1
 768 0152 9C       		.byte	0x9c
 769 0153 C7010000 		.4byte	0x1c7
 770 0157 0C       		.uleb128 0xc
 771 0158 37020000 		.4byte	.LASF26
 772 015c 01       		.byte	0x1
 773 015d AC       		.byte	0xac
 774 015e 25000000 		.4byte	0x25
 775 0162 05       		.uleb128 0x5
 776 0163 03       		.byte	0x3
 777 0164 00000000 		.4byte	wave_idx.6019
 778 0168 0C       		.uleb128 0xc
 779 0169 8B000000 		.4byte	.LASF27
 780 016d 01       		.byte	0x1
 781 016e AD       		.byte	0xad
 782 016f C7010000 		.4byte	0x1c7
 783 0173 02       		.uleb128 0x2
ARM GAS  C:\Users\shubhamt\AppData\Local\Temp\ccCXY3Xa.s 			page 23


 784 0174 91       		.byte	0x91
 785 0175 68       		.sleb128 -24
 786 0176 0C       		.uleb128 0xc
 787 0177 60010000 		.4byte	.LASF28
 788 017b 01       		.byte	0x1
 789 017c AE       		.byte	0xae
 790 017d C7010000 		.4byte	0x1c7
 791 0181 02       		.uleb128 0x2
 792 0182 91       		.byte	0x91
 793 0183 64       		.sleb128 -28
 794 0184 0D       		.uleb128 0xd
 795 0185 5400     		.ascii	"T\000"
 796 0187 01       		.byte	0x1
 797 0188 AF       		.byte	0xaf
 798 0189 25000000 		.4byte	0x25
 799 018d 02       		.uleb128 0x2
 800 018e 91       		.byte	0x91
 801 018f 74       		.sleb128 -12
 802 0190 0E       		.uleb128 0xe
 803 0191 6B00     		.ascii	"k\000"
 804 0193 01       		.byte	0x1
 805 0194 B0       		.byte	0xb0
 806 0195 25000000 		.4byte	0x25
 807 0199 0F       		.uleb128 0xf
 808 019a 73010000 		.4byte	.LASF29
 809 019e 01       		.byte	0x1
 810 019f B1       		.byte	0xb1
 811 01a0 25000000 		.4byte	0x25
 812 01a4 0D       		.uleb128 0xd
 813 01a5 7800     		.ascii	"x\000"
 814 01a7 01       		.byte	0x1
 815 01a8 B2       		.byte	0xb2
 816 01a9 25000000 		.4byte	0x25
 817 01ad 02       		.uleb128 0x2
 818 01ae 91       		.byte	0x91
 819 01af 70       		.sleb128 -16
 820 01b0 0D       		.uleb128 0xd
 821 01b1 655F00   		.ascii	"e_\000"
 822 01b4 01       		.byte	0x1
 823 01b5 B3       		.byte	0xb3
 824 01b6 25000000 		.4byte	0x25
 825 01ba 02       		.uleb128 0x2
 826 01bb 91       		.byte	0x91
 827 01bc 6C       		.sleb128 -20
 828 01bd 0E       		.uleb128 0xe
 829 01be 6900     		.ascii	"i\000"
 830 01c0 01       		.byte	0x1
 831 01c1 B4       		.byte	0xb4
 832 01c2 25000000 		.4byte	0x25
 833 01c6 00       		.byte	0
 834 01c7 10       		.uleb128 0x10
 835 01c8 25000000 		.4byte	0x25
 836 01cc D7010000 		.4byte	0x1d7
 837 01d0 11       		.uleb128 0x11
 838 01d1 81000000 		.4byte	0x81
 839 01d5 00       		.byte	0
 840 01d6 00       		.byte	0
ARM GAS  C:\Users\shubhamt\AppData\Local\Temp\ccCXY3Xa.s 			page 24


 841 01d7 12       		.uleb128 0x12
 842 01d8 7D000000 		.4byte	.LASF30
 843 01dc 01       		.byte	0x1
 844 01dd 0B01     		.2byte	0x10b
 845 01df 00000000 		.4byte	.LFB60
 846 01e3 24000000 		.4byte	.LFE60-.LFB60
 847 01e7 01       		.uleb128 0x1
 848 01e8 9C       		.byte	0x9c
 849 01e9 0C020000 		.4byte	0x20c
 850 01ed 13       		.uleb128 0x13
 851 01ee C2010000 		.4byte	.LASF31
 852 01f2 01       		.byte	0x1
 853 01f3 0B01     		.2byte	0x10b
 854 01f5 F0000000 		.4byte	0xf0
 855 01f9 02       		.uleb128 0x2
 856 01fa 91       		.byte	0x91
 857 01fb 6C       		.sleb128 -20
 858 01fc 14       		.uleb128 0x14
 859 01fd 28020000 		.4byte	.LASF32
 860 0201 01       		.byte	0x1
 861 0202 0D01     		.2byte	0x10d
 862 0204 0C020000 		.4byte	0x20c
 863 0208 02       		.uleb128 0x2
 864 0209 91       		.byte	0x91
 865 020a 74       		.sleb128 -12
 866 020b 00       		.byte	0
 867 020c 05       		.uleb128 0x5
 868 020d 04       		.byte	0x4
 869 020e F0000000 		.4byte	0xf0
 870 0212 15       		.uleb128 0x15
 871 0213 1A000000 		.4byte	.LASF35
 872 0217 01       		.byte	0x1
 873 0218 2301     		.2byte	0x123
 874 021a F0000000 		.4byte	0xf0
 875 021e 00000000 		.4byte	.LFB61
 876 0222 20000000 		.4byte	.LFE61-.LFB61
 877 0226 01       		.uleb128 0x1
 878 0227 9C       		.byte	0x9c
 879 0228 3C020000 		.4byte	0x23c
 880 022c 14       		.uleb128 0x14
 881 022d 28020000 		.4byte	.LASF32
 882 0231 01       		.byte	0x1
 883 0232 2501     		.2byte	0x125
 884 0234 0C020000 		.4byte	0x20c
 885 0238 02       		.uleb128 0x2
 886 0239 91       		.byte	0x91
 887 023a 74       		.sleb128 -12
 888 023b 00       		.byte	0
 889 023c 12       		.uleb128 0x12
 890 023d 5E000000 		.4byte	.LASF33
 891 0241 01       		.byte	0x1
 892 0242 4501     		.2byte	0x145
 893 0244 00000000 		.4byte	.LFB62
 894 0248 24000000 		.4byte	.LFE62-.LFB62
 895 024c 01       		.uleb128 0x1
 896 024d 9C       		.byte	0x9c
 897 024e 62020000 		.4byte	0x262
ARM GAS  C:\Users\shubhamt\AppData\Local\Temp\ccCXY3Xa.s 			page 25


 898 0252 13       		.uleb128 0x13
 899 0253 8A010000 		.4byte	.LASF34
 900 0257 01       		.byte	0x1
 901 0258 4501     		.2byte	0x145
 902 025a AC000000 		.4byte	0xac
 903 025e 02       		.uleb128 0x2
 904 025f 91       		.byte	0x91
 905 0260 77       		.sleb128 -9
 906 0261 00       		.byte	0
 907 0262 15       		.uleb128 0x15
 908 0263 BF020000 		.4byte	.LASF36
 909 0267 01       		.byte	0x1
 910 0268 5B01     		.2byte	0x15b
 911 026a AC000000 		.4byte	0xac
 912 026e 00000000 		.4byte	.LFB63
 913 0272 24000000 		.4byte	.LFE63-.LFB63
 914 0276 01       		.uleb128 0x1
 915 0277 9C       		.byte	0x9c
 916 0278 8C020000 		.4byte	0x28c
 917 027c 14       		.uleb128 0x14
 918 027d 8A010000 		.4byte	.LASF34
 919 0281 01       		.byte	0x1
 920 0282 5D01     		.2byte	0x15d
 921 0284 AC000000 		.4byte	0xac
 922 0288 02       		.uleb128 0x2
 923 0289 91       		.byte	0x91
 924 028a 77       		.sleb128 -9
 925 028b 00       		.byte	0
 926 028c 16       		.uleb128 0x16
 927 028d B4020000 		.4byte	.LASF37
 928 0291 01       		.byte	0x1
 929 0292 7601     		.2byte	0x176
 930 0294 00000000 		.4byte	.LFB64
 931 0298 18000000 		.4byte	.LFE64-.LFB64
 932 029c 01       		.uleb128 0x1
 933 029d 9C       		.byte	0x9c
 934 029e 17       		.uleb128 0x17
 935 029f 28000000 		.4byte	.LASF46
 936 02a3 01       		.byte	0x1
 937 02a4 8B01     		.2byte	0x18b
 938 02a6 AC000000 		.4byte	0xac
 939 02aa 00000000 		.4byte	.LFB65
 940 02ae 24000000 		.4byte	.LFE65-.LFB65
 941 02b2 01       		.uleb128 0x1
 942 02b3 9C       		.byte	0x9c
 943 02b4 16       		.uleb128 0x16
 944 02b5 40020000 		.4byte	.LASF38
 945 02b9 01       		.byte	0x1
 946 02ba A001     		.2byte	0x1a0
 947 02bc 00000000 		.4byte	.LFB66
 948 02c0 18000000 		.4byte	.LFE66-.LFB66
 949 02c4 01       		.uleb128 0x1
 950 02c5 9C       		.byte	0x9c
 951 02c6 16       		.uleb128 0x16
 952 02c7 93010000 		.4byte	.LASF39
 953 02cb 01       		.byte	0x1
 954 02cc BB01     		.2byte	0x1bb
ARM GAS  C:\Users\shubhamt\AppData\Local\Temp\ccCXY3Xa.s 			page 26


 955 02ce 00000000 		.4byte	.LFB67
 956 02d2 18000000 		.4byte	.LFE67-.LFB67
 957 02d6 01       		.uleb128 0x1
 958 02d7 9C       		.byte	0x9c
 959 02d8 16       		.uleb128 0x16
 960 02d9 4F010000 		.4byte	.LASF40
 961 02dd 01       		.byte	0x1
 962 02de D401     		.2byte	0x1d4
 963 02e0 00000000 		.4byte	.LFB68
 964 02e4 18000000 		.4byte	.LFE68-.LFB68
 965 02e8 01       		.uleb128 0x1
 966 02e9 9C       		.byte	0x9c
 967 02ea 18       		.uleb128 0x18
 968 02eb 66010000 		.4byte	.LASF41
 969 02ef 05       		.byte	0x5
 970 02f0 1606     		.2byte	0x616
 971 02f2 F6020000 		.4byte	0x2f6
 972 02f6 07       		.uleb128 0x7
 973 02f7 A1000000 		.4byte	0xa1
 974 02fb 19       		.uleb128 0x19
 975 02fc 35000000 		.4byte	.LASF42
 976 0300 01       		.byte	0x1
 977 0301 21       		.byte	0x21
 978 0302 06030000 		.4byte	0x306
 979 0306 05       		.uleb128 0x5
 980 0307 04       		.byte	0x4
 981 0308 96000000 		.4byte	0x96
 982 030c 1A       		.uleb128 0x1a
 983 030d 6E00     		.ascii	"n\000"
 984 030f 01       		.byte	0x1
 985 0310 22       		.byte	0x22
 986 0311 25000000 		.4byte	0x25
 987 0315 00       		.byte	0
 988              		.section	.debug_abbrev,"",%progbits
 989              	.Ldebug_abbrev0:
 990 0000 01       		.uleb128 0x1
 991 0001 11       		.uleb128 0x11
 992 0002 01       		.byte	0x1
 993 0003 25       		.uleb128 0x25
 994 0004 0E       		.uleb128 0xe
 995 0005 13       		.uleb128 0x13
 996 0006 0B       		.uleb128 0xb
 997 0007 03       		.uleb128 0x3
 998 0008 0E       		.uleb128 0xe
 999 0009 1B       		.uleb128 0x1b
 1000 000a 0E       		.uleb128 0xe
 1001 000b 55       		.uleb128 0x55
 1002 000c 17       		.uleb128 0x17
 1003 000d 11       		.uleb128 0x11
 1004 000e 01       		.uleb128 0x1
 1005 000f 10       		.uleb128 0x10
 1006 0010 17       		.uleb128 0x17
 1007 0011 00       		.byte	0
 1008 0012 00       		.byte	0
 1009 0013 02       		.uleb128 0x2
 1010 0014 24       		.uleb128 0x24
 1011 0015 00       		.byte	0
ARM GAS  C:\Users\shubhamt\AppData\Local\Temp\ccCXY3Xa.s 			page 27


 1012 0016 0B       		.uleb128 0xb
 1013 0017 0B       		.uleb128 0xb
 1014 0018 3E       		.uleb128 0x3e
 1015 0019 0B       		.uleb128 0xb
 1016 001a 03       		.uleb128 0x3
 1017 001b 08       		.uleb128 0x8
 1018 001c 00       		.byte	0
 1019 001d 00       		.byte	0
 1020 001e 03       		.uleb128 0x3
 1021 001f 24       		.uleb128 0x24
 1022 0020 00       		.byte	0
 1023 0021 0B       		.uleb128 0xb
 1024 0022 0B       		.uleb128 0xb
 1025 0023 3E       		.uleb128 0x3e
 1026 0024 0B       		.uleb128 0xb
 1027 0025 03       		.uleb128 0x3
 1028 0026 0E       		.uleb128 0xe
 1029 0027 00       		.byte	0
 1030 0028 00       		.byte	0
 1031 0029 04       		.uleb128 0x4
 1032 002a 16       		.uleb128 0x16
 1033 002b 00       		.byte	0
 1034 002c 03       		.uleb128 0x3
 1035 002d 0E       		.uleb128 0xe
 1036 002e 3A       		.uleb128 0x3a
 1037 002f 0B       		.uleb128 0xb
 1038 0030 3B       		.uleb128 0x3b
 1039 0031 0B       		.uleb128 0xb
 1040 0032 49       		.uleb128 0x49
 1041 0033 13       		.uleb128 0x13
 1042 0034 00       		.byte	0
 1043 0035 00       		.byte	0
 1044 0036 05       		.uleb128 0x5
 1045 0037 0F       		.uleb128 0xf
 1046 0038 00       		.byte	0
 1047 0039 0B       		.uleb128 0xb
 1048 003a 0B       		.uleb128 0xb
 1049 003b 49       		.uleb128 0x49
 1050 003c 13       		.uleb128 0x13
 1051 003d 00       		.byte	0
 1052 003e 00       		.byte	0
 1053 003f 06       		.uleb128 0x6
 1054 0040 15       		.uleb128 0x15
 1055 0041 00       		.byte	0
 1056 0042 27       		.uleb128 0x27
 1057 0043 19       		.uleb128 0x19
 1058 0044 00       		.byte	0
 1059 0045 00       		.byte	0
 1060 0046 07       		.uleb128 0x7
 1061 0047 35       		.uleb128 0x35
 1062 0048 00       		.byte	0
 1063 0049 49       		.uleb128 0x49
 1064 004a 13       		.uleb128 0x13
 1065 004b 00       		.byte	0
 1066 004c 00       		.byte	0
 1067 004d 08       		.uleb128 0x8
 1068 004e 16       		.uleb128 0x16
ARM GAS  C:\Users\shubhamt\AppData\Local\Temp\ccCXY3Xa.s 			page 28


 1069 004f 00       		.byte	0
 1070 0050 03       		.uleb128 0x3
 1071 0051 0E       		.uleb128 0xe
 1072 0052 3A       		.uleb128 0x3a
 1073 0053 0B       		.uleb128 0xb
 1074 0054 3B       		.uleb128 0x3b
 1075 0055 05       		.uleb128 0x5
 1076 0056 49       		.uleb128 0x49
 1077 0057 13       		.uleb128 0x13
 1078 0058 00       		.byte	0
 1079 0059 00       		.byte	0
 1080 005a 09       		.uleb128 0x9
 1081 005b 2E       		.uleb128 0x2e
 1082 005c 00       		.byte	0
 1083 005d 3F       		.uleb128 0x3f
 1084 005e 19       		.uleb128 0x19
 1085 005f 03       		.uleb128 0x3
 1086 0060 0E       		.uleb128 0xe
 1087 0061 3A       		.uleb128 0x3a
 1088 0062 0B       		.uleb128 0xb
 1089 0063 3B       		.uleb128 0x3b
 1090 0064 0B       		.uleb128 0xb
 1091 0065 27       		.uleb128 0x27
 1092 0066 19       		.uleb128 0x19
 1093 0067 11       		.uleb128 0x11
 1094 0068 01       		.uleb128 0x1
 1095 0069 12       		.uleb128 0x12
 1096 006a 06       		.uleb128 0x6
 1097 006b 40       		.uleb128 0x40
 1098 006c 18       		.uleb128 0x18
 1099 006d 9642     		.uleb128 0x2116
 1100 006f 19       		.uleb128 0x19
 1101 0070 00       		.byte	0
 1102 0071 00       		.byte	0
 1103 0072 0A       		.uleb128 0xa
 1104 0073 2E       		.uleb128 0x2e
 1105 0074 01       		.byte	0x1
 1106 0075 3F       		.uleb128 0x3f
 1107 0076 19       		.uleb128 0x19
 1108 0077 03       		.uleb128 0x3
 1109 0078 0E       		.uleb128 0xe
 1110 0079 3A       		.uleb128 0x3a
 1111 007a 0B       		.uleb128 0xb
 1112 007b 3B       		.uleb128 0x3b
 1113 007c 0B       		.uleb128 0xb
 1114 007d 27       		.uleb128 0x27
 1115 007e 19       		.uleb128 0x19
 1116 007f 11       		.uleb128 0x11
 1117 0080 01       		.uleb128 0x1
 1118 0081 12       		.uleb128 0x12
 1119 0082 06       		.uleb128 0x6
 1120 0083 40       		.uleb128 0x40
 1121 0084 18       		.uleb128 0x18
 1122 0085 9642     		.uleb128 0x2116
 1123 0087 19       		.uleb128 0x19
 1124 0088 01       		.uleb128 0x1
 1125 0089 13       		.uleb128 0x13
ARM GAS  C:\Users\shubhamt\AppData\Local\Temp\ccCXY3Xa.s 			page 29


 1126 008a 00       		.byte	0
 1127 008b 00       		.byte	0
 1128 008c 0B       		.uleb128 0xb
 1129 008d 05       		.uleb128 0x5
 1130 008e 00       		.byte	0
 1131 008f 03       		.uleb128 0x3
 1132 0090 0E       		.uleb128 0xe
 1133 0091 3A       		.uleb128 0x3a
 1134 0092 0B       		.uleb128 0xb
 1135 0093 3B       		.uleb128 0x3b
 1136 0094 0B       		.uleb128 0xb
 1137 0095 49       		.uleb128 0x49
 1138 0096 13       		.uleb128 0x13
 1139 0097 02       		.uleb128 0x2
 1140 0098 18       		.uleb128 0x18
 1141 0099 00       		.byte	0
 1142 009a 00       		.byte	0
 1143 009b 0C       		.uleb128 0xc
 1144 009c 34       		.uleb128 0x34
 1145 009d 00       		.byte	0
 1146 009e 03       		.uleb128 0x3
 1147 009f 0E       		.uleb128 0xe
 1148 00a0 3A       		.uleb128 0x3a
 1149 00a1 0B       		.uleb128 0xb
 1150 00a2 3B       		.uleb128 0x3b
 1151 00a3 0B       		.uleb128 0xb
 1152 00a4 49       		.uleb128 0x49
 1153 00a5 13       		.uleb128 0x13
 1154 00a6 02       		.uleb128 0x2
 1155 00a7 18       		.uleb128 0x18
 1156 00a8 00       		.byte	0
 1157 00a9 00       		.byte	0
 1158 00aa 0D       		.uleb128 0xd
 1159 00ab 34       		.uleb128 0x34
 1160 00ac 00       		.byte	0
 1161 00ad 03       		.uleb128 0x3
 1162 00ae 08       		.uleb128 0x8
 1163 00af 3A       		.uleb128 0x3a
 1164 00b0 0B       		.uleb128 0xb
 1165 00b1 3B       		.uleb128 0x3b
 1166 00b2 0B       		.uleb128 0xb
 1167 00b3 49       		.uleb128 0x49
 1168 00b4 13       		.uleb128 0x13
 1169 00b5 02       		.uleb128 0x2
 1170 00b6 18       		.uleb128 0x18
 1171 00b7 00       		.byte	0
 1172 00b8 00       		.byte	0
 1173 00b9 0E       		.uleb128 0xe
 1174 00ba 34       		.uleb128 0x34
 1175 00bb 00       		.byte	0
 1176 00bc 03       		.uleb128 0x3
 1177 00bd 08       		.uleb128 0x8
 1178 00be 3A       		.uleb128 0x3a
 1179 00bf 0B       		.uleb128 0xb
 1180 00c0 3B       		.uleb128 0x3b
 1181 00c1 0B       		.uleb128 0xb
 1182 00c2 49       		.uleb128 0x49
ARM GAS  C:\Users\shubhamt\AppData\Local\Temp\ccCXY3Xa.s 			page 30


 1183 00c3 13       		.uleb128 0x13
 1184 00c4 00       		.byte	0
 1185 00c5 00       		.byte	0
 1186 00c6 0F       		.uleb128 0xf
 1187 00c7 34       		.uleb128 0x34
 1188 00c8 00       		.byte	0
 1189 00c9 03       		.uleb128 0x3
 1190 00ca 0E       		.uleb128 0xe
 1191 00cb 3A       		.uleb128 0x3a
 1192 00cc 0B       		.uleb128 0xb
 1193 00cd 3B       		.uleb128 0x3b
 1194 00ce 0B       		.uleb128 0xb
 1195 00cf 49       		.uleb128 0x49
 1196 00d0 13       		.uleb128 0x13
 1197 00d1 00       		.byte	0
 1198 00d2 00       		.byte	0
 1199 00d3 10       		.uleb128 0x10
 1200 00d4 01       		.uleb128 0x1
 1201 00d5 01       		.byte	0x1
 1202 00d6 49       		.uleb128 0x49
 1203 00d7 13       		.uleb128 0x13
 1204 00d8 01       		.uleb128 0x1
 1205 00d9 13       		.uleb128 0x13
 1206 00da 00       		.byte	0
 1207 00db 00       		.byte	0
 1208 00dc 11       		.uleb128 0x11
 1209 00dd 21       		.uleb128 0x21
 1210 00de 00       		.byte	0
 1211 00df 49       		.uleb128 0x49
 1212 00e0 13       		.uleb128 0x13
 1213 00e1 2F       		.uleb128 0x2f
 1214 00e2 0B       		.uleb128 0xb
 1215 00e3 00       		.byte	0
 1216 00e4 00       		.byte	0
 1217 00e5 12       		.uleb128 0x12
 1218 00e6 2E       		.uleb128 0x2e
 1219 00e7 01       		.byte	0x1
 1220 00e8 3F       		.uleb128 0x3f
 1221 00e9 19       		.uleb128 0x19
 1222 00ea 03       		.uleb128 0x3
 1223 00eb 0E       		.uleb128 0xe
 1224 00ec 3A       		.uleb128 0x3a
 1225 00ed 0B       		.uleb128 0xb
 1226 00ee 3B       		.uleb128 0x3b
 1227 00ef 05       		.uleb128 0x5
 1228 00f0 27       		.uleb128 0x27
 1229 00f1 19       		.uleb128 0x19
 1230 00f2 11       		.uleb128 0x11
 1231 00f3 01       		.uleb128 0x1
 1232 00f4 12       		.uleb128 0x12
 1233 00f5 06       		.uleb128 0x6
 1234 00f6 40       		.uleb128 0x40
 1235 00f7 18       		.uleb128 0x18
 1236 00f8 9742     		.uleb128 0x2117
 1237 00fa 19       		.uleb128 0x19
 1238 00fb 01       		.uleb128 0x1
 1239 00fc 13       		.uleb128 0x13
ARM GAS  C:\Users\shubhamt\AppData\Local\Temp\ccCXY3Xa.s 			page 31


 1240 00fd 00       		.byte	0
 1241 00fe 00       		.byte	0
 1242 00ff 13       		.uleb128 0x13
 1243 0100 05       		.uleb128 0x5
 1244 0101 00       		.byte	0
 1245 0102 03       		.uleb128 0x3
 1246 0103 0E       		.uleb128 0xe
 1247 0104 3A       		.uleb128 0x3a
 1248 0105 0B       		.uleb128 0xb
 1249 0106 3B       		.uleb128 0x3b
 1250 0107 05       		.uleb128 0x5
 1251 0108 49       		.uleb128 0x49
 1252 0109 13       		.uleb128 0x13
 1253 010a 02       		.uleb128 0x2
 1254 010b 18       		.uleb128 0x18
 1255 010c 00       		.byte	0
 1256 010d 00       		.byte	0
 1257 010e 14       		.uleb128 0x14
 1258 010f 34       		.uleb128 0x34
 1259 0110 00       		.byte	0
 1260 0111 03       		.uleb128 0x3
 1261 0112 0E       		.uleb128 0xe
 1262 0113 3A       		.uleb128 0x3a
 1263 0114 0B       		.uleb128 0xb
 1264 0115 3B       		.uleb128 0x3b
 1265 0116 05       		.uleb128 0x5
 1266 0117 49       		.uleb128 0x49
 1267 0118 13       		.uleb128 0x13
 1268 0119 02       		.uleb128 0x2
 1269 011a 18       		.uleb128 0x18
 1270 011b 00       		.byte	0
 1271 011c 00       		.byte	0
 1272 011d 15       		.uleb128 0x15
 1273 011e 2E       		.uleb128 0x2e
 1274 011f 01       		.byte	0x1
 1275 0120 3F       		.uleb128 0x3f
 1276 0121 19       		.uleb128 0x19
 1277 0122 03       		.uleb128 0x3
 1278 0123 0E       		.uleb128 0xe
 1279 0124 3A       		.uleb128 0x3a
 1280 0125 0B       		.uleb128 0xb
 1281 0126 3B       		.uleb128 0x3b
 1282 0127 05       		.uleb128 0x5
 1283 0128 27       		.uleb128 0x27
 1284 0129 19       		.uleb128 0x19
 1285 012a 49       		.uleb128 0x49
 1286 012b 13       		.uleb128 0x13
 1287 012c 11       		.uleb128 0x11
 1288 012d 01       		.uleb128 0x1
 1289 012e 12       		.uleb128 0x12
 1290 012f 06       		.uleb128 0x6
 1291 0130 40       		.uleb128 0x40
 1292 0131 18       		.uleb128 0x18
 1293 0132 9742     		.uleb128 0x2117
 1294 0134 19       		.uleb128 0x19
 1295 0135 01       		.uleb128 0x1
 1296 0136 13       		.uleb128 0x13
ARM GAS  C:\Users\shubhamt\AppData\Local\Temp\ccCXY3Xa.s 			page 32


 1297 0137 00       		.byte	0
 1298 0138 00       		.byte	0
 1299 0139 16       		.uleb128 0x16
 1300 013a 2E       		.uleb128 0x2e
 1301 013b 00       		.byte	0
 1302 013c 3F       		.uleb128 0x3f
 1303 013d 19       		.uleb128 0x19
 1304 013e 03       		.uleb128 0x3
 1305 013f 0E       		.uleb128 0xe
 1306 0140 3A       		.uleb128 0x3a
 1307 0141 0B       		.uleb128 0xb
 1308 0142 3B       		.uleb128 0x3b
 1309 0143 05       		.uleb128 0x5
 1310 0144 27       		.uleb128 0x27
 1311 0145 19       		.uleb128 0x19
 1312 0146 11       		.uleb128 0x11
 1313 0147 01       		.uleb128 0x1
 1314 0148 12       		.uleb128 0x12
 1315 0149 06       		.uleb128 0x6
 1316 014a 40       		.uleb128 0x40
 1317 014b 18       		.uleb128 0x18
 1318 014c 9742     		.uleb128 0x2117
 1319 014e 19       		.uleb128 0x19
 1320 014f 00       		.byte	0
 1321 0150 00       		.byte	0
 1322 0151 17       		.uleb128 0x17
 1323 0152 2E       		.uleb128 0x2e
 1324 0153 00       		.byte	0
 1325 0154 3F       		.uleb128 0x3f
 1326 0155 19       		.uleb128 0x19
 1327 0156 03       		.uleb128 0x3
 1328 0157 0E       		.uleb128 0xe
 1329 0158 3A       		.uleb128 0x3a
 1330 0159 0B       		.uleb128 0xb
 1331 015a 3B       		.uleb128 0x3b
 1332 015b 05       		.uleb128 0x5
 1333 015c 27       		.uleb128 0x27
 1334 015d 19       		.uleb128 0x19
 1335 015e 49       		.uleb128 0x49
 1336 015f 13       		.uleb128 0x13
 1337 0160 11       		.uleb128 0x11
 1338 0161 01       		.uleb128 0x1
 1339 0162 12       		.uleb128 0x12
 1340 0163 06       		.uleb128 0x6
 1341 0164 40       		.uleb128 0x40
 1342 0165 18       		.uleb128 0x18
 1343 0166 9742     		.uleb128 0x2117
 1344 0168 19       		.uleb128 0x19
 1345 0169 00       		.byte	0
 1346 016a 00       		.byte	0
 1347 016b 18       		.uleb128 0x18
 1348 016c 34       		.uleb128 0x34
 1349 016d 00       		.byte	0
 1350 016e 03       		.uleb128 0x3
 1351 016f 0E       		.uleb128 0xe
 1352 0170 3A       		.uleb128 0x3a
 1353 0171 0B       		.uleb128 0xb
ARM GAS  C:\Users\shubhamt\AppData\Local\Temp\ccCXY3Xa.s 			page 33


 1354 0172 3B       		.uleb128 0x3b
 1355 0173 05       		.uleb128 0x5
 1356 0174 49       		.uleb128 0x49
 1357 0175 13       		.uleb128 0x13
 1358 0176 3F       		.uleb128 0x3f
 1359 0177 19       		.uleb128 0x19
 1360 0178 3C       		.uleb128 0x3c
 1361 0179 19       		.uleb128 0x19
 1362 017a 00       		.byte	0
 1363 017b 00       		.byte	0
 1364 017c 19       		.uleb128 0x19
 1365 017d 34       		.uleb128 0x34
 1366 017e 00       		.byte	0
 1367 017f 03       		.uleb128 0x3
 1368 0180 0E       		.uleb128 0xe
 1369 0181 3A       		.uleb128 0x3a
 1370 0182 0B       		.uleb128 0xb
 1371 0183 3B       		.uleb128 0x3b
 1372 0184 0B       		.uleb128 0xb
 1373 0185 49       		.uleb128 0x49
 1374 0186 13       		.uleb128 0x13
 1375 0187 3F       		.uleb128 0x3f
 1376 0188 19       		.uleb128 0x19
 1377 0189 3C       		.uleb128 0x3c
 1378 018a 19       		.uleb128 0x19
 1379 018b 00       		.byte	0
 1380 018c 00       		.byte	0
 1381 018d 1A       		.uleb128 0x1a
 1382 018e 34       		.uleb128 0x34
 1383 018f 00       		.byte	0
 1384 0190 03       		.uleb128 0x3
 1385 0191 08       		.uleb128 0x8
 1386 0192 3A       		.uleb128 0x3a
 1387 0193 0B       		.uleb128 0xb
 1388 0194 3B       		.uleb128 0x3b
 1389 0195 0B       		.uleb128 0xb
 1390 0196 49       		.uleb128 0x49
 1391 0197 13       		.uleb128 0x13
 1392 0198 3F       		.uleb128 0x3f
 1393 0199 19       		.uleb128 0x19
 1394 019a 3C       		.uleb128 0x3c
 1395 019b 19       		.uleb128 0x19
 1396 019c 00       		.byte	0
 1397 019d 00       		.byte	0
 1398 019e 00       		.byte	0
 1399              		.section	.debug_aranges,"",%progbits
 1400 0000 7C000000 		.4byte	0x7c
 1401 0004 0200     		.2byte	0x2
 1402 0006 00000000 		.4byte	.Ldebug_info0
 1403 000a 04       		.byte	0x4
 1404 000b 00       		.byte	0
 1405 000c 0000     		.2byte	0
 1406 000e 0000     		.2byte	0
 1407 0010 00000000 		.4byte	.LFB56
 1408 0014 20000000 		.4byte	.LFE56-.LFB56
 1409 0018 00000000 		.4byte	.LFB57
 1410 001c 22000000 		.4byte	.LFE57-.LFB57
ARM GAS  C:\Users\shubhamt\AppData\Local\Temp\ccCXY3Xa.s 			page 34


 1411 0020 00000000 		.4byte	.LFB58
 1412 0024 14000000 		.4byte	.LFE58-.LFB58
 1413 0028 00000000 		.4byte	.LFB59
 1414 002c B4000000 		.4byte	.LFE59-.LFB59
 1415 0030 00000000 		.4byte	.LFB60
 1416 0034 24000000 		.4byte	.LFE60-.LFB60
 1417 0038 00000000 		.4byte	.LFB61
 1418 003c 20000000 		.4byte	.LFE61-.LFB61
 1419 0040 00000000 		.4byte	.LFB62
 1420 0044 24000000 		.4byte	.LFE62-.LFB62
 1421 0048 00000000 		.4byte	.LFB63
 1422 004c 24000000 		.4byte	.LFE63-.LFB63
 1423 0050 00000000 		.4byte	.LFB64
 1424 0054 18000000 		.4byte	.LFE64-.LFB64
 1425 0058 00000000 		.4byte	.LFB65
 1426 005c 24000000 		.4byte	.LFE65-.LFB65
 1427 0060 00000000 		.4byte	.LFB66
 1428 0064 18000000 		.4byte	.LFE66-.LFB66
 1429 0068 00000000 		.4byte	.LFB67
 1430 006c 18000000 		.4byte	.LFE67-.LFB67
 1431 0070 00000000 		.4byte	.LFB68
 1432 0074 18000000 		.4byte	.LFE68-.LFB68
 1433 0078 00000000 		.4byte	0
 1434 007c 00000000 		.4byte	0
 1435              		.section	.debug_ranges,"",%progbits
 1436              	.Ldebug_ranges0:
 1437 0000 00000000 		.4byte	.LFB56
 1438 0004 20000000 		.4byte	.LFE56
 1439 0008 00000000 		.4byte	.LFB57
 1440 000c 22000000 		.4byte	.LFE57
 1441 0010 00000000 		.4byte	.LFB58
 1442 0014 14000000 		.4byte	.LFE58
 1443 0018 00000000 		.4byte	.LFB59
 1444 001c B4000000 		.4byte	.LFE59
 1445 0020 00000000 		.4byte	.LFB60
 1446 0024 24000000 		.4byte	.LFE60
 1447 0028 00000000 		.4byte	.LFB61
 1448 002c 20000000 		.4byte	.LFE61
 1449 0030 00000000 		.4byte	.LFB62
 1450 0034 24000000 		.4byte	.LFE62
 1451 0038 00000000 		.4byte	.LFB63
 1452 003c 24000000 		.4byte	.LFE63
 1453 0040 00000000 		.4byte	.LFB64
 1454 0044 18000000 		.4byte	.LFE64
 1455 0048 00000000 		.4byte	.LFB65
 1456 004c 24000000 		.4byte	.LFE65
 1457 0050 00000000 		.4byte	.LFB66
 1458 0054 18000000 		.4byte	.LFE66
 1459 0058 00000000 		.4byte	.LFB67
 1460 005c 18000000 		.4byte	.LFE67
 1461 0060 00000000 		.4byte	.LFB68
 1462 0064 18000000 		.4byte	.LFE68
 1463 0068 00000000 		.4byte	0
 1464 006c 00000000 		.4byte	0
 1465              		.section	.debug_line,"",%progbits
 1466              	.Ldebug_line0:
 1467 0000 7E020000 		.section	.debug_str,"MS",%progbits,1
ARM GAS  C:\Users\shubhamt\AppData\Local\Temp\ccCXY3Xa.s 			page 35


 1467      02005F01 
 1467      00000201 
 1467      FB0E0D00 
 1467      01010101 
 1468              	.LASF20:
 1469 0000 72656733 		.ascii	"reg32\000"
 1469      3200
 1470              	.LASF5:
 1471 0006 5F5F696E 		.ascii	"__int16_t\000"
 1471      7431365F 
 1471      7400
 1472              	.LASF6:
 1473 0010 5F5F696E 		.ascii	"__int32_t\000"
 1473      7433325F 
 1473      7400
 1474              	.LASF35:
 1475 001a 6973725F 		.ascii	"isr_GetVector\000"
 1475      47657456 
 1475      6563746F 
 1475      7200
 1476              	.LASF46:
 1477 0028 6973725F 		.ascii	"isr_GetState\000"
 1477      47657453 
 1477      74617465 
 1477      00
 1478              	.LASF42:
 1479 0035 6361705F 		.ascii	"cap_array\000"
 1479      61727261 
 1479      7900
 1480              	.LASF44:
 1481 003f 2E5C4765 		.ascii	".\\Generated_Source\\PSoC5\\isr.c\000"
 1481      6E657261 
 1481      7465645F 
 1481      536F7572 
 1481      63655C50 
 1482              	.LASF33:
 1483 005e 6973725F 		.ascii	"isr_SetPriority\000"
 1483      53657450 
 1483      72696F72 
 1483      69747900 
 1484              	.LASF23:
 1485 006e 6973725F 		.ascii	"isr_Stop\000"
 1485      53746F70 
 1485      00
 1486              	.LASF17:
 1487 0077 666C6F61 		.ascii	"float\000"
 1487      7400
 1488              	.LASF30:
 1489 007d 6973725F 		.ascii	"isr_SetVector\000"
 1489      53657456 
 1489      6563746F 
 1489      7200
 1490              	.LASF27:
 1491 008b 66726571 		.ascii	"freqs\000"
 1491      7300
 1492              	.LASF2:
 1493 0091 756E7369 		.ascii	"unsigned char\000"
ARM GAS  C:\Users\shubhamt\AppData\Local\Temp\ccCXY3Xa.s 			page 36


 1493      676E6564 
 1493      20636861 
 1493      7200
 1494              	.LASF19:
 1495 009f 72656738 		.ascii	"reg8\000"
 1495      00
 1496              	.LASF43:
 1497 00a4 474E5520 		.ascii	"GNU C 4.8.4 20140526 (release) [ARM/embedded-4_8-br"
 1497      4320342E 
 1497      382E3420 
 1497      32303134 
 1497      30353236 
 1498 00d7 616E6368 		.ascii	"anch revision 211358] -mcpu=cortex-m3 -mthumb -g -O"
 1498      20726576 
 1498      6973696F 
 1498      6E203231 
 1498      31333538 
 1499 010a 30202D66 		.ascii	"0 -ffunction-sections\000"
 1499      66756E63 
 1499      74696F6E 
 1499      2D736563 
 1499      74696F6E 
 1500              	.LASF8:
 1501 0120 6C6F6E67 		.ascii	"long unsigned int\000"
 1501      20756E73 
 1501      69676E65 
 1501      6420696E 
 1501      7400
 1502              	.LASF22:
 1503 0132 6973725F 		.ascii	"isr_Start\000"
 1503      53746172 
 1503      7400
 1504              	.LASF4:
 1505 013c 73686F72 		.ascii	"short unsigned int\000"
 1505      7420756E 
 1505      7369676E 
 1505      65642069 
 1505      6E7400
 1506              	.LASF40:
 1507 014f 6973725F 		.ascii	"isr_ClearPending\000"
 1507      436C6561 
 1507      7250656E 
 1507      64696E67 
 1507      00
 1508              	.LASF28:
 1509 0160 616D706C 		.ascii	"ampls\000"
 1509      7300
 1510              	.LASF41:
 1511 0166 49544D5F 		.ascii	"ITM_RxBuffer\000"
 1511      52784275 
 1511      66666572 
 1511      00
 1512              	.LASF29:
 1513 0173 76616C75 		.ascii	"value\000"
 1513      6500
 1514              	.LASF18:
 1515 0179 646F7562 		.ascii	"double\000"
ARM GAS  C:\Users\shubhamt\AppData\Local\Temp\ccCXY3Xa.s 			page 37


 1515      6C6500
 1516              	.LASF3:
 1517 0180 73686F72 		.ascii	"short int\000"
 1517      7420696E 
 1517      7400
 1518              	.LASF34:
 1519 018a 7072696F 		.ascii	"priority\000"
 1519      72697479 
 1519      00
 1520              	.LASF39:
 1521 0193 6973725F 		.ascii	"isr_SetPending\000"
 1521      53657450 
 1521      656E6469 
 1521      6E6700
 1522              	.LASF24:
 1523 01a2 6973725F 		.ascii	"isr_StartEx\000"
 1523      53746172 
 1523      74457800 
 1524              	.LASF16:
 1525 01ae 75696E74 		.ascii	"uint32\000"
 1525      333200
 1526              	.LASF0:
 1527 01b5 756E7369 		.ascii	"unsigned int\000"
 1527      676E6564 
 1527      20696E74 
 1527      00
 1528              	.LASF31:
 1529 01c2 61646472 		.ascii	"address\000"
 1529      65737300 
 1530              	.LASF10:
 1531 01ca 6C6F6E67 		.ascii	"long long unsigned int\000"
 1531      206C6F6E 
 1531      6720756E 
 1531      7369676E 
 1531      65642069 
 1532              	.LASF21:
 1533 01e1 63796973 		.ascii	"cyisraddress\000"
 1533      72616464 
 1533      72657373 
 1533      00
 1534              	.LASF13:
 1535 01ee 696E7431 		.ascii	"int16_t\000"
 1535      365F7400 
 1536              	.LASF25:
 1537 01f6 6973725F 		.ascii	"isr_Interrupt\000"
 1537      496E7465 
 1537      72727570 
 1537      7400
 1538              	.LASF14:
 1539 0204 696E7433 		.ascii	"int32_t\000"
 1539      325F7400 
 1540              	.LASF11:
 1541 020c 73697A65 		.ascii	"sizetype\000"
 1541      74797065 
 1541      00
 1542              	.LASF9:
 1543 0215 6C6F6E67 		.ascii	"long long int\000"
ARM GAS  C:\Users\shubhamt\AppData\Local\Temp\ccCXY3Xa.s 			page 38


 1543      206C6F6E 
 1543      6720696E 
 1543      7400
 1544              	.LASF12:
 1545 0223 63686172 		.ascii	"char\000"
 1545      00
 1546              	.LASF32:
 1547 0228 72616D56 		.ascii	"ramVectorTable\000"
 1547      6563746F 
 1547      72546162 
 1547      6C6500
 1548              	.LASF26:
 1549 0237 77617665 		.ascii	"wave_idx\000"
 1549      5F696478 
 1549      00
 1550              	.LASF38:
 1551 0240 6973725F 		.ascii	"isr_Disable\000"
 1551      44697361 
 1551      626C6500 
 1552              	.LASF45:
 1553 024c 433A5C55 		.ascii	"C:\\Users\\shubhamt\\Documents\\PSoC Creator\\WaveG"
 1553      73657273 
 1553      5C736875 
 1553      6268616D 
 1553      745C446F 
 1554 027a 656E6572 		.ascii	"enerator1\\WaveGenerator1.cydsn\000"
 1554      61746F72 
 1554      315C5761 
 1554      76654765 
 1554      6E657261 
 1555              	.LASF15:
 1556 0299 75696E74 		.ascii	"uint8\000"
 1556      3800
 1557              	.LASF7:
 1558 029f 6C6F6E67 		.ascii	"long int\000"
 1558      20696E74 
 1558      00
 1559              	.LASF1:
 1560 02a8 7369676E 		.ascii	"signed char\000"
 1560      65642063 
 1560      68617200 
 1561              	.LASF37:
 1562 02b4 6973725F 		.ascii	"isr_Enable\000"
 1562      456E6162 
 1562      6C6500
 1563              	.LASF36:
 1564 02bf 6973725F 		.ascii	"isr_GetPriority\000"
 1564      47657450 
 1564      72696F72 
 1564      69747900 
 1565              		.ident	"GCC: (GNU Tools for ARM Embedded Processors) 4.8.4 20140526 (release) [ARM/embedded-4_8-br
