Archive member included because of file (symbol)

.\CortexM3\ARM_GCC_484\Debug\WaveGenerator1.a(cyfitter_cfg.o)
                              .\CortexM3\ARM_GCC_484\Debug\Cm3Start.o (cyfitter_cfg)
.\CortexM3\ARM_GCC_484\Debug\WaveGenerator1.a(VDAC8_1.o)
                              .\CortexM3\ARM_GCC_484\Debug\main.o (VDAC8_1_Start)
.\CortexM3\ARM_GCC_484\Debug\WaveGenerator1.a(CyBootAsmGnu.o)
                              .\CortexM3\ARM_GCC_484\Debug\WaveGenerator1.a(cyfitter_cfg.o) (CyDelayCycles)
.\CortexM3\ARM_GCC_484\Debug\WaveGenerator1.a(CyLib.o)
                              .\CortexM3\ARM_GCC_484\Debug\Cm3Start.o (CyResetStatus)
.\CortexM3\ARM_GCC_484\Debug\WaveGenerator1.a(cyPm.o)
                              .\CortexM3\ARM_GCC_484\Debug\WaveGenerator1.a(CyLib.o) (CyPmReadStatus)
.\CortexM3\ARM_GCC_484\Debug\WaveGenerator1.a(VDAC8.o)
                              .\CortexM3\ARM_GCC_484\Debug\main.o (VDAC8_Start)
.\CortexM3\ARM_GCC_484\Debug\WaveGenerator1.a(isr.o)
                              .\CortexM3\ARM_GCC_484\Debug\main.o (isr_Start)
.\CortexM3\ARM_GCC_484\Debug\WaveGenerator1.a(ADC_SAR.o)
                              .\CortexM3\ARM_GCC_484\Debug\main.o (ADC_SAR_Start)
.\CortexM3\ARM_GCC_484\Debug\WaveGenerator1.a(ADC_SAR_INT.o)
                              .\CortexM3\ARM_GCC_484\Debug\WaveGenerator1.a(ADC_SAR.o) (ADC_SAR_ISR)
.\CortexM3\ARM_GCC_484\Debug\WaveGenerator1.a(ADC_SAR_theACLK.o)
                              .\CortexM3\ARM_GCC_484\Debug\WaveGenerator1.a(ADC_SAR.o) (ADC_SAR_theACLK_SetModeRegister)
.\CortexM3\ARM_GCC_484\Debug\WaveGenerator1.a(CyFlash.o)
                              .\CortexM3\ARM_GCC_484\Debug\WaveGenerator1.a(cyPm.o) (CyFlash_SetWaitCycles)
.\CortexM3\ARM_GCC_484\Debug\WaveGenerator1.a(CySpc.o)
                              .\CortexM3\ARM_GCC_484\Debug\WaveGenerator1.a(CyFlash.o) (CySpcStart)
c:/program files (x86)/cypress/psoc creator/3.2/psoc creator/import/gnu/arm/4.8.4/bin/../lib/gcc/arm-none-eabi/4.8.4/armv7-m\libgcc.a(_arm_addsubsf3.o)
                              .\CortexM3\ARM_GCC_484\Debug\WaveGenerator1.a(ADC_SAR.o) (__aeabi_i2f)
c:/program files (x86)/cypress/psoc creator/3.2/psoc creator/import/gnu/arm/4.8.4/bin/../lib/gcc/arm-none-eabi/4.8.4/armv7-m\libgcc.a(_arm_muldivsf3.o)
                              .\CortexM3\ARM_GCC_484\Debug\WaveGenerator1.a(ADC_SAR.o) (__aeabi_fmul)
c:/program files (x86)/cypress/psoc creator/3.2/psoc creator/import/gnu/arm/4.8.4/bin/../lib/gcc/arm-none-eabi/4.8.4/armv7-m\libgcc.a(_aeabi_ldivmod.o)
                              .\CortexM3\ARM_GCC_484\Debug\WaveGenerator1.a(ADC_SAR.o) (__aeabi_ldivmod)
c:/program files (x86)/cypress/psoc creator/3.2/psoc creator/import/gnu/arm/4.8.4/bin/../lib/gcc/arm-none-eabi/4.8.4/armv7-m\libgcc.a(bpabi.o)
                              c:/program files (x86)/cypress/psoc creator/3.2/psoc creator/import/gnu/arm/4.8.4/bin/../lib/gcc/arm-none-eabi/4.8.4/armv7-m\libgcc.a(_aeabi_ldivmod.o) (__gnu_ldivmod_helper)
c:/program files (x86)/cypress/psoc creator/3.2/psoc creator/import/gnu/arm/4.8.4/bin/../lib/gcc/arm-none-eabi/4.8.4/armv7-m\libgcc.a(_dvmd_tls.o)
                              c:/program files (x86)/cypress/psoc creator/3.2/psoc creator/import/gnu/arm/4.8.4/bin/../lib/gcc/arm-none-eabi/4.8.4/armv7-m\libgcc.a(_aeabi_ldivmod.o) (__aeabi_ldiv0)
c:/program files (x86)/cypress/psoc creator/3.2/psoc creator/import/gnu/arm/4.8.4/bin/../lib/gcc/arm-none-eabi/4.8.4/armv7-m\libgcc.a(_divdi3.o)
                              c:/program files (x86)/cypress/psoc creator/3.2/psoc creator/import/gnu/arm/4.8.4/bin/../lib/gcc/arm-none-eabi/4.8.4/armv7-m\libgcc.a(bpabi.o) (__divdi3)
c:/program files (x86)/cypress/psoc creator/3.2/psoc creator/import/gnu/arm/4.8.4/bin/../lib/gcc/arm-none-eabi/4.8.4/armv7-m\libgcc.a(_udivdi3.o)
                              c:/program files (x86)/cypress/psoc creator/3.2/psoc creator/import/gnu/arm/4.8.4/bin/../lib/gcc/arm-none-eabi/4.8.4/armv7-m\libgcc.a(bpabi.o) (__udivdi3)
c:/program files (x86)/cypress/psoc creator/3.2/psoc creator/import/gnu/arm/4.8.4/bin/../lib/gcc/arm-none-eabi/4.8.4/../../../../arm-none-eabi/lib/armv7-m\libg_s.a(lib_a-exit.o)
                              c:/program files (x86)/cypress/psoc creator/3.2/psoc creator/import/gnu/arm/4.8.4/bin/../lib/gcc/arm-none-eabi/4.8.4/../../../../arm-none-eabi/lib/armv7-m/crt0.o (exit)
c:/program files (x86)/cypress/psoc creator/3.2/psoc creator/import/gnu/arm/4.8.4/bin/../lib/gcc/arm-none-eabi/4.8.4/../../../../arm-none-eabi/lib/armv7-m\libg_s.a(lib_a-impure.o)
                              c:/program files (x86)/cypress/psoc creator/3.2/psoc creator/import/gnu/arm/4.8.4/bin/../lib/gcc/arm-none-eabi/4.8.4/../../../../arm-none-eabi/lib/armv7-m\libg_s.a(lib_a-exit.o) (_global_impure_ptr)
c:/program files (x86)/cypress/psoc creator/3.2/psoc creator/import/gnu/arm/4.8.4/bin/../lib/gcc/arm-none-eabi/4.8.4/../../../../arm-none-eabi/lib/armv7-m\libg_s.a(lib_a-init.o)
                              c:/program files (x86)/cypress/psoc creator/3.2/psoc creator/import/gnu/arm/4.8.4/bin/../lib/gcc/arm-none-eabi/4.8.4/../../../../arm-none-eabi/lib/armv7-m/crt0.o (__libc_init_array)
c:/program files (x86)/cypress/psoc creator/3.2/psoc creator/import/gnu/arm/4.8.4/bin/../lib/gcc/arm-none-eabi/4.8.4/../../../../arm-none-eabi/lib/armv7-m\libg_s.a(lib_a-memcpy-stub.o)
                              .\CortexM3\ARM_GCC_484\Debug\WaveGenerator1.a(cyfitter_cfg.o) (memcpy)
c:/program files (x86)/cypress/psoc creator/3.2/psoc creator/import/gnu/arm/4.8.4/bin/../lib/gcc/arm-none-eabi/4.8.4/../../../../arm-none-eabi/lib/armv7-m\libg_s.a(lib_a-memset.o)
                              c:/program files (x86)/cypress/psoc creator/3.2/psoc creator/import/gnu/arm/4.8.4/bin/../lib/gcc/arm-none-eabi/4.8.4/../../../../arm-none-eabi/lib/armv7-m/crt0.o (memset)

Allocating common symbols
Common symbol       size              file

ADC_SAR_countsPerVolt
                    0x2               .\CortexM3\ARM_GCC_484\Debug\WaveGenerator1.a(ADC_SAR.o)
ADC_SAR_shift       0x2               .\CortexM3\ARM_GCC_484\Debug\WaveGenerator1.a(ADC_SAR.o)
ADC_SAR_countsPer10Volt
                    0x4               .\CortexM3\ARM_GCC_484\Debug\WaveGenerator1.a(ADC_SAR.o)
ADC_SAR_offset      0x2               .\CortexM3\ARM_GCC_484\Debug\WaveGenerator1.a(ADC_SAR.o)
dieTemperature      0x2               .\CortexM3\ARM_GCC_484\Debug\WaveGenerator1.a(CyFlash.o)

Discarded input sections

 .text          0x00000000        0x0 c:/program files (x86)/cypress/psoc creator/3.2/psoc creator/import/gnu/arm/4.8.4/bin/../lib/gcc/arm-none-eabi/4.8.4/armv7-m/crti.o
 .data          0x00000000        0x0 c:/program files (x86)/cypress/psoc creator/3.2/psoc creator/import/gnu/arm/4.8.4/bin/../lib/gcc/arm-none-eabi/4.8.4/armv7-m/crti.o
 .bss           0x00000000        0x0 c:/program files (x86)/cypress/psoc creator/3.2/psoc creator/import/gnu/arm/4.8.4/bin/../lib/gcc/arm-none-eabi/4.8.4/armv7-m/crti.o
 .data          0x00000000        0x4 c:/program files (x86)/cypress/psoc creator/3.2/psoc creator/import/gnu/arm/4.8.4/bin/../lib/gcc/arm-none-eabi/4.8.4/armv7-m/crtbegin.o
 .text          0x00000000       0x74 c:/program files (x86)/cypress/psoc creator/3.2/psoc creator/import/gnu/arm/4.8.4/bin/../lib/gcc/arm-none-eabi/4.8.4/../../../../arm-none-eabi/lib/armv7-m/crt0.o
 .data          0x00000000        0x0 c:/program files (x86)/cypress/psoc creator/3.2/psoc creator/import/gnu/arm/4.8.4/bin/../lib/gcc/arm-none-eabi/4.8.4/../../../../arm-none-eabi/lib/armv7-m/crt0.o
 .bss           0x00000000        0x0 c:/program files (x86)/cypress/psoc creator/3.2/psoc creator/import/gnu/arm/4.8.4/bin/../lib/gcc/arm-none-eabi/4.8.4/../../../../arm-none-eabi/lib/armv7-m/crt0.o
 .ARM.extab     0x00000000        0x0 c:/program files (x86)/cypress/psoc creator/3.2/psoc creator/import/gnu/arm/4.8.4/bin/../lib/gcc/arm-none-eabi/4.8.4/../../../../arm-none-eabi/lib/armv7-m/crt0.o
 .ARM.exidx     0x00000000        0x8 c:/program files (x86)/cypress/psoc creator/3.2/psoc creator/import/gnu/arm/4.8.4/bin/../lib/gcc/arm-none-eabi/4.8.4/../../../../arm-none-eabi/lib/armv7-m/crt0.o
 .text          0x00000000        0x0 .\CortexM3\ARM_GCC_484\Debug\main.o
 .data          0x00000000        0x0 .\CortexM3\ARM_GCC_484\Debug\main.o
 .bss           0x00000000        0x0 .\CortexM3\ARM_GCC_484\Debug\main.o
 .text          0x00000000        0x0 .\CortexM3\ARM_GCC_484\Debug\cymetadata.o
 .data          0x00000000        0x0 .\CortexM3\ARM_GCC_484\Debug\cymetadata.o
 .bss           0x00000000        0x0 .\CortexM3\ARM_GCC_484\Debug\cymetadata.o
 .text          0x00000000        0x0 .\CortexM3\ARM_GCC_484\Debug\Cm3Start.o
 .data          0x00000000        0x0 .\CortexM3\ARM_GCC_484\Debug\Cm3Start.o
 .bss           0x00000000        0x0 .\CortexM3\ARM_GCC_484\Debug\Cm3Start.o
 .text._exit    0x00000000       0x28 .\CortexM3\ARM_GCC_484\Debug\Cm3Start.o
 .text          0x00000000        0x0 .\CortexM3\ARM_GCC_484\Debug\WaveGenerator1.a(cyfitter_cfg.o)
 .data          0x00000000        0x0 .\CortexM3\ARM_GCC_484\Debug\WaveGenerator1.a(cyfitter_cfg.o)
 .bss           0x00000000        0x0 .\CortexM3\ARM_GCC_484\Debug\WaveGenerator1.a(cyfitter_cfg.o)
 .text.CYCONFIGCPYCODE
                0x00000000       0x1c .\CortexM3\ARM_GCC_484\Debug\WaveGenerator1.a(cyfitter_cfg.o)
 .text.SetAnalogRoutingPumps
                0x00000000       0x3c .\CortexM3\ARM_GCC_484\Debug\WaveGenerator1.a(cyfitter_cfg.o)
 .text          0x00000000        0x0 .\CortexM3\ARM_GCC_484\Debug\WaveGenerator1.a(VDAC8_1.o)
 .data          0x00000000        0x0 .\CortexM3\ARM_GCC_484\Debug\WaveGenerator1.a(VDAC8_1.o)
 .text.VDAC8_1_Stop
                0x00000000       0x34 .\CortexM3\ARM_GCC_484\Debug\WaveGenerator1.a(VDAC8_1.o)
 .data          0x00000000        0x0 .\CortexM3\ARM_GCC_484\Debug\WaveGenerator1.a(CyBootAsmGnu.o)
 .bss           0x00000000        0x0 .\CortexM3\ARM_GCC_484\Debug\WaveGenerator1.a(CyBootAsmGnu.o)
 .text          0x00000000        0x0 .\CortexM3\ARM_GCC_484\Debug\WaveGenerator1.a(CyLib.o)
 .bss           0x00000000        0x0 .\CortexM3\ARM_GCC_484\Debug\WaveGenerator1.a(CyLib.o)
 .text.CyPLL_OUT_Start
                0x00000000       0xb0 .\CortexM3\ARM_GCC_484\Debug\WaveGenerator1.a(CyLib.o)
 .text.CyPLL_OUT_Stop
                0x00000000       0x20 .\CortexM3\ARM_GCC_484\Debug\WaveGenerator1.a(CyLib.o)
 .text.CyPLL_OUT_SetPQ
                0x00000000       0x90 .\CortexM3\ARM_GCC_484\Debug\WaveGenerator1.a(CyLib.o)
 .text.CyPLL_OUT_SetSource
                0x00000000       0x54 .\CortexM3\ARM_GCC_484\Debug\WaveGenerator1.a(CyLib.o)
 .text.CyIMO_Start
                0x00000000       0x94 .\CortexM3\ARM_GCC_484\Debug\WaveGenerator1.a(CyLib.o)
 .text.CyIMO_Stop
                0x00000000       0x34 .\CortexM3\ARM_GCC_484\Debug\WaveGenerator1.a(CyLib.o)
 .text.CyUSB_PowerOnCheck
                0x00000000       0x60 .\CortexM3\ARM_GCC_484\Debug\WaveGenerator1.a(CyLib.o)
 .text.CyIMO_SetTrimValue
                0x00000000      0x108 .\CortexM3\ARM_GCC_484\Debug\WaveGenerator1.a(CyLib.o)
 .text.CyIMO_SetFreq
                0x00000000      0x1ac .\CortexM3\ARM_GCC_484\Debug\WaveGenerator1.a(CyLib.o)
 .text.CyIMO_SetSource
                0x00000000       0x8c .\CortexM3\ARM_GCC_484\Debug\WaveGenerator1.a(CyLib.o)
 .text.CyIMO_EnableDoubler
                0x00000000       0x20 .\CortexM3\ARM_GCC_484\Debug\WaveGenerator1.a(CyLib.o)
 .text.CyIMO_DisableDoubler
                0x00000000       0x20 .\CortexM3\ARM_GCC_484\Debug\WaveGenerator1.a(CyLib.o)
 .text.CyMasterClk_SetSource
                0x00000000       0x34 .\CortexM3\ARM_GCC_484\Debug\WaveGenerator1.a(CyLib.o)
 .text.CyMasterClk_SetDivider
                0x00000000       0x20 .\CortexM3\ARM_GCC_484\Debug\WaveGenerator1.a(CyLib.o)
 .text.CyBusClk_Internal_SetDivider
                0x00000000       0x78 .\CortexM3\ARM_GCC_484\Debug\WaveGenerator1.a(CyLib.o)
 .text.CyBusClk_SetDivider
                0x00000000       0xb0 .\CortexM3\ARM_GCC_484\Debug\WaveGenerator1.a(CyLib.o)
 .text.CyUsbClk_SetSource
                0x00000000       0x34 .\CortexM3\ARM_GCC_484\Debug\WaveGenerator1.a(CyLib.o)
 .text.CyILO_Start1K
                0x00000000       0x20 .\CortexM3\ARM_GCC_484\Debug\WaveGenerator1.a(CyLib.o)
 .text.CyILO_Stop1K
                0x00000000       0x20 .\CortexM3\ARM_GCC_484\Debug\WaveGenerator1.a(CyLib.o)
 .text.CyILO_Start100K
                0x00000000       0x20 .\CortexM3\ARM_GCC_484\Debug\WaveGenerator1.a(CyLib.o)
 .text.CyILO_Stop100K
                0x00000000       0x20 .\CortexM3\ARM_GCC_484\Debug\WaveGenerator1.a(CyLib.o)
 .text.CyILO_Enable33K
                0x00000000       0x20 .\CortexM3\ARM_GCC_484\Debug\WaveGenerator1.a(CyLib.o)
 .text.CyILO_Disable33K
                0x00000000       0x20 .\CortexM3\ARM_GCC_484\Debug\WaveGenerator1.a(CyLib.o)
 .text.CyILO_SetSource
                0x00000000       0x38 .\CortexM3\ARM_GCC_484\Debug\WaveGenerator1.a(CyLib.o)
 .text.CyILO_SetPowerMode
                0x00000000       0x4c .\CortexM3\ARM_GCC_484\Debug\WaveGenerator1.a(CyLib.o)
 .text.CyXTAL_32KHZ_Start
                0x00000000       0x84 .\CortexM3\ARM_GCC_484\Debug\WaveGenerator1.a(CyLib.o)
 .text.CyXTAL_32KHZ_Stop
                0x00000000       0x50 .\CortexM3\ARM_GCC_484\Debug\WaveGenerator1.a(CyLib.o)
 .text.CyXTAL_32KHZ_ReadStatus
                0x00000000       0x20 .\CortexM3\ARM_GCC_484\Debug\WaveGenerator1.a(CyLib.o)
 .text.CyXTAL_32KHZ_SetPowerMode
                0x00000000       0xb4 .\CortexM3\ARM_GCC_484\Debug\WaveGenerator1.a(CyLib.o)
 .text.CyXTAL_Start
                0x00000000       0xd0 .\CortexM3\ARM_GCC_484\Debug\WaveGenerator1.a(CyLib.o)
 .text.CyXTAL_Stop
                0x00000000       0x20 .\CortexM3\ARM_GCC_484\Debug\WaveGenerator1.a(CyLib.o)
 .text.CyXTAL_EnableErrStatus
                0x00000000       0x20 .\CortexM3\ARM_GCC_484\Debug\WaveGenerator1.a(CyLib.o)
 .text.CyXTAL_DisableErrStatus
                0x00000000       0x20 .\CortexM3\ARM_GCC_484\Debug\WaveGenerator1.a(CyLib.o)
 .text.CyXTAL_ReadStatus
                0x00000000       0x28 .\CortexM3\ARM_GCC_484\Debug\WaveGenerator1.a(CyLib.o)
 .text.CyXTAL_EnableFaultRecovery
                0x00000000       0x20 .\CortexM3\ARM_GCC_484\Debug\WaveGenerator1.a(CyLib.o)
 .text.CyXTAL_DisableFaultRecovery
                0x00000000       0x20 .\CortexM3\ARM_GCC_484\Debug\WaveGenerator1.a(CyLib.o)
 .text.CyXTAL_SetStartup
                0x00000000       0x34 .\CortexM3\ARM_GCC_484\Debug\WaveGenerator1.a(CyLib.o)
 .text.CyXTAL_SetFbVoltage
                0x00000000       0x34 .\CortexM3\ARM_GCC_484\Debug\WaveGenerator1.a(CyLib.o)
 .text.CyXTAL_SetWdVoltage
                0x00000000       0x38 .\CortexM3\ARM_GCC_484\Debug\WaveGenerator1.a(CyLib.o)
 .text.CySoftwareReset
                0x00000000       0x20 .\CortexM3\ARM_GCC_484\Debug\WaveGenerator1.a(CyLib.o)
 .text.CyDelay  0x00000000       0x44 .\CortexM3\ARM_GCC_484\Debug\WaveGenerator1.a(CyLib.o)
 .text.CyDelayFreq
                0x00000000       0x7c .\CortexM3\ARM_GCC_484\Debug\WaveGenerator1.a(CyLib.o)
 .text.CyWdtStart
                0x00000000       0x88 .\CortexM3\ARM_GCC_484\Debug\WaveGenerator1.a(CyLib.o)
 .text.CyWdtClear
                0x00000000       0x18 .\CortexM3\ARM_GCC_484\Debug\WaveGenerator1.a(CyLib.o)
 .text.CyVdLvDigitEnable
                0x00000000       0xb0 .\CortexM3\ARM_GCC_484\Debug\WaveGenerator1.a(CyLib.o)
 .text.CyVdLvAnalogEnable
                0x00000000       0xb0 .\CortexM3\ARM_GCC_484\Debug\WaveGenerator1.a(CyLib.o)
 .text.CyVdLvDigitDisable
                0x00000000       0x48 .\CortexM3\ARM_GCC_484\Debug\WaveGenerator1.a(CyLib.o)
 .text.CyVdLvAnalogDisable
                0x00000000       0x48 .\CortexM3\ARM_GCC_484\Debug\WaveGenerator1.a(CyLib.o)
 .text.CyVdHvAnalogEnable
                0x00000000       0x5c .\CortexM3\ARM_GCC_484\Debug\WaveGenerator1.a(CyLib.o)
 .text.CyVdHvAnalogDisable
                0x00000000       0x20 .\CortexM3\ARM_GCC_484\Debug\WaveGenerator1.a(CyLib.o)
 .text.CyVdStickyStatus
                0x00000000       0x38 .\CortexM3\ARM_GCC_484\Debug\WaveGenerator1.a(CyLib.o)
 .text.CyVdRealTimeStatus
                0x00000000       0x2c .\CortexM3\ARM_GCC_484\Debug\WaveGenerator1.a(CyLib.o)
 .text.CyDisableInts
                0x00000000       0x34 .\CortexM3\ARM_GCC_484\Debug\WaveGenerator1.a(CyLib.o)
 .text.CyEnableInts
                0x00000000       0x28 .\CortexM3\ARM_GCC_484\Debug\WaveGenerator1.a(CyLib.o)
 .text.CyFlushCache
                0x00000000       0x70 .\CortexM3\ARM_GCC_484\Debug\WaveGenerator1.a(CyLib.o)
 .text.CyIntSetSysVector
                0x00000000       0x4c .\CortexM3\ARM_GCC_484\Debug\WaveGenerator1.a(CyLib.o)
 .text.CyIntGetSysVector
                0x00000000       0x38 .\CortexM3\ARM_GCC_484\Debug\WaveGenerator1.a(CyLib.o)
 .text.CyIntGetVector
                0x00000000       0x38 .\CortexM3\ARM_GCC_484\Debug\WaveGenerator1.a(CyLib.o)
 .text.CyIntGetPriority
                0x00000000       0x38 .\CortexM3\ARM_GCC_484\Debug\WaveGenerator1.a(CyLib.o)
 .text.CyIntGetState
                0x00000000       0x44 .\CortexM3\ARM_GCC_484\Debug\WaveGenerator1.a(CyLib.o)
 .text          0x00000000        0x0 .\CortexM3\ARM_GCC_484\Debug\WaveGenerator1.a(cyPm.o)
 .data          0x00000000        0x0 .\CortexM3\ARM_GCC_484\Debug\WaveGenerator1.a(cyPm.o)
 .bss           0x00000000       0x44 .\CortexM3\ARM_GCC_484\Debug\WaveGenerator1.a(cyPm.o)
 .rodata        0x00000000       0x10 .\CortexM3\ARM_GCC_484\Debug\WaveGenerator1.a(cyPm.o)
 .text.CyPmSaveClocks
                0x00000000      0x280 .\CortexM3\ARM_GCC_484\Debug\WaveGenerator1.a(cyPm.o)
 .text.CyPmRestoreClocks
                0x00000000      0x300 .\CortexM3\ARM_GCC_484\Debug\WaveGenerator1.a(cyPm.o)
 .text.CyPmAltAct
                0x00000000       0xb8 .\CortexM3\ARM_GCC_484\Debug\WaveGenerator1.a(cyPm.o)
 .text.CyPmSleep
                0x00000000      0x16c .\CortexM3\ARM_GCC_484\Debug\WaveGenerator1.a(cyPm.o)
 .text.CyPmHibernate
                0x00000000      0x140 .\CortexM3\ARM_GCC_484\Debug\WaveGenerator1.a(cyPm.o)
 .text.CyPmReadStatus
                0x00000000       0x58 .\CortexM3\ARM_GCC_484\Debug\WaveGenerator1.a(cyPm.o)
 .text.CyPmHibSaveSet
                0x00000000       0xd4 .\CortexM3\ARM_GCC_484\Debug\WaveGenerator1.a(cyPm.o)
 .text.CyPmHibRestore
                0x00000000       0x68 .\CortexM3\ARM_GCC_484\Debug\WaveGenerator1.a(cyPm.o)
 .text.CyPmCtwSetInterval
                0x00000000       0x90 .\CortexM3\ARM_GCC_484\Debug\WaveGenerator1.a(cyPm.o)
 .text.CyPmOppsSet
                0x00000000       0x40 .\CortexM3\ARM_GCC_484\Debug\WaveGenerator1.a(cyPm.o)
 .text.CyPmFtwSetInterval
                0x00000000       0x90 .\CortexM3\ARM_GCC_484\Debug\WaveGenerator1.a(cyPm.o)
 .text.CyPmHibSlpSaveSet
                0x00000000      0x280 .\CortexM3\ARM_GCC_484\Debug\WaveGenerator1.a(cyPm.o)
 .text.CyPmHibSlpRestore
                0x00000000      0x188 .\CortexM3\ARM_GCC_484\Debug\WaveGenerator1.a(cyPm.o)
 .text.CyPmHviLviSaveDisable
                0x00000000       0xd4 .\CortexM3\ARM_GCC_484\Debug\WaveGenerator1.a(cyPm.o)
 .text.CyPmHviLviRestore
                0x00000000       0x54 .\CortexM3\ARM_GCC_484\Debug\WaveGenerator1.a(cyPm.o)
 .text          0x00000000        0x0 .\CortexM3\ARM_GCC_484\Debug\WaveGenerator1.a(VDAC8.o)
 .data          0x00000000        0x0 .\CortexM3\ARM_GCC_484\Debug\WaveGenerator1.a(VDAC8.o)
 .text.VDAC8_Stop
                0x00000000       0x34 .\CortexM3\ARM_GCC_484\Debug\WaveGenerator1.a(VDAC8.o)
 .text          0x00000000        0x0 .\CortexM3\ARM_GCC_484\Debug\WaveGenerator1.a(isr.o)
 .data          0x00000000        0x0 .\CortexM3\ARM_GCC_484\Debug\WaveGenerator1.a(isr.o)
 .text.isr_StartEx
                0x00000000       0x24 .\CortexM3\ARM_GCC_484\Debug\WaveGenerator1.a(isr.o)
 .text.isr_Stop
                0x00000000       0x14 .\CortexM3\ARM_GCC_484\Debug\WaveGenerator1.a(isr.o)
 .text.isr_GetVector
                0x00000000       0x20 .\CortexM3\ARM_GCC_484\Debug\WaveGenerator1.a(isr.o)
 .text.isr_GetPriority
                0x00000000       0x24 .\CortexM3\ARM_GCC_484\Debug\WaveGenerator1.a(isr.o)
 .text.isr_GetState
                0x00000000       0x24 .\CortexM3\ARM_GCC_484\Debug\WaveGenerator1.a(isr.o)
 .text.isr_SetPending
                0x00000000       0x18 .\CortexM3\ARM_GCC_484\Debug\WaveGenerator1.a(isr.o)
 .text.isr_ClearPending
                0x00000000       0x18 .\CortexM3\ARM_GCC_484\Debug\WaveGenerator1.a(isr.o)
 .text          0x00000000        0x0 .\CortexM3\ARM_GCC_484\Debug\WaveGenerator1.a(ADC_SAR.o)
 .data          0x00000000        0x0 .\CortexM3\ARM_GCC_484\Debug\WaveGenerator1.a(ADC_SAR.o)
 .text.ADC_SAR_Stop
                0x00000000       0x80 .\CortexM3\ARM_GCC_484\Debug\WaveGenerator1.a(ADC_SAR.o)
 .text.ADC_SAR_SetPower
                0x00000000       0x40 .\CortexM3\ARM_GCC_484\Debug\WaveGenerator1.a(ADC_SAR.o)
 .text.ADC_SAR_IsEndConversion
                0x00000000       0x40 .\CortexM3\ARM_GCC_484\Debug\WaveGenerator1.a(ADC_SAR.o)
 .text.ADC_SAR_GetResult8
                0x00000000       0x2c .\CortexM3\ARM_GCC_484\Debug\WaveGenerator1.a(ADC_SAR.o)
 .text.ADC_SAR_SetOffset
                0x00000000       0x20 .\CortexM3\ARM_GCC_484\Debug\WaveGenerator1.a(ADC_SAR.o)
 .text.ADC_SAR_SetGain
                0x00000000       0x2c .\CortexM3\ARM_GCC_484\Debug\WaveGenerator1.a(ADC_SAR.o)
 .text.ADC_SAR_SetScaledGain
                0x00000000       0x1c .\CortexM3\ARM_GCC_484\Debug\WaveGenerator1.a(ADC_SAR.o)
 .text.ADC_SAR_CountsTo_mVolts
                0x00000000       0x8c .\CortexM3\ARM_GCC_484\Debug\WaveGenerator1.a(ADC_SAR.o)
 .text.ADC_SAR_CountsTo_uVolts
                0x00000000       0x94 .\CortexM3\ARM_GCC_484\Debug\WaveGenerator1.a(ADC_SAR.o)
 .text.ADC_SAR_CountsTo_Volts
                0x00000000       0x84 .\CortexM3\ARM_GCC_484\Debug\WaveGenerator1.a(ADC_SAR.o)
 .text          0x00000000        0x0 .\CortexM3\ARM_GCC_484\Debug\WaveGenerator1.a(ADC_SAR_INT.o)
 .data          0x00000000        0x0 .\CortexM3\ARM_GCC_484\Debug\WaveGenerator1.a(ADC_SAR_INT.o)
 .bss           0x00000000        0x0 .\CortexM3\ARM_GCC_484\Debug\WaveGenerator1.a(ADC_SAR_INT.o)
 .text          0x00000000        0x0 .\CortexM3\ARM_GCC_484\Debug\WaveGenerator1.a(ADC_SAR_theACLK.o)
 .data          0x00000000        0x0 .\CortexM3\ARM_GCC_484\Debug\WaveGenerator1.a(ADC_SAR_theACLK.o)
 .bss           0x00000000        0x0 .\CortexM3\ARM_GCC_484\Debug\WaveGenerator1.a(ADC_SAR_theACLK.o)
 .text.ADC_SAR_theACLK_Start
                0x00000000       0x34 .\CortexM3\ARM_GCC_484\Debug\WaveGenerator1.a(ADC_SAR_theACLK.o)
 .text.ADC_SAR_theACLK_Stop
                0x00000000       0x34 .\CortexM3\ARM_GCC_484\Debug\WaveGenerator1.a(ADC_SAR_theACLK.o)
 .text.ADC_SAR_theACLK_StopBlock
                0x00000000       0xb0 .\CortexM3\ARM_GCC_484\Debug\WaveGenerator1.a(ADC_SAR_theACLK.o)
 .text.ADC_SAR_theACLK_StandbyPower
                0x00000000       0x40 .\CortexM3\ARM_GCC_484\Debug\WaveGenerator1.a(ADC_SAR_theACLK.o)
 .text.ADC_SAR_theACLK_SetDividerRegister
                0x00000000      0x15c .\CortexM3\ARM_GCC_484\Debug\WaveGenerator1.a(ADC_SAR_theACLK.o)
 .text.ADC_SAR_theACLK_GetDividerRegister
                0x00000000       0x18 .\CortexM3\ARM_GCC_484\Debug\WaveGenerator1.a(ADC_SAR_theACLK.o)
 .text.ADC_SAR_theACLK_ClearModeRegister
                0x00000000       0x34 .\CortexM3\ARM_GCC_484\Debug\WaveGenerator1.a(ADC_SAR_theACLK.o)
 .text.ADC_SAR_theACLK_GetModeRegister
                0x00000000       0x20 .\CortexM3\ARM_GCC_484\Debug\WaveGenerator1.a(ADC_SAR_theACLK.o)
 .text.ADC_SAR_theACLK_SetSourceRegister
                0x00000000       0xbc .\CortexM3\ARM_GCC_484\Debug\WaveGenerator1.a(ADC_SAR_theACLK.o)
 .text.ADC_SAR_theACLK_GetSourceRegister
                0x00000000       0x20 .\CortexM3\ARM_GCC_484\Debug\WaveGenerator1.a(ADC_SAR_theACLK.o)
 .text          0x00000000        0x0 .\CortexM3\ARM_GCC_484\Debug\WaveGenerator1.a(CyFlash.o)
 .data          0x00000000        0x0 .\CortexM3\ARM_GCC_484\Debug\WaveGenerator1.a(CyFlash.o)
 .bss           0x00000000        0x4 .\CortexM3\ARM_GCC_484\Debug\WaveGenerator1.a(CyFlash.o)
 .text.CyFlash_Start
                0x00000000       0x34 .\CortexM3\ARM_GCC_484\Debug\WaveGenerator1.a(CyFlash.o)
 .text.CyFlash_Stop
                0x00000000       0x34 .\CortexM3\ARM_GCC_484\Debug\WaveGenerator1.a(CyFlash.o)
 .text.CySetTempInt
                0x00000000       0x7c .\CortexM3\ARM_GCC_484\Debug\WaveGenerator1.a(CyFlash.o)
 .text.CySetTemp
                0x00000000       0x24 .\CortexM3\ARM_GCC_484\Debug\WaveGenerator1.a(CyFlash.o)
 .text.CySetFlashEEBuffer
                0x00000000       0x54 .\CortexM3\ARM_GCC_484\Debug\WaveGenerator1.a(CyFlash.o)
 .text.CyWriteRowData
                0x00000000       0x9c .\CortexM3\ARM_GCC_484\Debug\WaveGenerator1.a(CyFlash.o)
 .text.CyWriteRowFull
                0x00000000       0xe8 .\CortexM3\ARM_GCC_484\Debug\WaveGenerator1.a(CyFlash.o)
 .text.CyFlash_SetWaitCycles
                0x00000000       0x90 .\CortexM3\ARM_GCC_484\Debug\WaveGenerator1.a(CyFlash.o)
 .text.CyEEPROM_Start
                0x00000000       0x34 .\CortexM3\ARM_GCC_484\Debug\WaveGenerator1.a(CyFlash.o)
 .text.CyEEPROM_Stop
                0x00000000       0x34 .\CortexM3\ARM_GCC_484\Debug\WaveGenerator1.a(CyFlash.o)
 .text.CyEEPROM_ReadReserve
                0x00000000       0x30 .\CortexM3\ARM_GCC_484\Debug\WaveGenerator1.a(CyFlash.o)
 .text.CyEEPROM_ReadRelease
                0x00000000       0x20 .\CortexM3\ARM_GCC_484\Debug\WaveGenerator1.a(CyFlash.o)
 COMMON         0x00000000        0x2 .\CortexM3\ARM_GCC_484\Debug\WaveGenerator1.a(CyFlash.o)
 .text          0x00000000        0x0 .\CortexM3\ARM_GCC_484\Debug\WaveGenerator1.a(CySpc.o)
 .data          0x00000000        0x0 .\CortexM3\ARM_GCC_484\Debug\WaveGenerator1.a(CySpc.o)
 .bss           0x00000000        0x8 .\CortexM3\ARM_GCC_484\Debug\WaveGenerator1.a(CySpc.o)
 .text.CySpcStart
                0x00000000       0x44 .\CortexM3\ARM_GCC_484\Debug\WaveGenerator1.a(CySpc.o)
 .text.CySpcStop
                0x00000000       0x44 .\CortexM3\ARM_GCC_484\Debug\WaveGenerator1.a(CySpc.o)
 .text.CySpcReadData
                0x00000000       0x58 .\CortexM3\ARM_GCC_484\Debug\WaveGenerator1.a(CySpc.o)
 .text.CySpcLoadMultiByte
                0x00000000       0xd0 .\CortexM3\ARM_GCC_484\Debug\WaveGenerator1.a(CySpc.o)
 .text.CySpcLoadRow
                0x00000000       0x8c .\CortexM3\ARM_GCC_484\Debug\WaveGenerator1.a(CySpc.o)
 .text.CySpcWriteRow
                0x00000000       0x88 .\CortexM3\ARM_GCC_484\Debug\WaveGenerator1.a(CySpc.o)
 .text.CySpcEraseSector
                0x00000000       0x70 .\CortexM3\ARM_GCC_484\Debug\WaveGenerator1.a(CySpc.o)
 .text.CySpcGetTemp
                0x00000000       0x64 .\CortexM3\ARM_GCC_484\Debug\WaveGenerator1.a(CySpc.o)
 .text.CySpcLock
                0x00000000       0x68 .\CortexM3\ARM_GCC_484\Debug\WaveGenerator1.a(CySpc.o)
 .text.CySpcUnlock
                0x00000000       0x50 .\CortexM3\ARM_GCC_484\Debug\WaveGenerator1.a(CySpc.o)
 .text          0x00000000      0x21c c:/program files (x86)/cypress/psoc creator/3.2/psoc creator/import/gnu/arm/4.8.4/bin/../lib/gcc/arm-none-eabi/4.8.4/armv7-m\libgcc.a(_arm_addsubsf3.o)
 .data          0x00000000        0x0 c:/program files (x86)/cypress/psoc creator/3.2/psoc creator/import/gnu/arm/4.8.4/bin/../lib/gcc/arm-none-eabi/4.8.4/armv7-m\libgcc.a(_arm_addsubsf3.o)
 .bss           0x00000000        0x0 c:/program files (x86)/cypress/psoc creator/3.2/psoc creator/import/gnu/arm/4.8.4/bin/../lib/gcc/arm-none-eabi/4.8.4/armv7-m\libgcc.a(_arm_addsubsf3.o)
 .text          0x00000000      0x2a0 c:/program files (x86)/cypress/psoc creator/3.2/psoc creator/import/gnu/arm/4.8.4/bin/../lib/gcc/arm-none-eabi/4.8.4/armv7-m\libgcc.a(_arm_muldivsf3.o)
 .data          0x00000000        0x0 c:/program files (x86)/cypress/psoc creator/3.2/psoc creator/import/gnu/arm/4.8.4/bin/../lib/gcc/arm-none-eabi/4.8.4/armv7-m\libgcc.a(_arm_muldivsf3.o)
 .bss           0x00000000        0x0 c:/program files (x86)/cypress/psoc creator/3.2/psoc creator/import/gnu/arm/4.8.4/bin/../lib/gcc/arm-none-eabi/4.8.4/armv7-m\libgcc.a(_arm_muldivsf3.o)
 .text          0x00000000       0x38 c:/program files (x86)/cypress/psoc creator/3.2/psoc creator/import/gnu/arm/4.8.4/bin/../lib/gcc/arm-none-eabi/4.8.4/armv7-m\libgcc.a(_aeabi_ldivmod.o)
 .data          0x00000000        0x0 c:/program files (x86)/cypress/psoc creator/3.2/psoc creator/import/gnu/arm/4.8.4/bin/../lib/gcc/arm-none-eabi/4.8.4/armv7-m\libgcc.a(_aeabi_ldivmod.o)
 .bss           0x00000000        0x0 c:/program files (x86)/cypress/psoc creator/3.2/psoc creator/import/gnu/arm/4.8.4/bin/../lib/gcc/arm-none-eabi/4.8.4/armv7-m\libgcc.a(_aeabi_ldivmod.o)
 .text          0x00000000       0x60 c:/program files (x86)/cypress/psoc creator/3.2/psoc creator/import/gnu/arm/4.8.4/bin/../lib/gcc/arm-none-eabi/4.8.4/armv7-m\libgcc.a(bpabi.o)
 .data          0x00000000        0x0 c:/program files (x86)/cypress/psoc creator/3.2/psoc creator/import/gnu/arm/4.8.4/bin/../lib/gcc/arm-none-eabi/4.8.4/armv7-m\libgcc.a(bpabi.o)
 .bss           0x00000000        0x0 c:/program files (x86)/cypress/psoc creator/3.2/psoc creator/import/gnu/arm/4.8.4/bin/../lib/gcc/arm-none-eabi/4.8.4/armv7-m\libgcc.a(bpabi.o)
 .text          0x00000000        0x4 c:/program files (x86)/cypress/psoc creator/3.2/psoc creator/import/gnu/arm/4.8.4/bin/../lib/gcc/arm-none-eabi/4.8.4/armv7-m\libgcc.a(_dvmd_tls.o)
 .data          0x00000000        0x0 c:/program files (x86)/cypress/psoc creator/3.2/psoc creator/import/gnu/arm/4.8.4/bin/../lib/gcc/arm-none-eabi/4.8.4/armv7-m\libgcc.a(_dvmd_tls.o)
 .bss           0x00000000        0x0 c:/program files (x86)/cypress/psoc creator/3.2/psoc creator/import/gnu/arm/4.8.4/bin/../lib/gcc/arm-none-eabi/4.8.4/armv7-m\libgcc.a(_dvmd_tls.o)
 .text          0x00000000      0x2a0 c:/program files (x86)/cypress/psoc creator/3.2/psoc creator/import/gnu/arm/4.8.4/bin/../lib/gcc/arm-none-eabi/4.8.4/armv7-m\libgcc.a(_divdi3.o)
 .data          0x00000000        0x0 c:/program files (x86)/cypress/psoc creator/3.2/psoc creator/import/gnu/arm/4.8.4/bin/../lib/gcc/arm-none-eabi/4.8.4/armv7-m\libgcc.a(_divdi3.o)
 .bss           0x00000000        0x0 c:/program files (x86)/cypress/psoc creator/3.2/psoc creator/import/gnu/arm/4.8.4/bin/../lib/gcc/arm-none-eabi/4.8.4/armv7-m\libgcc.a(_divdi3.o)
 .ARM.extab     0x00000000        0x0 c:/program files (x86)/cypress/psoc creator/3.2/psoc creator/import/gnu/arm/4.8.4/bin/../lib/gcc/arm-none-eabi/4.8.4/armv7-m\libgcc.a(_divdi3.o)
 .ARM.exidx     0x00000000        0x8 c:/program files (x86)/cypress/psoc creator/3.2/psoc creator/import/gnu/arm/4.8.4/bin/../lib/gcc/arm-none-eabi/4.8.4/armv7-m\libgcc.a(_divdi3.o)
 .text          0x00000000      0x290 c:/program files (x86)/cypress/psoc creator/3.2/psoc creator/import/gnu/arm/4.8.4/bin/../lib/gcc/arm-none-eabi/4.8.4/armv7-m\libgcc.a(_udivdi3.o)
 .data          0x00000000        0x0 c:/program files (x86)/cypress/psoc creator/3.2/psoc creator/import/gnu/arm/4.8.4/bin/../lib/gcc/arm-none-eabi/4.8.4/armv7-m\libgcc.a(_udivdi3.o)
 .bss           0x00000000        0x0 c:/program files (x86)/cypress/psoc creator/3.2/psoc creator/import/gnu/arm/4.8.4/bin/../lib/gcc/arm-none-eabi/4.8.4/armv7-m\libgcc.a(_udivdi3.o)
 .ARM.extab     0x00000000        0x0 c:/program files (x86)/cypress/psoc creator/3.2/psoc creator/import/gnu/arm/4.8.4/bin/../lib/gcc/arm-none-eabi/4.8.4/armv7-m\libgcc.a(_udivdi3.o)
 .ARM.exidx     0x00000000        0x8 c:/program files (x86)/cypress/psoc creator/3.2/psoc creator/import/gnu/arm/4.8.4/bin/../lib/gcc/arm-none-eabi/4.8.4/armv7-m\libgcc.a(_udivdi3.o)
 .text          0x00000000        0x0 c:/program files (x86)/cypress/psoc creator/3.2/psoc creator/import/gnu/arm/4.8.4/bin/../lib/gcc/arm-none-eabi/4.8.4/../../../../arm-none-eabi/lib/armv7-m\libg_s.a(lib_a-exit.o)
 .data          0x00000000        0x0 c:/program files (x86)/cypress/psoc creator/3.2/psoc creator/import/gnu/arm/4.8.4/bin/../lib/gcc/arm-none-eabi/4.8.4/../../../../arm-none-eabi/lib/armv7-m\libg_s.a(lib_a-exit.o)
 .bss           0x00000000        0x0 c:/program files (x86)/cypress/psoc creator/3.2/psoc creator/import/gnu/arm/4.8.4/bin/../lib/gcc/arm-none-eabi/4.8.4/../../../../arm-none-eabi/lib/armv7-m\libg_s.a(lib_a-exit.o)
 .text.exit     0x00000000       0x28 c:/program files (x86)/cypress/psoc creator/3.2/psoc creator/import/gnu/arm/4.8.4/bin/../lib/gcc/arm-none-eabi/4.8.4/../../../../arm-none-eabi/lib/armv7-m\libg_s.a(lib_a-exit.o)
 .text          0x00000000        0x0 c:/program files (x86)/cypress/psoc creator/3.2/psoc creator/import/gnu/arm/4.8.4/bin/../lib/gcc/arm-none-eabi/4.8.4/../../../../arm-none-eabi/lib/armv7-m\libg_s.a(lib_a-impure.o)
 .data          0x00000000        0x0 c:/program files (x86)/cypress/psoc creator/3.2/psoc creator/import/gnu/arm/4.8.4/bin/../lib/gcc/arm-none-eabi/4.8.4/../../../../arm-none-eabi/lib/armv7-m\libg_s.a(lib_a-impure.o)
 .bss           0x00000000        0x0 c:/program files (x86)/cypress/psoc creator/3.2/psoc creator/import/gnu/arm/4.8.4/bin/../lib/gcc/arm-none-eabi/4.8.4/../../../../arm-none-eabi/lib/armv7-m\libg_s.a(lib_a-impure.o)
 .data.impure_data
                0x00000000       0x60 c:/program files (x86)/cypress/psoc creator/3.2/psoc creator/import/gnu/arm/4.8.4/bin/../lib/gcc/arm-none-eabi/4.8.4/../../../../arm-none-eabi/lib/armv7-m\libg_s.a(lib_a-impure.o)
 .data._impure_ptr
                0x00000000        0x4 c:/program files (x86)/cypress/psoc creator/3.2/psoc creator/import/gnu/arm/4.8.4/bin/../lib/gcc/arm-none-eabi/4.8.4/../../../../arm-none-eabi/lib/armv7-m\libg_s.a(lib_a-impure.o)
 .rodata.str1.1
                0x00000000        0x2 c:/program files (x86)/cypress/psoc creator/3.2/psoc creator/import/gnu/arm/4.8.4/bin/../lib/gcc/arm-none-eabi/4.8.4/../../../../arm-none-eabi/lib/armv7-m\libg_s.a(lib_a-impure.o)
 .rodata._global_impure_ptr
                0x00000000        0x4 c:/program files (x86)/cypress/psoc creator/3.2/psoc creator/import/gnu/arm/4.8.4/bin/../lib/gcc/arm-none-eabi/4.8.4/../../../../arm-none-eabi/lib/armv7-m\libg_s.a(lib_a-impure.o)
 .text          0x00000000        0x0 c:/program files (x86)/cypress/psoc creator/3.2/psoc creator/import/gnu/arm/4.8.4/bin/../lib/gcc/arm-none-eabi/4.8.4/../../../../arm-none-eabi/lib/armv7-m\libg_s.a(lib_a-init.o)
 .data          0x00000000        0x0 c:/program files (x86)/cypress/psoc creator/3.2/psoc creator/import/gnu/arm/4.8.4/bin/../lib/gcc/arm-none-eabi/4.8.4/../../../../arm-none-eabi/lib/armv7-m\libg_s.a(lib_a-init.o)
 .bss           0x00000000        0x0 c:/program files (x86)/cypress/psoc creator/3.2/psoc creator/import/gnu/arm/4.8.4/bin/../lib/gcc/arm-none-eabi/4.8.4/../../../../arm-none-eabi/lib/armv7-m\libg_s.a(lib_a-init.o)
 .text          0x00000000        0x0 c:/program files (x86)/cypress/psoc creator/3.2/psoc creator/import/gnu/arm/4.8.4/bin/../lib/gcc/arm-none-eabi/4.8.4/../../../../arm-none-eabi/lib/armv7-m\libg_s.a(lib_a-memcpy-stub.o)
 .data          0x00000000        0x0 c:/program files (x86)/cypress/psoc creator/3.2/psoc creator/import/gnu/arm/4.8.4/bin/../lib/gcc/arm-none-eabi/4.8.4/../../../../arm-none-eabi/lib/armv7-m\libg_s.a(lib_a-memcpy-stub.o)
 .bss           0x00000000        0x0 c:/program files (x86)/cypress/psoc creator/3.2/psoc creator/import/gnu/arm/4.8.4/bin/../lib/gcc/arm-none-eabi/4.8.4/../../../../arm-none-eabi/lib/armv7-m\libg_s.a(lib_a-memcpy-stub.o)
 .text          0x00000000        0x0 c:/program files (x86)/cypress/psoc creator/3.2/psoc creator/import/gnu/arm/4.8.4/bin/../lib/gcc/arm-none-eabi/4.8.4/../../../../arm-none-eabi/lib/armv7-m\libg_s.a(lib_a-memset.o)
 .data          0x00000000        0x0 c:/program files (x86)/cypress/psoc creator/3.2/psoc creator/import/gnu/arm/4.8.4/bin/../lib/gcc/arm-none-eabi/4.8.4/../../../../arm-none-eabi/lib/armv7-m\libg_s.a(lib_a-memset.o)
 .bss           0x00000000        0x0 c:/program files (x86)/cypress/psoc creator/3.2/psoc creator/import/gnu/arm/4.8.4/bin/../lib/gcc/arm-none-eabi/4.8.4/../../../../arm-none-eabi/lib/armv7-m\libg_s.a(lib_a-memset.o)
 .text          0x00000000        0x0 c:/program files (x86)/cypress/psoc creator/3.2/psoc creator/import/gnu/arm/4.8.4/bin/../lib/gcc/arm-none-eabi/4.8.4/armv7-m/crtend.o
 .data          0x00000000        0x0 c:/program files (x86)/cypress/psoc creator/3.2/psoc creator/import/gnu/arm/4.8.4/bin/../lib/gcc/arm-none-eabi/4.8.4/armv7-m/crtend.o
 .bss           0x00000000        0x0 c:/program files (x86)/cypress/psoc creator/3.2/psoc creator/import/gnu/arm/4.8.4/bin/../lib/gcc/arm-none-eabi/4.8.4/armv7-m/crtend.o
 .text          0x00000000        0x0 c:/program files (x86)/cypress/psoc creator/3.2/psoc creator/import/gnu/arm/4.8.4/bin/../lib/gcc/arm-none-eabi/4.8.4/armv7-m/crtn.o
 .data          0x00000000        0x0 c:/program files (x86)/cypress/psoc creator/3.2/psoc creator/import/gnu/arm/4.8.4/bin/../lib/gcc/arm-none-eabi/4.8.4/armv7-m/crtn.o
 .bss           0x00000000        0x0 c:/program files (x86)/cypress/psoc creator/3.2/psoc creator/import/gnu/arm/4.8.4/bin/../lib/gcc/arm-none-eabi/4.8.4/armv7-m/crtn.o

Memory Configuration

Name             Origin             Length             Attributes
rom              0x00000000         0x00040000         xr
ram              0x1fff8000         0x00010000         xrw
*default*        0x00000000         0xffffffff

Linker script and memory map

LOAD c:/program files (x86)/cypress/psoc creator/3.2/psoc creator/import/gnu/arm/4.8.4/bin/../lib/gcc/arm-none-eabi/4.8.4/armv7-m/crti.o
LOAD c:/program files (x86)/cypress/psoc creator/3.2/psoc creator/import/gnu/arm/4.8.4/bin/../lib/gcc/arm-none-eabi/4.8.4/armv7-m/crtbegin.o
LOAD c:/program files (x86)/cypress/psoc creator/3.2/psoc creator/import/gnu/arm/4.8.4/bin/../lib/gcc/arm-none-eabi/4.8.4/../../../../arm-none-eabi/lib/armv7-m/crt0.o
START GROUP
LOAD .\CortexM3\ARM_GCC_484\Debug\main.o
LOAD .\CortexM3\ARM_GCC_484\Debug\cymetadata.o
LOAD .\CortexM3\ARM_GCC_484\Debug\Cm3Start.o
LOAD .\CortexM3\ARM_GCC_484\Debug\WaveGenerator1.a
LOAD C:\Program Files (x86)\Cypress\PSoC Creator\3.2\PSoC Creator\psoc\content\cycomponentlibrary\CyComponentLibrary.cylib\CortexM3\ARM_GCC_484\Debug\CyComponentLibrary.a
END GROUP
START GROUP
LOAD c:/program files (x86)/cypress/psoc creator/3.2/psoc creator/import/gnu/arm/4.8.4/bin/../lib/gcc/arm-none-eabi/4.8.4/armv7-m\libgcc.a
LOAD c:/program files (x86)/cypress/psoc creator/3.2/psoc creator/import/gnu/arm/4.8.4/bin/../lib/gcc/arm-none-eabi/4.8.4/../../../../arm-none-eabi/lib/armv7-m\libg_s.a
LOAD c:/program files (x86)/cypress/psoc creator/3.2/psoc creator/import/gnu/arm/4.8.4/bin/../lib/gcc/arm-none-eabi/4.8.4/../../../../arm-none-eabi/lib/armv7-m\libc_s.a
END GROUP
START GROUP
LOAD c:/program files (x86)/cypress/psoc creator/3.2/psoc creator/import/gnu/arm/4.8.4/bin/../lib/gcc/arm-none-eabi/4.8.4/armv7-m\libgcc.a
LOAD c:/program files (x86)/cypress/psoc creator/3.2/psoc creator/import/gnu/arm/4.8.4/bin/../lib/gcc/arm-none-eabi/4.8.4/../../../../arm-none-eabi/lib/armv7-m\libc_s.a
END GROUP
LOAD c:/program files (x86)/cypress/psoc creator/3.2/psoc creator/import/gnu/arm/4.8.4/bin/../lib/gcc/arm-none-eabi/4.8.4/armv7-m/crtend.o
LOAD c:/program files (x86)/cypress/psoc creator/3.2/psoc creator/import/gnu/arm/4.8.4/bin/../lib/gcc/arm-none-eabi/4.8.4/armv7-m/crtn.o
START GROUP
LOAD c:/program files (x86)/cypress/psoc creator/3.2/psoc creator/import/gnu/arm/4.8.4/bin/../lib/gcc/arm-none-eabi/4.8.4/armv7-m\libgcc.a
LOAD c:/program files (x86)/cypress/psoc creator/3.2/psoc creator/import/gnu/arm/4.8.4/bin/../lib/gcc/arm-none-eabi/4.8.4/../../../../arm-none-eabi/lib/armv7-m\libc.a
LOAD c:/program files (x86)/cypress/psoc creator/3.2/psoc creator/import/gnu/arm/4.8.4/bin/../lib/gcc/arm-none-eabi/4.8.4/../../../../arm-none-eabi/lib/armv7-m\libnosys.a
END GROUP
                0x00000000                CY_APPL_ORIGIN = 0x0
                0x00000100                CY_FLASH_ROW_SIZE = 0x100
                0x00000020                CY_ECC_ROW_SIZE = 0x20
                0x00000000                CY_EE_IN_BTLDR = 0x0
                0x00000000                CY_APPL_LOADABLE = 0x0
                0x00000800                CY_EE_SIZE = 0x800
                0x00000001                CY_APPL_NUM = 0x1
                0x00000001                CY_APPL_MAX = 0x1
                0x00000040                CY_METADATA_SIZE = 0x40
                0x1fff8158                PROVIDE (__cy_heap_start, _end)
                0x00000001                PROVIDE (__cy_region_num, ((__cy_regions_end - __cy_regions) / 0x10))
                0x20008000                PROVIDE (__cy_stack, (ORIGIN (ram) + 0x10000))
                0x20004000                PROVIDE (__cy_heap_end, (__cy_stack - 0x4000))

.cybootloader   0x00000000        0x0
 *(.cybootloader)
                0x00000000                appl1_start = CY_APPL_ORIGIN?CY_APPL_ORIGIN:ALIGN (CY_FLASH_ROW_SIZE)
                0x0001ff00                appl2_start = (appl1_start + ALIGN ((((0x40000 - appl1_start) - (0x2 * CY_FLASH_ROW_SIZE)) / 0x2), CY_FLASH_ROW_SIZE))
                0x00000000                appl_start = (CY_APPL_NUM == 0x1)?appl1_start:appl2_start
                0x00000000                ecc_offset = ((appl_start / CY_FLASH_ROW_SIZE) * CY_ECC_ROW_SIZE)
                0x00000000                ee_offset = (CY_APPL_LOADABLE && ! (CY_EE_IN_BTLDR))?((CY_EE_SIZE / CY_APPL_MAX) * (CY_APPL_NUM - 0x1)):0x0
                0x00000800                ee_size = (CY_APPL_LOADABLE && ! (CY_EE_IN_BTLDR))?(CY_EE_SIZE / CY_APPL_MAX):CY_EE_SIZE
                0x00000000                PROVIDE (CY_ECC_OFFSET, ecc_offset)

.text           0x00000000      0xd9e
 CREATE_OBJECT_SYMBOLS
                0x00000000                PROVIDE (__cy_interrupt_vector, RomVectors)
 *(.romvectors)
 .romvectors    0x00000000       0x10 .\CortexM3\ARM_GCC_484\Debug\Cm3Start.o
                0x00000000                RomVectors
                0x00000001                ASSERT ((. != __cy_interrupt_vector), No interrupt vector)
                0x00000001                ASSERT (CY_APPL_ORIGIN?(SIZEOF (.cybootloader) <= CY_APPL_ORIGIN):0x1, Wrong image location)
                0x00000010                PROVIDE (__cy_reset, Reset)
 *(.text.Reset)
 .text.Reset    0x00000010       0x18 .\CortexM3\ARM_GCC_484\Debug\Cm3Start.o
                0x00000010                Reset
                0x00000001                ASSERT ((. != __cy_reset), No reset code)
 *(.dma_init)
                0x00000001                ASSERT ((((appl_start + .) <= 0x10000) || 0x1), DMA Init must be within the first 64k of flash)
 *(.text .text.* .gnu.linkonce.t.*)
 .text          0x00000028       0x54 c:/program files (x86)/cypress/psoc creator/3.2/psoc creator/import/gnu/arm/4.8.4/bin/../lib/gcc/arm-none-eabi/4.8.4/armv7-m/crtbegin.o
 .text.main     0x0000007c       0x18 .\CortexM3\ARM_GCC_484\Debug\main.o
                0x0000007c                main
 .text.IntDefaultHandler
                0x00000094        0x8 .\CortexM3\ARM_GCC_484\Debug\Cm3Start.o
                0x00000094                IntDefaultHandler
 .text.Start_c  0x0000009c       0x94 .\CortexM3\ARM_GCC_484\Debug\Cm3Start.o
                0x0000009c                Start_c
 .text.initialize_psoc
                0x00000130       0x8c .\CortexM3\ARM_GCC_484\Debug\Cm3Start.o
                0x00000130                initialize_psoc
 .text.CYMEMZERO
                0x000001bc       0x1c .\CortexM3\ARM_GCC_484\Debug\WaveGenerator1.a(cyfitter_cfg.o)
 .text.CYCONFIGCPY
                0x000001d8       0x1c .\CortexM3\ARM_GCC_484\Debug\WaveGenerator1.a(cyfitter_cfg.o)
 .text.CyClockStartupError
                0x000001f4        0xc .\CortexM3\ARM_GCC_484\Debug\WaveGenerator1.a(cyfitter_cfg.o)
 .text.cfg_write_bytes32
                0x00000200       0x74 .\CortexM3\ARM_GCC_484\Debug\WaveGenerator1.a(cyfitter_cfg.o)
 .text.ClockSetup
                0x00000274      0x114 .\CortexM3\ARM_GCC_484\Debug\WaveGenerator1.a(cyfitter_cfg.o)
 .text.AnalogSetDefault
                0x00000388       0xb8 .\CortexM3\ARM_GCC_484\Debug\WaveGenerator1.a(cyfitter_cfg.o)
 .text.cyfitter_cfg
                0x00000440      0x110 .\CortexM3\ARM_GCC_484\Debug\WaveGenerator1.a(cyfitter_cfg.o)
                0x00000440                cyfitter_cfg
 .text.VDAC8_1_Init
                0x00000550       0x3c .\CortexM3\ARM_GCC_484\Debug\WaveGenerator1.a(VDAC8_1.o)
                0x00000550                VDAC8_1_Init
 .text.VDAC8_1_Enable
                0x0000058c       0x34 .\CortexM3\ARM_GCC_484\Debug\WaveGenerator1.a(VDAC8_1.o)
                0x0000058c                VDAC8_1_Enable
 .text.VDAC8_1_Start
                0x000005c0       0x28 .\CortexM3\ARM_GCC_484\Debug\WaveGenerator1.a(VDAC8_1.o)
                0x000005c0                VDAC8_1_Start
 .text.VDAC8_1_SetSpeed
                0x000005e8       0x40 .\CortexM3\ARM_GCC_484\Debug\WaveGenerator1.a(VDAC8_1.o)
                0x000005e8                VDAC8_1_SetSpeed
 .text.VDAC8_1_SetRange
                0x00000628       0x40 .\CortexM3\ARM_GCC_484\Debug\WaveGenerator1.a(VDAC8_1.o)
                0x00000628                VDAC8_1_SetRange
 .text.VDAC8_1_SetValue
                0x00000668       0x20 .\CortexM3\ARM_GCC_484\Debug\WaveGenerator1.a(VDAC8_1.o)
                0x00000668                VDAC8_1_SetValue
 .text.VDAC8_1_DacTrim
                0x00000688       0x3c .\CortexM3\ARM_GCC_484\Debug\WaveGenerator1.a(VDAC8_1.o)
                0x00000688                VDAC8_1_DacTrim
 *fill*         0x000006c4        0x4 
 .text          0x000006c8       0x28 .\CortexM3\ARM_GCC_484\Debug\WaveGenerator1.a(CyBootAsmGnu.o)
                0x000006c8                CyDelayCycles
                0x000006dc                CyEnterCriticalSection
                0x000006e4                CyExitCriticalSection
 .text.CyHalt   0x000006f0       0x18 .\CortexM3\ARM_GCC_484\Debug\WaveGenerator1.a(CyLib.o)
                0x000006f0                CyHalt
 .text.CyDelayUs
                0x00000708       0x24 .\CortexM3\ARM_GCC_484\Debug\WaveGenerator1.a(CyLib.o)
                0x00000708                CyDelayUs
 .text.CyIntSetVector
                0x0000072c       0x50 .\CortexM3\ARM_GCC_484\Debug\WaveGenerator1.a(CyLib.o)
                0x0000072c                CyIntSetVector
 .text.CyIntSetPriority
                0x0000077c       0x44 .\CortexM3\ARM_GCC_484\Debug\WaveGenerator1.a(CyLib.o)
                0x0000077c                CyIntSetPriority
 .text.VDAC8_Init
                0x000007c0       0x3c .\CortexM3\ARM_GCC_484\Debug\WaveGenerator1.a(VDAC8.o)
                0x000007c0                VDAC8_Init
 .text.VDAC8_Enable
                0x000007fc       0x34 .\CortexM3\ARM_GCC_484\Debug\WaveGenerator1.a(VDAC8.o)
                0x000007fc                VDAC8_Enable
 .text.VDAC8_Start
                0x00000830       0x28 .\CortexM3\ARM_GCC_484\Debug\WaveGenerator1.a(VDAC8.o)
                0x00000830                VDAC8_Start
 .text.VDAC8_SetSpeed
                0x00000858       0x40 .\CortexM3\ARM_GCC_484\Debug\WaveGenerator1.a(VDAC8.o)
                0x00000858                VDAC8_SetSpeed
 .text.VDAC8_SetRange
                0x00000898       0x40 .\CortexM3\ARM_GCC_484\Debug\WaveGenerator1.a(VDAC8.o)
                0x00000898                VDAC8_SetRange
 .text.VDAC8_SetValue
                0x000008d8       0x20 .\CortexM3\ARM_GCC_484\Debug\WaveGenerator1.a(VDAC8.o)
                0x000008d8                VDAC8_SetValue
 .text.VDAC8_DacTrim
                0x000008f8       0x3c .\CortexM3\ARM_GCC_484\Debug\WaveGenerator1.a(VDAC8.o)
                0x000008f8                VDAC8_DacTrim
 .text.isr_Start
                0x00000934       0x20 .\CortexM3\ARM_GCC_484\Debug\WaveGenerator1.a(isr.o)
                0x00000934                isr_Start
 .text.isr_Interrupt
                0x00000954       0xb8 .\CortexM3\ARM_GCC_484\Debug\WaveGenerator1.a(isr.o)
                0x00000954                isr_Interrupt
 .text.isr_SetVector
                0x00000a0c       0x24 .\CortexM3\ARM_GCC_484\Debug\WaveGenerator1.a(isr.o)
                0x00000a0c                isr_SetVector
 .text.isr_SetPriority
                0x00000a30       0x24 .\CortexM3\ARM_GCC_484\Debug\WaveGenerator1.a(isr.o)
                0x00000a30                isr_SetPriority
 .text.isr_Enable
                0x00000a54       0x18 .\CortexM3\ARM_GCC_484\Debug\WaveGenerator1.a(isr.o)
                0x00000a54                isr_Enable
 .text.isr_Disable
                0x00000a6c       0x18 .\CortexM3\ARM_GCC_484\Debug\WaveGenerator1.a(isr.o)
                0x00000a6c                isr_Disable
 .text.ADC_SAR_Start
                0x00000a84       0x20 .\CortexM3\ARM_GCC_484\Debug\WaveGenerator1.a(ADC_SAR.o)
                0x00000a84                ADC_SAR_Start
 .text.ADC_SAR_Init
                0x00000aa4       0x44 .\CortexM3\ARM_GCC_484\Debug\WaveGenerator1.a(ADC_SAR.o)
                0x00000aa4                ADC_SAR_Init
 .text.ADC_SAR_Enable
                0x00000ae8       0xf4 .\CortexM3\ARM_GCC_484\Debug\WaveGenerator1.a(ADC_SAR.o)
                0x00000ae8                ADC_SAR_Enable
 .text.ADC_SAR_SetResolution
                0x00000bdc       0x50 .\CortexM3\ARM_GCC_484\Debug\WaveGenerator1.a(ADC_SAR.o)
                0x00000bdc                ADC_SAR_SetResolution
 .text.ADC_SAR_GetResult16
                0x00000c2c       0x34 .\CortexM3\ARM_GCC_484\Debug\WaveGenerator1.a(ADC_SAR.o)
                0x00000c2c                ADC_SAR_GetResult16
 .text.ADC_SAR_CalcGain
                0x00000c60       0x90 .\CortexM3\ARM_GCC_484\Debug\WaveGenerator1.a(ADC_SAR.o)
 .text.ADC_SAR_ISR
                0x00000cf0        0xc .\CortexM3\ARM_GCC_484\Debug\WaveGenerator1.a(ADC_SAR_INT.o)
                0x00000cf0                ADC_SAR_ISR
 .text.ADC_SAR_theACLK_SetModeRegister
                0x00000cfc       0x34 .\CortexM3\ARM_GCC_484\Debug\WaveGenerator1.a(ADC_SAR_theACLK.o)
                0x00000cfc                ADC_SAR_theACLK_SetModeRegister
 .text.__libc_init_array
                0x00000d30       0x4c c:/program files (x86)/cypress/psoc creator/3.2/psoc creator/import/gnu/arm/4.8.4/bin/../lib/gcc/arm-none-eabi/4.8.4/../../../../arm-none-eabi/lib/armv7-m\libg_s.a(lib_a-init.o)
                0x00000d30                __libc_init_array
 .text.memcpy   0x00000d7c       0x12 c:/program files (x86)/cypress/psoc creator/3.2/psoc creator/import/gnu/arm/4.8.4/bin/../lib/gcc/arm-none-eabi/4.8.4/../../../../arm-none-eabi/lib/armv7-m\libg_s.a(lib_a-memcpy-stub.o)
                0x00000d7c                memcpy
 .text.memset   0x00000d8e       0x10 c:/program files (x86)/cypress/psoc creator/3.2/psoc creator/import/gnu/arm/4.8.4/bin/../lib/gcc/arm-none-eabi/4.8.4/../../../../arm-none-eabi/lib/armv7-m\libg_s.a(lib_a-memset.o)
                0x00000d8e                memset
 *(.plt)
 *(.gnu.warning)
 *(.glue_7t)
 .glue_7t       0x00000000        0x0 linker stubs
 *(.glue_7)
 .glue_7        0x00000000        0x0 linker stubs
 *(.vfp11_veneer)
 .vfp11_veneer  0x00000000        0x0 linker stubs
 *(.bootloader)
 *(.ARM.extab* .gnu.linkonce.armextab.*)
 *(.gcc_except_table)

.v4_bx          0x00000da0        0x0
 .v4_bx         0x00000000        0x0 linker stubs

.iplt           0x00000da0        0x0
 .iplt          0x00000000        0x0 c:/program files (x86)/cypress/psoc creator/3.2/psoc creator/import/gnu/arm/4.8.4/bin/../lib/gcc/arm-none-eabi/4.8.4/armv7-m/crtbegin.o

.eh_frame_hdr
 *(.eh_frame_hdr)

.eh_frame       0x00000da0        0x4
 *(.eh_frame)
 .eh_frame      0x00000da0        0x0 c:/program files (x86)/cypress/psoc creator/3.2/psoc creator/import/gnu/arm/4.8.4/bin/../lib/gcc/arm-none-eabi/4.8.4/armv7-m/crtbegin.o
 .eh_frame      0x00000da0        0x4 c:/program files (x86)/cypress/psoc creator/3.2/psoc creator/import/gnu/arm/4.8.4/bin/../lib/gcc/arm-none-eabi/4.8.4/armv7-m/crtend.o
                0x00000da4                PROVIDE (__exidx_start, .)

.ARM.exidx
 *(.ARM.exidx* .gnu.linkonce.armexidx.*)
                0x00000da4                __exidx_end = .

.rodata         0x00000da4       0x64
 *(.rodata .rodata.* .gnu.linkonce.r.*)
 .rodata        0x00000da4       0x30 .\CortexM3\ARM_GCC_484\Debug\WaveGenerator1.a(cyfitter_cfg.o)
                0x00000dd4                . = ALIGN (0x4)
 *(.init)
 .init          0x00000dd4        0x4 c:/program files (x86)/cypress/psoc creator/3.2/psoc creator/import/gnu/arm/4.8.4/bin/../lib/gcc/arm-none-eabi/4.8.4/armv7-m/crti.o
                0x00000dd4                _init
 .init          0x00000dd8        0x8 c:/program files (x86)/cypress/psoc creator/3.2/psoc creator/import/gnu/arm/4.8.4/bin/../lib/gcc/arm-none-eabi/4.8.4/armv7-m/crtn.o
                0x00000de0                . = ALIGN (0x4)
                0x00000de0                __preinit_array_start = .
 *(.preinit_array)
                0x00000de0                __preinit_array_end = .
                0x00000de0                . = ALIGN (0x4)
                0x00000de0                __init_array_start = .
 *(SORT(.init_array.*))
 *(.init_array)
 .init_array    0x00000de0        0x4 c:/program files (x86)/cypress/psoc creator/3.2/psoc creator/import/gnu/arm/4.8.4/bin/../lib/gcc/arm-none-eabi/4.8.4/armv7-m/crtbegin.o
 .init_array    0x00000de4        0x4 .\CortexM3\ARM_GCC_484\Debug\Cm3Start.o
                0x00000de8                __init_array_end = .
                0x00000de8                . = ALIGN (0x4)
 *(.fini)
 .fini          0x00000de8        0x4 c:/program files (x86)/cypress/psoc creator/3.2/psoc creator/import/gnu/arm/4.8.4/bin/../lib/gcc/arm-none-eabi/4.8.4/armv7-m/crti.o
                0x00000de8                _fini
 .fini          0x00000dec        0x8 c:/program files (x86)/cypress/psoc creator/3.2/psoc creator/import/gnu/arm/4.8.4/bin/../lib/gcc/arm-none-eabi/4.8.4/armv7-m/crtn.o
                0x00000df4                . = ALIGN (0x4)
                0x00000df4                __fini_array_start = .
 *(.fini_array)
 .fini_array    0x00000df4        0x4 c:/program files (x86)/cypress/psoc creator/3.2/psoc creator/import/gnu/arm/4.8.4/bin/../lib/gcc/arm-none-eabi/4.8.4/armv7-m/crtbegin.o
 *(SORT(.fini_array.*))
                0x00000df8                __fini_array_end = .
                0x00000df8                . = ALIGN (0x4)
 *crtbegin.o(.ctors)
 *(EXCLUDE_FILE(*crtend.o) .ctors)
 *(SORT(.ctors.*))
 *crtend.o(.ctors)
                0x00000df8                . = ALIGN (0x4)
 *crtbegin.o(.dtors)
 *(EXCLUDE_FILE(*crtend.o) .dtors)
 *(SORT(.dtors.*))
 *crtend.o(.dtors)
                0x00000df8                . = ALIGN (0x4)
                0x00000df8                __cy_regions = .
                0x00000df8        0x4 LONG 0xe08 __cy_region_init_ram
                0x00000dfc        0x4 LONG 0x1fff8108 __cy_region_start_data
                0x00000e00        0x4 LONG 0x18 __cy_region_init_size_ram
                0x00000e04        0x4 LONG 0x38 __cy_region_zero_size_ram
                0x00000e08                __cy_regions_end = .
                0x00000e08                . = ALIGN (0x8)
                0x00000e08                _etext = .

.ramvectors     0x1fff8000      0x100
                0x1fff8000                __cy_region_start_ram = .
 *(.ramvectors)
 .ramvectors    0x1fff8000      0x100 .\CortexM3\ARM_GCC_484\Debug\Cm3Start.o
                0x1fff8000                CyRamVectors

.noinit         0x1fff8100        0x5
 *(.noinit)
 .noinit        0x1fff8100        0x4 .\CortexM3\ARM_GCC_484\Debug\Cm3Start.o
 .noinit        0x1fff8104        0x1 .\CortexM3\ARM_GCC_484\Debug\WaveGenerator1.a(CyLib.o)
                0x1fff8104                CyResetStatus

.data           0x1fff8108       0x18 load address 0x00000e08
                0x1fff8108                __cy_region_start_data = .
 *(.jcr)
 .jcr           0x1fff8108        0x0 c:/program files (x86)/cypress/psoc creator/3.2/psoc creator/import/gnu/arm/4.8.4/bin/../lib/gcc/arm-none-eabi/4.8.4/armv7-m/crtbegin.o
 .jcr           0x1fff8108        0x4 c:/program files (x86)/cypress/psoc creator/3.2/psoc creator/import/gnu/arm/4.8.4/bin/../lib/gcc/arm-none-eabi/4.8.4/armv7-m/crtend.o
 *(.got.plt)
 *(.got)
 *(.shdata)
 *(.data .data.* .gnu.linkonce.d.*)
 .data          0x1fff810c       0x10 .\CortexM3\ARM_GCC_484\Debug\WaveGenerator1.a(CyLib.o)
                0x1fff810c                cydelay_freq_hz
                0x1fff8110                cydelay_freq_khz
                0x1fff8114                cydelay_freq_mhz
                0x1fff8118                cydelay_32k_ms
                0x1fff8120                . = ALIGN (0x8)
 *fill*         0x1fff811c        0x4 
 *(.ram)
                0x1fff8120                _edata = .

.igot.plt       0x1fff8120        0x0 load address 0x00000e20
 .igot.plt      0x00000000        0x0 c:/program files (x86)/cypress/psoc creator/3.2/psoc creator/import/gnu/arm/4.8.4/bin/../lib/gcc/arm-none-eabi/4.8.4/armv7-m/crtbegin.o

.bss            0x1fff8120       0x38 load address 0x00000e20
                0x1fff8120                PROVIDE (__bss_start__, .)
 *(.shbss)
 *(.bss .bss.* .gnu.linkonce.b.*)
 .bss           0x1fff8120       0x1c c:/program files (x86)/cypress/psoc creator/3.2/psoc creator/import/gnu/arm/4.8.4/bin/../lib/gcc/arm-none-eabi/4.8.4/armv7-m/crtbegin.o
 .bss           0x1fff813c        0x1 .\CortexM3\ARM_GCC_484\Debug\WaveGenerator1.a(VDAC8_1.o)
                0x1fff813c                VDAC8_1_initVar
 .bss           0x1fff813d        0x1 .\CortexM3\ARM_GCC_484\Debug\WaveGenerator1.a(VDAC8.o)
                0x1fff813d                VDAC8_initVar
 *fill*         0x1fff813e        0x2 
 .bss           0x1fff8140        0x4 .\CortexM3\ARM_GCC_484\Debug\WaveGenerator1.a(isr.o)
 .bss           0x1fff8144        0x1 .\CortexM3\ARM_GCC_484\Debug\WaveGenerator1.a(ADC_SAR.o)
                0x1fff8144                ADC_SAR_initVar
 *(COMMON)
 *fill*         0x1fff8145        0x3 
 COMMON         0x1fff8148        0xa .\CortexM3\ARM_GCC_484\Debug\WaveGenerator1.a(ADC_SAR.o)
                0x1fff8148                ADC_SAR_countsPerVolt
                0x1fff814a                ADC_SAR_shift
                0x1fff814c                ADC_SAR_countsPer10Volt
                0x1fff8150                ADC_SAR_offset
                0x1fff8158                . = ALIGN (0x8)
 *fill*         0x1fff8152        0x6 
 *(.ram.b)
                0x1fff8158                _end = .
                0x1fff8158                __end = .
                0x1fff8158                PROVIDE (end, .)
                0x1fff8158                PROVIDE (__bss_end__, .)
                0x00000e08                __cy_region_init_ram = LOADADDR (.data)
                0x00000018                __cy_region_init_size_ram = (_edata - ADDR (.data))
                0x00000038                __cy_region_zero_size_ram = (_end - _edata)

.heap           0x1fff8158     0x1000 load address 0x00000e20
                0x1fff8158                . = _end
                0x1fff9158                . = (. + 0x1000)
 *fill*         0x1fff8158     0x1000 
                0x1fff9158                __cy_heap_limit = .

.stack          0x20004000     0x4000
                0x20004000                __cy_stack_limit = .
                0x20008000                . = (. + 0x4000)
 *fill*         0x20004000     0x4000 
                0x00000001                ASSERT ((__cy_stack_limit >= __cy_heap_limit), region RAM overflowed with stack)

.cyloadermeta
 *(.cyloadermeta)

.cyloadablemeta
 *(.cyloadablemeta)

.cyconfigecc    0x80000000       0xb4
 *(.cyconfigecc)
 .cyconfigecc   0x80000000       0xb4 .\CortexM3\ARM_GCC_484\Debug\cymetadata.o
                0x80000000                cy_meta_configecc

.cycustnvl      0x90000000        0x4
 *(.cycustnvl)
 .cycustnvl     0x90000000        0x4 .\CortexM3\ARM_GCC_484\Debug\cymetadata.o
                0x90000000                cy_meta_custnvl

.cywolatch      0x90100000        0x4
 *(.cywolatch)
 .cywolatch     0x90100000        0x4 .\CortexM3\ARM_GCC_484\Debug\cymetadata.o
                0x90100000                cy_meta_wonvl

.cyeeprom       0x90200000        0x0
 *(.cyeeprom)
                0x00000001                ASSERT ((. <= ((0x90200000 + ee_offset) + ee_size)), .cyeeprom data will not fit in EEPROM)

.cyflashprotect
                0x90400000      0x100
 *(.cyflashprotect)
 .cyflashprotect
                0x90400000      0x100 .\CortexM3\ARM_GCC_484\Debug\cymetadata.o
                0x90400000                cy_meta_flashprotect

.cymeta         0x90500000        0xc
 *(.cymeta)
 .cymeta        0x90500000        0xc .\CortexM3\ARM_GCC_484\Debug\cymetadata.o
                0x90500000                cy_metadata

.rel.dyn        0x00000e20        0x0 load address 0x9050000c
 .rel.iplt      0x00000000        0x0 c:/program files (x86)/cypress/psoc creator/3.2/psoc creator/import/gnu/arm/4.8.4/bin/../lib/gcc/arm-none-eabi/4.8.4/armv7-m/crtbegin.o

.stab
 *(.stab)

.stabstr
 *(.stabstr)

.debug
 *(.debug)

.line
 *(.line)

.debug_srcinfo
 *(.debug_srcinfo)

.debug_sfnames
 *(.debug_sfnames)

.debug_aranges  0x00000000      0x6d8
 *(.debug_aranges)
 .debug_aranges
                0x00000000       0x20 .\CortexM3\ARM_GCC_484\Debug\main.o
 .debug_aranges
                0x00000020       0x18 .\CortexM3\ARM_GCC_484\Debug\cymetadata.o
 .debug_aranges
                0x00000038       0x40 .\CortexM3\ARM_GCC_484\Debug\Cm3Start.o
 .debug_aranges
                0x00000078       0x60 .\CortexM3\ARM_GCC_484\Debug\WaveGenerator1.a(cyfitter_cfg.o)
 .debug_aranges
                0x000000d8       0x58 .\CortexM3\ARM_GCC_484\Debug\WaveGenerator1.a(VDAC8_1.o)
 .debug_aranges
                0x00000130       0x20 .\CortexM3\ARM_GCC_484\Debug\WaveGenerator1.a(CyBootAsmGnu.o)
 .debug_aranges
                0x00000150      0x218 .\CortexM3\ARM_GCC_484\Debug\WaveGenerator1.a(CyLib.o)
 .debug_aranges
                0x00000368       0x90 .\CortexM3\ARM_GCC_484\Debug\WaveGenerator1.a(cyPm.o)
 .debug_aranges
                0x000003f8       0x58 .\CortexM3\ARM_GCC_484\Debug\WaveGenerator1.a(VDAC8.o)
 .debug_aranges
                0x00000450       0x80 .\CortexM3\ARM_GCC_484\Debug\WaveGenerator1.a(isr.o)
 .debug_aranges
                0x000004d0       0x98 .\CortexM3\ARM_GCC_484\Debug\WaveGenerator1.a(ADC_SAR.o)
 .debug_aranges
                0x00000568       0x20 .\CortexM3\ARM_GCC_484\Debug\WaveGenerator1.a(ADC_SAR_INT.o)
 .debug_aranges
                0x00000588       0x70 .\CortexM3\ARM_GCC_484\Debug\WaveGenerator1.a(ADC_SAR_theACLK.o)
 .debug_aranges
                0x000005f8       0x78 .\CortexM3\ARM_GCC_484\Debug\WaveGenerator1.a(CyFlash.o)
 .debug_aranges
                0x00000670       0x68 .\CortexM3\ARM_GCC_484\Debug\WaveGenerator1.a(CySpc.o)

.debug_pubnames
 *(.debug_pubnames)

.debug_info     0x00000000     0x2d96
 *(.debug_info .gnu.linkonce.wi.*)
 .debug_info    0x00000000       0xc4 .\CortexM3\ARM_GCC_484\Debug\main.o
 .debug_info    0x000000c4      0x139 .\CortexM3\ARM_GCC_484\Debug\cymetadata.o
 .debug_info    0x000001fd      0x2bc .\CortexM3\ARM_GCC_484\Debug\Cm3Start.o
 .debug_info    0x000004b9      0x3ac .\CortexM3\ARM_GCC_484\Debug\WaveGenerator1.a(cyfitter_cfg.o)
 .debug_info    0x00000865      0x183 .\CortexM3\ARM_GCC_484\Debug\WaveGenerator1.a(VDAC8_1.o)
 .debug_info    0x000009e8       0x9d .\CortexM3\ARM_GCC_484\Debug\WaveGenerator1.a(CyBootAsmGnu.o)
 .debug_info    0x00000a85      0xb90 .\CortexM3\ARM_GCC_484\Debug\WaveGenerator1.a(CyLib.o)
 .debug_info    0x00001615      0x534 .\CortexM3\ARM_GCC_484\Debug\WaveGenerator1.a(cyPm.o)
 .debug_info    0x00001b49      0x183 .\CortexM3\ARM_GCC_484\Debug\WaveGenerator1.a(VDAC8.o)
 .debug_info    0x00001ccc      0x2d1 .\CortexM3\ARM_GCC_484\Debug\WaveGenerator1.a(isr.o)
 .debug_info    0x00001f9d      0x458 .\CortexM3\ARM_GCC_484\Debug\WaveGenerator1.a(ADC_SAR.o)
 .debug_info    0x000023f5       0x92 .\CortexM3\ARM_GCC_484\Debug\WaveGenerator1.a(ADC_SAR_INT.o)
 .debug_info    0x00002487      0x259 .\CortexM3\ARM_GCC_484\Debug\WaveGenerator1.a(ADC_SAR_theACLK.o)
 .debug_info    0x000026e0      0x314 .\CortexM3\ARM_GCC_484\Debug\WaveGenerator1.a(CyFlash.o)
 .debug_info    0x000029f4      0x3a2 .\CortexM3\ARM_GCC_484\Debug\WaveGenerator1.a(CySpc.o)

.debug_abbrev   0x00000000     0x1051
 *(.debug_abbrev)
 .debug_abbrev  0x00000000       0x67 .\CortexM3\ARM_GCC_484\Debug\main.o
 .debug_abbrev  0x00000067       0x5d .\CortexM3\ARM_GCC_484\Debug\cymetadata.o
 .debug_abbrev  0x000000c4      0x173 .\CortexM3\ARM_GCC_484\Debug\Cm3Start.o
 .debug_abbrev  0x00000237      0x19d .\CortexM3\ARM_GCC_484\Debug\WaveGenerator1.a(cyfitter_cfg.o)
 .debug_abbrev  0x000003d4       0xeb .\CortexM3\ARM_GCC_484\Debug\WaveGenerator1.a(VDAC8_1.o)
 .debug_abbrev  0x000004bf       0x14 .\CortexM3\ARM_GCC_484\Debug\WaveGenerator1.a(CyBootAsmGnu.o)
 .debug_abbrev  0x000004d3      0x205 .\CortexM3\ARM_GCC_484\Debug\WaveGenerator1.a(CyLib.o)
 .debug_abbrev  0x000006d8      0x16e .\CortexM3\ARM_GCC_484\Debug\WaveGenerator1.a(cyPm.o)
 .debug_abbrev  0x00000846       0xeb .\CortexM3\ARM_GCC_484\Debug\WaveGenerator1.a(VDAC8.o)
 .debug_abbrev  0x00000931      0x199 .\CortexM3\ARM_GCC_484\Debug\WaveGenerator1.a(isr.o)
 .debug_abbrev  0x00000aca      0x15b .\CortexM3\ARM_GCC_484\Debug\WaveGenerator1.a(ADC_SAR.o)
 .debug_abbrev  0x00000c25       0x42 .\CortexM3\ARM_GCC_484\Debug\WaveGenerator1.a(ADC_SAR_INT.o)
 .debug_abbrev  0x00000c67      0x11d .\CortexM3\ARM_GCC_484\Debug\WaveGenerator1.a(ADC_SAR_theACLK.o)
 .debug_abbrev  0x00000d84      0x170 .\CortexM3\ARM_GCC_484\Debug\WaveGenerator1.a(CyFlash.o)
 .debug_abbrev  0x00000ef4      0x15d .\CortexM3\ARM_GCC_484\Debug\WaveGenerator1.a(CySpc.o)

.debug_line     0x00000000     0x1be9
 *(.debug_line)
 .debug_line    0x00000000      0x15f .\CortexM3\ARM_GCC_484\Debug\main.o
 .debug_line    0x0000015f       0x53 .\CortexM3\ARM_GCC_484\Debug\cymetadata.o
 .debug_line    0x000001b2      0x1a6 .\CortexM3\ARM_GCC_484\Debug\Cm3Start.o
 .debug_line    0x00000358      0x1f8 .\CortexM3\ARM_GCC_484\Debug\WaveGenerator1.a(cyfitter_cfg.o)
 .debug_line    0x00000550       0xf1 .\CortexM3\ARM_GCC_484\Debug\WaveGenerator1.a(VDAC8_1.o)
 .debug_line    0x00000641       0x68 .\CortexM3\ARM_GCC_484\Debug\WaveGenerator1.a(CyBootAsmGnu.o)
 .debug_line    0x000006a9      0x705 .\CortexM3\ARM_GCC_484\Debug\WaveGenerator1.a(CyLib.o)
 .debug_line    0x00000dae      0x366 .\CortexM3\ARM_GCC_484\Debug\WaveGenerator1.a(cyPm.o)
 .debug_line    0x00001114       0xef .\CortexM3\ARM_GCC_484\Debug\WaveGenerator1.a(VDAC8.o)
 .debug_line    0x00001203      0x299 .\CortexM3\ARM_GCC_484\Debug\WaveGenerator1.a(isr.o)
 .debug_line    0x0000149c      0x1e4 .\CortexM3\ARM_GCC_484\Debug\WaveGenerator1.a(ADC_SAR.o)
 .debug_line    0x00001680       0x59 .\CortexM3\ARM_GCC_484\Debug\WaveGenerator1.a(ADC_SAR_INT.o)
 .debug_line    0x000016d9      0x1be .\CortexM3\ARM_GCC_484\Debug\WaveGenerator1.a(ADC_SAR_theACLK.o)
 .debug_line    0x00001897      0x1af .\CortexM3\ARM_GCC_484\Debug\WaveGenerator1.a(CyFlash.o)
 .debug_line    0x00001a46      0x1a3 .\CortexM3\ARM_GCC_484\Debug\WaveGenerator1.a(CySpc.o)

.debug_frame    0x00000000     0x1624
 *(.debug_frame)
 .debug_frame   0x00000000       0x2c .\CortexM3\ARM_GCC_484\Debug\main.o
 .debug_frame   0x0000002c       0xa4 .\CortexM3\ARM_GCC_484\Debug\Cm3Start.o
 .debug_frame   0x000000d0      0x120 .\CortexM3\ARM_GCC_484\Debug\WaveGenerator1.a(cyfitter_cfg.o)
 .debug_frame   0x000001f0       0xf4 .\CortexM3\ARM_GCC_484\Debug\WaveGenerator1.a(VDAC8_1.o)
 .debug_frame   0x000002e4      0x778 .\CortexM3\ARM_GCC_484\Debug\WaveGenerator1.a(CyLib.o)
 .debug_frame   0x00000a5c      0x1d0 .\CortexM3\ARM_GCC_484\Debug\WaveGenerator1.a(cyPm.o)
 .debug_frame   0x00000c2c       0xf4 .\CortexM3\ARM_GCC_484\Debug\WaveGenerator1.a(VDAC8.o)
 .debug_frame   0x00000d20      0x184 .\CortexM3\ARM_GCC_484\Debug\WaveGenerator1.a(isr.o)
 .debug_frame   0x00000ea4      0x1f8 .\CortexM3\ARM_GCC_484\Debug\WaveGenerator1.a(ADC_SAR.o)
 .debug_frame   0x0000109c       0x2c .\CortexM3\ARM_GCC_484\Debug\WaveGenerator1.a(ADC_SAR_INT.o)
 .debug_frame   0x000010c8      0x14c .\CortexM3\ARM_GCC_484\Debug\WaveGenerator1.a(ADC_SAR_theACLK.o)
 .debug_frame   0x00001214      0x178 .\CortexM3\ARM_GCC_484\Debug\WaveGenerator1.a(CyFlash.o)
 .debug_frame   0x0000138c      0x13c .\CortexM3\ARM_GCC_484\Debug\WaveGenerator1.a(CySpc.o)
 .debug_frame   0x000014c8       0x58 c:/program files (x86)/cypress/psoc creator/3.2/psoc creator/import/gnu/arm/4.8.4/bin/../lib/gcc/arm-none-eabi/4.8.4/armv7-m\libgcc.a(bpabi.o)
 .debug_frame   0x00001520       0x34 c:/program files (x86)/cypress/psoc creator/3.2/psoc creator/import/gnu/arm/4.8.4/bin/../lib/gcc/arm-none-eabi/4.8.4/armv7-m\libgcc.a(_divdi3.o)
 .debug_frame   0x00001554       0x34 c:/program files (x86)/cypress/psoc creator/3.2/psoc creator/import/gnu/arm/4.8.4/bin/../lib/gcc/arm-none-eabi/4.8.4/armv7-m\libgcc.a(_udivdi3.o)
 .debug_frame   0x00001588       0x28 c:/program files (x86)/cypress/psoc creator/3.2/psoc creator/import/gnu/arm/4.8.4/bin/../lib/gcc/arm-none-eabi/4.8.4/../../../../arm-none-eabi/lib/armv7-m\libg_s.a(lib_a-exit.o)
 .debug_frame   0x000015b0       0x2c c:/program files (x86)/cypress/psoc creator/3.2/psoc creator/import/gnu/arm/4.8.4/bin/../lib/gcc/arm-none-eabi/4.8.4/../../../../arm-none-eabi/lib/armv7-m\libg_s.a(lib_a-init.o)
 .debug_frame   0x000015dc       0x28 c:/program files (x86)/cypress/psoc creator/3.2/psoc creator/import/gnu/arm/4.8.4/bin/../lib/gcc/arm-none-eabi/4.8.4/../../../../arm-none-eabi/lib/armv7-m\libg_s.a(lib_a-memcpy-stub.o)
 .debug_frame   0x00001604       0x20 c:/program files (x86)/cypress/psoc creator/3.2/psoc creator/import/gnu/arm/4.8.4/bin/../lib/gcc/arm-none-eabi/4.8.4/../../../../arm-none-eabi/lib/armv7-m\libg_s.a(lib_a-memset.o)

.debug_str      0x00000000     0x1660
 *(.debug_str)
 .debug_str     0x00000000      0x154 .\CortexM3\ARM_GCC_484\Debug\main.o
                                0x195 (size before relaxing)
 .debug_str     0x00000154       0x7d .\CortexM3\ARM_GCC_484\Debug\cymetadata.o
                                0x1e5 (size before relaxing)
 .debug_str     0x000001d1      0x119 .\CortexM3\ARM_GCC_484\Debug\Cm3Start.o
                                0x2a1 (size before relaxing)
 .debug_str     0x000002ea      0x157 .\CortexM3\ARM_GCC_484\Debug\WaveGenerator1.a(cyfitter_cfg.o)
                                0x2f2 (size before relaxing)
 .debug_str     0x00000441       0xbe .\CortexM3\ARM_GCC_484\Debug\WaveGenerator1.a(VDAC8_1.o)
                                0x22e (size before relaxing)
 .debug_str     0x000004ff      0x63d .\CortexM3\ARM_GCC_484\Debug\WaveGenerator1.a(CyLib.o)
                                0x807 (size before relaxing)
 .debug_str     0x00000b3c      0x371 .\CortexM3\ARM_GCC_484\Debug\WaveGenerator1.a(cyPm.o)
                                0x516 (size before relaxing)
 .debug_str     0x00000ead       0x99 .\CortexM3\ARM_GCC_484\Debug\WaveGenerator1.a(VDAC8.o)
                                0x21a (size before relaxing)
 .debug_str     0x00000f46       0xe2 .\CortexM3\ARM_GCC_484\Debug\WaveGenerator1.a(isr.o)
                                0x2b4 (size before relaxing)
 .debug_str     0x00001028      0x213 .\CortexM3\ARM_GCC_484\Debug\WaveGenerator1.a(ADC_SAR.o)
                                0x3dd (size before relaxing)
 .debug_str     0x0000123b       0x33 .\CortexM3\ARM_GCC_484\Debug\WaveGenerator1.a(ADC_SAR_INT.o)
                                0x192 (size before relaxing)
 .debug_str     0x0000126e      0x1c4 .\CortexM3\ARM_GCC_484\Debug\WaveGenerator1.a(ADC_SAR_theACLK.o)
                                0x349 (size before relaxing)
 .debug_str     0x00001432      0x130 .\CortexM3\ARM_GCC_484\Debug\WaveGenerator1.a(CyFlash.o)
                                0x2dc (size before relaxing)
 .debug_str     0x00001562       0xfe .\CortexM3\ARM_GCC_484\Debug\WaveGenerator1.a(CySpc.o)
                                0x2b8 (size before relaxing)

.debug_loc
 *(.debug_loc)

.debug_macinfo
 *(.debug_macinfo)

.debug_ranges   0x00000000      0x5d0
 *(.debug_ranges)
 .debug_ranges  0x00000000       0x10 .\CortexM3\ARM_GCC_484\Debug\main.o
 .debug_ranges  0x00000010       0x30 .\CortexM3\ARM_GCC_484\Debug\Cm3Start.o
 .debug_ranges  0x00000040       0x50 .\CortexM3\ARM_GCC_484\Debug\WaveGenerator1.a(cyfitter_cfg.o)
 .debug_ranges  0x00000090       0x48 .\CortexM3\ARM_GCC_484\Debug\WaveGenerator1.a(VDAC8_1.o)
 .debug_ranges  0x000000d8      0x208 .\CortexM3\ARM_GCC_484\Debug\WaveGenerator1.a(CyLib.o)
 .debug_ranges  0x000002e0       0x80 .\CortexM3\ARM_GCC_484\Debug\WaveGenerator1.a(cyPm.o)
 .debug_ranges  0x00000360       0x48 .\CortexM3\ARM_GCC_484\Debug\WaveGenerator1.a(VDAC8.o)
 .debug_ranges  0x000003a8       0x70 .\CortexM3\ARM_GCC_484\Debug\WaveGenerator1.a(isr.o)
 .debug_ranges  0x00000418       0x88 .\CortexM3\ARM_GCC_484\Debug\WaveGenerator1.a(ADC_SAR.o)
 .debug_ranges  0x000004a0       0x10 .\CortexM3\ARM_GCC_484\Debug\WaveGenerator1.a(ADC_SAR_INT.o)
 .debug_ranges  0x000004b0       0x60 .\CortexM3\ARM_GCC_484\Debug\WaveGenerator1.a(ADC_SAR_theACLK.o)
 .debug_ranges  0x00000510       0x68 .\CortexM3\ARM_GCC_484\Debug\WaveGenerator1.a(CyFlash.o)
 .debug_ranges  0x00000578       0x58 .\CortexM3\ARM_GCC_484\Debug\WaveGenerator1.a(CySpc.o)

.comment        0x00000000       0x70
 .comment       0x00000000       0x70 .\CortexM3\ARM_GCC_484\Debug\main.o
                                 0x71 (size before relaxing)
 .comment       0x00000000       0x71 .\CortexM3\ARM_GCC_484\Debug\cymetadata.o
 .comment       0x00000000       0x71 .\CortexM3\ARM_GCC_484\Debug\Cm3Start.o
 .comment       0x00000000       0x71 .\CortexM3\ARM_GCC_484\Debug\WaveGenerator1.a(cyfitter_cfg.o)
 .comment       0x00000000       0x71 .\CortexM3\ARM_GCC_484\Debug\WaveGenerator1.a(VDAC8_1.o)
 .comment       0x00000000       0x71 .\CortexM3\ARM_GCC_484\Debug\WaveGenerator1.a(CyLib.o)
 .comment       0x00000000       0x71 .\CortexM3\ARM_GCC_484\Debug\WaveGenerator1.a(cyPm.o)
 .comment       0x00000000       0x71 .\CortexM3\ARM_GCC_484\Debug\WaveGenerator1.a(VDAC8.o)
 .comment       0x00000000       0x71 .\CortexM3\ARM_GCC_484\Debug\WaveGenerator1.a(isr.o)
 .comment       0x00000000       0x71 .\CortexM3\ARM_GCC_484\Debug\WaveGenerator1.a(ADC_SAR.o)
 .comment       0x00000000       0x71 .\CortexM3\ARM_GCC_484\Debug\WaveGenerator1.a(ADC_SAR_INT.o)
 .comment       0x00000000       0x71 .\CortexM3\ARM_GCC_484\Debug\WaveGenerator1.a(ADC_SAR_theACLK.o)
 .comment       0x00000000       0x71 .\CortexM3\ARM_GCC_484\Debug\WaveGenerator1.a(CyFlash.o)
 .comment       0x00000000       0x71 .\CortexM3\ARM_GCC_484\Debug\WaveGenerator1.a(CySpc.o)

.debug_weaknames
 *(.debug_weaknames)

.debug_funcnames
 *(.debug_funcnames)

.debug_typenames
 *(.debug_typenames)

.debug_varnames
 *(.debug_varnames)

.note.gnu.arm.ident
 *(.note.gnu.arm.ident)

.ARM.attributes
                0x00000000       0x29
 *(.ARM.attributes)
 .ARM.attributes
                0x00000000       0x1d c:/program files (x86)/cypress/psoc creator/3.2/psoc creator/import/gnu/arm/4.8.4/bin/../lib/gcc/arm-none-eabi/4.8.4/armv7-m/crti.o
 .ARM.attributes
                0x0000001d       0x2d c:/program files (x86)/cypress/psoc creator/3.2/psoc creator/import/gnu/arm/4.8.4/bin/../lib/gcc/arm-none-eabi/4.8.4/armv7-m/crtbegin.o
 .ARM.attributes
                0x0000004a       0x1b c:/program files (x86)/cypress/psoc creator/3.2/psoc creator/import/gnu/arm/4.8.4/bin/../lib/gcc/arm-none-eabi/4.8.4/../../../../arm-none-eabi/lib/armv7-m/crt0.o
 .ARM.attributes
                0x00000065       0x33 .\CortexM3\ARM_GCC_484\Debug\main.o
 .ARM.attributes
                0x00000098       0x33 .\CortexM3\ARM_GCC_484\Debug\cymetadata.o
 .ARM.attributes
                0x000000cb       0x33 .\CortexM3\ARM_GCC_484\Debug\Cm3Start.o
 .ARM.attributes
                0x000000fe       0x33 .\CortexM3\ARM_GCC_484\Debug\WaveGenerator1.a(cyfitter_cfg.o)
 .ARM.attributes
                0x00000131       0x33 .\CortexM3\ARM_GCC_484\Debug\WaveGenerator1.a(VDAC8_1.o)
 .ARM.attributes
                0x00000164       0x21 .\CortexM3\ARM_GCC_484\Debug\WaveGenerator1.a(CyBootAsmGnu.o)
 .ARM.attributes
                0x00000185       0x33 .\CortexM3\ARM_GCC_484\Debug\WaveGenerator1.a(CyLib.o)
 .ARM.attributes
                0x000001b8       0x33 .\CortexM3\ARM_GCC_484\Debug\WaveGenerator1.a(cyPm.o)
 .ARM.attributes
                0x000001eb       0x33 .\CortexM3\ARM_GCC_484\Debug\WaveGenerator1.a(VDAC8.o)
 .ARM.attributes
                0x0000021e       0x33 .\CortexM3\ARM_GCC_484\Debug\WaveGenerator1.a(isr.o)
 .ARM.attributes
                0x00000251       0x33 .\CortexM3\ARM_GCC_484\Debug\WaveGenerator1.a(ADC_SAR.o)
 .ARM.attributes
                0x00000284       0x33 .\CortexM3\ARM_GCC_484\Debug\WaveGenerator1.a(ADC_SAR_INT.o)
 .ARM.attributes
                0x000002b7       0x33 .\CortexM3\ARM_GCC_484\Debug\WaveGenerator1.a(ADC_SAR_theACLK.o)
 .ARM.attributes
                0x000002ea       0x33 .\CortexM3\ARM_GCC_484\Debug\WaveGenerator1.a(CyFlash.o)
 .ARM.attributes
                0x0000031d       0x33 .\CortexM3\ARM_GCC_484\Debug\WaveGenerator1.a(CySpc.o)
 .ARM.attributes
                0x00000350       0x1d c:/program files (x86)/cypress/psoc creator/3.2/psoc creator/import/gnu/arm/4.8.4/bin/../lib/gcc/arm-none-eabi/4.8.4/armv7-m\libgcc.a(_arm_addsubsf3.o)
 .ARM.attributes
                0x0000036d       0x1d c:/program files (x86)/cypress/psoc creator/3.2/psoc creator/import/gnu/arm/4.8.4/bin/../lib/gcc/arm-none-eabi/4.8.4/armv7-m\libgcc.a(_arm_muldivsf3.o)
 .ARM.attributes
                0x0000038a       0x1d c:/program files (x86)/cypress/psoc creator/3.2/psoc creator/import/gnu/arm/4.8.4/bin/../lib/gcc/arm-none-eabi/4.8.4/armv7-m\libgcc.a(_aeabi_ldivmod.o)
 .ARM.attributes
                0x000003a7       0x2d c:/program files (x86)/cypress/psoc creator/3.2/psoc creator/import/gnu/arm/4.8.4/bin/../lib/gcc/arm-none-eabi/4.8.4/armv7-m\libgcc.a(bpabi.o)
 .ARM.attributes
                0x000003d4       0x1d c:/program files (x86)/cypress/psoc creator/3.2/psoc creator/import/gnu/arm/4.8.4/bin/../lib/gcc/arm-none-eabi/4.8.4/armv7-m\libgcc.a(_dvmd_tls.o)
 .ARM.attributes
                0x000003f1       0x2d c:/program files (x86)/cypress/psoc creator/3.2/psoc creator/import/gnu/arm/4.8.4/bin/../lib/gcc/arm-none-eabi/4.8.4/armv7-m\libgcc.a(_divdi3.o)
 .ARM.attributes
                0x0000041e       0x2d c:/program files (x86)/cypress/psoc creator/3.2/psoc creator/import/gnu/arm/4.8.4/bin/../lib/gcc/arm-none-eabi/4.8.4/armv7-m\libgcc.a(_udivdi3.o)
 .ARM.attributes
                0x0000044b       0x2d c:/program files (x86)/cypress/psoc creator/3.2/psoc creator/import/gnu/arm/4.8.4/bin/../lib/gcc/arm-none-eabi/4.8.4/../../../../arm-none-eabi/lib/armv7-m\libg_s.a(lib_a-exit.o)
 .ARM.attributes
                0x00000478       0x2d c:/program files (x86)/cypress/psoc creator/3.2/psoc creator/import/gnu/arm/4.8.4/bin/../lib/gcc/arm-none-eabi/4.8.4/../../../../arm-none-eabi/lib/armv7-m\libg_s.a(lib_a-impure.o)
 .ARM.attributes
                0x000004a5       0x2d c:/program files (x86)/cypress/psoc creator/3.2/psoc creator/import/gnu/arm/4.8.4/bin/../lib/gcc/arm-none-eabi/4.8.4/../../../../arm-none-eabi/lib/armv7-m\libg_s.a(lib_a-init.o)
 .ARM.attributes
                0x000004d2       0x2d c:/program files (x86)/cypress/psoc creator/3.2/psoc creator/import/gnu/arm/4.8.4/bin/../lib/gcc/arm-none-eabi/4.8.4/../../../../arm-none-eabi/lib/armv7-m\libg_s.a(lib_a-memcpy-stub.o)
 .ARM.attributes
                0x000004ff       0x2d c:/program files (x86)/cypress/psoc creator/3.2/psoc creator/import/gnu/arm/4.8.4/bin/../lib/gcc/arm-none-eabi/4.8.4/../../../../arm-none-eabi/lib/armv7-m\libg_s.a(lib_a-memset.o)
 .ARM.attributes
                0x0000052c       0x2d c:/program files (x86)/cypress/psoc creator/3.2/psoc creator/import/gnu/arm/4.8.4/bin/../lib/gcc/arm-none-eabi/4.8.4/armv7-m/crtend.o
 .ARM.attributes
                0x00000559       0x1d c:/program files (x86)/cypress/psoc creator/3.2/psoc creator/import/gnu/arm/4.8.4/bin/../lib/gcc/arm-none-eabi/4.8.4/armv7-m/crtn.o

/DISCARD/
 *(.note.GNU-stack)
OUTPUT(.\CortexM3\ARM_GCC_484\Debug\WaveGenerator1.elf elf32-littlearm)
