Archive member included because of file (symbol)

.\CortexM3\ARM_GCC_484\Debug\WaveGenerator1.a(cyfitter_cfg.o)
                              .\CortexM3\ARM_GCC_484\Debug\Cm3Start.o (cyfitter_cfg)
.\CortexM3\ARM_GCC_484\Debug\WaveGenerator1.a(CyBootAsmGnu.o)
                              .\CortexM3\ARM_GCC_484\Debug\WaveGenerator1.a(cyfitter_cfg.o) (CyDelayCycles)
.\CortexM3\ARM_GCC_484\Debug\WaveGenerator1.a(CyLib.o)
                              .\CortexM3\ARM_GCC_484\Debug\Cm3Start.o (CyResetStatus)
.\CortexM3\ARM_GCC_484\Debug\WaveGenerator1.a(cyPm.o)
                              .\CortexM3\ARM_GCC_484\Debug\WaveGenerator1.a(CyLib.o) (CyPmReadStatus)
.\CortexM3\ARM_GCC_484\Debug\WaveGenerator1.a(isr.o)
                              .\CortexM3\ARM_GCC_484\Debug\main.o (isr_Start)
.\CortexM3\ARM_GCC_484\Debug\WaveGenerator1.a(ADC_SAR.o)
                              .\CortexM3\ARM_GCC_484\Debug\main.o (ADC_SAR_Start)
.\CortexM3\ARM_GCC_484\Debug\WaveGenerator1.a(ADC_SAR_INT.o)
                              .\CortexM3\ARM_GCC_484\Debug\WaveGenerator1.a(ADC_SAR.o) (ADC_SAR_ISR)
.\CortexM3\ARM_GCC_484\Debug\WaveGenerator1.a(ADC_SAR_theACLK.o)
                              .\CortexM3\ARM_GCC_484\Debug\WaveGenerator1.a(ADC_SAR.o) (ADC_SAR_theACLK_SetModeRegister)
.\CortexM3\ARM_GCC_484\Debug\WaveGenerator1.a(VDAC8_1_hs.o)
                              .\CortexM3\ARM_GCC_484\Debug\main.o (VDAC8_1_hs_Start)
.\CortexM3\ARM_GCC_484\Debug\WaveGenerator1.a(VDAC8_2_ls.o)
                              .\CortexM3\ARM_GCC_484\Debug\main.o (VDAC8_2_ls_Start)
.\CortexM3\ARM_GCC_484\Debug\WaveGenerator1.a(UART_1.o)
                              .\CortexM3\ARM_GCC_484\Debug\main.o (UART_1_Start)
.\CortexM3\ARM_GCC_484\Debug\WaveGenerator1.a(UART_1_IntClock.o)
                              .\CortexM3\ARM_GCC_484\Debug\WaveGenerator1.a(UART_1.o) (UART_1_IntClock_Start)
.\CortexM3\ARM_GCC_484\Debug\WaveGenerator1.a(CyFlash.o)
                              .\CortexM3\ARM_GCC_484\Debug\WaveGenerator1.a(cyPm.o) (CyFlash_SetWaitCycles)
.\CortexM3\ARM_GCC_484\Debug\WaveGenerator1.a(CySpc.o)
                              .\CortexM3\ARM_GCC_484\Debug\WaveGenerator1.a(CyFlash.o) (CySpcStart)
c:/program files (x86)/cypress/psoc creator/3.2/psoc creator/import/gnu/arm/4.8.4/bin/../lib/gcc/arm-none-eabi/4.8.4/../../../../arm-none-eabi/lib/armv7-m\libm.a(lib_a-s_sin.o)
                              .\CortexM3\ARM_GCC_484\Debug\main.o (sin)
c:/program files (x86)/cypress/psoc creator/3.2/psoc creator/import/gnu/arm/4.8.4/bin/../lib/gcc/arm-none-eabi/4.8.4/../../../../arm-none-eabi/lib/armv7-m\libm.a(lib_a-e_rem_pio2.o)
                              c:/program files (x86)/cypress/psoc creator/3.2/psoc creator/import/gnu/arm/4.8.4/bin/../lib/gcc/arm-none-eabi/4.8.4/../../../../arm-none-eabi/lib/armv7-m\libm.a(lib_a-s_sin.o) (__ieee754_rem_pio2)
c:/program files (x86)/cypress/psoc creator/3.2/psoc creator/import/gnu/arm/4.8.4/bin/../lib/gcc/arm-none-eabi/4.8.4/../../../../arm-none-eabi/lib/armv7-m\libm.a(lib_a-k_cos.o)
                              c:/program files (x86)/cypress/psoc creator/3.2/psoc creator/import/gnu/arm/4.8.4/bin/../lib/gcc/arm-none-eabi/4.8.4/../../../../arm-none-eabi/lib/armv7-m\libm.a(lib_a-s_sin.o) (__kernel_cos)
c:/program files (x86)/cypress/psoc creator/3.2/psoc creator/import/gnu/arm/4.8.4/bin/../lib/gcc/arm-none-eabi/4.8.4/../../../../arm-none-eabi/lib/armv7-m\libm.a(lib_a-k_rem_pio2.o)
                              c:/program files (x86)/cypress/psoc creator/3.2/psoc creator/import/gnu/arm/4.8.4/bin/../lib/gcc/arm-none-eabi/4.8.4/../../../../arm-none-eabi/lib/armv7-m\libm.a(lib_a-e_rem_pio2.o) (__kernel_rem_pio2)
c:/program files (x86)/cypress/psoc creator/3.2/psoc creator/import/gnu/arm/4.8.4/bin/../lib/gcc/arm-none-eabi/4.8.4/../../../../arm-none-eabi/lib/armv7-m\libm.a(lib_a-k_sin.o)
                              c:/program files (x86)/cypress/psoc creator/3.2/psoc creator/import/gnu/arm/4.8.4/bin/../lib/gcc/arm-none-eabi/4.8.4/../../../../arm-none-eabi/lib/armv7-m\libm.a(lib_a-s_sin.o) (__kernel_sin)
c:/program files (x86)/cypress/psoc creator/3.2/psoc creator/import/gnu/arm/4.8.4/bin/../lib/gcc/arm-none-eabi/4.8.4/../../../../arm-none-eabi/lib/armv7-m\libm.a(lib_a-s_fabs.o)
                              c:/program files (x86)/cypress/psoc creator/3.2/psoc creator/import/gnu/arm/4.8.4/bin/../lib/gcc/arm-none-eabi/4.8.4/../../../../arm-none-eabi/lib/armv7-m\libm.a(lib_a-e_rem_pio2.o) (fabs)
c:/program files (x86)/cypress/psoc creator/3.2/psoc creator/import/gnu/arm/4.8.4/bin/../lib/gcc/arm-none-eabi/4.8.4/../../../../arm-none-eabi/lib/armv7-m\libm.a(lib_a-s_floor.o)
                              c:/program files (x86)/cypress/psoc creator/3.2/psoc creator/import/gnu/arm/4.8.4/bin/../lib/gcc/arm-none-eabi/4.8.4/../../../../arm-none-eabi/lib/armv7-m\libm.a(lib_a-k_rem_pio2.o) (floor)
[...]
Memory Configuration

Name             Origin             Length             Attributes
rom              0x00000000         0x00040000         xr
ram              0x1fff8000         0x00010000         xrw
*default*        0x00000000         0xffffffff

Linker script and memory map

LOAD c:/program files (x86)/cypress/psoc creator/3.2/psoc creator/import/gnu/arm/4.8.4/bin/../lib/gcc/arm-none-eabi/4.8.4/armv7-m/crti.o
LOAD c:/program files (x86)/cypress/psoc creator/3.2/psoc creator/import/gnu/arm/4.8.4/bin/../lib/gcc/arm-none-eabi/4.8.4/armv7-m/crtbegin.o
LOAD c:/program files (x86)/cypress/psoc creator/3.2/psoc creator/import/gnu/arm/4.8.4/bin/../lib/gcc/arm-none-eabi/4.8.4/../../../../arm-none-eabi/lib/armv7-m/crt0.o
START GROUP
LOAD .\CortexM3\ARM_GCC_484\Debug\main.o
LOAD .\CortexM3\ARM_GCC_484\Debug\canceller.o
LOAD .\CortexM3\ARM_GCC_484\Debug\hs_model.o
LOAD .\CortexM3\ARM_GCC_484\Debug\mic_model.o
LOAD .\CortexM3\ARM_GCC_484\Debug\cymetadata.o
LOAD .\CortexM3\ARM_GCC_484\Debug\Cm3Start.o
LOAD .\CortexM3\ARM_GCC_484\Debug\WaveGenerator1.a
LOAD C:\Program Files (x86)\Cypress\PSoC Creator\3.2\PSoC Creator\psoc\content\cycomponentlibrary\CyComponentLibrary.cylib\CortexM3\ARM_GCC_484\Debug\CyComponentLibrary.a
LOAD c:/program files (x86)/cypress/psoc creator/3.2/psoc creator/import/gnu/arm/4.8.4/bin/../lib/gcc/arm-none-eabi/4.8.4/../../../../arm-none-eabi/lib/armv7-m\libm.a
END GROUP
START GROUP
LOAD c:/program files (x86)/cypress/psoc creator/3.2/psoc creator/import/gnu/arm/4.8.4/bin/../lib/gcc/arm-none-eabi/4.8.4/armv7-m\libgcc.a
LOAD c:/program files (x86)/cypress/psoc creator/3.2/psoc creator/import/gnu/arm/4.8.4/bin/../lib/gcc/arm-none-eabi/4.8.4/../../../../arm-none-eabi/lib/armv7-m\libg_s.a
LOAD c:/program files (x86)/cypress/psoc creator/3.2/psoc creator/import/gnu/arm/4.8.4/bin/../lib/gcc/arm-none-eabi/4.8.4/../../../../arm-none-eabi/lib/armv7-m\libc_s.a
END GROUP
START GROUP
LOAD c:/program files (x86)/cypress/psoc creator/3.2/psoc creator/import/gnu/arm/4.8.4/bin/../lib/gcc/arm-none-eabi/4.8.4/armv7-m\libgcc.a
LOAD c:/program files (x86)/cypress/psoc creator/3.2/psoc creator/import/gnu/arm/4.8.4/bin/../lib/gcc/arm-none-eabi/4.8.4/../../../../arm-none-eabi/lib/armv7-m\libc_s.a
END GROUP
LOAD c:/program files (x86)/cypress/psoc creator/3.2/psoc creator/import/gnu/arm/4.8.4/bin/../lib/gcc/arm-none-eabi/4.8.4/armv7-m/crtend.o
LOAD c:/program files (x86)/cypress/psoc creator/3.2/psoc creator/import/gnu/arm/4.8.4/bin/../lib/gcc/arm-none-eabi/4.8.4/armv7-m/crtn.o
START GROUP
LOAD c:/program files (x86)/cypress/psoc creator/3.2/psoc creator/import/gnu/arm/4.8.4/bin/../lib/gcc/arm-none-eabi/4.8.4/armv7-m\libgcc.a
LOAD c:/program files (x86)/cypress/psoc creator/3.2/psoc creator/import/gnu/arm/4.8.4/bin/../lib/gcc/arm-none-eabi/4.8.4/../../../../arm-none-eabi/lib/armv7-m\libc.a
LOAD c:/program files (x86)/cypress/psoc creator/3.2/psoc creator/import/gnu/arm/4.8.4/bin/../lib/gcc/arm-none-eabi/4.8.4/../../../../arm-none-eabi/lib/armv7-m\libnosys.a
END GROUP
                0x00000000                CY_APPL_ORIGIN = 0x0
                0x00000100                CY_FLASH_ROW_SIZE = 0x100
                0x00000020                CY_ECC_ROW_SIZE = 0x20
                0x00000000                CY_EE_IN_BTLDR = 0x0
                0x00000000                CY_APPL_LOADABLE = 0x0
                0x00000800                CY_EE_SIZE = 0x800
                0x00000001                CY_APPL_NUM = 0x1
                0x00000001                CY_APPL_MAX = 0x1
                0x00000040                CY_METADATA_SIZE = 0x40
                0x1ffff898                PROVIDE (__cy_heap_start, _end)
                0x00000001                PROVIDE (__cy_region_num, ((__cy_regions_end - __cy_regions) / 0x10))
                0x20008000                PROVIDE (__cy_stack, (ORIGIN (ram) + 0x10000))
                0x20007b00                PROVIDE (__cy_heap_end, (__cy_stack - 0x500))

.cybootloader   0x00000000        0x0
 *(.cybootloader)
                0x00000000                appl1_start = CY_APPL_ORIGIN?CY_APPL_ORIGIN:ALIGN (CY_FLASH_ROW_SIZE)
                0x0001ff00                appl2_start = (appl1_start + ALIGN ((((0x40000 - appl1_start) - (0x2 * CY_FLASH_ROW_SIZE)) / 0x2), CY_FLASH_ROW_SIZE))
                0x00000000                appl_start = (CY_APPL_NUM == 0x1)?appl1_start:appl2_start
                0x00000000                ecc_offset = ((appl_start / CY_FLASH_ROW_SIZE) * CY_ECC_ROW_SIZE)
                0x00000000                ee_offset = (CY_APPL_LOADABLE && ! (CY_EE_IN_BTLDR))?((CY_EE_SIZE / CY_APPL_MAX) * (CY_APPL_NUM - 0x1)):0x0
                0x00000800                ee_size = (CY_APPL_LOADABLE && ! (CY_EE_IN_BTLDR))?(CY_EE_SIZE / CY_APPL_MAX):CY_EE_SIZE
                0x00000000                PROVIDE (CY_ECC_OFFSET, ecc_offset)

.text           0x00000000     0x3544
 CREATE_OBJECT_SYMBOLS
                0x00000000                PROVIDE (__cy_interrupt_vector, RomVectors)
 *(.romvectors)
 .romvectors    0x00000000       0x10 .\CortexM3\ARM_GCC_484\Debug\Cm3Start.o
                0x00000000                RomVectors
                0x00000001                ASSERT ((. != __cy_interrupt_vector), No interrupt vector)
                0x00000001                ASSERT (CY_APPL_ORIGIN?(SIZEOF (.cybootloader) <= CY_APPL_ORIGIN):0x1, Wrong image location)
                0x00000010                PROVIDE (__cy_reset, Reset)
 *(.text.Reset)
 .text.Reset    0x00000010       0x18 .\CortexM3\ARM_GCC_484\Debug\Cm3Start.o
                0x00000010                Reset
                0x00000001                ASSERT ((. != __cy_reset), No reset code)
 *(.dma_init)
                0x00000001                ASSERT ((((appl_start + .) <= 0x10000) || 0x1), DMA Init must be within the first 64k of flash)
 *(.text .text.* .gnu.linkonce.t.*)
 .text          0x00000028       0x54 c:/program files (x86)/cypress/psoc creator/3.2/psoc creator/import/gnu/arm/4.8.4/bin/../lib/gcc/arm-none-eabi/4.8.4/armv7-m/crtbegin.o
 *fill*         0x0000007c        0x4 
 .text.main     0x00000080       0xc8 .\CortexM3\ARM_GCC_484\Debug\main.o
                0x00000080                main
 .text.canceller_new_sample
                0x00000148       0x9c .\CortexM3\ARM_GCC_484\Debug\canceller.o
                0x00000148                canceller_new_sample
 .text.canceller_coeff_update
                0x000001e4       0x74 .\CortexM3\ARM_GCC_484\Debug\canceller.o
                0x000001e4                canceller_coeff_update
 .text.hs_model_new
                0x00000258       0x48 .\CortexM3\ARM_GCC_484\Debug\hs_model.o
                0x00000258                hs_model_new
 .text.hs_model_new_sample
                0x000002a0       0x80 .\CortexM3\ARM_GCC_484\Debug\hs_model.o
                0x000002a0                hs_model_new_sample
 .text.IntDefaultHandler
                0x00000320        0x8 .\CortexM3\ARM_GCC_484\Debug\Cm3Start.o
                0x00000320                IntDefaultHandler
 .text.Start_c  0x00000328       0x94 .\CortexM3\ARM_GCC_484\Debug\Cm3Start.o
                0x00000328                Start_c
 .text.initialize_psoc
                0x000003bc       0x8c .\CortexM3\ARM_GCC_484\Debug\Cm3Start.o
                0x000003bc                initialize_psoc
 .text.CYMEMZERO
                0x00000448       0x1c .\CortexM3\ARM_GCC_484\Debug\WaveGenerator1.a(cyfitter_cfg.o)
 .text.CYCONFIGCPY
                0x00000464       0x1c .\CortexM3\ARM_GCC_484\Debug\WaveGenerator1.a(cyfitter_cfg.o)
 .text.CyClockStartupError
                0x00000480        0xc .\CortexM3\ARM_GCC_484\Debug\WaveGenerator1.a(cyfitter_cfg.o)
 .text.cfg_write_bytes32
                0x0000048c       0x74 .\CortexM3\ARM_GCC_484\Debug\WaveGenerator1.a(cyfitter_cfg.o)
 .text.ClockSetup
                0x00000500      0x128 .\CortexM3\ARM_GCC_484\Debug\WaveGenerator1.a(cyfitter_cfg.o)
 .text.AnalogSetDefault
                0x00000628       0xb8 .\CortexM3\ARM_GCC_484\Debug\WaveGenerator1.a(cyfitter_cfg.o)
 .text.cyfitter_cfg
                0x000006e0      0x110 .\CortexM3\ARM_GCC_484\Debug\WaveGenerator1.a(cyfitter_cfg.o)
                0x000006e0                cyfitter_cfg
 .text          0x000007f0       0x28 .\CortexM3\ARM_GCC_484\Debug\WaveGenerator1.a(CyBootAsmGnu.o)
                0x000007f0                CyDelayCycles
                0x00000804                CyEnterCriticalSection
                0x0000080c                CyExitCriticalSection
 .text.CyHalt   0x00000818       0x18 .\CortexM3\ARM_GCC_484\Debug\WaveGenerator1.a(CyLib.o)
                0x00000818                CyHalt
 .text.CyDelayUs
                0x00000830       0x24 .\CortexM3\ARM_GCC_484\Debug\WaveGenerator1.a(CyLib.o)
                0x00000830                CyDelayUs
 .text.CyIntSetVector
                0x00000854       0x50 .\CortexM3\ARM_GCC_484\Debug\WaveGenerator1.a(CyLib.o)
                0x00000854                CyIntSetVector
 .text.CyIntSetPriority
                0x000008a4       0x44 .\CortexM3\ARM_GCC_484\Debug\WaveGenerator1.a(CyLib.o)
                0x000008a4                CyIntSetPriority
 .text.isr_Start
                0x000008e8       0x20 .\CortexM3\ARM_GCC_484\Debug\WaveGenerator1.a(isr.o)
                0x000008e8                isr_Start
 .text.isr_Interrupt
                0x00000908      0x100 .\CortexM3\ARM_GCC_484\Debug\WaveGenerator1.a(isr.o)
                0x00000908                isr_Interrupt
 .text.isr_SetVector
                0x00000a08       0x24 .\CortexM3\ARM_GCC_484\Debug\WaveGenerator1.a(isr.o)
                0x00000a08                isr_SetVector
 .text.isr_SetPriority
                0x00000a2c       0x24 .\CortexM3\ARM_GCC_484\Debug\WaveGenerator1.a(isr.o)
                0x00000a2c                isr_SetPriority
 .text.isr_Enable
                0x00000a50       0x18 .\CortexM3\ARM_GCC_484\Debug\WaveGenerator1.a(isr.o)
                0x00000a50                isr_Enable
 .text.isr_Disable
                0x00000a68       0x18 .\CortexM3\ARM_GCC_484\Debug\WaveGenerator1.a(isr.o)
                0x00000a68                isr_Disable
 .text.ADC_SAR_Start
                0x00000a80       0x20 .\CortexM3\ARM_GCC_484\Debug\WaveGenerator1.a(ADC_SAR.o)
                0x00000a80                ADC_SAR_Start
 .text.ADC_SAR_Init
                0x00000aa0       0x44 .\CortexM3\ARM_GCC_484\Debug\WaveGenerator1.a(ADC_SAR.o)
                0x00000aa0                ADC_SAR_Init
 .text.ADC_SAR_Enable
                0x00000ae4       0xf4 .\CortexM3\ARM_GCC_484\Debug\WaveGenerator1.a(ADC_SAR.o)
                0x00000ae4                ADC_SAR_Enable
 .text.ADC_SAR_SetResolution
                0x00000bd8       0x50 .\CortexM3\ARM_GCC_484\Debug\WaveGenerator1.a(ADC_SAR.o)
                0x00000bd8                ADC_SAR_SetResolution
 .text.ADC_SAR_GetResult16
                0x00000c28       0x34 .\CortexM3\ARM_GCC_484\Debug\WaveGenerator1.a(ADC_SAR.o)
                0x00000c28                ADC_SAR_GetResult16
 .text.ADC_SAR_CalcGain
                0x00000c5c       0x7c .\CortexM3\ARM_GCC_484\Debug\WaveGenerator1.a(ADC_SAR.o)
 .text.ADC_SAR_ISR
                0x00000cd8        0xc .\CortexM3\ARM_GCC_484\Debug\WaveGenerator1.a(ADC_SAR_INT.o)
                0x00000cd8                ADC_SAR_ISR
 .text.ADC_SAR_theACLK_SetModeRegister
                0x00000ce4       0x34 .\CortexM3\ARM_GCC_484\Debug\WaveGenerator1.a(ADC_SAR_theACLK.o)
                0x00000ce4                ADC_SAR_theACLK_SetModeRegister
 .text.VDAC8_1_hs_Init
                0x00000d18       0x3c .\CortexM3\ARM_GCC_484\Debug\WaveGenerator1.a(VDAC8_1_hs.o)
                0x00000d18                VDAC8_1_hs_Init
 .text.VDAC8_1_hs_Enable
                0x00000d54       0x34 .\CortexM3\ARM_GCC_484\Debug\WaveGenerator1.a(VDAC8_1_hs.o)
                0x00000d54                VDAC8_1_hs_Enable
 .text.VDAC8_1_hs_Start
                0x00000d88       0x28 .\CortexM3\ARM_GCC_484\Debug\WaveGenerator1.a(VDAC8_1_hs.o)
                0x00000d88                VDAC8_1_hs_Start
 .text.VDAC8_1_hs_SetSpeed
                0x00000db0       0x40 .\CortexM3\ARM_GCC_484\Debug\WaveGenerator1.a(VDAC8_1_hs.o)
                0x00000db0                VDAC8_1_hs_SetSpeed
 .text.VDAC8_1_hs_SetRange
                0x00000df0       0x40 .\CortexM3\ARM_GCC_484\Debug\WaveGenerator1.a(VDAC8_1_hs.o)
                0x00000df0                VDAC8_1_hs_SetRange
 .text.VDAC8_1_hs_SetValue
                0x00000e30       0x20 .\CortexM3\ARM_GCC_484\Debug\WaveGenerator1.a(VDAC8_1_hs.o)
                0x00000e30                VDAC8_1_hs_SetValue
 .text.VDAC8_1_hs_DacTrim
                0x00000e50       0x3c .\CortexM3\ARM_GCC_484\Debug\WaveGenerator1.a(VDAC8_1_hs.o)
                0x00000e50                VDAC8_1_hs_DacTrim
 .text.VDAC8_2_ls_Init
                0x00000e8c       0x3c .\CortexM3\ARM_GCC_484\Debug\WaveGenerator1.a(VDAC8_2_ls.o)
                0x00000e8c                VDAC8_2_ls_Init
 .text.VDAC8_2_ls_Enable
                0x00000ec8       0x34 .\CortexM3\ARM_GCC_484\Debug\WaveGenerator1.a(VDAC8_2_ls.o)
                0x00000ec8                VDAC8_2_ls_Enable
 .text.VDAC8_2_ls_Start
                0x00000efc       0x28 .\CortexM3\ARM_GCC_484\Debug\WaveGenerator1.a(VDAC8_2_ls.o)
                0x00000efc                VDAC8_2_ls_Start
 .text.VDAC8_2_ls_SetSpeed
                0x00000f24       0x40 .\CortexM3\ARM_GCC_484\Debug\WaveGenerator1.a(VDAC8_2_ls.o)
                0x00000f24                VDAC8_2_ls_SetSpeed
 .text.VDAC8_2_ls_SetRange
                0x00000f64       0x40 .\CortexM3\ARM_GCC_484\Debug\WaveGenerator1.a(VDAC8_2_ls.o)
                0x00000f64                VDAC8_2_ls_SetRange
 .text.VDAC8_2_ls_SetValue
                0x00000fa4       0x20 .\CortexM3\ARM_GCC_484\Debug\WaveGenerator1.a(VDAC8_2_ls.o)
                0x00000fa4                VDAC8_2_ls_SetValue
 .text.VDAC8_2_ls_DacTrim
                0x00000fc4       0x3c .\CortexM3\ARM_GCC_484\Debug\WaveGenerator1.a(VDAC8_2_ls.o)
                0x00000fc4                VDAC8_2_ls_DacTrim
 .text.UART_1_Start
                0x00001000       0x20 .\CortexM3\ARM_GCC_484\Debug\WaveGenerator1.a(UART_1.o)
                0x00001000                UART_1_Start
 .text.UART_1_Init
                0x00001020       0x2c .\CortexM3\ARM_GCC_484\Debug\WaveGenerator1.a(UART_1.o)
                0x00001020                UART_1_Init
 .text.UART_1_Enable
                0x0000104c       0x34 .\CortexM3\ARM_GCC_484\Debug\WaveGenerator1.a(UART_1.o)
                0x0000104c                UART_1_Enable
 .text.UART_1_PutChar
                0x00001080       0x34 .\CortexM3\ARM_GCC_484\Debug\WaveGenerator1.a(UART_1.o)
                0x00001080                UART_1_PutChar
 .text.UART_1_PutArray
                0x000010b4       0x40 .\CortexM3\ARM_GCC_484\Debug\WaveGenerator1.a(UART_1.o)
                0x000010b4                UART_1_PutArray
 .text.UART_1_IntClock_Start
                0x000010f4       0x34 .\CortexM3\ARM_GCC_484\Debug\WaveGenerator1.a(UART_1_IntClock.o)
                0x000010f4                UART_1_IntClock_Start
 .text.sin      0x00001128       0x94 c:/program files (x86)/cypress/psoc creator/3.2/psoc creator/import/gnu/arm/4.8.4/bin/../lib/gcc/arm-none-eabi/4.8.4/../../../../arm-none-eabi/lib/armv7-m\libm.a(lib_a-s_sin.o)
                0x00001128                sin
 *fill*         0x000011bc        0x4 
 .text.__ieee754_rem_pio2
                0x000011c0      0x440 c:/program files (x86)/cypress/psoc creator/3.2/psoc creator/import/gnu/arm/4.8.4/bin/../lib/gcc/arm-none-eabi/4.8.4/../../../../arm-none-eabi/lib/armv7-m\libm.a(lib_a-e_rem_pio2.o)
                0x000011c0                __ieee754_rem_pio2
 .text.__kernel_cos
                0x00001600      0x248 c:/program files (x86)/cypress/psoc creator/3.2/psoc creator/import/gnu/arm/4.8.4/bin/../lib/gcc/arm-none-eabi/4.8.4/../../../../arm-none-eabi/lib/armv7-m\libm.a(lib_a-k_cos.o)
                0x00001600                __kernel_cos
 .text.__kernel_rem_pio2
                0x00001848      0x7bc c:/program files (x86)/cypress/psoc creator/3.2/psoc creator/import/gnu/arm/4.8.4/bin/../lib/gcc/arm-none-eabi/4.8.4/../../../../arm-none-eabi/lib/armv7-m\libm.a(lib_a-k_rem_pio2.o)
                0x00001848                __kernel_rem_pio2
 *fill*         0x00002004        0x4 
 .text.__kernel_sin
                0x00002008      0x170 c:/program files (x86)/cypress/psoc creator/3.2/psoc creator/import/gnu/arm/4.8.4/bin/../lib/gcc/arm-none-eabi/4.8.4/../../../../arm-none-eabi/lib/armv7-m\libm.a(lib_a-k_sin.o)
                0x00002008                __kernel_sin
 .text.fabs     0x00002178        0x8 c:/program files (x86)/cypress/psoc creator/3.2/psoc creator/import/gnu/arm/4.8.4/bin/../lib/gcc/arm-none-eabi/4.8.4/../../../../arm-none-eabi/lib/armv7-m\libm.a(lib_a-s_fabs.o)
                0x00002178                fabs
 .text.floor    0x00002180      0x120 c:/program files (x86)/cypress/psoc creator/3.2/psoc creator/import/gnu/arm/4.8.4/bin/../lib/gcc/arm-none-eabi/4.8.4/../../../../arm-none-eabi/lib/armv7-m\libm.a(lib_a-s_floor.o)
                0x00002180                floor
 .text.scalbn   0x000022a0      0x100 c:/program files (x86)/cypress/psoc creator/3.2/psoc creator/import/gnu/arm/4.8.4/bin/../lib/gcc/arm-none-eabi/4.8.4/../../../../arm-none-eabi/lib/armv7-m\libm.a(lib_a-s_scalbn.o)
                0x000022a0                scalbn
 .text.copysign
                0x000023a0       0x14 c:/program files (x86)/cypress/psoc creator/3.2/psoc creator/import/gnu/arm/4.8.4/bin/../lib/gcc/arm-none-eabi/4.8.4/../../../../arm-none-eabi/lib/armv7-m\libm.a(lib_a-s_copysign.o)
                0x000023a0                copysign
 .text          0x000023b4      0x370 c:/program files (x86)/cypress/psoc creator/3.2/psoc creator/import/gnu/arm/4.8.4/bin/../lib/gcc/arm-none-eabi/4.8.4/armv7-m\libgcc.a(_arm_addsubdf3.o)
                0x000023b4                __aeabi_drsub
                0x000023bc                __aeabi_dsub
                0x000023bc                __subdf3
                0x000023c0                __aeabi_dadd
                0x000023c0                __adddf3
                0x00002638                __floatunsidf
                0x00002638                __aeabi_ui2d
                0x00002658                __floatsidf
                0x00002658                __aeabi_i2d
                0x0000267c                __aeabi_f2d
                0x0000267c                __extendsfdf2
                0x000026b8                __floatundidf
                0x000026b8                __aeabi_ul2d
                0x000026c8                __floatdidf
                0x000026c8                __aeabi_l2d
 .text          0x00002724      0x424 c:/program files (x86)/cypress/psoc creator/3.2/psoc creator/import/gnu/arm/4.8.4/bin/../lib/gcc/arm-none-eabi/4.8.4/armv7-m\libgcc.a(_arm_muldivdf3.o)
                0x00002724                __aeabi_dmul
                0x00002724                __muldf3
                0x00002978                __divdf3
                0x00002978                __aeabi_ddiv
 .text          0x00002b48      0x110 c:/program files (x86)/cypress/psoc creator/3.2/psoc creator/import/gnu/arm/4.8.4/bin/../lib/gcc/arm-none-eabi/4.8.4/armv7-m\libgcc.a(_arm_cmpdf2.o)
                0x00002b48                __gtdf2
                0x00002b48                __gedf2
                0x00002b50                __ltdf2
                0x00002b50                __ledf2
                0x00002b58                __nedf2
                0x00002b58                __eqdf2
                0x00002b58                __cmpdf2
                0x00002bd4                __aeabi_cdrcmple
                0x00002be4                __aeabi_cdcmpeq
                0x00002be4                __aeabi_cdcmple
                0x00002bf4                __aeabi_dcmpeq
                0x00002c08                __aeabi_dcmplt
                0x00002c1c                __aeabi_dcmple
                0x00002c30                __aeabi_dcmpge
                0x00002c44                __aeabi_dcmpgt
 .text          0x00002c58       0x50 c:/program files (x86)/cypress/psoc creator/3.2/psoc creator/import/gnu/arm/4.8.4/bin/../lib/gcc/arm-none-eabi/4.8.4/armv7-m\libgcc.a(_arm_fixdfsi.o)
                0x00002c58                __aeabi_d2iz
                0x00002c58                __fixdfsi
 .text.__libc_init_array
                0x00002ca8       0x4c c:/program files (x86)/cypress/psoc creator/3.2/psoc creator/import/gnu/arm/4.8.4/bin/../lib/gcc/arm-none-eabi/4.8.4/../../../../arm-none-eabi/lib/armv7-m\libg_s.a(lib_a-init.o)
                0x00002ca8                __libc_init_array
 .text.memcpy   0x00002cf4       0x12 c:/program files (x86)/cypress/psoc creator/3.2/psoc creator/import/gnu/arm/4.8.4/bin/../lib/gcc/arm-none-eabi/4.8.4/../../../../arm-none-eabi/lib/armv7-m\libg_s.a(lib_a-memcpy-stub.o)
                0x00002cf4                memcpy
 .text.memset   0x00002d06       0x10 c:/program files (x86)/cypress/psoc creator/3.2/psoc creator/import/gnu/arm/4.8.4/bin/../lib/gcc/arm-none-eabi/4.8.4/../../../../arm-none-eabi/lib/armv7-m\libg_s.a(lib_a-memset.o)
                0x00002d06                memset
 *fill*         0x00002d16        0x2 
 .text.sprintf  0x00002d18       0x48 c:/program files (x86)/cypress/psoc creator/3.2/psoc creator/import/gnu/arm/4.8.4/bin/../lib/gcc/arm-none-eabi/4.8.4/../../../../arm-none-eabi/lib/armv7-m\libg_s.a(lib_a-sprintf.o)
                0x00002d18                siprintf
                0x00002d18                sprintf
 .text.strlen   0x00002d60       0x10 c:/program files (x86)/cypress/psoc creator/3.2/psoc creator/import/gnu/arm/4.8.4/bin/../lib/gcc/arm-none-eabi/4.8.4/../../../../arm-none-eabi/lib/armv7-m\libg_s.a(lib_a-strlen.o)
                0x00002d60                strlen
 .text.__ssputs_r
                0x00002d70       0xb8 c:/program files (x86)/cypress/psoc creator/3.2/psoc creator/import/gnu/arm/4.8.4/bin/../lib/gcc/arm-none-eabi/4.8.4/../../../../arm-none-eabi/lib/armv7-m\libg_s.a(lib_a-svfprintf.o)
                0x00002d70                __ssputs_r
 .text._svfprintf_r
                0x00002e28      0x1d8 c:/program files (x86)/cypress/psoc creator/3.2/psoc creator/import/gnu/arm/4.8.4/bin/../lib/gcc/arm-none-eabi/4.8.4/../../../../arm-none-eabi/lib/armv7-m\libg_s.a(lib_a-svfprintf.o)
                0x00002e28                _svfiprintf_r
                0x00002e28                _svfprintf_r
 .text._printf_common
                0x00003000       0xe4 c:/program files (x86)/cypress/psoc creator/3.2/psoc creator/import/gnu/arm/4.8.4/bin/../lib/gcc/arm-none-eabi/4.8.4/../../../../arm-none-eabi/lib/armv7-m\libg_s.a(lib_a-vfprintf_i.o)
                0x00003000                _printf_common
 .text._printf_i
                0x000030e4      0x228 c:/program files (x86)/cypress/psoc creator/3.2/psoc creator/import/gnu/arm/4.8.4/bin/../lib/gcc/arm-none-eabi/4.8.4/../../../../arm-none-eabi/lib/armv7-m\libg_s.a(lib_a-vfprintf_i.o)
                0x000030e4                _printf_i
 .text.memchr   0x0000330c       0x1c c:/program files (x86)/cypress/psoc creator/3.2/psoc creator/import/gnu/arm/4.8.4/bin/../lib/gcc/arm-none-eabi/4.8.4/../../../../arm-none-eabi/lib/armv7-m\libg_s.a(lib_a-memchr-stub.o)
                0x0000330c                memchr
 .text.memmove  0x00003328       0x36 c:/program files (x86)/cypress/psoc creator/3.2/psoc creator/import/gnu/arm/4.8.4/bin/../lib/gcc/arm-none-eabi/4.8.4/../../../../arm-none-eabi/lib/armv7-m\libg_s.a(lib_a-memmove.o)
                0x00003328                memmove
 *fill*         0x0000335e        0x2 
 .text._free_r  0x00003360       0x88 c:/program files (x86)/cypress/psoc creator/3.2/psoc creator/import/gnu/arm/4.8.4/bin/../lib/gcc/arm-none-eabi/4.8.4/../../../../arm-none-eabi/lib/armv7-m\libg_s.a(lib_a-nano-freer.o)
                0x00003360                _free_r
 .text._malloc_r
                0x000033e8       0xa8 c:/program files (x86)/cypress/psoc creator/3.2/psoc creator/import/gnu/arm/4.8.4/bin/../lib/gcc/arm-none-eabi/4.8.4/../../../../arm-none-eabi/lib/armv7-m\libg_s.a(lib_a-nano-mallocr.o)
                0x000033e8                _malloc_r
 .text._realloc_r
                0x00003490       0x4c c:/program files (x86)/cypress/psoc creator/3.2/psoc creator/import/gnu/arm/4.8.4/bin/../lib/gcc/arm-none-eabi/4.8.4/../../../../arm-none-eabi/lib/armv7-m\libg_s.a(lib_a-nano-reallocr.o)
                0x00003490                _realloc_r
 .text._sbrk_r  0x000034dc       0x20 c:/program files (x86)/cypress/psoc creator/3.2/psoc creator/import/gnu/arm/4.8.4/bin/../lib/gcc/arm-none-eabi/4.8.4/../../../../arm-none-eabi/lib/armv7-m\libg_s.a(lib_a-sbrkr.o)
                0x000034dc                _sbrk_r
 .text._malloc_usable_size_r
                0x000034fc       0x12 c:/program files (x86)/cypress/psoc creator/3.2/psoc creator/import/gnu/arm/4.8.4/bin/../lib/gcc/arm-none-eabi/4.8.4/../../../../arm-none-eabi/lib/armv7-m\libg_s.a(lib_a-nano-msizer.o)
                0x000034fc                _malloc_usable_size_r
 *fill*         0x0000350e        0x2 
 .text._sbrk    0x00003510       0x34 c:/program files (x86)/cypress/psoc creator/3.2/psoc creator/import/gnu/arm/4.8.4/bin/../lib/gcc/arm-none-eabi/4.8.4/../../../../arm-none-eabi/lib/armv7-m\libnosys.a(sbrk.o)
                0x00003510                _sbrk
 *(.plt)
 *(.gnu.warning)
 *(.glue_7t)
 .glue_7t       0x00000000        0x0 linker stubs
 *(.glue_7)
 .glue_7        0x00000000        0x0 linker stubs
 *(.vfp11_veneer)
 .vfp11_veneer  0x00000000        0x0 linker stubs
 *(.bootloader)
 *(.ARM.extab* .gnu.linkonce.armextab.*)
 *(.gcc_except_table)

.v4_bx          0x00003544        0x0
 .v4_bx         0x00000000        0x0 linker stubs

.iplt           0x00003544        0x0
 .iplt          0x00000000        0x0 c:/program files (x86)/cypress/psoc creator/3.2/psoc creator/import/gnu/arm/4.8.4/bin/../lib/gcc/arm-none-eabi/4.8.4/armv7-m/crtbegin.o

.eh_frame_hdr
 *(.eh_frame_hdr)

.eh_frame       0x00003544        0x4
 *(.eh_frame)
 .eh_frame      0x00003544        0x0 c:/program files (x86)/cypress/psoc creator/3.2/psoc creator/import/gnu/arm/4.8.4/bin/../lib/gcc/arm-none-eabi/4.8.4/armv7-m/crtbegin.o
 .eh_frame      0x00003544        0x4 c:/program files (x86)/cypress/psoc creator/3.2/psoc creator/import/gnu/arm/4.8.4/bin/../lib/gcc/arm-none-eabi/4.8.4/armv7-m/crtend.o
                0x00003548                PROVIDE (__exidx_start, .)

.ARM.exidx
 *(.ARM.exidx* .gnu.linkonce.armexidx.*)
                0x00003548                __exidx_end = .

.rodata         0x00003548      0x280
 *(.rodata .rodata.* .gnu.linkonce.r.*)
 .rodata        0x00003548       0x30 .\CortexM3\ARM_GCC_484\Debug\WaveGenerator1.a(cyfitter_cfg.o)
 .rodata        0x00003578        0x4 .\CortexM3\ARM_GCC_484\Debug\WaveGenerator1.a(isr.o)
 .rodata.npio2_hw
                0x0000357c       0x80 c:/program files (x86)/cypress/psoc creator/3.2/psoc creator/import/gnu/arm/4.8.4/bin/../lib/gcc/arm-none-eabi/4.8.4/../../../../arm-none-eabi/lib/armv7-m\libm.a(lib_a-e_rem_pio2.o)
 .rodata.two_over_pi
                0x000035fc      0x108 c:/program files (x86)/cypress/psoc creator/3.2/psoc creator/import/gnu/arm/4.8.4/bin/../lib/gcc/arm-none-eabi/4.8.4/../../../../arm-none-eabi/lib/armv7-m\libm.a(lib_a-e_rem_pio2.o)
 .rodata.init_jk
                0x00003704       0x10 c:/program files (x86)/cypress/psoc creator/3.2/psoc creator/import/gnu/arm/4.8.4/bin/../lib/gcc/arm-none-eabi/4.8.4/../../../../arm-none-eabi/lib/armv7-m\libm.a(lib_a-k_rem_pio2.o)
 *fill*         0x00003714        0x4 
 .rodata.PIo2   0x00003718       0x40 c:/program files (x86)/cypress/psoc creator/3.2/psoc creator/import/gnu/arm/4.8.4/bin/../lib/gcc/arm-none-eabi/4.8.4/../../../../arm-none-eabi/lib/armv7-m\libm.a(lib_a-k_rem_pio2.o)
 .rodata.str1.1
                0x00003758        0x2 c:/program files (x86)/cypress/psoc creator/3.2/psoc creator/import/gnu/arm/4.8.4/bin/../lib/gcc/arm-none-eabi/4.8.4/../../../../arm-none-eabi/lib/armv7-m\libg_s.a(lib_a-impure.o)
 .rodata.str1.1
                0x0000375a       0x11 c:/program files (x86)/cypress/psoc creator/3.2/psoc creator/import/gnu/arm/4.8.4/bin/../lib/gcc/arm-none-eabi/4.8.4/../../../../arm-none-eabi/lib/armv7-m\libg_s.a(lib_a-svfprintf.o)
 .rodata.str1.1
                0x0000376b       0x22 c:/program files (x86)/cypress/psoc creator/3.2/psoc creator/import/gnu/arm/4.8.4/bin/../lib/gcc/arm-none-eabi/4.8.4/../../../../arm-none-eabi/lib/armv7-m\libg_s.a(lib_a-vfprintf_i.o)
                0x00003790                . = ALIGN (0x4)
 *fill*         0x0000378d        0x3 
 *(.init)
 .init          0x00003790        0x4 c:/program files (x86)/cypress/psoc creator/3.2/psoc creator/import/gnu/arm/4.8.4/bin/../lib/gcc/arm-none-eabi/4.8.4/armv7-m/crti.o
                0x00003790                _init
 .init          0x00003794        0x8 c:/program files (x86)/cypress/psoc creator/3.2/psoc creator/import/gnu/arm/4.8.4/bin/../lib/gcc/arm-none-eabi/4.8.4/armv7-m/crtn.o
                0x0000379c                . = ALIGN (0x4)
                0x0000379c                __preinit_array_start = .
 *(.preinit_array)
                0x0000379c                __preinit_array_end = .
                0x0000379c                . = ALIGN (0x4)
                0x0000379c                __init_array_start = .
 *(SORT(.init_array.*))
 *(.init_array)
 .init_array    0x0000379c        0x4 c:/program files (x86)/cypress/psoc creator/3.2/psoc creator/import/gnu/arm/4.8.4/bin/../lib/gcc/arm-none-eabi/4.8.4/armv7-m/crtbegin.o
 .init_array    0x000037a0        0x4 .\CortexM3\ARM_GCC_484\Debug\Cm3Start.o
                0x000037a4                __init_array_end = .
                0x000037a4                . = ALIGN (0x4)
 *(.fini)
 .fini          0x000037a4        0x4 c:/program files (x86)/cypress/psoc creator/3.2/psoc creator/import/gnu/arm/4.8.4/bin/../lib/gcc/arm-none-eabi/4.8.4/armv7-m/crti.o
                0x000037a4                _fini
 .fini          0x000037a8        0x8 c:/program files (x86)/cypress/psoc creator/3.2/psoc creator/import/gnu/arm/4.8.4/bin/../lib/gcc/arm-none-eabi/4.8.4/armv7-m/crtn.o
                0x000037b0                . = ALIGN (0x4)
                0x000037b0                __fini_array_start = .
 *(.fini_array)
 .fini_array    0x000037b0        0x4 c:/program files (x86)/cypress/psoc creator/3.2/psoc creator/import/gnu/arm/4.8.4/bin/../lib/gcc/arm-none-eabi/4.8.4/armv7-m/crtbegin.o
 *(SORT(.fini_array.*))
                0x000037b4                __fini_array_end = .
                0x000037b4                . = ALIGN (0x4)
 *crtbegin.o(.ctors)
 *(EXCLUDE_FILE(*crtend.o) .ctors)
 *(SORT(.ctors.*))
 *crtend.o(.ctors)
                0x000037b4                . = ALIGN (0x4)
 *crtbegin.o(.dtors)
 *(EXCLUDE_FILE(*crtend.o) .dtors)
 *(SORT(.dtors.*))
 *crtend.o(.dtors)
                0x000037b4                . = ALIGN (0x4)
                0x000037b4                __cy_regions = .
                0x000037b4        0x4 LONG 0x37c8 __cy_region_init_ram
                0x000037b8        0x4 LONG 0x1fff8108 __cy_region_start_data
                0x000037bc        0x4 LONG 0x78 __cy_region_init_size_ram
                0x000037c0        0x4 LONG 0x7718 __cy_region_zero_size_ram
                0x000037c4                __cy_regions_end = .
                0x000037c8                . = ALIGN (0x8)
 *fill*         0x000037c4        0x4 
                0x000037c8                _etext = .

.ramvectors     0x1fff8000      0x100
                0x1fff8000                __cy_region_start_ram = .
 *(.ramvectors)
 .ramvectors    0x1fff8000      0x100 .\CortexM3\ARM_GCC_484\Debug\Cm3Start.o
                0x1fff8000                CyRamVectors

.noinit         0x1fff8100        0x5
 *(.noinit)
 .noinit        0x1fff8100        0x4 .\CortexM3\ARM_GCC_484\Debug\Cm3Start.o
 .noinit        0x1fff8104        0x1 .\CortexM3\ARM_GCC_484\Debug\WaveGenerator1.a(CyLib.o)
                0x1fff8104                CyResetStatus

.data           0x1fff8108       0x78 load address 0x000037c8
                0x1fff8108                __cy_region_start_data = .
 *(.jcr)
 .jcr           0x1fff8108        0x0 c:/program files (x86)/cypress/psoc creator/3.2/psoc creator/import/gnu/arm/4.8.4/bin/../lib/gcc/arm-none-eabi/4.8.4/armv7-m/crtbegin.o
 .jcr           0x1fff8108        0x4 c:/program files (x86)/cypress/psoc creator/3.2/psoc creator/import/gnu/arm/4.8.4/bin/../lib/gcc/arm-none-eabi/4.8.4/armv7-m/crtend.o
 *(.got.plt)
 *(.got)
 *(.shdata)
 *(.data .data.* .gnu.linkonce.d.*)
 .data          0x1fff810c       0x10 .\CortexM3\ARM_GCC_484\Debug\WaveGenerator1.a(CyLib.o)
                0x1fff810c                cydelay_freq_hz
                0x1fff8110                cydelay_freq_khz
                0x1fff8114                cydelay_freq_mhz
                0x1fff8118                cydelay_32k_ms
 .data.impure_data
                0x1fff811c       0x60 c:/program files (x86)/cypress/psoc creator/3.2/psoc creator/import/gnu/arm/4.8.4/bin/../lib/gcc/arm-none-eabi/4.8.4/../../../../arm-none-eabi/lib/armv7-m\libg_s.a(lib_a-impure.o)
 .data._impure_ptr
                0x1fff817c        0x4 c:/program files (x86)/cypress/psoc creator/3.2/psoc creator/import/gnu/arm/4.8.4/bin/../lib/gcc/arm-none-eabi/4.8.4/../../../../arm-none-eabi/lib/armv7-m\libg_s.a(lib_a-impure.o)
                0x1fff817c                _impure_ptr
                0x1fff8180                . = ALIGN (0x8)
 *(.ram)
                0x1fff8180                _edata = .

.igot.plt       0x1fff8180        0x0 load address 0x00003840
 .igot.plt      0x00000000        0x0 c:/program files (x86)/cypress/psoc creator/3.2/psoc creator/import/gnu/arm/4.8.4/bin/../lib/gcc/arm-none-eabi/4.8.4/armv7-m/crtbegin.o

.bss            0x1fff8180     0x7718 load address 0x00003840
                0x1fff8180                PROVIDE (__bss_start__, .)
 *(.shbss)
 *(.bss .bss.* .gnu.linkonce.b.*)
 .bss           0x1fff8180       0x1c c:/program files (x86)/cypress/psoc creator/3.2/psoc creator/import/gnu/arm/4.8.4/bin/../lib/gcc/arm-none-eabi/4.8.4/armv7-m/crtbegin.o
 .bss           0x1fff819c        0x8 .\CortexM3\ARM_GCC_484\Debug\main.o
                0x1fff81a0                n
 .bss           0x1fff81a4       0xc4 .\CortexM3\ARM_GCC_484\Debug\canceller.o
 .bss           0x1fff8268       0x84 .\CortexM3\ARM_GCC_484\Debug\hs_model.o
 .bss           0x1fff82ec        0x4 .\CortexM3\ARM_GCC_484\Debug\WaveGenerator1.a(isr.o)
 .bss           0x1fff82f0        0x1 .\CortexM3\ARM_GCC_484\Debug\WaveGenerator1.a(ADC_SAR.o)
                0x1fff82f0                ADC_SAR_initVar
 .bss           0x1fff82f1        0x1 .\CortexM3\ARM_GCC_484\Debug\WaveGenerator1.a(VDAC8_1_hs.o)
                0x1fff82f1                VDAC8_1_hs_initVar
 .bss           0x1fff82f2        0x1 .\CortexM3\ARM_GCC_484\Debug\WaveGenerator1.a(VDAC8_2_ls.o)
                0x1fff82f2                VDAC8_2_ls_initVar
 .bss           0x1fff82f3        0x2 .\CortexM3\ARM_GCC_484\Debug\WaveGenerator1.a(UART_1.o)
                0x1fff82f3                UART_1_initVar
 *fill*         0x1fff82f5        0x3 
 .bss.__malloc_sbrk_start
                0x1fff82f8        0x4 c:/program files (x86)/cypress/psoc creator/3.2/psoc creator/import/gnu/arm/4.8.4/bin/../lib/gcc/arm-none-eabi/4.8.4/../../../../arm-none-eabi/lib/armv7-m\libg_s.a(lib_a-nano-mallocr.o)
                0x1fff82f8                __malloc_sbrk_start
 .bss.__malloc_free_list
                0x1fff82fc        0x4 c:/program files (x86)/cypress/psoc creator/3.2/psoc creator/import/gnu/arm/4.8.4/bin/../lib/gcc/arm-none-eabi/4.8.4/../../../../arm-none-eabi/lib/armv7-m\libg_s.a(lib_a-nano-mallocr.o)
                0x1fff82fc                __malloc_free_list
 .bss.heap_end.4246
                0x1fff8300        0x4 c:/program files (x86)/cypress/psoc creator/3.2/psoc creator/import/gnu/arm/4.8.4/bin/../lib/gcc/arm-none-eabi/4.8.4/../../../../arm-none-eabi/lib/armv7-m\libnosys.a(sbrk.o)
 *(COMMON)
 COMMON         0x1fff8304       0x50 .\CortexM3\ARM_GCC_484\Debug\main.o
                0x1fff8304                wave_table
 COMMON         0x1fff8354     0x7530 .\CortexM3\ARM_GCC_484\Debug\WaveGenerator1.a(isr.o)
                0x1fff8354                cap_array
 COMMON         0x1ffff884        0xa .\CortexM3\ARM_GCC_484\Debug\WaveGenerator1.a(ADC_SAR.o)
                0x1ffff884                ADC_SAR_countsPerVolt
                0x1ffff886                ADC_SAR_shift
                0x1ffff888                ADC_SAR_countsPer10Volt
                0x1ffff88c                ADC_SAR_offset
 *fill*         0x1ffff88e        0x2 
 COMMON         0x1ffff890        0x4 c:/program files (x86)/cypress/psoc creator/3.2/psoc creator/import/gnu/arm/4.8.4/bin/../lib/gcc/arm-none-eabi/4.8.4/../../../../arm-none-eabi/lib/armv7-m\libg_s.a(lib_a-reent.o)
                0x1ffff890                errno
                0x1ffff898                . = ALIGN (0x8)
 *fill*         0x1ffff894        0x4 
 *(.ram.b)
                0x1ffff898                _end = .
                0x1ffff898                __end = .
                0x1ffff898                PROVIDE (end, .)
                0x1ffff898                PROVIDE (__bss_end__, .)
                0x000037c8                __cy_region_init_ram = LOADADDR (.data)
                0x00000078                __cy_region_init_size_ram = (_edata - ADDR (.data))
                0x00007718                __cy_region_zero_size_ram = (_end - _edata)

.heap           0x1ffff898     0x8000 load address 0x00003840
                0x1ffff898                . = _end
                0x20007898                . = (. + 0x8000)
 *fill*         0x1ffff898     0x8000 
                0x20007898                __cy_heap_limit = .

.stack          0x20007b00      0x500
                0x20007b00                __cy_stack_limit = .
                0x20008000                . = (. + 0x500)
 *fill*         0x20007b00      0x500 
                0x00000001                ASSERT ((__cy_stack_limit >= __cy_heap_limit), region RAM overflowed with stack)

.cyloadermeta
 *(.cyloadermeta)

.cyloadablemeta
 *(.cyloadablemeta)

.cyconfigecc    0x80000000      0x1f8
 *(.cyconfigecc)
 .cyconfigecc   0x80000000      0x1f8 .\CortexM3\ARM_GCC_484\Debug\cymetadata.o
                0x80000000                cy_meta_configecc

.cycustnvl      0x90000000        0x4
 *(.cycustnvl)
 .cycustnvl     0x90000000        0x4 .\CortexM3\ARM_GCC_484\Debug\cymetadata.o
                0x90000000                cy_meta_custnvl

.cywolatch      0x90100000        0x4
 *(.cywolatch)
 .cywolatch     0x90100000        0x4 .\CortexM3\ARM_GCC_484\Debug\cymetadata.o
                0x90100000                cy_meta_wonvl

.cyeeprom       0x90200000        0x0
 *(.cyeeprom)
                0x00000001                ASSERT ((. <= ((0x90200000 + ee_offset) + ee_size)), .cyeeprom data will not fit in EEPROM)

.cyflashprotect
                0x90400000      0x100
 *(.cyflashprotect)
 .cyflashprotect
                0x90400000      0x100 .\CortexM3\ARM_GCC_484\Debug\cymetadata.o
                0x90400000                cy_meta_flashprotect

.cymeta         0x90500000        0xc
 *(.cymeta)
 .cymeta        0x90500000        0xc .\CortexM3\ARM_GCC_484\Debug\cymetadata.o
                0x90500000                cy_metadata

.rel.dyn        0x00003840        0x0 load address 0x9050000c
 .rel.iplt      0x00000000        0x0 c:/program files (x86)/cypress/psoc creator/3.2/psoc creator/import/gnu/arm/4.8.4/bin/../lib/gcc/arm-none-eabi/4.8.4/armv7-m/crtbegin.o

.stab
 *(.stab)

.stabstr
 *(.stabstr)

.debug
 *(.debug)

.line
 *(.line)

.debug_srcinfo
 *(.debug_srcinfo)

.debug_sfnames
 *(.debug_sfnames)

.debug_aranges  0x00000000      0x868
 *(.debug_aranges)
 .debug_aranges
                0x00000000       0x20 .\CortexM3\ARM_GCC_484\Debug\main.o
 .debug_aranges
                0x00000020       0x30 .\CortexM3\ARM_GCC_484\Debug\canceller.o
 .debug_aranges
                0x00000050       0x28 .\CortexM3\ARM_GCC_484\Debug\hs_model.o
 .debug_aranges
                0x00000078       0x28 .\CortexM3\ARM_GCC_484\Debug\mic_model.o
 .debug_aranges
                0x000000a0       0x18 .\CortexM3\ARM_GCC_484\Debug\cymetadata.o
 .debug_aranges
                0x000000b8       0x40 .\CortexM3\ARM_GCC_484\Debug\Cm3Start.o
 .debug_aranges
                0x000000f8       0x60 .\CortexM3\ARM_GCC_484\Debug\WaveGenerator1.a(cyfitter_cfg.o)
 .debug_aranges
                0x00000158       0x20 .\CortexM3\ARM_GCC_484\Debug\WaveGenerator1.a(CyBootAsmGnu.o)
 .debug_aranges
                0x00000178      0x218 .\CortexM3\ARM_GCC_484\Debug\WaveGenerator1.a(CyLib.o)
 .debug_aranges
                0x00000390       0x90 .\CortexM3\ARM_GCC_484\Debug\WaveGenerator1.a(cyPm.o)
 .debug_aranges
                0x00000420       0x80 .\CortexM3\ARM_GCC_484\Debug\WaveGenerator1.a(isr.o)
 .debug_aranges
                0x000004a0       0x98 .\CortexM3\ARM_GCC_484\Debug\WaveGenerator1.a(ADC_SAR.o)
 .debug_aranges
                0x00000538       0x20 .\CortexM3\ARM_GCC_484\Debug\WaveGenerator1.a(ADC_SAR_INT.o)
 .debug_aranges
                0x00000558       0x70 .\CortexM3\ARM_GCC_484\Debug\WaveGenerator1.a(ADC_SAR_theACLK.o)
 .debug_aranges
                0x000005c8       0x58 .\CortexM3\ARM_GCC_484\Debug\WaveGenerator1.a(VDAC8_1_hs.o)
 .debug_aranges
                0x00000620       0x58 .\CortexM3\ARM_GCC_484\Debug\WaveGenerator1.a(VDAC8_2_ls.o)
 .debug_aranges
                0x00000678       0xa0 .\CortexM3\ARM_GCC_484\Debug\WaveGenerator1.a(UART_1.o)
 .debug_aranges
                0x00000718       0x70 .\CortexM3\ARM_GCC_484\Debug\WaveGenerator1.a(UART_1_IntClock.o)
 .debug_aranges
                0x00000788       0x78 .\CortexM3\ARM_GCC_484\Debug\WaveGenerator1.a(CyFlash.o)
 .debug_aranges
                0x00000800       0x68 .\CortexM3\ARM_GCC_484\Debug\WaveGenerator1.a(CySpc.o)

.debug_pubnames
 *(.debug_pubnames)

.debug_info     0x00000000     0x3762
 *(.debug_info .gnu.linkonce.wi.*)
 .debug_info    0x00000000      0x137 .\CortexM3\ARM_GCC_484\Debug\main.o
 .debug_info    0x00000137      0x14d .\CortexM3\ARM_GCC_484\Debug\canceller.o
 .debug_info    0x00000284       0xed .\CortexM3\ARM_GCC_484\Debug\hs_model.o
 .debug_info    0x00000371       0xed .\CortexM3\ARM_GCC_484\Debug\mic_model.o
 .debug_info    0x0000045e      0x13a .\CortexM3\ARM_GCC_484\Debug\cymetadata.o
 .debug_info    0x00000598      0x2bc .\CortexM3\ARM_GCC_484\Debug\Cm3Start.o
 .debug_info    0x00000854      0x3ac .\CortexM3\ARM_GCC_484\Debug\WaveGenerator1.a(cyfitter_cfg.o)
 .debug_info    0x00000c00       0xae .\CortexM3\ARM_GCC_484\Debug\WaveGenerator1.a(CyBootAsmGnu.o)
 .debug_info    0x00000cae      0xb90 .\CortexM3\ARM_GCC_484\Debug\WaveGenerator1.a(CyLib.o)
 .debug_info    0x0000183e      0x534 .\CortexM3\ARM_GCC_484\Debug\WaveGenerator1.a(cyPm.o)
 .debug_info    0x00001d72      0x333 .\CortexM3\ARM_GCC_484\Debug\WaveGenerator1.a(isr.o)
 .debug_info    0x000020a5      0x449 .\CortexM3\ARM_GCC_484\Debug\WaveGenerator1.a(ADC_SAR.o)
 .debug_info    0x000024ee       0x92 .\CortexM3\ARM_GCC_484\Debug\WaveGenerator1.a(ADC_SAR_INT.o)
 .debug_info    0x00002580      0x259 .\CortexM3\ARM_GCC_484\Debug\WaveGenerator1.a(ADC_SAR_theACLK.o)
 .debug_info    0x000027d9      0x183 .\CortexM3\ARM_GCC_484\Debug\WaveGenerator1.a(VDAC8_1_hs.o)
 .debug_info    0x0000295c      0x183 .\CortexM3\ARM_GCC_484\Debug\WaveGenerator1.a(VDAC8_2_ls.o)
 .debug_info    0x00002adf      0x374 .\CortexM3\ARM_GCC_484\Debug\WaveGenerator1.a(UART_1.o)
 .debug_info    0x00002e53      0x259 .\CortexM3\ARM_GCC_484\Debug\WaveGenerator1.a(UART_1_IntClock.o)
 .debug_info    0x000030ac      0x314 .\CortexM3\ARM_GCC_484\Debug\WaveGenerator1.a(CyFlash.o)
 .debug_info    0x000033c0      0x3a2 .\CortexM3\ARM_GCC_484\Debug\WaveGenerator1.a(CySpc.o)

.debug_abbrev   0x00000000     0x1551
 *(.debug_abbrev)
 .debug_abbrev  0x00000000       0xc4 .\CortexM3\ARM_GCC_484\Debug\main.o
 .debug_abbrev  0x000000c4       0xb7 .\CortexM3\ARM_GCC_484\Debug\canceller.o
 .debug_abbrev  0x0000017b       0xb7 .\CortexM3\ARM_GCC_484\Debug\hs_model.o
 .debug_abbrev  0x00000232       0xb7 .\CortexM3\ARM_GCC_484\Debug\mic_model.o
 .debug_abbrev  0x000002e9       0x66 .\CortexM3\ARM_GCC_484\Debug\cymetadata.o
 .debug_abbrev  0x0000034f      0x173 .\CortexM3\ARM_GCC_484\Debug\Cm3Start.o
 .debug_abbrev  0x000004c2      0x19d .\CortexM3\ARM_GCC_484\Debug\WaveGenerator1.a(cyfitter_cfg.o)
 .debug_abbrev  0x0000065f       0x14 .\CortexM3\ARM_GCC_484\Debug\WaveGenerator1.a(CyBootAsmGnu.o)
 .debug_abbrev  0x00000673      0x205 .\CortexM3\ARM_GCC_484\Debug\WaveGenerator1.a(CyLib.o)
 .debug_abbrev  0x00000878      0x16e .\CortexM3\ARM_GCC_484\Debug\WaveGenerator1.a(cyPm.o)
 .debug_abbrev  0x000009e6      0x1a8 .\CortexM3\ARM_GCC_484\Debug\WaveGenerator1.a(isr.o)
 .debug_abbrev  0x00000b8e      0x15b .\CortexM3\ARM_GCC_484\Debug\WaveGenerator1.a(ADC_SAR.o)
 .debug_abbrev  0x00000ce9       0x42 .\CortexM3\ARM_GCC_484\Debug\WaveGenerator1.a(ADC_SAR_INT.o)
 .debug_abbrev  0x00000d2b      0x11d .\CortexM3\ARM_GCC_484\Debug\WaveGenerator1.a(ADC_SAR_theACLK.o)
 .debug_abbrev  0x00000e48       0xeb .\CortexM3\ARM_GCC_484\Debug\WaveGenerator1.a(VDAC8_1_hs.o)
 .debug_abbrev  0x00000f33       0xeb .\CortexM3\ARM_GCC_484\Debug\WaveGenerator1.a(VDAC8_2_ls.o)
 .debug_abbrev  0x0000101e      0x149 .\CortexM3\ARM_GCC_484\Debug\WaveGenerator1.a(UART_1.o)
 .debug_abbrev  0x00001167      0x11d .\CortexM3\ARM_GCC_484\Debug\WaveGenerator1.a(UART_1_IntClock.o)
 .debug_abbrev  0x00001284      0x170 .\CortexM3\ARM_GCC_484\Debug\WaveGenerator1.a(CyFlash.o)
 .debug_abbrev  0x000013f4      0x15d .\CortexM3\ARM_GCC_484\Debug\WaveGenerator1.a(CySpc.o)

.debug_line     0x00000000     0x21a2
 *(.debug_line)
 .debug_line    0x00000000      0x194 .\CortexM3\ARM_GCC_484\Debug\main.o
 .debug_line    0x00000194       0xbc .\CortexM3\ARM_GCC_484\Debug\canceller.o
 .debug_line    0x00000250       0x7c .\CortexM3\ARM_GCC_484\Debug\hs_model.o
 .debug_line    0x000002cc       0x7e .\CortexM3\ARM_GCC_484\Debug\mic_model.o
 .debug_line    0x0000034a       0x53 .\CortexM3\ARM_GCC_484\Debug\cymetadata.o
 .debug_line    0x0000039d      0x1a6 .\CortexM3\ARM_GCC_484\Debug\Cm3Start.o
 .debug_line    0x00000543      0x1fa .\CortexM3\ARM_GCC_484\Debug\WaveGenerator1.a(cyfitter_cfg.o)
 .debug_line    0x0000073d       0x68 .\CortexM3\ARM_GCC_484\Debug\WaveGenerator1.a(CyBootAsmGnu.o)
 .debug_line    0x000007a5      0x705 .\CortexM3\ARM_GCC_484\Debug\WaveGenerator1.a(CyLib.o)
 .debug_line    0x00000eaa      0x366 .\CortexM3\ARM_GCC_484\Debug\WaveGenerator1.a(cyPm.o)
 .debug_line    0x00001210      0x2a0 .\CortexM3\ARM_GCC_484\Debug\WaveGenerator1.a(isr.o)
 .debug_line    0x000014b0      0x1e2 .\CortexM3\ARM_GCC_484\Debug\WaveGenerator1.a(ADC_SAR.o)
 .debug_line    0x00001692       0x59 .\CortexM3\ARM_GCC_484\Debug\WaveGenerator1.a(ADC_SAR_INT.o)
 .debug_line    0x000016eb      0x1be .\CortexM3\ARM_GCC_484\Debug\WaveGenerator1.a(ADC_SAR_theACLK.o)
 .debug_line    0x000018a9       0xf4 .\CortexM3\ARM_GCC_484\Debug\WaveGenerator1.a(VDAC8_1_hs.o)
 .debug_line    0x0000199d       0xf4 .\CortexM3\ARM_GCC_484\Debug\WaveGenerator1.a(VDAC8_2_ls.o)
 .debug_line    0x00001a91      0x201 .\CortexM3\ARM_GCC_484\Debug\WaveGenerator1.a(UART_1.o)
 .debug_line    0x00001c92      0x1be .\CortexM3\ARM_GCC_484\Debug\WaveGenerator1.a(UART_1_IntClock.o)
 .debug_line    0x00001e50      0x1af .\CortexM3\ARM_GCC_484\Debug\WaveGenerator1.a(CyFlash.o)
 .debug_line    0x00001fff      0x1a3 .\CortexM3\ARM_GCC_484\Debug\WaveGenerator1.a(CySpc.o)

.debug_frame    0x00000000     0x1f24
 *(.debug_frame)
 .debug_frame   0x00000000       0x30 .\CortexM3\ARM_GCC_484\Debug\main.o
 .debug_frame   0x00000030       0x68 .\CortexM3\ARM_GCC_484\Debug\canceller.o
 .debug_frame   0x00000098       0x48 .\CortexM3\ARM_GCC_484\Debug\hs_model.o
 .debug_frame   0x000000e0       0x48 .\CortexM3\ARM_GCC_484\Debug\mic_model.o
 .debug_frame   0x00000128       0xa4 .\CortexM3\ARM_GCC_484\Debug\Cm3Start.o
 .debug_frame   0x000001cc      0x120 .\CortexM3\ARM_GCC_484\Debug\WaveGenerator1.a(cyfitter_cfg.o)
 .debug_frame   0x000002ec      0x778 .\CortexM3\ARM_GCC_484\Debug\WaveGenerator1.a(CyLib.o)
 .debug_frame   0x00000a64      0x1d0 .\CortexM3\ARM_GCC_484\Debug\WaveGenerator1.a(cyPm.o)
 .debug_frame   0x00000c34      0x184 .\CortexM3\ARM_GCC_484\Debug\WaveGenerator1.a(isr.o)
 .debug_frame   0x00000db8      0x1f8 .\CortexM3\ARM_GCC_484\Debug\WaveGenerator1.a(ADC_SAR.o)
 .debug_frame   0x00000fb0       0x2c .\CortexM3\ARM_GCC_484\Debug\WaveGenerator1.a(ADC_SAR_INT.o)
 .debug_frame   0x00000fdc      0x14c .\CortexM3\ARM_GCC_484\Debug\WaveGenerator1.a(ADC_SAR_theACLK.o)
 .debug_frame   0x00001128       0xf4 .\CortexM3\ARM_GCC_484\Debug\WaveGenerator1.a(VDAC8_1_hs.o)
 .debug_frame   0x0000121c       0xf4 .\CortexM3\ARM_GCC_484\Debug\WaveGenerator1.a(VDAC8_2_ls.o)
 .debug_frame   0x00001310      0x204 .\CortexM3\ARM_GCC_484\Debug\WaveGenerator1.a(UART_1.o)
 .debug_frame   0x00001514      0x14c .\CortexM3\ARM_GCC_484\Debug\WaveGenerator1.a(UART_1_IntClock.o)
 .debug_frame   0x00001660      0x178 .\CortexM3\ARM_GCC_484\Debug\WaveGenerator1.a(CyFlash.o)
 .debug_frame   0x000017d8      0x13c .\CortexM3\ARM_GCC_484\Debug\WaveGenerator1.a(CySpc.o)
 .debug_frame   0x00001914       0x30 c:/program files (x86)/cypress/psoc creator/3.2/psoc creator/import/gnu/arm/4.8.4/bin/../lib/gcc/arm-none-eabi/4.8.4/../../../../arm-none-eabi/lib/armv7-m\libm.a(lib_a-s_sin.o)
 .debug_frame   0x00001944       0x38 c:/program files (x86)/cypress/psoc creator/3.2/psoc creator/import/gnu/arm/4.8.4/bin/../lib/gcc/arm-none-eabi/4.8.4/../../../../arm-none-eabi/lib/armv7-m\libm.a(lib_a-e_rem_pio2.o)
 .debug_frame   0x0000197c       0x38 c:/program files (x86)/cypress/psoc creator/3.2/psoc creator/import/gnu/arm/4.8.4/bin/../lib/gcc/arm-none-eabi/4.8.4/../../../../arm-none-eabi/lib/armv7-m\libm.a(lib_a-k_cos.o)
 .debug_frame   0x000019b4       0x3c c:/program files (x86)/cypress/psoc creator/3.2/psoc creator/import/gnu/arm/4.8.4/bin/../lib/gcc/arm-none-eabi/4.8.4/../../../../arm-none-eabi/lib/armv7-m\libm.a(lib_a-k_rem_pio2.o)
 .debug_frame   0x000019f0       0x38 c:/program files (x86)/cypress/psoc creator/3.2/psoc creator/import/gnu/arm/4.8.4/bin/../lib/gcc/arm-none-eabi/4.8.4/../../../../arm-none-eabi/lib/armv7-m\libm.a(lib_a-k_sin.o)
 .debug_frame   0x00001a28       0x20 c:/program files (x86)/cypress/psoc creator/3.2/psoc creator/import/gnu/arm/4.8.4/bin/../lib/gcc/arm-none-eabi/4.8.4/../../../../arm-none-eabi/lib/armv7-m\libm.a(lib_a-s_fabs.o)
 .debug_frame   0x00001a48       0x38 c:/program files (x86)/cypress/psoc creator/3.2/psoc creator/import/gnu/arm/4.8.4/bin/../lib/gcc/arm-none-eabi/4.8.4/../../../../arm-none-eabi/lib/armv7-m\libm.a(lib_a-s_floor.o)
 .debug_frame   0x00001a80       0x30 c:/program files (x86)/cypress/psoc creator/3.2/psoc creator/import/gnu/arm/4.8.4/bin/../lib/gcc/arm-none-eabi/4.8.4/../../../../arm-none-eabi/lib/armv7-m\libm.a(lib_a-s_scalbn.o)
 .debug_frame   0x00001ab0       0x28 c:/program files (x86)/cypress/psoc creator/3.2/psoc creator/import/gnu/arm/4.8.4/bin/../lib/gcc/arm-none-eabi/4.8.4/../../../../arm-none-eabi/lib/armv7-m\libm.a(lib_a-s_copysign.o)
 .debug_frame   0x00001ad8       0x58 c:/program files (x86)/cypress/psoc creator/3.2/psoc creator/import/gnu/arm/4.8.4/bin/../lib/gcc/arm-none-eabi/4.8.4/armv7-m\libgcc.a(bpabi.o)
 .debug_frame   0x00001b30       0x34 c:/program files (x86)/cypress/psoc creator/3.2/psoc creator/import/gnu/arm/4.8.4/bin/../lib/gcc/arm-none-eabi/4.8.4/armv7-m\libgcc.a(_divdi3.o)
 .debug_frame   0x00001b64       0x34 c:/program files (x86)/cypress/psoc creator/3.2/psoc creator/import/gnu/arm/4.8.4/bin/../lib/gcc/arm-none-eabi/4.8.4/armv7-m\libgcc.a(_udivdi3.o)
 .debug_frame   0x00001b98       0x28 c:/program files (x86)/cypress/psoc creator/3.2/psoc creator/import/gnu/arm/4.8.4/bin/../lib/gcc/arm-none-eabi/4.8.4/../../../../arm-none-eabi/lib/armv7-m\libg_s.a(lib_a-exit.o)
 .debug_frame   0x00001bc0       0x2c c:/program files (x86)/cypress/psoc creator/3.2/psoc creator/import/gnu/arm/4.8.4/bin/../lib/gcc/arm-none-eabi/4.8.4/../../../../arm-none-eabi/lib/armv7-m\libg_s.a(lib_a-init.o)
 .debug_frame   0x00001bec       0x28 c:/program files (x86)/cypress/psoc creator/3.2/psoc creator/import/gnu/arm/4.8.4/bin/../lib/gcc/arm-none-eabi/4.8.4/../../../../arm-none-eabi/lib/armv7-m\libg_s.a(lib_a-memcpy-stub.o)
 .debug_frame   0x00001c14       0x20 c:/program files (x86)/cypress/psoc creator/3.2/psoc creator/import/gnu/arm/4.8.4/bin/../lib/gcc/arm-none-eabi/4.8.4/../../../../arm-none-eabi/lib/armv7-m\libg_s.a(lib_a-memset.o)
 .debug_frame   0x00001c34       0x58 c:/program files (x86)/cypress/psoc creator/3.2/psoc creator/import/gnu/arm/4.8.4/bin/../lib/gcc/arm-none-eabi/4.8.4/../../../../arm-none-eabi/lib/armv7-m\libg_s.a(lib_a-sprintf.o)
 .debug_frame   0x00001c8c       0x20 c:/program files (x86)/cypress/psoc creator/3.2/psoc creator/import/gnu/arm/4.8.4/bin/../lib/gcc/arm-none-eabi/4.8.4/../../../../arm-none-eabi/lib/armv7-m\libg_s.a(lib_a-strlen.o)
 .debug_frame   0x00001cac       0x88 c:/program files (x86)/cypress/psoc creator/3.2/psoc creator/import/gnu/arm/4.8.4/bin/../lib/gcc/arm-none-eabi/4.8.4/../../../../arm-none-eabi/lib/armv7-m\libg_s.a(lib_a-svfprintf.o)
 .debug_frame   0x00001d34       0x60 c:/program files (x86)/cypress/psoc creator/3.2/psoc creator/import/gnu/arm/4.8.4/bin/../lib/gcc/arm-none-eabi/4.8.4/../../../../arm-none-eabi/lib/armv7-m\libg_s.a(lib_a-vfprintf_i.o)
 .debug_frame   0x00001d94       0x28 c:/program files (x86)/cypress/psoc creator/3.2/psoc creator/import/gnu/arm/4.8.4/bin/../lib/gcc/arm-none-eabi/4.8.4/../../../../arm-none-eabi/lib/armv7-m\libg_s.a(lib_a-memchr-stub.o)
 .debug_frame   0x00001dbc       0x2c c:/program files (x86)/cypress/psoc creator/3.2/psoc creator/import/gnu/arm/4.8.4/bin/../lib/gcc/arm-none-eabi/4.8.4/../../../../arm-none-eabi/lib/armv7-m\libg_s.a(lib_a-memmove.o)
 .debug_frame   0x00001de8       0x2c c:/program files (x86)/cypress/psoc creator/3.2/psoc creator/import/gnu/arm/4.8.4/bin/../lib/gcc/arm-none-eabi/4.8.4/../../../../arm-none-eabi/lib/armv7-m\libg_s.a(lib_a-nano-freer.o)
 .debug_frame   0x00001e14       0x2c c:/program files (x86)/cypress/psoc creator/3.2/psoc creator/import/gnu/arm/4.8.4/bin/../lib/gcc/arm-none-eabi/4.8.4/../../../../arm-none-eabi/lib/armv7-m\libg_s.a(lib_a-nano-mallocr.o)
 .debug_frame   0x00001e40       0x30 c:/program files (x86)/cypress/psoc creator/3.2/psoc creator/import/gnu/arm/4.8.4/bin/../lib/gcc/arm-none-eabi/4.8.4/../../../../arm-none-eabi/lib/armv7-m\libg_s.a(lib_a-nano-reallocr.o)
 .debug_frame   0x00001e70       0x2c c:/program files (x86)/cypress/psoc creator/3.2/psoc creator/import/gnu/arm/4.8.4/bin/../lib/gcc/arm-none-eabi/4.8.4/../../../../arm-none-eabi/lib/armv7-m\libg_s.a(lib_a-sbrkr.o)
 .debug_frame   0x00001e9c       0x20 c:/program files (x86)/cypress/psoc creator/3.2/psoc creator/import/gnu/arm/4.8.4/bin/../lib/gcc/arm-none-eabi/4.8.4/../../../../arm-none-eabi/lib/armv7-m\libg_s.a(lib_a-nano-msizer.o)
 .debug_frame   0x00001ebc       0x48 c:/program files (x86)/cypress/psoc creator/3.2/psoc creator/import/gnu/arm/4.8.4/bin/../lib/gcc/arm-none-eabi/4.8.4/../../../../arm-none-eabi/lib/armv7-m\libg_s.a(lib_a-reent.o)
 .debug_frame   0x00001f04       0x20 c:/program files (x86)/cypress/psoc creator/3.2/psoc creator/import/gnu/arm/4.8.4/bin/../lib/gcc/arm-none-eabi/4.8.4/../../../../arm-none-eabi/lib/armv7-m\libnosys.a(sbrk.o)

.debug_str      0x00000000     0x1b09
 *(.debug_str)
 .debug_str     0x00000000      0x186 .\CortexM3\ARM_GCC_484\Debug\main.o
                                0x1d7 (size before relaxing)
 .debug_str     0x00000186       0x7c .\CortexM3\ARM_GCC_484\Debug\canceller.o
                                0x16c (size before relaxing)
 .debug_str     0x00000202       0x3b .\CortexM3\ARM_GCC_484\Debug\hs_model.o
                                0x137 (size before relaxing)
 .debug_str     0x0000023d       0x31 .\CortexM3\ARM_GCC_484\Debug\mic_model.o
                                0x13a (size before relaxing)
 .debug_str     0x0000026e       0x7d .\CortexM3\ARM_GCC_484\Debug\cymetadata.o
                                0x1f6 (size before relaxing)
 .debug_str     0x000002eb      0x119 .\CortexM3\ARM_GCC_484\Debug\Cm3Start.o
                                0x2b2 (size before relaxing)
 .debug_str     0x00000404      0x157 .\CortexM3\ARM_GCC_484\Debug\WaveGenerator1.a(cyfitter_cfg.o)
                                0x303 (size before relaxing)
 .debug_str     0x0000055b      0x642 .\CortexM3\ARM_GCC_484\Debug\WaveGenerator1.a(CyLib.o)
                                0x818 (size before relaxing)
 .debug_str     0x00000b9d      0x371 .\CortexM3\ARM_GCC_484\Debug\WaveGenerator1.a(cyPm.o)
                                0x527 (size before relaxing)
 .debug_str     0x00000f0e       0xf8 .\CortexM3\ARM_GCC_484\Debug\WaveGenerator1.a(isr.o)
                                0x2e0 (size before relaxing)
 .debug_str     0x00001006      0x209 .\CortexM3\ARM_GCC_484\Debug\WaveGenerator1.a(ADC_SAR.o)
                                0x3e4 (size before relaxing)
 .debug_str     0x0000120f       0x33 .\CortexM3\ARM_GCC_484\Debug\WaveGenerator1.a(ADC_SAR_INT.o)
                                0x1a3 (size before relaxing)
 .debug_str     0x00001242      0x1c4 .\CortexM3\ARM_GCC_484\Debug\WaveGenerator1.a(ADC_SAR_theACLK.o)
                                0x35a (size before relaxing)
 .debug_str     0x00001406       0xd7 .\CortexM3\ARM_GCC_484\Debug\WaveGenerator1.a(VDAC8_1_hs.o)
                                0x25d (size before relaxing)
 .debug_str     0x000014dd       0xcb .\CortexM3\ARM_GCC_484\Debug\WaveGenerator1.a(VDAC8_2_ls.o)
                                0x25d (size before relaxing)
 .debug_str     0x000015a8      0x1c0 .\CortexM3\ARM_GCC_484\Debug\WaveGenerator1.a(UART_1.o)
                                0x370 (size before relaxing)
 .debug_str     0x00001768      0x179 .\CortexM3\ARM_GCC_484\Debug\WaveGenerator1.a(UART_1_IntClock.o)
                                0x35a (size before relaxing)
 .debug_str     0x000018e1      0x130 .\CortexM3\ARM_GCC_484\Debug\WaveGenerator1.a(CyFlash.o)
                                0x2ed (size before relaxing)
 .debug_str     0x00001a11       0xf8 .\CortexM3\ARM_GCC_484\Debug\WaveGenerator1.a(CySpc.o)
                                0x2c9 (size before relaxing)

.debug_loc
 *(.debug_loc)

.debug_macinfo
 *(.debug_macinfo)

.debug_ranges   0x00000000      0x710
 *(.debug_ranges)
 .debug_ranges  0x00000000       0x10 .\CortexM3\ARM_GCC_484\Debug\main.o
 .debug_ranges  0x00000010       0x20 .\CortexM3\ARM_GCC_484\Debug\canceller.o
 .debug_ranges  0x00000030       0x18 .\CortexM3\ARM_GCC_484\Debug\hs_model.o
 .debug_ranges  0x00000048       0x18 .\CortexM3\ARM_GCC_484\Debug\mic_model.o
 .debug_ranges  0x00000060       0x30 .\CortexM3\ARM_GCC_484\Debug\Cm3Start.o
 .debug_ranges  0x00000090       0x50 .\CortexM3\ARM_GCC_484\Debug\WaveGenerator1.a(cyfitter_cfg.o)
 .debug_ranges  0x000000e0      0x208 .\CortexM3\ARM_GCC_484\Debug\WaveGenerator1.a(CyLib.o)
 .debug_ranges  0x000002e8       0x80 .\CortexM3\ARM_GCC_484\Debug\WaveGenerator1.a(cyPm.o)
 .debug_ranges  0x00000368       0x70 .\CortexM3\ARM_GCC_484\Debug\WaveGenerator1.a(isr.o)
 .debug_ranges  0x000003d8       0x88 .\CortexM3\ARM_GCC_484\Debug\WaveGenerator1.a(ADC_SAR.o)
 .debug_ranges  0x00000460       0x10 .\CortexM3\ARM_GCC_484\Debug\WaveGenerator1.a(ADC_SAR_INT.o)
 .debug_ranges  0x00000470       0x60 .\CortexM3\ARM_GCC_484\Debug\WaveGenerator1.a(ADC_SAR_theACLK.o)
 .debug_ranges  0x000004d0       0x48 .\CortexM3\ARM_GCC_484\Debug\WaveGenerator1.a(VDAC8_1_hs.o)
 .debug_ranges  0x00000518       0x48 .\CortexM3\ARM_GCC_484\Debug\WaveGenerator1.a(VDAC8_2_ls.o)
 .debug_ranges  0x00000560       0x90 .\CortexM3\ARM_GCC_484\Debug\WaveGenerator1.a(UART_1.o)
 .debug_ranges  0x000005f0       0x60 .\CortexM3\ARM_GCC_484\Debug\WaveGenerator1.a(UART_1_IntClock.o)
 .debug_ranges  0x00000650       0x68 .\CortexM3\ARM_GCC_484\Debug\WaveGenerator1.a(CyFlash.o)
 .debug_ranges  0x000006b8       0x58 .\CortexM3\ARM_GCC_484\Debug\WaveGenerator1.a(CySpc.o)

.comment        0x00000000       0x70
 .comment       0x00000000       0x70 .\CortexM3\ARM_GCC_484\Debug\main.o
                                 0x71 (size before relaxing)
 .comment       0x00000000       0x71 .\CortexM3\ARM_GCC_484\Debug\canceller.o
 .comment       0x00000000       0x71 .\CortexM3\ARM_GCC_484\Debug\hs_model.o
 .comment       0x00000000       0x71 .\CortexM3\ARM_GCC_484\Debug\mic_model.o
 .comment       0x00000000       0x71 .\CortexM3\ARM_GCC_484\Debug\cymetadata.o
 .comment       0x00000000       0x71 .\CortexM3\ARM_GCC_484\Debug\Cm3Start.o
 .comment       0x00000000       0x71 .\CortexM3\ARM_GCC_484\Debug\WaveGenerator1.a(cyfitter_cfg.o)
 .comment       0x00000000       0x71 .\CortexM3\ARM_GCC_484\Debug\WaveGenerator1.a(CyLib.o)
 .comment       0x00000000       0x71 .\CortexM3\ARM_GCC_484\Debug\WaveGenerator1.a(cyPm.o)
 .comment       0x00000000       0x71 .\CortexM3\ARM_GCC_484\Debug\WaveGenerator1.a(isr.o)
 .comment       0x00000000       0x71 .\CortexM3\ARM_GCC_484\Debug\WaveGenerator1.a(ADC_SAR.o)
 .comment       0x00000000       0x71 .\CortexM3\ARM_GCC_484\Debug\WaveGenerator1.a(ADC_SAR_INT.o)
 .comment       0x00000000       0x71 .\CortexM3\ARM_GCC_484\Debug\WaveGenerator1.a(ADC_SAR_theACLK.o)
 .comment       0x00000000       0x71 .\CortexM3\ARM_GCC_484\Debug\WaveGenerator1.a(VDAC8_1_hs.o)
 .comment       0x00000000       0x71 .\CortexM3\ARM_GCC_484\Debug\WaveGenerator1.a(VDAC8_2_ls.o)
 .comment       0x00000000       0x71 .\CortexM3\ARM_GCC_484\Debug\WaveGenerator1.a(UART_1.o)
 .comment       0x00000000       0x71 .\CortexM3\ARM_GCC_484\Debug\WaveGenerator1.a(UART_1_IntClock.o)
 .comment       0x00000000       0x71 .\CortexM3\ARM_GCC_484\Debug\WaveGenerator1.a(CyFlash.o)
 .comment       0x00000000       0x71 .\CortexM3\ARM_GCC_484\Debug\WaveGenerator1.a(CySpc.o)

.debug_weaknames
 *(.debug_weaknames)

.debug_funcnames
 *(.debug_funcnames)

.debug_typenames
 *(.debug_typenames)

.debug_varnames
 *(.debug_varnames)

.note.gnu.arm.ident
 *(.note.gnu.arm.ident)

.ARM.attributes
                0x00000000       0x29
 *(.ARM.attributes)
 .ARM.attributes
                0x00000000       0x1d c:/program files (x86)/cypress/psoc creator/3.2/psoc creator/import/gnu/arm/4.8.4/bin/../lib/gcc/arm-none-eabi/4.8.4/armv7-m/crti.o
 .ARM.attributes
                0x0000001d       0x2d c:/program files (x86)/cypress/psoc creator/3.2/psoc creator/import/gnu/arm/4.8.4/bin/../lib/gcc/arm-none-eabi/4.8.4/armv7-m/crtbegin.o
 .ARM.attributes
                0x0000004a       0x1b c:/program files (x86)/cypress/psoc creator/3.2/psoc creator/import/gnu/arm/4.8.4/bin/../lib/gcc/arm-none-eabi/4.8.4/../../../../arm-none-eabi/lib/armv7-m/crt0.o
 .ARM.attributes
                0x00000065       0x33 .\CortexM3\ARM_GCC_484\Debug\main.o
 .ARM.attributes
                0x00000098       0x33 .\CortexM3\ARM_GCC_484\Debug\canceller.o
 .ARM.attributes
                0x000000cb       0x33 .\CortexM3\ARM_GCC_484\Debug\hs_model.o
 .ARM.attributes
                0x000000fe       0x33 .\CortexM3\ARM_GCC_484\Debug\mic_model.o
 .ARM.attributes
                0x00000131       0x33 .\CortexM3\ARM_GCC_484\Debug\cymetadata.o
 .ARM.attributes
                0x00000164       0x33 .\CortexM3\ARM_GCC_484\Debug\Cm3Start.o
 .ARM.attributes
                0x00000197       0x33 .\CortexM3\ARM_GCC_484\Debug\WaveGenerator1.a(cyfitter_cfg.o)
 .ARM.attributes
                0x000001ca       0x21 .\CortexM3\ARM_GCC_484\Debug\WaveGenerator1.a(CyBootAsmGnu.o)
 .ARM.attributes
                0x000001eb       0x33 .\CortexM3\ARM_GCC_484\Debug\WaveGenerator1.a(CyLib.o)
 .ARM.attributes
                0x0000021e       0x33 .\CortexM3\ARM_GCC_484\Debug\WaveGenerator1.a(cyPm.o)
 .ARM.attributes
                0x00000251       0x33 .\CortexM3\ARM_GCC_484\Debug\WaveGenerator1.a(isr.o)
 .ARM.attributes
                0x00000284       0x33 .\CortexM3\ARM_GCC_484\Debug\WaveGenerator1.a(ADC_SAR.o)
 .ARM.attributes
                0x000002b7       0x33 .\CortexM3\ARM_GCC_484\Debug\WaveGenerator1.a(ADC_SAR_INT.o)
 .ARM.attributes
                0x000002ea       0x33 .\CortexM3\ARM_GCC_484\Debug\WaveGenerator1.a(ADC_SAR_theACLK.o)
 .ARM.attributes
                0x0000031d       0x33 .\CortexM3\ARM_GCC_484\Debug\WaveGenerator1.a(VDAC8_1_hs.o)
 .ARM.attributes
                0x00000350       0x33 .\CortexM3\ARM_GCC_484\Debug\WaveGenerator1.a(VDAC8_2_ls.o)
 .ARM.attributes
                0x00000383       0x33 .\CortexM3\ARM_GCC_484\Debug\WaveGenerator1.a(UART_1.o)
 .ARM.attributes
                0x000003b6       0x33 .\CortexM3\ARM_GCC_484\Debug\WaveGenerator1.a(UART_1_IntClock.o)
 .ARM.attributes
                0x000003e9       0x33 .\CortexM3\ARM_GCC_484\Debug\WaveGenerator1.a(CyFlash.o)
 .ARM.attributes
                0x0000041c       0x33 .\CortexM3\ARM_GCC_484\Debug\WaveGenerator1.a(CySpc.o)
 .ARM.attributes
                0x0000044f       0x2d c:/program files (x86)/cypress/psoc creator/3.2/psoc creator/import/gnu/arm/4.8.4/bin/../lib/gcc/arm-none-eabi/4.8.4/../../../../arm-none-eabi/lib/armv7-m\libm.a(lib_a-s_sin.o)
 .ARM.attributes
                0x0000047c       0x2d c:/program files (x86)/cypress/psoc creator/3.2/psoc creator/import/gnu/arm/4.8.4/bin/../lib/gcc/arm-none-eabi/4.8.4/../../../../arm-none-eabi/lib/armv7-m\libm.a(lib_a-e_rem_pio2.o)
 .ARM.attributes
                0x000004a9       0x2d c:/program files (x86)/cypress/psoc creator/3.2/psoc creator/import/gnu/arm/4.8.4/bin/../lib/gcc/arm-none-eabi/4.8.4/../../../../arm-none-eabi/lib/armv7-m\libm.a(lib_a-k_cos.o)
 .ARM.attributes
                0x000004d6       0x2d c:/program files (x86)/cypress/psoc creator/3.2/psoc creator/import/gnu/arm/4.8.4/bin/../lib/gcc/arm-none-eabi/4.8.4/../../../../arm-none-eabi/lib/armv7-m\libm.a(lib_a-k_rem_pio2.o)
 .ARM.attributes
                0x00000503       0x2d c:/program files (x86)/cypress/psoc creator/3.2/psoc creator/import/gnu/arm/4.8.4/bin/../lib/gcc/arm-none-eabi/4.8.4/../../../../arm-none-eabi/lib/armv7-m\libm.a(lib_a-k_sin.o)
 .ARM.attributes
                0x00000530       0x2d c:/program files (x86)/cypress/psoc creator/3.2/psoc creator/import/gnu/arm/4.8.4/bin/../lib/gcc/arm-none-eabi/4.8.4/../../../../arm-none-eabi/lib/armv7-m\libm.a(lib_a-s_fabs.o)
 .ARM.attributes
                0x0000055d       0x2d c:/program files (x86)/cypress/psoc creator/3.2/psoc creator/import/gnu/arm/4.8.4/bin/../lib/gcc/arm-none-eabi/4.8.4/../../../../arm-none-eabi/lib/armv7-m\libm.a(lib_a-s_floor.o)
 .ARM.attributes
                0x0000058a       0x2d c:/program files (x86)/cypress/psoc creator/3.2/psoc creator/import/gnu/arm/4.8.4/bin/../lib/gcc/arm-none-eabi/4.8.4/../../../../arm-none-eabi/lib/armv7-m\libm.a(lib_a-s_scalbn.o)
 .ARM.attributes
                0x000005b7       0x2d c:/program files (x86)/cypress/psoc creator/3.2/psoc creator/import/gnu/arm/4.8.4/bin/../lib/gcc/arm-none-eabi/4.8.4/../../../../arm-none-eabi/lib/armv7-m\libm.a(lib_a-s_copysign.o)
 .ARM.attributes
                0x000005e4       0x1d c:/program files (x86)/cypress/psoc creator/3.2/psoc creator/import/gnu/arm/4.8.4/bin/../lib/gcc/arm-none-eabi/4.8.4/armv7-m\libgcc.a(_arm_addsubdf3.o)
 .ARM.attributes
                0x00000601       0x1d c:/program files (x86)/cypress/psoc creator/3.2/psoc creator/import/gnu/arm/4.8.4/bin/../lib/gcc/arm-none-eabi/4.8.4/armv7-m\libgcc.a(_arm_muldivdf3.o)
 .ARM.attributes
                0x0000061e       0x1d c:/program files (x86)/cypress/psoc creator/3.2/psoc creator/import/gnu/arm/4.8.4/bin/../lib/gcc/arm-none-eabi/4.8.4/armv7-m\libgcc.a(_arm_cmpdf2.o)
 .ARM.attributes
                0x0000063b       0x1d c:/program files (x86)/cypress/psoc creator/3.2/psoc creator/import/gnu/arm/4.8.4/bin/../lib/gcc/arm-none-eabi/4.8.4/armv7-m\libgcc.a(_arm_fixdfsi.o)
 .ARM.attributes
                0x00000658       0x1d c:/program files (x86)/cypress/psoc creator/3.2/psoc creator/import/gnu/arm/4.8.4/bin/../lib/gcc/arm-none-eabi/4.8.4/armv7-m\libgcc.a(_arm_addsubsf3.o)
 .ARM.attributes
                0x00000675       0x1d c:/program files (x86)/cypress/psoc creator/3.2/psoc creator/import/gnu/arm/4.8.4/bin/../lib/gcc/arm-none-eabi/4.8.4/armv7-m\libgcc.a(_arm_muldivsf3.o)
 .ARM.attributes
                0x00000692       0x1d c:/program files (x86)/cypress/psoc creator/3.2/psoc creator/import/gnu/arm/4.8.4/bin/../lib/gcc/arm-none-eabi/4.8.4/armv7-m\libgcc.a(_aeabi_ldivmod.o)
 .ARM.attributes
                0x000006af       0x2d c:/program files (x86)/cypress/psoc creator/3.2/psoc creator/import/gnu/arm/4.8.4/bin/../lib/gcc/arm-none-eabi/4.8.4/armv7-m\libgcc.a(bpabi.o)
 .ARM.attributes
                0x000006dc       0x1d c:/program files (x86)/cypress/psoc creator/3.2/psoc creator/import/gnu/arm/4.8.4/bin/../lib/gcc/arm-none-eabi/4.8.4/armv7-m\libgcc.a(_dvmd_tls.o)
 .ARM.attributes
                0x000006f9       0x2d c:/program files (x86)/cypress/psoc creator/3.2/psoc creator/import/gnu/arm/4.8.4/bin/../lib/gcc/arm-none-eabi/4.8.4/armv7-m\libgcc.a(_divdi3.o)
 .ARM.attributes
                0x00000726       0x2d c:/program files (x86)/cypress/psoc creator/3.2/psoc creator/import/gnu/arm/4.8.4/bin/../lib/gcc/arm-none-eabi/4.8.4/armv7-m\libgcc.a(_udivdi3.o)
 .ARM.attributes
                0x00000753       0x2d c:/program files (x86)/cypress/psoc creator/3.2/psoc creator/import/gnu/arm/4.8.4/bin/../lib/gcc/arm-none-eabi/4.8.4/../../../../arm-none-eabi/lib/armv7-m\libg_s.a(lib_a-exit.o)
 .ARM.attributes
                0x00000780       0x2d c:/program files (x86)/cypress/psoc creator/3.2/psoc creator/import/gnu/arm/4.8.4/bin/../lib/gcc/arm-none-eabi/4.8.4/../../../../arm-none-eabi/lib/armv7-m\libg_s.a(lib_a-impure.o)
 .ARM.attributes
                0x000007ad       0x2d c:/program files (x86)/cypress/psoc creator/3.2/psoc creator/import/gnu/arm/4.8.4/bin/../lib/gcc/arm-none-eabi/4.8.4/../../../../arm-none-eabi/lib/armv7-m\libg_s.a(lib_a-init.o)
 .ARM.attributes
                0x000007da       0x2d c:/program files (x86)/cypress/psoc creator/3.2/psoc creator/import/gnu/arm/4.8.4/bin/../lib/gcc/arm-none-eabi/4.8.4/../../../../arm-none-eabi/lib/armv7-m\libg_s.a(lib_a-memcpy-stub.o)
 .ARM.attributes
                0x00000807       0x2d c:/program files (x86)/cypress/psoc creator/3.2/psoc creator/import/gnu/arm/4.8.4/bin/../lib/gcc/arm-none-eabi/4.8.4/../../../../arm-none-eabi/lib/armv7-m\libg_s.a(lib_a-memset.o)
 .ARM.attributes
                0x00000834       0x2d c:/program files (x86)/cypress/psoc creator/3.2/psoc creator/import/gnu/arm/4.8.4/bin/../lib/gcc/arm-none-eabi/4.8.4/../../../../arm-none-eabi/lib/armv7-m\libg_s.a(lib_a-sprintf.o)
 .ARM.attributes
                0x00000861       0x2d c:/program files (x86)/cypress/psoc creator/3.2/psoc creator/import/gnu/arm/4.8.4/bin/../lib/gcc/arm-none-eabi/4.8.4/../../../../arm-none-eabi/lib/armv7-m\libg_s.a(lib_a-strlen.o)
 .ARM.attributes
                0x0000088e       0x2d c:/program files (x86)/cypress/psoc creator/3.2/psoc creator/import/gnu/arm/4.8.4/bin/../lib/gcc/arm-none-eabi/4.8.4/../../../../arm-none-eabi/lib/armv7-m\libg_s.a(lib_a-svfprintf.o)
 .ARM.attributes
                0x000008bb       0x2d c:/program files (x86)/cypress/psoc creator/3.2/psoc creator/import/gnu/arm/4.8.4/bin/../lib/gcc/arm-none-eabi/4.8.4/../../../../arm-none-eabi/lib/armv7-m\libg_s.a(lib_a-vfprintf_i.o)
 .ARM.attributes
                0x000008e8       0x2d c:/program files (x86)/cypress/psoc creator/3.2/psoc creator/import/gnu/arm/4.8.4/bin/../lib/gcc/arm-none-eabi/4.8.4/../../../../arm-none-eabi/lib/armv7-m\libg_s.a(lib_a-memchr-stub.o)
 .ARM.attributes
                0x00000915       0x2d c:/program files (x86)/cypress/psoc creator/3.2/psoc creator/import/gnu/arm/4.8.4/bin/../lib/gcc/arm-none-eabi/4.8.4/../../../../arm-none-eabi/lib/armv7-m\libg_s.a(lib_a-memmove.o)
 .ARM.attributes
                0x00000942       0x2d c:/program files (x86)/cypress/psoc creator/3.2/psoc creator/import/gnu/arm/4.8.4/bin/../lib/gcc/arm-none-eabi/4.8.4/../../../../arm-none-eabi/lib/armv7-m\libg_s.a(lib_a-nano-freer.o)
 .ARM.attributes
                0x0000096f       0x2d c:/program files (x86)/cypress/psoc creator/3.2/psoc creator/import/gnu/arm/4.8.4/bin/../lib/gcc/arm-none-eabi/4.8.4/../../../../arm-none-eabi/lib/armv7-m\libg_s.a(lib_a-nano-mallocr.o)
 .ARM.attributes
                0x0000099c       0x2d c:/program files (x86)/cypress/psoc creator/3.2/psoc creator/import/gnu/arm/4.8.4/bin/../lib/gcc/arm-none-eabi/4.8.4/../../../../arm-none-eabi/lib/armv7-m\libg_s.a(lib_a-nano-reallocr.o)
 .ARM.attributes
                0x000009c9       0x2d c:/program files (x86)/cypress/psoc creator/3.2/psoc creator/import/gnu/arm/4.8.4/bin/../lib/gcc/arm-none-eabi/4.8.4/../../../../arm-none-eabi/lib/armv7-m\libg_s.a(lib_a-sbrkr.o)
 .ARM.attributes
                0x000009f6       0x2d c:/program files (x86)/cypress/psoc creator/3.2/psoc creator/import/gnu/arm/4.8.4/bin/../lib/gcc/arm-none-eabi/4.8.4/../../../../arm-none-eabi/lib/armv7-m\libg_s.a(lib_a-nano-msizer.o)
 .ARM.attributes
                0x00000a23       0x2d c:/program files (x86)/cypress/psoc creator/3.2/psoc creator/import/gnu/arm/4.8.4/bin/../lib/gcc/arm-none-eabi/4.8.4/../../../../arm-none-eabi/lib/armv7-m\libg_s.a(lib_a-reent.o)
 .ARM.attributes
                0x00000a50       0x2d c:/program files (x86)/cypress/psoc creator/3.2/psoc creator/import/gnu/arm/4.8.4/bin/../lib/gcc/arm-none-eabi/4.8.4/armv7-m/crtend.o
 .ARM.attributes
                0x00000a7d       0x1d c:/program files (x86)/cypress/psoc creator/3.2/psoc creator/import/gnu/arm/4.8.4/bin/../lib/gcc/arm-none-eabi/4.8.4/armv7-m/crtn.o
 .ARM.attributes
                0x00000a9a       0x2d c:/program files (x86)/cypress/psoc creator/3.2/psoc creator/import/gnu/arm/4.8.4/bin/../lib/gcc/arm-none-eabi/4.8.4/../../../../arm-none-eabi/lib/armv7-m\libnosys.a(sbrk.o)

/DISCARD/
 *(.note.GNU-stack)
OUTPUT(.\CortexM3\ARM_GCC_484\Debug\WaveGenerator1.elf elf32-littlearm)
