Archive member included because of file (symbol)

.\CortexM3\ARM_GCC_473\Debug\WaveGenerator1.a(cyfitter_cfg.o)
                              .\CortexM3\ARM_GCC_473\Debug\Cm3Start.o (cyfitter_cfg)
.\CortexM3\ARM_GCC_473\Debug\WaveGenerator1.a(CyBootAsmGnu.o)
                              .\CortexM3\ARM_GCC_473\Debug\WaveGenerator1.a(cyfitter_cfg.o) (CyDelayCycles)
.\CortexM3\ARM_GCC_473\Debug\WaveGenerator1.a(CyLib.o)
                              .\CortexM3\ARM_GCC_473\Debug\Cm3Start.o (CyResetStatus)
.\CortexM3\ARM_GCC_473\Debug\WaveGenerator1.a(cyPm.o)
                              .\CortexM3\ARM_GCC_473\Debug\WaveGenerator1.a(CyLib.o) (CyPmReadStatus)
.\CortexM3\ARM_GCC_473\Debug\WaveGenerator1.a(VDAC8.o)
                              .\CortexM3\ARM_GCC_473\Debug\main.o (VDAC8_Start)
.\CortexM3\ARM_GCC_473\Debug\WaveGenerator1.a(CyFlash.o)
                              .\CortexM3\ARM_GCC_473\Debug\WaveGenerator1.a(cyPm.o) (CyFlash_SetWaitCycles)
.\CortexM3\ARM_GCC_473\Debug\WaveGenerator1.a(CySpc.o)
                              .\CortexM3\ARM_GCC_473\Debug\WaveGenerator1.a(CyFlash.o) (CySpcStart)
c:/program files (x86)/cypress/psoc creator/3.0/psoc creator/import/gnu_cs/arm/4.7.3/bin/../lib/gcc/arm-none-eabi/4.7.3/../../../../arm-none-eabi/lib/armv7-m\libc_s.a(lib_a-__atexit2.o)
                              c:/program files (x86)/cypress/psoc creator/3.0/psoc creator/import/gnu_cs/arm/4.7.3/bin/../lib/gcc/arm-none-eabi/4.7.3/../../../../arm-none-eabi/lib/armv7-m/crt0.o (__register_exitproc)
c:/program files (x86)/cypress/psoc creator/3.0/psoc creator/import/gnu_cs/arm/4.7.3/bin/../lib/gcc/arm-none-eabi/4.7.3/../../../../arm-none-eabi/lib/armv7-m\libc_s.a(lib_a-exit.o)
                              c:/program files (x86)/cypress/psoc creator/3.0/psoc creator/import/gnu_cs/arm/4.7.3/bin/../lib/gcc/arm-none-eabi/4.7.3/../../../../arm-none-eabi/lib/armv7-m/crt0.o (exit)
c:/program files (x86)/cypress/psoc creator/3.0/psoc creator/import/gnu_cs/arm/4.7.3/bin/../lib/gcc/arm-none-eabi/4.7.3/../../../../arm-none-eabi/lib/armv7-m\libc_s.a(lib_a-fini.o)
                              c:/program files (x86)/cypress/psoc creator/3.0/psoc creator/import/gnu_cs/arm/4.7.3/bin/../lib/gcc/arm-none-eabi/4.7.3/../../../../arm-none-eabi/lib/armv7-m/crt0.o (__libc_fini_array)
c:/program files (x86)/cypress/psoc creator/3.0/psoc creator/import/gnu_cs/arm/4.7.3/bin/../lib/gcc/arm-none-eabi/4.7.3/../../../../arm-none-eabi/lib/armv7-m\libc_s.a(lib_a-impure.o)
                              c:/program files (x86)/cypress/psoc creator/3.0/psoc creator/import/gnu_cs/arm/4.7.3/bin/../lib/gcc/arm-none-eabi/4.7.3/../../../../arm-none-eabi/lib/armv7-m\libc_s.a(lib_a-exit.o) (_global_impure_ptr)
c:/program files (x86)/cypress/psoc creator/3.0/psoc creator/import/gnu_cs/arm/4.7.3/bin/../lib/gcc/arm-none-eabi/4.7.3/../../../../arm-none-eabi/lib/armv7-m\libc_s.a(lib_a-init.o)
                              c:/program files (x86)/cypress/psoc creator/3.0/psoc creator/import/gnu_cs/arm/4.7.3/bin/../lib/gcc/arm-none-eabi/4.7.3/../../../../arm-none-eabi/lib/armv7-m/crt0.o (__libc_init_array)
c:/program files (x86)/cypress/psoc creator/3.0/psoc creator/import/gnu_cs/arm/4.7.3/bin/../lib/gcc/arm-none-eabi/4.7.3/../../../../arm-none-eabi/lib/armv7-m\libc_s.a(lib_a-memcpy.o)
                              .\CortexM3\ARM_GCC_473\Debug\WaveGenerator1.a(cyfitter_cfg.o) (memcpy)
c:/program files (x86)/cypress/psoc creator/3.0/psoc creator/import/gnu_cs/arm/4.7.3/bin/../lib/gcc/arm-none-eabi/4.7.3/../../../../arm-none-eabi/lib/armv7-m\libc_s.a(lib_a-memset.o)
                              c:/program files (x86)/cypress/psoc creator/3.0/psoc creator/import/gnu_cs/arm/4.7.3/bin/../lib/gcc/arm-none-eabi/4.7.3/../../../../arm-none-eabi/lib/armv7-m/crt0.o (memset)

Allocating common symbols
Common symbol       size              file

dieTemperature      0x2               .\CortexM3\ARM_GCC_473\Debug\WaveGenerator1.a(CyFlash.o)

Discarded input sections

 .text          0x00000000        0x0 c:/program files (x86)/cypress/psoc creator/3.0/psoc creator/import/gnu_cs/arm/4.7.3/bin/../lib/gcc/arm-none-eabi/4.7.3/armv7-m/crti.o
 .data          0x00000000        0x0 c:/program files (x86)/cypress/psoc creator/3.0/psoc creator/import/gnu_cs/arm/4.7.3/bin/../lib/gcc/arm-none-eabi/4.7.3/armv7-m/crti.o
 .bss           0x00000000        0x0 c:/program files (x86)/cypress/psoc creator/3.0/psoc creator/import/gnu_cs/arm/4.7.3/bin/../lib/gcc/arm-none-eabi/4.7.3/armv7-m/crti.o
 .data          0x00000000        0x4 c:/program files (x86)/cypress/psoc creator/3.0/psoc creator/import/gnu_cs/arm/4.7.3/bin/../lib/gcc/arm-none-eabi/4.7.3/armv7-m/crtbegin.o
 .text          0x00000000       0x70 c:/program files (x86)/cypress/psoc creator/3.0/psoc creator/import/gnu_cs/arm/4.7.3/bin/../lib/gcc/arm-none-eabi/4.7.3/../../../../arm-none-eabi/lib/armv7-m/crt0.o
 .data          0x00000000        0x0 c:/program files (x86)/cypress/psoc creator/3.0/psoc creator/import/gnu_cs/arm/4.7.3/bin/../lib/gcc/arm-none-eabi/4.7.3/../../../../arm-none-eabi/lib/armv7-m/crt0.o
 .bss           0x00000000        0x0 c:/program files (x86)/cypress/psoc creator/3.0/psoc creator/import/gnu_cs/arm/4.7.3/bin/../lib/gcc/arm-none-eabi/4.7.3/../../../../arm-none-eabi/lib/armv7-m/crt0.o
 .ARM.extab     0x00000000        0x0 c:/program files (x86)/cypress/psoc creator/3.0/psoc creator/import/gnu_cs/arm/4.7.3/bin/../lib/gcc/arm-none-eabi/4.7.3/../../../../arm-none-eabi/lib/armv7-m/crt0.o
 .ARM.exidx     0x00000000        0x8 c:/program files (x86)/cypress/psoc creator/3.0/psoc creator/import/gnu_cs/arm/4.7.3/bin/../lib/gcc/arm-none-eabi/4.7.3/../../../../arm-none-eabi/lib/armv7-m/crt0.o
 .text          0x00000000        0x0 .\CortexM3\ARM_GCC_473\Debug\main.o
 .data          0x00000000        0x0 .\CortexM3\ARM_GCC_473\Debug\main.o
 .bss           0x00000000        0x0 .\CortexM3\ARM_GCC_473\Debug\main.o
 .text          0x00000000        0x0 .\CortexM3\ARM_GCC_473\Debug\cymetadata.o
 .data          0x00000000        0x0 .\CortexM3\ARM_GCC_473\Debug\cymetadata.o
 .bss           0x00000000        0x0 .\CortexM3\ARM_GCC_473\Debug\cymetadata.o
 .text          0x00000000        0x0 .\CortexM3\ARM_GCC_473\Debug\Cm3Start.o
 .data          0x00000000        0x0 .\CortexM3\ARM_GCC_473\Debug\Cm3Start.o
 .bss           0x00000000        0x0 .\CortexM3\ARM_GCC_473\Debug\Cm3Start.o
 .text._exit    0x00000000       0x30 .\CortexM3\ARM_GCC_473\Debug\Cm3Start.o
 .text          0x00000000        0x0 .\CortexM3\ARM_GCC_473\Debug\WaveGenerator1.a(cyfitter_cfg.o)
 .data          0x00000000        0x0 .\CortexM3\ARM_GCC_473\Debug\WaveGenerator1.a(cyfitter_cfg.o)
 .bss           0x00000000        0x0 .\CortexM3\ARM_GCC_473\Debug\WaveGenerator1.a(cyfitter_cfg.o)
 .text.CYCONFIGCPYCODE
                0x00000000       0x20 .\CortexM3\ARM_GCC_473\Debug\WaveGenerator1.a(cyfitter_cfg.o)
 .text.SetAnalogRoutingPumps
                0x00000000       0x44 .\CortexM3\ARM_GCC_473\Debug\WaveGenerator1.a(cyfitter_cfg.o)
 .data          0x00000000        0x0 .\CortexM3\ARM_GCC_473\Debug\WaveGenerator1.a(CyBootAsmGnu.o)
 .bss           0x00000000        0x0 .\CortexM3\ARM_GCC_473\Debug\WaveGenerator1.a(CyBootAsmGnu.o)
 .text          0x00000000        0x0 .\CortexM3\ARM_GCC_473\Debug\WaveGenerator1.a(CyLib.o)
 .bss           0x00000000        0x0 .\CortexM3\ARM_GCC_473\Debug\WaveGenerator1.a(CyLib.o)
 .text.CyPLL_OUT_Start
                0x00000000       0xe0 .\CortexM3\ARM_GCC_473\Debug\WaveGenerator1.a(CyLib.o)
 .text.CyPLL_OUT_Stop
                0x00000000       0x28 .\CortexM3\ARM_GCC_473\Debug\WaveGenerator1.a(CyLib.o)
 .text.CyPLL_OUT_SetPQ
                0x00000000       0xac .\CortexM3\ARM_GCC_473\Debug\WaveGenerator1.a(CyLib.o)
 .text.CyPLL_OUT_SetSource
                0x00000000       0x60 .\CortexM3\ARM_GCC_473\Debug\WaveGenerator1.a(CyLib.o)
 .text.CyIMO_Start
                0x00000000       0xbc .\CortexM3\ARM_GCC_473\Debug\WaveGenerator1.a(CyLib.o)
 .text.CyIMO_Stop
                0x00000000       0x44 .\CortexM3\ARM_GCC_473\Debug\WaveGenerator1.a(CyLib.o)
 .text.CyUSB_PowerOnCheck
                0x00000000       0x70 .\CortexM3\ARM_GCC_473\Debug\WaveGenerator1.a(CyLib.o)
 .text.CyIMO_SetTrimValue
                0x00000000      0x160 .\CortexM3\ARM_GCC_473\Debug\WaveGenerator1.a(CyLib.o)
 .text.CyIMO_SetFreq
                0x00000000      0x224 .\CortexM3\ARM_GCC_473\Debug\WaveGenerator1.a(CyLib.o)
 .text.CyIMO_SetSource
                0x00000000       0xb0 .\CortexM3\ARM_GCC_473\Debug\WaveGenerator1.a(CyLib.o)
 .text.CyIMO_EnableDoubler
                0x00000000       0x28 .\CortexM3\ARM_GCC_473\Debug\WaveGenerator1.a(CyLib.o)
 .text.CyIMO_DisableDoubler
                0x00000000       0x28 .\CortexM3\ARM_GCC_473\Debug\WaveGenerator1.a(CyLib.o)
 .text.CyMasterClk_SetSource
                0x00000000       0x3c .\CortexM3\ARM_GCC_473\Debug\WaveGenerator1.a(CyLib.o)
 .text.CyMasterClk_SetDivider
                0x00000000       0x20 .\CortexM3\ARM_GCC_473\Debug\WaveGenerator1.a(CyLib.o)
 .text.CyBusClk_Internal_SetDivider
                0x00000000       0x98 .\CortexM3\ARM_GCC_473\Debug\WaveGenerator1.a(CyLib.o)
 .text.CyBusClk_SetDivider
                0x00000000       0xd0 .\CortexM3\ARM_GCC_473\Debug\WaveGenerator1.a(CyLib.o)
 .text.CyUsbClk_SetSource
                0x00000000       0x3c .\CortexM3\ARM_GCC_473\Debug\WaveGenerator1.a(CyLib.o)
 .text.CyILO_Start1K
                0x00000000       0x28 .\CortexM3\ARM_GCC_473\Debug\WaveGenerator1.a(CyLib.o)
 .text.CyILO_Stop1K
                0x00000000       0x28 .\CortexM3\ARM_GCC_473\Debug\WaveGenerator1.a(CyLib.o)
 .text.CyILO_Start100K
                0x00000000       0x28 .\CortexM3\ARM_GCC_473\Debug\WaveGenerator1.a(CyLib.o)
 .text.CyILO_Stop100K
                0x00000000       0x28 .\CortexM3\ARM_GCC_473\Debug\WaveGenerator1.a(CyLib.o)
 .text.CyILO_Enable33K
                0x00000000       0x28 .\CortexM3\ARM_GCC_473\Debug\WaveGenerator1.a(CyLib.o)
 .text.CyILO_Disable33K
                0x00000000       0x28 .\CortexM3\ARM_GCC_473\Debug\WaveGenerator1.a(CyLib.o)
 .text.CyILO_SetSource
                0x00000000       0x3c .\CortexM3\ARM_GCC_473\Debug\WaveGenerator1.a(CyLib.o)
 .text.CyILO_SetPowerMode
                0x00000000       0x5c .\CortexM3\ARM_GCC_473\Debug\WaveGenerator1.a(CyLib.o)
 .text.CyXTAL_32KHZ_Start
                0x00000000       0xa4 .\CortexM3\ARM_GCC_473\Debug\WaveGenerator1.a(CyLib.o)
 .text.CyXTAL_32KHZ_Stop
                0x00000000       0x64 .\CortexM3\ARM_GCC_473\Debug\WaveGenerator1.a(CyLib.o)
 .text.CyXTAL_32KHZ_ReadStatus
                0x00000000       0x20 .\CortexM3\ARM_GCC_473\Debug\WaveGenerator1.a(CyLib.o)
 .text.CyXTAL_32KHZ_SetPowerMode
                0x00000000       0xfc .\CortexM3\ARM_GCC_473\Debug\WaveGenerator1.a(CyLib.o)
 .text.CyXTAL_Start
                0x00000000      0x108 .\CortexM3\ARM_GCC_473\Debug\WaveGenerator1.a(CyLib.o)
 .text.CyXTAL_Stop
                0x00000000       0x28 .\CortexM3\ARM_GCC_473\Debug\WaveGenerator1.a(CyLib.o)
 .text.CyXTAL_EnableErrStatus
                0x00000000       0x28 .\CortexM3\ARM_GCC_473\Debug\WaveGenerator1.a(CyLib.o)
 .text.CyXTAL_DisableErrStatus
                0x00000000       0x28 .\CortexM3\ARM_GCC_473\Debug\WaveGenerator1.a(CyLib.o)
 .text.CyXTAL_ReadStatus
                0x00000000       0x2c .\CortexM3\ARM_GCC_473\Debug\WaveGenerator1.a(CyLib.o)
 .text.CyXTAL_EnableFaultRecovery
                0x00000000       0x28 .\CortexM3\ARM_GCC_473\Debug\WaveGenerator1.a(CyLib.o)
 .text.CyXTAL_DisableFaultRecovery
                0x00000000       0x28 .\CortexM3\ARM_GCC_473\Debug\WaveGenerator1.a(CyLib.o)
 .text.CyXTAL_SetStartup
                0x00000000       0x3c .\CortexM3\ARM_GCC_473\Debug\WaveGenerator1.a(CyLib.o)
 .text.CyXTAL_SetFbVoltage
                0x00000000       0x3c .\CortexM3\ARM_GCC_473\Debug\WaveGenerator1.a(CyLib.o)
 .text.CyXTAL_SetWdVoltage
                0x00000000       0x44 .\CortexM3\ARM_GCC_473\Debug\WaveGenerator1.a(CyLib.o)
 .text.CyHalt   0x00000000       0x18 .\CortexM3\ARM_GCC_473\Debug\WaveGenerator1.a(CyLib.o)
 .text.CySoftwareReset
                0x00000000       0x28 .\CortexM3\ARM_GCC_473\Debug\WaveGenerator1.a(CyLib.o)
 .text.CyDelayUs
                0x00000000       0x28 .\CortexM3\ARM_GCC_473\Debug\WaveGenerator1.a(CyLib.o)
 .text.CyDelayFreq
                0x00000000       0xa8 .\CortexM3\ARM_GCC_473\Debug\WaveGenerator1.a(CyLib.o)
 .text.CyWdtStart
                0x00000000       0xc4 .\CortexM3\ARM_GCC_473\Debug\WaveGenerator1.a(CyLib.o)
 .text.CyWdtClear
                0x00000000       0x18 .\CortexM3\ARM_GCC_473\Debug\WaveGenerator1.a(CyLib.o)
 .text.CyVdLvDigitEnable
                0x00000000       0xf4 .\CortexM3\ARM_GCC_473\Debug\WaveGenerator1.a(CyLib.o)
 .text.CyVdLvAnalogEnable
                0x00000000       0xf4 .\CortexM3\ARM_GCC_473\Debug\WaveGenerator1.a(CyLib.o)
 .text.CyVdLvDigitDisable
                0x00000000       0x58 .\CortexM3\ARM_GCC_473\Debug\WaveGenerator1.a(CyLib.o)
 .text.CyVdLvAnalogDisable
                0x00000000       0x58 .\CortexM3\ARM_GCC_473\Debug\WaveGenerator1.a(CyLib.o)
 .text.CyVdHvAnalogEnable
                0x00000000       0x7c .\CortexM3\ARM_GCC_473\Debug\WaveGenerator1.a(CyLib.o)
 .text.CyVdHvAnalogDisable
                0x00000000       0x28 .\CortexM3\ARM_GCC_473\Debug\WaveGenerator1.a(CyLib.o)
 .text.CyVdStickyStatus
                0x00000000       0x48 .\CortexM3\ARM_GCC_473\Debug\WaveGenerator1.a(CyLib.o)
 .text.CyVdRealTimeStatus
                0x00000000       0x30 .\CortexM3\ARM_GCC_473\Debug\WaveGenerator1.a(CyLib.o)
 .text.CyDisableInts
                0x00000000       0x3c .\CortexM3\ARM_GCC_473\Debug\WaveGenerator1.a(CyLib.o)
 .text.CyEnableInts
                0x00000000       0x2c .\CortexM3\ARM_GCC_473\Debug\WaveGenerator1.a(CyLib.o)
 .text.CyFlushCache
                0x00000000       0x7c .\CortexM3\ARM_GCC_473\Debug\WaveGenerator1.a(CyLib.o)
 .text.CyIntSetSysVector
                0x00000000       0x58 .\CortexM3\ARM_GCC_473\Debug\WaveGenerator1.a(CyLib.o)
 .text.CyIntGetSysVector
                0x00000000       0x40 .\CortexM3\ARM_GCC_473\Debug\WaveGenerator1.a(CyLib.o)
 .text.CyIntSetVector
                0x00000000       0x60 .\CortexM3\ARM_GCC_473\Debug\WaveGenerator1.a(CyLib.o)
 .text.CyIntGetVector
                0x00000000       0x44 .\CortexM3\ARM_GCC_473\Debug\WaveGenerator1.a(CyLib.o)
 .text.CyIntSetPriority
                0x00000000       0x4c .\CortexM3\ARM_GCC_473\Debug\WaveGenerator1.a(CyLib.o)
 .text.CyIntGetPriority
                0x00000000       0x3c .\CortexM3\ARM_GCC_473\Debug\WaveGenerator1.a(CyLib.o)
 .text.CyIntGetState
                0x00000000       0x48 .\CortexM3\ARM_GCC_473\Debug\WaveGenerator1.a(CyLib.o)
 .text          0x00000000        0x0 .\CortexM3\ARM_GCC_473\Debug\WaveGenerator1.a(cyPm.o)
 .data          0x00000000        0x0 .\CortexM3\ARM_GCC_473\Debug\WaveGenerator1.a(cyPm.o)
 .bss           0x00000000       0x44 .\CortexM3\ARM_GCC_473\Debug\WaveGenerator1.a(cyPm.o)
 .rodata        0x00000000       0x10 .\CortexM3\ARM_GCC_473\Debug\WaveGenerator1.a(cyPm.o)
 .text.CyPmSaveClocks
                0x00000000      0x3ac .\CortexM3\ARM_GCC_473\Debug\WaveGenerator1.a(cyPm.o)
 .text.CyPmRestoreClocks
                0x00000000      0x424 .\CortexM3\ARM_GCC_473\Debug\WaveGenerator1.a(cyPm.o)
 .text.CyPmAltAct
                0x00000000      0x118 .\CortexM3\ARM_GCC_473\Debug\WaveGenerator1.a(cyPm.o)
 .text.CyPmSleep
                0x00000000      0x21c .\CortexM3\ARM_GCC_473\Debug\WaveGenerator1.a(cyPm.o)
 .text.CyPmHibernate
                0x00000000      0x1f0 .\CortexM3\ARM_GCC_473\Debug\WaveGenerator1.a(cyPm.o)
 .text.CyPmReadStatus
                0x00000000       0x78 .\CortexM3\ARM_GCC_473\Debug\WaveGenerator1.a(cyPm.o)
 .text.CyPmHibSaveSet
                0x00000000      0x138 .\CortexM3\ARM_GCC_473\Debug\WaveGenerator1.a(cyPm.o)
 .text.CyPmHibRestore
                0x00000000       0x94 .\CortexM3\ARM_GCC_473\Debug\WaveGenerator1.a(cyPm.o)
 .text.CyPmCtwSetInterval
                0x00000000       0xd8 .\CortexM3\ARM_GCC_473\Debug\WaveGenerator1.a(cyPm.o)
 .text.CyPmOppsSet
                0x00000000       0x58 .\CortexM3\ARM_GCC_473\Debug\WaveGenerator1.a(cyPm.o)
 .text.CyPmFtwSetInterval
                0x00000000       0xd8 .\CortexM3\ARM_GCC_473\Debug\WaveGenerator1.a(cyPm.o)
 .text.CyPmHibSlpSaveSet
                0x00000000      0x458 .\CortexM3\ARM_GCC_473\Debug\WaveGenerator1.a(cyPm.o)
 .text.CyPmHibSlpRestore
                0x00000000      0x270 .\CortexM3\ARM_GCC_473\Debug\WaveGenerator1.a(cyPm.o)
 .text.CyPmHviLviSaveDisable
                0x00000000      0x13c .\CortexM3\ARM_GCC_473\Debug\WaveGenerator1.a(cyPm.o)
 .text.CyPmHviLviRestore
                0x00000000       0x7c .\CortexM3\ARM_GCC_473\Debug\WaveGenerator1.a(cyPm.o)
 .text          0x00000000        0x0 .\CortexM3\ARM_GCC_473\Debug\WaveGenerator1.a(VDAC8.o)
 .data          0x00000000        0x0 .\CortexM3\ARM_GCC_473\Debug\WaveGenerator1.a(VDAC8.o)
 .text.VDAC8_Stop
                0x00000000       0x44 .\CortexM3\ARM_GCC_473\Debug\WaveGenerator1.a(VDAC8.o)
 .text          0x00000000        0x0 .\CortexM3\ARM_GCC_473\Debug\WaveGenerator1.a(CyFlash.o)
 .data          0x00000000        0x0 .\CortexM3\ARM_GCC_473\Debug\WaveGenerator1.a(CyFlash.o)
 .bss           0x00000000        0x4 .\CortexM3\ARM_GCC_473\Debug\WaveGenerator1.a(CyFlash.o)
 .text.CyFlash_Start
                0x00000000       0x48 .\CortexM3\ARM_GCC_473\Debug\WaveGenerator1.a(CyFlash.o)
 .text.CyFlash_Stop
                0x00000000       0x44 .\CortexM3\ARM_GCC_473\Debug\WaveGenerator1.a(CyFlash.o)
 .text.CySetTempInt
                0x00000000       0x90 .\CortexM3\ARM_GCC_473\Debug\WaveGenerator1.a(CyFlash.o)
 .text.CySetTemp
                0x00000000       0x24 .\CortexM3\ARM_GCC_473\Debug\WaveGenerator1.a(CyFlash.o)
 .text.CySetFlashEEBuffer
                0x00000000       0x78 .\CortexM3\ARM_GCC_473\Debug\WaveGenerator1.a(CyFlash.o)
 .text.CyWriteRowData
                0x00000000       0xbc .\CortexM3\ARM_GCC_473\Debug\WaveGenerator1.a(CyFlash.o)
 .text.CyWriteRowFull
                0x00000000      0x120 .\CortexM3\ARM_GCC_473\Debug\WaveGenerator1.a(CyFlash.o)
 .text.CyFlash_SetWaitCycles
                0x00000000       0xc0 .\CortexM3\ARM_GCC_473\Debug\WaveGenerator1.a(CyFlash.o)
 .text.CyEEPROM_Start
                0x00000000       0x44 .\CortexM3\ARM_GCC_473\Debug\WaveGenerator1.a(CyFlash.o)
 .text.CyEEPROM_Stop
                0x00000000       0x44 .\CortexM3\ARM_GCC_473\Debug\WaveGenerator1.a(CyFlash.o)
 .text.CyEEPROM_ReadReserve
                0x00000000       0x3c .\CortexM3\ARM_GCC_473\Debug\WaveGenerator1.a(CyFlash.o)
 .text.CyEEPROM_ReadRelease
                0x00000000       0x28 .\CortexM3\ARM_GCC_473\Debug\WaveGenerator1.a(CyFlash.o)
 COMMON         0x00000000        0x2 .\CortexM3\ARM_GCC_473\Debug\WaveGenerator1.a(CyFlash.o)
 .text          0x00000000        0x0 .\CortexM3\ARM_GCC_473\Debug\WaveGenerator1.a(CySpc.o)
 .data          0x00000000        0x0 .\CortexM3\ARM_GCC_473\Debug\WaveGenerator1.a(CySpc.o)
 .bss           0x00000000        0x8 .\CortexM3\ARM_GCC_473\Debug\WaveGenerator1.a(CySpc.o)
 .text.CySpcStart
                0x00000000       0x58 .\CortexM3\ARM_GCC_473\Debug\WaveGenerator1.a(CySpc.o)
 .text.CySpcStop
                0x00000000       0x58 .\CortexM3\ARM_GCC_473\Debug\WaveGenerator1.a(CySpc.o)
 .text.CySpcReadData
                0x00000000       0x64 .\CortexM3\ARM_GCC_473\Debug\WaveGenerator1.a(CySpc.o)
 .text.CySpcLoadMultiByte
                0x00000000      0x11c .\CortexM3\ARM_GCC_473\Debug\WaveGenerator1.a(CySpc.o)
 .text.CySpcLoadRow
                0x00000000       0xbc .\CortexM3\ARM_GCC_473\Debug\WaveGenerator1.a(CySpc.o)
 .text.CySpcWriteRow
                0x00000000       0xcc .\CortexM3\ARM_GCC_473\Debug\WaveGenerator1.a(CySpc.o)
 .text.CySpcEraseSector
                0x00000000       0x9c .\CortexM3\ARM_GCC_473\Debug\WaveGenerator1.a(CySpc.o)
 .text.CySpcGetTemp
                0x00000000       0x8c .\CortexM3\ARM_GCC_473\Debug\WaveGenerator1.a(CySpc.o)
 .text.CySpcLock
                0x00000000       0x88 .\CortexM3\ARM_GCC_473\Debug\WaveGenerator1.a(CySpc.o)
 .text.CySpcUnlock
                0x00000000       0x68 .\CortexM3\ARM_GCC_473\Debug\WaveGenerator1.a(CySpc.o)
 .text          0x00000000        0x0 c:/program files (x86)/cypress/psoc creator/3.0/psoc creator/import/gnu_cs/arm/4.7.3/bin/../lib/gcc/arm-none-eabi/4.7.3/../../../../arm-none-eabi/lib/armv7-m\libc_s.a(lib_a-__atexit2.o)
 .data          0x00000000        0x0 c:/program files (x86)/cypress/psoc creator/3.0/psoc creator/import/gnu_cs/arm/4.7.3/bin/../lib/gcc/arm-none-eabi/4.7.3/../../../../arm-none-eabi/lib/armv7-m\libc_s.a(lib_a-__atexit2.o)
 .bss           0x00000000        0x0 c:/program files (x86)/cypress/psoc creator/3.0/psoc creator/import/gnu_cs/arm/4.7.3/bin/../lib/gcc/arm-none-eabi/4.7.3/../../../../arm-none-eabi/lib/armv7-m\libc_s.a(lib_a-__atexit2.o)
 .text.__register_exitproc
                0x00000000       0x14 c:/program files (x86)/cypress/psoc creator/3.0/psoc creator/import/gnu_cs/arm/4.7.3/bin/../lib/gcc/arm-none-eabi/4.7.3/../../../../arm-none-eabi/lib/armv7-m\libc_s.a(lib_a-__atexit2.o)
 .text          0x00000000        0x0 c:/program files (x86)/cypress/psoc creator/3.0/psoc creator/import/gnu_cs/arm/4.7.3/bin/../lib/gcc/arm-none-eabi/4.7.3/../../../../arm-none-eabi/lib/armv7-m\libc_s.a(lib_a-exit.o)
 .data          0x00000000        0x0 c:/program files (x86)/cypress/psoc creator/3.0/psoc creator/import/gnu_cs/arm/4.7.3/bin/../lib/gcc/arm-none-eabi/4.7.3/../../../../arm-none-eabi/lib/armv7-m\libc_s.a(lib_a-exit.o)
 .bss           0x00000000        0x0 c:/program files (x86)/cypress/psoc creator/3.0/psoc creator/import/gnu_cs/arm/4.7.3/bin/../lib/gcc/arm-none-eabi/4.7.3/../../../../arm-none-eabi/lib/armv7-m\libc_s.a(lib_a-exit.o)
 .text.exit     0x00000000       0x2c c:/program files (x86)/cypress/psoc creator/3.0/psoc creator/import/gnu_cs/arm/4.7.3/bin/../lib/gcc/arm-none-eabi/4.7.3/../../../../arm-none-eabi/lib/armv7-m\libc_s.a(lib_a-exit.o)
 .text          0x00000000        0x0 c:/program files (x86)/cypress/psoc creator/3.0/psoc creator/import/gnu_cs/arm/4.7.3/bin/../lib/gcc/arm-none-eabi/4.7.3/../../../../arm-none-eabi/lib/armv7-m\libc_s.a(lib_a-fini.o)
 .data          0x00000000        0x0 c:/program files (x86)/cypress/psoc creator/3.0/psoc creator/import/gnu_cs/arm/4.7.3/bin/../lib/gcc/arm-none-eabi/4.7.3/../../../../arm-none-eabi/lib/armv7-m\libc_s.a(lib_a-fini.o)
 .bss           0x00000000        0x0 c:/program files (x86)/cypress/psoc creator/3.0/psoc creator/import/gnu_cs/arm/4.7.3/bin/../lib/gcc/arm-none-eabi/4.7.3/../../../../arm-none-eabi/lib/armv7-m\libc_s.a(lib_a-fini.o)
 .text.__libc_fini_array
                0x00000000       0x2c c:/program files (x86)/cypress/psoc creator/3.0/psoc creator/import/gnu_cs/arm/4.7.3/bin/../lib/gcc/arm-none-eabi/4.7.3/../../../../arm-none-eabi/lib/armv7-m\libc_s.a(lib_a-fini.o)
 .text          0x00000000        0x0 c:/program files (x86)/cypress/psoc creator/3.0/psoc creator/import/gnu_cs/arm/4.7.3/bin/../lib/gcc/arm-none-eabi/4.7.3/../../../../arm-none-eabi/lib/armv7-m\libc_s.a(lib_a-impure.o)
 .data          0x00000000        0x0 c:/program files (x86)/cypress/psoc creator/3.0/psoc creator/import/gnu_cs/arm/4.7.3/bin/../lib/gcc/arm-none-eabi/4.7.3/../../../../arm-none-eabi/lib/armv7-m\libc_s.a(lib_a-impure.o)
 .bss           0x00000000        0x0 c:/program files (x86)/cypress/psoc creator/3.0/psoc creator/import/gnu_cs/arm/4.7.3/bin/../lib/gcc/arm-none-eabi/4.7.3/../../../../arm-none-eabi/lib/armv7-m\libc_s.a(lib_a-impure.o)
 .data.impure_data
                0x00000000       0x64 c:/program files (x86)/cypress/psoc creator/3.0/psoc creator/import/gnu_cs/arm/4.7.3/bin/../lib/gcc/arm-none-eabi/4.7.3/../../../../arm-none-eabi/lib/armv7-m\libc_s.a(lib_a-impure.o)
 .data._impure_ptr
                0x00000000        0x4 c:/program files (x86)/cypress/psoc creator/3.0/psoc creator/import/gnu_cs/arm/4.7.3/bin/../lib/gcc/arm-none-eabi/4.7.3/../../../../arm-none-eabi/lib/armv7-m\libc_s.a(lib_a-impure.o)
 .rodata.str1.1
                0x00000000        0x2 c:/program files (x86)/cypress/psoc creator/3.0/psoc creator/import/gnu_cs/arm/4.7.3/bin/../lib/gcc/arm-none-eabi/4.7.3/../../../../arm-none-eabi/lib/armv7-m\libc_s.a(lib_a-impure.o)
 .rodata._global_impure_ptr
                0x00000000        0x4 c:/program files (x86)/cypress/psoc creator/3.0/psoc creator/import/gnu_cs/arm/4.7.3/bin/../lib/gcc/arm-none-eabi/4.7.3/../../../../arm-none-eabi/lib/armv7-m\libc_s.a(lib_a-impure.o)
 .text          0x00000000        0x0 c:/program files (x86)/cypress/psoc creator/3.0/psoc creator/import/gnu_cs/arm/4.7.3/bin/../lib/gcc/arm-none-eabi/4.7.3/../../../../arm-none-eabi/lib/armv7-m\libc_s.a(lib_a-init.o)
 .data          0x00000000        0x0 c:/program files (x86)/cypress/psoc creator/3.0/psoc creator/import/gnu_cs/arm/4.7.3/bin/../lib/gcc/arm-none-eabi/4.7.3/../../../../arm-none-eabi/lib/armv7-m\libc_s.a(lib_a-init.o)
 .bss           0x00000000        0x0 c:/program files (x86)/cypress/psoc creator/3.0/psoc creator/import/gnu_cs/arm/4.7.3/bin/../lib/gcc/arm-none-eabi/4.7.3/../../../../arm-none-eabi/lib/armv7-m\libc_s.a(lib_a-init.o)
 .text          0x00000000        0x0 c:/program files (x86)/cypress/psoc creator/3.0/psoc creator/import/gnu_cs/arm/4.7.3/bin/../lib/gcc/arm-none-eabi/4.7.3/../../../../arm-none-eabi/lib/armv7-m\libc_s.a(lib_a-memcpy.o)
 .data          0x00000000        0x0 c:/program files (x86)/cypress/psoc creator/3.0/psoc creator/import/gnu_cs/arm/4.7.3/bin/../lib/gcc/arm-none-eabi/4.7.3/../../../../arm-none-eabi/lib/armv7-m\libc_s.a(lib_a-memcpy.o)
 .bss           0x00000000        0x0 c:/program files (x86)/cypress/psoc creator/3.0/psoc creator/import/gnu_cs/arm/4.7.3/bin/../lib/gcc/arm-none-eabi/4.7.3/../../../../arm-none-eabi/lib/armv7-m\libc_s.a(lib_a-memcpy.o)
 .text          0x00000000        0x0 c:/program files (x86)/cypress/psoc creator/3.0/psoc creator/import/gnu_cs/arm/4.7.3/bin/../lib/gcc/arm-none-eabi/4.7.3/../../../../arm-none-eabi/lib/armv7-m\libc_s.a(lib_a-memset.o)
 .data          0x00000000        0x0 c:/program files (x86)/cypress/psoc creator/3.0/psoc creator/import/gnu_cs/arm/4.7.3/bin/../lib/gcc/arm-none-eabi/4.7.3/../../../../arm-none-eabi/lib/armv7-m\libc_s.a(lib_a-memset.o)
 .bss           0x00000000        0x0 c:/program files (x86)/cypress/psoc creator/3.0/psoc creator/import/gnu_cs/arm/4.7.3/bin/../lib/gcc/arm-none-eabi/4.7.3/../../../../arm-none-eabi/lib/armv7-m\libc_s.a(lib_a-memset.o)
 .text          0x00000000        0x0 c:/program files (x86)/cypress/psoc creator/3.0/psoc creator/import/gnu_cs/arm/4.7.3/bin/../lib/gcc/arm-none-eabi/4.7.3/armv7-m/crtend.o
 .data          0x00000000        0x0 c:/program files (x86)/cypress/psoc creator/3.0/psoc creator/import/gnu_cs/arm/4.7.3/bin/../lib/gcc/arm-none-eabi/4.7.3/armv7-m/crtend.o
 .bss           0x00000000        0x0 c:/program files (x86)/cypress/psoc creator/3.0/psoc creator/import/gnu_cs/arm/4.7.3/bin/../lib/gcc/arm-none-eabi/4.7.3/armv7-m/crtend.o
 .text          0x00000000        0x0 c:/program files (x86)/cypress/psoc creator/3.0/psoc creator/import/gnu_cs/arm/4.7.3/bin/../lib/gcc/arm-none-eabi/4.7.3/armv7-m/crtn.o
 .data          0x00000000        0x0 c:/program files (x86)/cypress/psoc creator/3.0/psoc creator/import/gnu_cs/arm/4.7.3/bin/../lib/gcc/arm-none-eabi/4.7.3/armv7-m/crtn.o
 .bss           0x00000000        0x0 c:/program files (x86)/cypress/psoc creator/3.0/psoc creator/import/gnu_cs/arm/4.7.3/bin/../lib/gcc/arm-none-eabi/4.7.3/armv7-m/crtn.o

Memory Configuration

Name             Origin             Length             Attributes
rom              0x00000000         0x00040000         xr
ram              0x1fff8000         0x00010000         xrw
*default*        0x00000000         0xffffffff

Linker script and memory map

LOAD c:/program files (x86)/cypress/psoc creator/3.0/psoc creator/import/gnu_cs/arm/4.7.3/bin/../lib/gcc/arm-none-eabi/4.7.3/armv7-m/crti.o
LOAD c:/program files (x86)/cypress/psoc creator/3.0/psoc creator/import/gnu_cs/arm/4.7.3/bin/../lib/gcc/arm-none-eabi/4.7.3/armv7-m/crtbegin.o
LOAD c:/program files (x86)/cypress/psoc creator/3.0/psoc creator/import/gnu_cs/arm/4.7.3/bin/../lib/gcc/arm-none-eabi/4.7.3/../../../../arm-none-eabi/lib/armv7-m/crt0.o
START GROUP
LOAD .\CortexM3\ARM_GCC_473\Debug\main.o
LOAD .\CortexM3\ARM_GCC_473\Debug\cymetadata.o
LOAD .\CortexM3\ARM_GCC_473\Debug\Cm3Start.o
LOAD .\CortexM3\ARM_GCC_473\Debug\WaveGenerator1.a
LOAD C:\Program Files (x86)\Cypress\PSoC Creator\3.0\PSoC Creator\psoc\content\cycomponentlibrary\CyComponentLibrary.cylib\CortexM3\ARM_GCC_473\Debug\CyComponentLibrary.a
END GROUP
START GROUP
LOAD c:/program files (x86)/cypress/psoc creator/3.0/psoc creator/import/gnu_cs/arm/4.7.3/bin/../lib/gcc/arm-none-eabi/4.7.3/armv7-m\libgcc.a
LOAD c:/program files (x86)/cypress/psoc creator/3.0/psoc creator/import/gnu_cs/arm/4.7.3/bin/../lib/gcc/arm-none-eabi/4.7.3/../../../../arm-none-eabi/lib/armv7-m\libc_s.a
END GROUP
LOAD c:/program files (x86)/cypress/psoc creator/3.0/psoc creator/import/gnu_cs/arm/4.7.3/bin/../lib/gcc/arm-none-eabi/4.7.3/armv7-m/crtend.o
LOAD c:/program files (x86)/cypress/psoc creator/3.0/psoc creator/import/gnu_cs/arm/4.7.3/bin/../lib/gcc/arm-none-eabi/4.7.3/armv7-m/crtn.o
START GROUP
LOAD c:/program files (x86)/cypress/psoc creator/3.0/psoc creator/import/gnu_cs/arm/4.7.3/bin/../lib/gcc/arm-none-eabi/4.7.3/armv7-m\libgcc.a
LOAD c:/program files (x86)/cypress/psoc creator/3.0/psoc creator/import/gnu_cs/arm/4.7.3/bin/../lib/gcc/arm-none-eabi/4.7.3/../../../../arm-none-eabi/lib/armv7-m\libc.a
LOAD c:/program files (x86)/cypress/psoc creator/3.0/psoc creator/import/gnu_cs/arm/4.7.3/bin/../lib/gcc/arm-none-eabi/4.7.3/../../../../arm-none-eabi/lib/armv7-m\libnosys.a
END GROUP
                0x00000000                CY_APPL_ORIGIN = 0x0
                0x00000100                CY_FLASH_ROW_SIZE = 0x100
                0x00000020                CY_ECC_ROW_SIZE = 0x20
                0x00000000                CY_EE_IN_BTLDR = 0x0
                0x00000000                CY_APPL_LOADABLE = 0x0
                0x00000800                CY_EE_SIZE = 0x800
                0x00000001                CY_APPL_NUM = 0x1
                0x00000001                CY_APPL_MAX = 0x1
                0x00000040                CY_METADATA_SIZE = 0x40
                0x1fff8140                PROVIDE (__cy_heap_start, _end)
                0x00000001                PROVIDE (__cy_region_num, ((__cy_regions_end - __cy_regions) / 0x10))
                0x20008000                PROVIDE (__cy_stack, (ORIGIN (ram) + 0x10000))
                0x20004000                PROVIDE (__cy_heap_end, (__cy_stack - 0x4000))

.cybootloader   0x00000000        0x0
 *(.cybootloader)
                0x00000000                appl1_start = CY_APPL_ORIGIN?CY_APPL_ORIGIN:ALIGN (CY_FLASH_ROW_SIZE)
                0x0001ff00                appl2_start = (appl1_start + ALIGN ((((0x40000 - appl1_start) - (0x2 * CY_FLASH_ROW_SIZE)) / 0x2), CY_FLASH_ROW_SIZE))
                0x00000000                appl_start = (CY_APPL_NUM == 0x1)?appl1_start:appl2_start
                0x00000000                ecc_offset = ((appl_start / CY_FLASH_ROW_SIZE) * CY_ECC_ROW_SIZE)
                0x00000000                ee_offset = (CY_APPL_LOADABLE && ! (CY_EE_IN_BTLDR))?((CY_EE_SIZE / CY_APPL_MAX) * (CY_APPL_NUM - 0x1)):0x0
                0x00000800                ee_size = (CY_APPL_LOADABLE && ! (CY_EE_IN_BTLDR))?(CY_EE_SIZE / CY_APPL_MAX):CY_EE_SIZE
                0x00000000                PROVIDE (CY_ECC_OFFSET, ecc_offset)

.text           0x00000000      0x8a6
 CREATE_OBJECT_SYMBOLS
                0x00000000                PROVIDE (__cy_interrupt_vector, RomVectors)
 *(.romvectors)
 .romvectors    0x00000000       0x10 .\CortexM3\ARM_GCC_473\Debug\Cm3Start.o
                0x00000000                RomVectors
                0x00000001                ASSERT ((. != __cy_interrupt_vector), No interrupt vector)
                0x00000001                ASSERT (CY_APPL_ORIGIN?(SIZEOF (.cybootloader) <= CY_APPL_ORIGIN):0x1, Wrong image location)
                0x00000010                PROVIDE (__cy_reset, Reset)
 *(.text.Reset)
 .text.Reset    0x00000010       0x1c .\CortexM3\ARM_GCC_473\Debug\Cm3Start.o
                0x00000010                Reset
                0x00000001                ASSERT ((. != __cy_reset), No reset code)
 *(.dma_init)
                0x00000001                ASSERT ((((appl_start + .) <= 0x10000) || 0x1), DMA Init must be within the first 64k of flash)
 *(.text .text.* .gnu.linkonce.t.*)
 .text          0x0000002c       0x54 c:/program files (x86)/cypress/psoc creator/3.0/psoc creator/import/gnu_cs/arm/4.7.3/bin/../lib/gcc/arm-none-eabi/4.7.3/armv7-m/crtbegin.o
 .text.main     0x00000080       0xdc .\CortexM3\ARM_GCC_473\Debug\main.o
                0x00000080                main
 .text.IntDefaultHandler
                0x0000015c        0x8 .\CortexM3\ARM_GCC_473\Debug\Cm3Start.o
                0x0000015c                IntDefaultHandler
 .text.Start_c  0x00000164       0xcc .\CortexM3\ARM_GCC_473\Debug\Cm3Start.o
                0x00000164                Start_c
 .text.initialize_psoc
                0x00000230       0xb4 .\CortexM3\ARM_GCC_473\Debug\Cm3Start.o
                0x00000230                initialize_psoc
 .text.CYMEMZERO
                0x000002e4       0x20 .\CortexM3\ARM_GCC_473\Debug\WaveGenerator1.a(cyfitter_cfg.o)
 .text.CYCONFIGCPY
                0x00000304       0x20 .\CortexM3\ARM_GCC_473\Debug\WaveGenerator1.a(cyfitter_cfg.o)
 .text.CyClockStartupError
                0x00000324        0xc .\CortexM3\ARM_GCC_473\Debug\WaveGenerator1.a(cyfitter_cfg.o)
 .text.ClockSetup
                0x00000330      0x118 .\CortexM3\ARM_GCC_473\Debug\WaveGenerator1.a(cyfitter_cfg.o)
 .text.AnalogSetDefault
                0x00000448       0x6c .\CortexM3\ARM_GCC_473\Debug\WaveGenerator1.a(cyfitter_cfg.o)
 .text.cyfitter_cfg
                0x000004b4      0x158 .\CortexM3\ARM_GCC_473\Debug\WaveGenerator1.a(cyfitter_cfg.o)
                0x000004b4                cyfitter_cfg
 *fill*         0x0000060c        0x4 00
 .text          0x00000610       0x28 .\CortexM3\ARM_GCC_473\Debug\WaveGenerator1.a(CyBootAsmGnu.o)
                0x00000610                CyDelayCycles
                0x00000624                CyEnterCriticalSection
                0x0000062c                CyExitCriticalSection
 .text.CyDelay  0x00000638       0x48 .\CortexM3\ARM_GCC_473\Debug\WaveGenerator1.a(CyLib.o)
                0x00000638                CyDelay
 .text.VDAC8_Init
                0x00000680       0x34 .\CortexM3\ARM_GCC_473\Debug\WaveGenerator1.a(VDAC8.o)
                0x00000680                VDAC8_Init
 .text.VDAC8_Enable
                0x000006b4       0x44 .\CortexM3\ARM_GCC_473\Debug\WaveGenerator1.a(VDAC8.o)
                0x000006b4                VDAC8_Enable
 .text.VDAC8_Start
                0x000006f8       0x34 .\CortexM3\ARM_GCC_473\Debug\WaveGenerator1.a(VDAC8.o)
                0x000006f8                VDAC8_Start
 .text.VDAC8_SetSpeed
                0x0000072c       0x54 .\CortexM3\ARM_GCC_473\Debug\WaveGenerator1.a(VDAC8.o)
                0x0000072c                VDAC8_SetSpeed
 .text.VDAC8_SetRange
                0x00000780       0x54 .\CortexM3\ARM_GCC_473\Debug\WaveGenerator1.a(VDAC8.o)
                0x00000780                VDAC8_SetRange
 .text.VDAC8_SetValue
                0x000007d4       0x20 .\CortexM3\ARM_GCC_473\Debug\WaveGenerator1.a(VDAC8.o)
                0x000007d4                VDAC8_SetValue
 .text.VDAC8_DacTrim
                0x000007f4       0x44 .\CortexM3\ARM_GCC_473\Debug\WaveGenerator1.a(VDAC8.o)
                0x000007f4                VDAC8_DacTrim
 .text.__libc_init_array
                0x00000838       0x4c c:/program files (x86)/cypress/psoc creator/3.0/psoc creator/import/gnu_cs/arm/4.7.3/bin/../lib/gcc/arm-none-eabi/4.7.3/../../../../arm-none-eabi/lib/armv7-m\libc_s.a(lib_a-init.o)
                0x00000838                __libc_init_array
 .text.memcpy   0x00000884       0x12 c:/program files (x86)/cypress/psoc creator/3.0/psoc creator/import/gnu_cs/arm/4.7.3/bin/../lib/gcc/arm-none-eabi/4.7.3/../../../../arm-none-eabi/lib/armv7-m\libc_s.a(lib_a-memcpy.o)
                0x00000884                memcpy
 .text.memset   0x00000896       0x10 c:/program files (x86)/cypress/psoc creator/3.0/psoc creator/import/gnu_cs/arm/4.7.3/bin/../lib/gcc/arm-none-eabi/4.7.3/../../../../arm-none-eabi/lib/armv7-m\libc_s.a(lib_a-memset.o)
                0x00000896                memset
 *(.plt)
 *(.gnu.warning)
 *(.glue_7t)
 .glue_7t       0x00000000        0x0 linker stubs
 *(.glue_7)
 .glue_7        0x00000000        0x0 linker stubs
 *(.vfp11_veneer)
 .vfp11_veneer  0x00000000        0x0 linker stubs
 *(.bootloader)
 *(.ARM.extab* .gnu.linkonce.armextab.*)
 *(.gcc_except_table)

.v4_bx          0x000008a8        0x0
 .v4_bx         0x00000000        0x0 linker stubs

.iplt           0x000008a8        0x0
 .iplt          0x00000000        0x0 c:/program files (x86)/cypress/psoc creator/3.0/psoc creator/import/gnu_cs/arm/4.7.3/bin/../lib/gcc/arm-none-eabi/4.7.3/armv7-m/crtbegin.o

.eh_frame_hdr
 *(.eh_frame_hdr)

.eh_frame       0x000008a8        0x4
 *(.eh_frame)
 .eh_frame      0x000008a8        0x0 c:/program files (x86)/cypress/psoc creator/3.0/psoc creator/import/gnu_cs/arm/4.7.3/bin/../lib/gcc/arm-none-eabi/4.7.3/armv7-m/crtbegin.o
 .eh_frame      0x000008a8        0x4 c:/program files (x86)/cypress/psoc creator/3.0/psoc creator/import/gnu_cs/arm/4.7.3/bin/../lib/gcc/arm-none-eabi/4.7.3/armv7-m/crtend.o
                0x000008ac                PROVIDE (__exidx_start, .)

.ARM.exidx
 *(.ARM.exidx* .gnu.linkonce.armexidx.*)
                0x000008ac                __exidx_end = .

.rodata         0x000008ac       0x64
 *(.rodata .rodata.* .gnu.linkonce.r.*)
 .rodata        0x000008ac       0x30 .\CortexM3\ARM_GCC_473\Debug\WaveGenerator1.a(cyfitter_cfg.o)
                0x000008dc                . = ALIGN (0x4)
 *(.init)
 .init          0x000008dc        0x4 c:/program files (x86)/cypress/psoc creator/3.0/psoc creator/import/gnu_cs/arm/4.7.3/bin/../lib/gcc/arm-none-eabi/4.7.3/armv7-m/crti.o
                0x000008dc                _init
 .init          0x000008e0        0x8 c:/program files (x86)/cypress/psoc creator/3.0/psoc creator/import/gnu_cs/arm/4.7.3/bin/../lib/gcc/arm-none-eabi/4.7.3/armv7-m/crtn.o
                0x000008e8                . = ALIGN (0x4)
                0x000008e8                __preinit_array_start = .
 *(.preinit_array)
                0x000008e8                __preinit_array_end = .
                0x000008e8                . = ALIGN (0x4)
                0x000008e8                __init_array_start = .
 *(SORT(.init_array.*))
 *(.init_array)
 .init_array    0x000008e8        0x4 c:/program files (x86)/cypress/psoc creator/3.0/psoc creator/import/gnu_cs/arm/4.7.3/bin/../lib/gcc/arm-none-eabi/4.7.3/armv7-m/crtbegin.o
 .init_array    0x000008ec        0x4 .\CortexM3\ARM_GCC_473\Debug\Cm3Start.o
                0x000008f0                __init_array_end = .
                0x000008f0                . = ALIGN (0x4)
 *(.fini)
 .fini          0x000008f0        0x4 c:/program files (x86)/cypress/psoc creator/3.0/psoc creator/import/gnu_cs/arm/4.7.3/bin/../lib/gcc/arm-none-eabi/4.7.3/armv7-m/crti.o
                0x000008f0                _fini
 .fini          0x000008f4        0x8 c:/program files (x86)/cypress/psoc creator/3.0/psoc creator/import/gnu_cs/arm/4.7.3/bin/../lib/gcc/arm-none-eabi/4.7.3/armv7-m/crtn.o
                0x000008fc                . = ALIGN (0x4)
                0x000008fc                __fini_array_start = .
 *(.fini_array)
 .fini_array    0x000008fc        0x4 c:/program files (x86)/cypress/psoc creator/3.0/psoc creator/import/gnu_cs/arm/4.7.3/bin/../lib/gcc/arm-none-eabi/4.7.3/armv7-m/crtbegin.o
 *(SORT(.fini_array.*))
                0x00000900                __fini_array_end = .
                0x00000900                . = ALIGN (0x4)
 *crtbegin.o(.ctors)
 *(EXCLUDE_FILE(*crtend.o) .ctors)
 *(SORT(.ctors.*))
 *crtend.o(.ctors)
                0x00000900                . = ALIGN (0x4)
 *crtbegin.o(.dtors)
 *(EXCLUDE_FILE(*crtend.o) .dtors)
 *(SORT(.dtors.*))
 *crtend.o(.dtors)
                0x00000900                . = ALIGN (0x4)
                0x00000900                __cy_regions = .
                0x00000900        0x4 LONG 0x910 __cy_region_init_ram
                0x00000904        0x4 LONG 0x1fff8108 __cy_region_start_data
                0x00000908        0x4 LONG 0x18 __cy_region_init_size_ram
                0x0000090c        0x4 LONG 0x20 __cy_region_zero_size_ram
                0x00000910                __cy_regions_end = .
                0x00000910                . = ALIGN (0x8)
                0x00000910                _etext = .

.ramvectors     0x1fff8000      0x100
                0x1fff8000                __cy_region_start_ram = .
 *(.ramvectors)
 .ramvectors    0x1fff8000      0x100 .\CortexM3\ARM_GCC_473\Debug\Cm3Start.o
                0x1fff8000                CyRamVectors

.noinit         0x1fff8100        0x5
 *(.noinit)
 .noinit        0x1fff8100        0x4 .\CortexM3\ARM_GCC_473\Debug\Cm3Start.o
 .noinit        0x1fff8104        0x1 .\CortexM3\ARM_GCC_473\Debug\WaveGenerator1.a(CyLib.o)
                0x1fff8104                CyResetStatus

.data           0x1fff8108       0x18 load address 0x00000910
                0x1fff8108                __cy_region_start_data = .
 *(.jcr)
 .jcr           0x1fff8108        0x0 c:/program files (x86)/cypress/psoc creator/3.0/psoc creator/import/gnu_cs/arm/4.7.3/bin/../lib/gcc/arm-none-eabi/4.7.3/armv7-m/crtbegin.o
 .jcr           0x1fff8108        0x4 c:/program files (x86)/cypress/psoc creator/3.0/psoc creator/import/gnu_cs/arm/4.7.3/bin/../lib/gcc/arm-none-eabi/4.7.3/armv7-m/crtend.o
 *(.got.plt)
 *(.got)
 *(.shdata)
 *(.data .data.* .gnu.linkonce.d.*)
 .data          0x1fff810c       0x10 .\CortexM3\ARM_GCC_473\Debug\WaveGenerator1.a(CyLib.o)
                0x1fff810c                cydelay_freq_hz
                0x1fff8110                cydelay_freq_khz
                0x1fff8114                cydelay_freq_mhz
                0x1fff8118                cydelay_32k_ms
                0x1fff8120                . = ALIGN (0x8)
 *fill*         0x1fff811c        0x4 00
 *(.ram)
                0x1fff8120                _edata = .

.igot.plt       0x1fff8120        0x0 load address 0x00000928
 .igot.plt      0x00000000        0x0 c:/program files (x86)/cypress/psoc creator/3.0/psoc creator/import/gnu_cs/arm/4.7.3/bin/../lib/gcc/arm-none-eabi/4.7.3/armv7-m/crtbegin.o

.bss            0x1fff8120       0x20 load address 0x00000928
                0x1fff8120                PROVIDE (__bss_start__, .)
 *(.shbss)
 *(.bss .bss.* .gnu.linkonce.b.*)
 .bss           0x1fff8120       0x1c c:/program files (x86)/cypress/psoc creator/3.0/psoc creator/import/gnu_cs/arm/4.7.3/bin/../lib/gcc/arm-none-eabi/4.7.3/armv7-m/crtbegin.o
 .bss           0x1fff813c        0x1 .\CortexM3\ARM_GCC_473\Debug\WaveGenerator1.a(VDAC8.o)
                0x1fff813c                VDAC8_initVar
 *(COMMON)
                0x1fff8140                . = ALIGN (0x8)
 *fill*         0x1fff813d        0x3 00
 *(.ram.b)
                0x1fff8140                _end = .
                0x1fff8140                __end = .
                0x1fff8140                PROVIDE (end, .)
                0x1fff8140                PROVIDE (__bss_end__, .)
                0x00000910                __cy_region_init_ram = LOADADDR (.data)
                0x00000018                __cy_region_init_size_ram = (_edata - ADDR (.data))
                0x00000020                __cy_region_zero_size_ram = (_end - _edata)

.heap           0x1fff8140     0x1000 load address 0x00000928
                0x1fff8140                . = _end
                0x1fff9140                . = (. + 0x1000)
 *fill*         0x1fff8140     0x1000 00
                0x1fff9140                __cy_heap_limit = .

.stack          0x20004000     0x4000
                0x20004000                __cy_stack_limit = .
                0x20008000                . = (. + 0x4000)
 *fill*         0x20004000     0x4000 00
                0x00000001                ASSERT ((__cy_stack_limit >= __cy_heap_limit), region RAM overflowed with stack)

.cyloadermeta
 *(.cyloadermeta)

.cyloadablemeta
 *(.cyloadablemeta)

.cyconfigecc    0x80000000        0x8
 *(.cyconfigecc)
 .cyconfigecc   0x80000000        0x8 .\CortexM3\ARM_GCC_473\Debug\cymetadata.o
                0x80000000                cy_meta_configecc

.cycustnvl      0x90000000        0x4
 *(.cycustnvl)
 .cycustnvl     0x90000000        0x4 .\CortexM3\ARM_GCC_473\Debug\cymetadata.o
                0x90000000                cy_meta_custnvl

.cywolatch      0x90100000        0x4
 *(.cywolatch)
 .cywolatch     0x90100000        0x4 .\CortexM3\ARM_GCC_473\Debug\cymetadata.o
                0x90100000                cy_meta_wonvl

.cyeeprom       0x90200000        0x0
 *(.cyeeprom)
                0x00000001                ASSERT ((. <= ((0x90200000 + ee_offset) + ee_size)), .cyeeprom data will not fit in EEPROM)

.cyflashprotect
                0x90400000      0x100
 *(.cyflashprotect)
 .cyflashprotect
                0x90400000      0x100 .\CortexM3\ARM_GCC_473\Debug\cymetadata.o
                0x90400000                cy_meta_flashprotect

.cymeta         0x90500000        0xc
 *(.cymeta)
 .cymeta        0x90500000        0xc .\CortexM3\ARM_GCC_473\Debug\cymetadata.o
                0x90500000                cy_metadata

.rel.dyn        0x00000928        0x0 load address 0x9050000c
 .rel.iplt      0x00000000        0x0 c:/program files (x86)/cypress/psoc creator/3.0/psoc creator/import/gnu_cs/arm/4.7.3/bin/../lib/gcc/arm-none-eabi/4.7.3/armv7-m/crtbegin.o

.stab
 *(.stab)

.stabstr
 *(.stabstr)

.debug
 *(.debug)

.line
 *(.line)

.debug_srcinfo
 *(.debug_srcinfo)

.debug_sfnames
 *(.debug_sfnames)

.debug_aranges  0x00000000      0x4d0
 *(.debug_aranges)
 .debug_aranges
                0x00000000       0x20 .\CortexM3\ARM_GCC_473\Debug\main.o
 .debug_aranges
                0x00000020       0x18 .\CortexM3\ARM_GCC_473\Debug\cymetadata.o
 .debug_aranges
                0x00000038       0x40 .\CortexM3\ARM_GCC_473\Debug\Cm3Start.o
 .debug_aranges
                0x00000078       0x58 .\CortexM3\ARM_GCC_473\Debug\WaveGenerator1.a(cyfitter_cfg.o)
 .debug_aranges
                0x000000d0       0x20 .\CortexM3\ARM_GCC_473\Debug\WaveGenerator1.a(CyBootAsmGnu.o)
 .debug_aranges
                0x000000f0      0x218 .\CortexM3\ARM_GCC_473\Debug\WaveGenerator1.a(CyLib.o)
 .debug_aranges
                0x00000308       0x90 .\CortexM3\ARM_GCC_473\Debug\WaveGenerator1.a(cyPm.o)
 .debug_aranges
                0x00000398       0x58 .\CortexM3\ARM_GCC_473\Debug\WaveGenerator1.a(VDAC8.o)
 .debug_aranges
                0x000003f0       0x78 .\CortexM3\ARM_GCC_473\Debug\WaveGenerator1.a(CyFlash.o)
 .debug_aranges
                0x00000468       0x68 .\CortexM3\ARM_GCC_473\Debug\WaveGenerator1.a(CySpc.o)

.debug_pubnames
 *(.debug_pubnames)

.debug_info     0x00000000     0x2477
 *(.debug_info .gnu.linkonce.wi.*)
 .debug_info    0x00000000      0x13e .\CortexM3\ARM_GCC_473\Debug\main.o
 .debug_info    0x0000013e      0x13e .\CortexM3\ARM_GCC_473\Debug\cymetadata.o
 .debug_info    0x0000027c      0x2ea .\CortexM3\ARM_GCC_473\Debug\Cm3Start.o
 .debug_info    0x00000566      0x301 .\CortexM3\ARM_GCC_473\Debug\WaveGenerator1.a(cyfitter_cfg.o)
 .debug_info    0x00000867       0x99 .\CortexM3\ARM_GCC_473\Debug\WaveGenerator1.a(CyBootAsmGnu.o)
 .debug_info    0x00000900      0xcd7 .\CortexM3\ARM_GCC_473\Debug\WaveGenerator1.a(CyLib.o)
 .debug_info    0x000015d7      0x5c3 .\CortexM3\ARM_GCC_473\Debug\WaveGenerator1.a(cyPm.o)
 .debug_info    0x00001b9a      0x1b0 .\CortexM3\ARM_GCC_473\Debug\WaveGenerator1.a(VDAC8.o)
 .debug_info    0x00001d4a      0x354 .\CortexM3\ARM_GCC_473\Debug\WaveGenerator1.a(CyFlash.o)
 .debug_info    0x0000209e      0x3d9 .\CortexM3\ARM_GCC_473\Debug\WaveGenerator1.a(CySpc.o)

.debug_abbrev   0x00000000      0xb0c
 *(.debug_abbrev)
 .debug_abbrev  0x00000000       0xa4 .\CortexM3\ARM_GCC_473\Debug\main.o
 .debug_abbrev  0x000000a4       0x5d .\CortexM3\ARM_GCC_473\Debug\cymetadata.o
 .debug_abbrev  0x00000101      0x175 .\CortexM3\ARM_GCC_473\Debug\Cm3Start.o
 .debug_abbrev  0x00000276      0x14d .\CortexM3\ARM_GCC_473\Debug\WaveGenerator1.a(cyfitter_cfg.o)
 .debug_abbrev  0x000003c3       0x14 .\CortexM3\ARM_GCC_473\Debug\WaveGenerator1.a(CyBootAsmGnu.o)
 .debug_abbrev  0x000003d7      0x207 .\CortexM3\ARM_GCC_473\Debug\WaveGenerator1.a(CyLib.o)
 .debug_abbrev  0x000005de      0x170 .\CortexM3\ARM_GCC_473\Debug\WaveGenerator1.a(cyPm.o)
 .debug_abbrev  0x0000074e       0xed .\CortexM3\ARM_GCC_473\Debug\WaveGenerator1.a(VDAC8.o)
 .debug_abbrev  0x0000083b      0x172 .\CortexM3\ARM_GCC_473\Debug\WaveGenerator1.a(CyFlash.o)
 .debug_abbrev  0x000009ad      0x15f .\CortexM3\ARM_GCC_473\Debug\WaveGenerator1.a(CySpc.o)

.debug_line     0x00000000     0x145b
 *(.debug_line)
 .debug_line    0x00000000      0x139 .\CortexM3\ARM_GCC_473\Debug\main.o
 .debug_line    0x00000139       0x53 .\CortexM3\ARM_GCC_473\Debug\cymetadata.o
 .debug_line    0x0000018c      0x1b0 .\CortexM3\ARM_GCC_473\Debug\Cm3Start.o
 .debug_line    0x0000033c      0x1ca .\CortexM3\ARM_GCC_473\Debug\WaveGenerator1.a(cyfitter_cfg.o)
 .debug_line    0x00000506       0x68 .\CortexM3\ARM_GCC_473\Debug\WaveGenerator1.a(CyBootAsmGnu.o)
 .debug_line    0x0000056e      0x73b .\CortexM3\ARM_GCC_473\Debug\WaveGenerator1.a(CyLib.o)
 .debug_line    0x00000ca9      0x370 .\CortexM3\ARM_GCC_473\Debug\WaveGenerator1.a(cyPm.o)
 .debug_line    0x00001019       0xf2 .\CortexM3\ARM_GCC_473\Debug\WaveGenerator1.a(VDAC8.o)
 .debug_line    0x0000110b      0x1a9 .\CortexM3\ARM_GCC_473\Debug\WaveGenerator1.a(CyFlash.o)
 .debug_line    0x000012b4      0x1a7 .\CortexM3\ARM_GCC_473\Debug\WaveGenerator1.a(CySpc.o)

.debug_frame    0x00000000      0xfb8
 *(.debug_frame)
 .debug_frame   0x00000000       0x30 .\CortexM3\ARM_GCC_473\Debug\main.o
 .debug_frame   0x00000030       0xa4 .\CortexM3\ARM_GCC_473\Debug\Cm3Start.o
 .debug_frame   0x000000d4      0x104 .\CortexM3\ARM_GCC_473\Debug\WaveGenerator1.a(cyfitter_cfg.o)
 .debug_frame   0x000001d8      0x778 .\CortexM3\ARM_GCC_473\Debug\WaveGenerator1.a(CyLib.o)
 .debug_frame   0x00000950      0x1d0 .\CortexM3\ARM_GCC_473\Debug\WaveGenerator1.a(cyPm.o)
 .debug_frame   0x00000b20       0xf4 .\CortexM3\ARM_GCC_473\Debug\WaveGenerator1.a(VDAC8.o)
 .debug_frame   0x00000c14      0x178 .\CortexM3\ARM_GCC_473\Debug\WaveGenerator1.a(CyFlash.o)
 .debug_frame   0x00000d8c      0x13c .\CortexM3\ARM_GCC_473\Debug\WaveGenerator1.a(CySpc.o)
 .debug_frame   0x00000ec8       0x28 c:/program files (x86)/cypress/psoc creator/3.0/psoc creator/import/gnu_cs/arm/4.7.3/bin/../lib/gcc/arm-none-eabi/4.7.3/../../../../arm-none-eabi/lib/armv7-m\libc_s.a(lib_a-__atexit2.o)
 .debug_frame   0x00000ef0       0x28 c:/program files (x86)/cypress/psoc creator/3.0/psoc creator/import/gnu_cs/arm/4.7.3/bin/../lib/gcc/arm-none-eabi/4.7.3/../../../../arm-none-eabi/lib/armv7-m\libc_s.a(lib_a-exit.o)
 .debug_frame   0x00000f18       0x2c c:/program files (x86)/cypress/psoc creator/3.0/psoc creator/import/gnu_cs/arm/4.7.3/bin/../lib/gcc/arm-none-eabi/4.7.3/../../../../arm-none-eabi/lib/armv7-m\libc_s.a(lib_a-fini.o)
 .debug_frame   0x00000f44       0x2c c:/program files (x86)/cypress/psoc creator/3.0/psoc creator/import/gnu_cs/arm/4.7.3/bin/../lib/gcc/arm-none-eabi/4.7.3/../../../../arm-none-eabi/lib/armv7-m\libc_s.a(lib_a-init.o)
 .debug_frame   0x00000f70       0x28 c:/program files (x86)/cypress/psoc creator/3.0/psoc creator/import/gnu_cs/arm/4.7.3/bin/../lib/gcc/arm-none-eabi/4.7.3/../../../../arm-none-eabi/lib/armv7-m\libc_s.a(lib_a-memcpy.o)
 .debug_frame   0x00000f98       0x20 c:/program files (x86)/cypress/psoc creator/3.0/psoc creator/import/gnu_cs/arm/4.7.3/bin/../lib/gcc/arm-none-eabi/4.7.3/../../../../arm-none-eabi/lib/armv7-m\libc_s.a(lib_a-memset.o)

.debug_str      0x00000000     0x1067
 *(.debug_str)
 .debug_str     0x00000000      0x137 .\CortexM3\ARM_GCC_473\Debug\main.o
                                0x170 (size before relaxing)
 .debug_str     0x00000137       0x7d .\CortexM3\ARM_GCC_473\Debug\cymetadata.o
                                0x1ae (size before relaxing)
 .debug_str     0x000001b4      0x119 .\CortexM3\ARM_GCC_473\Debug\Cm3Start.o
                                0x26a (size before relaxing)
 .debug_str     0x000002cd      0x10d .\CortexM3\ARM_GCC_473\Debug\WaveGenerator1.a(cyfitter_cfg.o)
                                0x264 (size before relaxing)
 .debug_str     0x000003da      0x642 .\CortexM3\ARM_GCC_473\Debug\WaveGenerator1.a(CyLib.o)
                                0x7d0 (size before relaxing)
 .debug_str     0x00000a1c      0x371 .\CortexM3\ARM_GCC_473\Debug\WaveGenerator1.a(cyPm.o)
                                0x4df (size before relaxing)
 .debug_str     0x00000d8d       0xa5 .\CortexM3\ARM_GCC_473\Debug\WaveGenerator1.a(VDAC8.o)
                                0x1e3 (size before relaxing)
 .debug_str     0x00000e32      0x137 .\CortexM3\ARM_GCC_473\Debug\WaveGenerator1.a(CyFlash.o)
                                0x2a5 (size before relaxing)
 .debug_str     0x00000f69       0xfe .\CortexM3\ARM_GCC_473\Debug\WaveGenerator1.a(CySpc.o)
                                0x281 (size before relaxing)

.debug_loc      0x00000000     0x18d8
 *(.debug_loc)
 .debug_loc     0x00000000       0x38 .\CortexM3\ARM_GCC_473\Debug\main.o
 .debug_loc     0x00000038      0x100 .\CortexM3\ARM_GCC_473\Debug\Cm3Start.o
 .debug_loc     0x00000138      0x1c0 .\CortexM3\ARM_GCC_473\Debug\WaveGenerator1.a(cyfitter_cfg.o)
 .debug_loc     0x000002f8      0xce0 .\CortexM3\ARM_GCC_473\Debug\WaveGenerator1.a(CyLib.o)
 .debug_loc     0x00000fd8      0x2e8 .\CortexM3\ARM_GCC_473\Debug\WaveGenerator1.a(cyPm.o)
 .debug_loc     0x000012c0      0x190 .\CortexM3\ARM_GCC_473\Debug\WaveGenerator1.a(VDAC8.o)
 .debug_loc     0x00001450      0x258 .\CortexM3\ARM_GCC_473\Debug\WaveGenerator1.a(CyFlash.o)
 .debug_loc     0x000016a8      0x230 .\CortexM3\ARM_GCC_473\Debug\WaveGenerator1.a(CySpc.o)

.debug_macinfo
 *(.debug_macinfo)

.debug_ranges   0x00000000      0x418
 *(.debug_ranges)
 .debug_ranges  0x00000000       0x10 .\CortexM3\ARM_GCC_473\Debug\main.o
 .debug_ranges  0x00000010       0x30 .\CortexM3\ARM_GCC_473\Debug\Cm3Start.o
 .debug_ranges  0x00000040       0x48 .\CortexM3\ARM_GCC_473\Debug\WaveGenerator1.a(cyfitter_cfg.o)
 .debug_ranges  0x00000088      0x208 .\CortexM3\ARM_GCC_473\Debug\WaveGenerator1.a(CyLib.o)
 .debug_ranges  0x00000290       0x80 .\CortexM3\ARM_GCC_473\Debug\WaveGenerator1.a(cyPm.o)
 .debug_ranges  0x00000310       0x48 .\CortexM3\ARM_GCC_473\Debug\WaveGenerator1.a(VDAC8.o)
 .debug_ranges  0x00000358       0x68 .\CortexM3\ARM_GCC_473\Debug\WaveGenerator1.a(CyFlash.o)
 .debug_ranges  0x000003c0       0x58 .\CortexM3\ARM_GCC_473\Debug\WaveGenerator1.a(CySpc.o)

.comment        0x00000000       0x70
 .comment       0x00000000       0x70 .\CortexM3\ARM_GCC_473\Debug\main.o
                                 0x71 (size before relaxing)
 .comment       0x00000000       0x71 .\CortexM3\ARM_GCC_473\Debug\cymetadata.o
 .comment       0x00000000       0x71 .\CortexM3\ARM_GCC_473\Debug\Cm3Start.o
 .comment       0x00000000       0x71 .\CortexM3\ARM_GCC_473\Debug\WaveGenerator1.a(cyfitter_cfg.o)
 .comment       0x00000000       0x71 .\CortexM3\ARM_GCC_473\Debug\WaveGenerator1.a(CyLib.o)
 .comment       0x00000000       0x71 .\CortexM3\ARM_GCC_473\Debug\WaveGenerator1.a(cyPm.o)
 .comment       0x00000000       0x71 .\CortexM3\ARM_GCC_473\Debug\WaveGenerator1.a(VDAC8.o)
 .comment       0x00000000       0x71 .\CortexM3\ARM_GCC_473\Debug\WaveGenerator1.a(CyFlash.o)
 .comment       0x00000000       0x71 .\CortexM3\ARM_GCC_473\Debug\WaveGenerator1.a(CySpc.o)

.debug_weaknames
 *(.debug_weaknames)

.debug_funcnames
 *(.debug_funcnames)

.debug_typenames
 *(.debug_typenames)

.debug_varnames
 *(.debug_varnames)

.note.gnu.arm.ident
 *(.note.gnu.arm.ident)

.ARM.attributes
                0x00000000       0x29
 *(.ARM.attributes)
 .ARM.attributes
                0x00000000       0x1d c:/program files (x86)/cypress/psoc creator/3.0/psoc creator/import/gnu_cs/arm/4.7.3/bin/../lib/gcc/arm-none-eabi/4.7.3/armv7-m/crti.o
 .ARM.attributes
                0x0000001d       0x2d c:/program files (x86)/cypress/psoc creator/3.0/psoc creator/import/gnu_cs/arm/4.7.3/bin/../lib/gcc/arm-none-eabi/4.7.3/armv7-m/crtbegin.o
 .ARM.attributes
                0x0000004a       0x1b c:/program files (x86)/cypress/psoc creator/3.0/psoc creator/import/gnu_cs/arm/4.7.3/bin/../lib/gcc/arm-none-eabi/4.7.3/../../../../arm-none-eabi/lib/armv7-m/crt0.o
 .ARM.attributes
                0x00000065       0x33 .\CortexM3\ARM_GCC_473\Debug\main.o
 .ARM.attributes
                0x00000098       0x33 .\CortexM3\ARM_GCC_473\Debug\cymetadata.o
 .ARM.attributes
                0x000000cb       0x33 .\CortexM3\ARM_GCC_473\Debug\Cm3Start.o
 .ARM.attributes
                0x000000fe       0x33 .\CortexM3\ARM_GCC_473\Debug\WaveGenerator1.a(cyfitter_cfg.o)
 .ARM.attributes
                0x00000131       0x21 .\CortexM3\ARM_GCC_473\Debug\WaveGenerator1.a(CyBootAsmGnu.o)
 .ARM.attributes
                0x00000152       0x33 .\CortexM3\ARM_GCC_473\Debug\WaveGenerator1.a(CyLib.o)
 .ARM.attributes
                0x00000185       0x33 .\CortexM3\ARM_GCC_473\Debug\WaveGenerator1.a(cyPm.o)
 .ARM.attributes
                0x000001b8       0x33 .\CortexM3\ARM_GCC_473\Debug\WaveGenerator1.a(VDAC8.o)
 .ARM.attributes
                0x000001eb       0x33 .\CortexM3\ARM_GCC_473\Debug\WaveGenerator1.a(CyFlash.o)
 .ARM.attributes
                0x0000021e       0x33 .\CortexM3\ARM_GCC_473\Debug\WaveGenerator1.a(CySpc.o)
 .ARM.attributes
                0x00000251       0x2d c:/program files (x86)/cypress/psoc creator/3.0/psoc creator/import/gnu_cs/arm/4.7.3/bin/../lib/gcc/arm-none-eabi/4.7.3/../../../../arm-none-eabi/lib/armv7-m\libc_s.a(lib_a-__atexit2.o)
 .ARM.attributes
                0x0000027e       0x2d c:/program files (x86)/cypress/psoc creator/3.0/psoc creator/import/gnu_cs/arm/4.7.3/bin/../lib/gcc/arm-none-eabi/4.7.3/../../../../arm-none-eabi/lib/armv7-m\libc_s.a(lib_a-exit.o)
 .ARM.attributes
                0x000002ab       0x2d c:/program files (x86)/cypress/psoc creator/3.0/psoc creator/import/gnu_cs/arm/4.7.3/bin/../lib/gcc/arm-none-eabi/4.7.3/../../../../arm-none-eabi/lib/armv7-m\libc_s.a(lib_a-fini.o)
 .ARM.attributes
                0x000002d8       0x2d c:/program files (x86)/cypress/psoc creator/3.0/psoc creator/import/gnu_cs/arm/4.7.3/bin/../lib/gcc/arm-none-eabi/4.7.3/../../../../arm-none-eabi/lib/armv7-m\libc_s.a(lib_a-impure.o)
 .ARM.attributes
                0x00000305       0x2d c:/program files (x86)/cypress/psoc creator/3.0/psoc creator/import/gnu_cs/arm/4.7.3/bin/../lib/gcc/arm-none-eabi/4.7.3/../../../../arm-none-eabi/lib/armv7-m\libc_s.a(lib_a-init.o)
 .ARM.attributes
                0x00000332       0x2d c:/program files (x86)/cypress/psoc creator/3.0/psoc creator/import/gnu_cs/arm/4.7.3/bin/../lib/gcc/arm-none-eabi/4.7.3/../../../../arm-none-eabi/lib/armv7-m\libc_s.a(lib_a-memcpy.o)
 .ARM.attributes
                0x0000035f       0x2d c:/program files (x86)/cypress/psoc creator/3.0/psoc creator/import/gnu_cs/arm/4.7.3/bin/../lib/gcc/arm-none-eabi/4.7.3/../../../../arm-none-eabi/lib/armv7-m\libc_s.a(lib_a-memset.o)
 .ARM.attributes
                0x0000038c       0x2d c:/program files (x86)/cypress/psoc creator/3.0/psoc creator/import/gnu_cs/arm/4.7.3/bin/../lib/gcc/arm-none-eabi/4.7.3/armv7-m/crtend.o
 .ARM.attributes
                0x000003b9       0x1d c:/program files (x86)/cypress/psoc creator/3.0/psoc creator/import/gnu_cs/arm/4.7.3/bin/../lib/gcc/arm-none-eabi/4.7.3/armv7-m/crtn.o

/DISCARD/
 *(.note.GNU-stack)
OUTPUT(.\CortexM3\ARM_GCC_473\Debug\WaveGenerator1.elf elf32-littlearm)
